[acc] compile 1.3983048e-2 s
[acc] eval 2.004507613 s
[acc] compile 4.63501e-4 s
[acc] eval 7.9507797e-2 s
[acc] compile 3.73526e-4 s
[acc] eval 6.8719912e-2 s
[acc] compile 3.6677e-4 s
[acc] eval 0.162062984 s
[acc] compile 3.43007e-4 s
[acc] eval 0.158988855 s
[acc] compile 3.49554e-4 s
[acc] eval 0.158122812 s
[acc] compile 3.19054e-4 s
[acc] eval 0.16634401 s
[acc] compile 3.45989e-4 s
[acc] eval 0.150363009 s
[acc] compile 3.75334e-4 s
[acc] eval 8.6596282e-2 s
[acc] compile 2.502164e-3 s
[acc] eval 6.118357e-3 s
[acc] eval 5.13563e-4 s
[acc] eval 8.80763e-4 s
[acc] eval 1.1098308e-2 s
[acc] compile 3.917274e-3 s
[acc] eval 8.637365e-3 s
[acc] eval 4.7039321e-2 s
[acc] compile 0.227937457 s
[acc] eval 3.2465928e-2 s
[acc] eval 0.265051719 s
[acc] compile 0.225593766 s
[acc] eval 2.5796426e-2 s
[acc] eval 0.26052609 s
[acc] compile 1.1797709e-2 s
[acc] eval 2.6018976e-2 s
[acc] eval 5.633994e-3 s
[acc] eval 1.3564291e-2 s
[acc] eval 3.470818e-3 s
[acc] eval 3.347952e-3 s
[acc] eval 3.760376e-3 s
[acc] eval 3.247181e-3 s
[acc] eval 3.626865e-3 s
[acc] eval 3.344794e-3 s
[acc] eval 3.007796e-3 s
[acc] eval 2.93329e-3 s
[acc] eval 3.138348e-3 s
[acc] eval 9.2022914e-2 s
[acc] compile 0.183247589 s
[acc] eval 1.8713627e-2 s
[acc] eval 4.172525e-3 s
[acc] eval 4.868414e-3 s
[acc] eval 5.58526e-3 s
[acc] eval 5.241639e-3 s
[acc] eval 6.685458e-3 s
[acc] eval 4.148091e-3 s
[acc] eval 4.44212e-3 s
[acc] eval 4.126577e-3 s
[acc] eval 4.402668e-3 s
[acc] eval 5.471951e-3 s
[acc] eval 4.310164e-3 s
[acc] eval 3.64803e-3 s
[acc] eval 4.163857e-3 s
[acc] eval 3.145944e-3 s
[acc] eval 3.37815e-3 s
[acc] eval 3.587017e-3 s
[acc] eval 3.832397e-3 s
[acc] eval 4.030346e-3 s
[acc] eval 3.955417e-3 s
[acc] eval 3.744949e-3 s
[acc] eval 3.808688e-3 s
[acc] eval 3.555163e-3 s
[acc] eval 3.083458e-3 s
[acc] eval 3.080156e-3 s
[acc] eval 3.046579e-3 s
[acc] eval 4.571993e-3 s
[acc] eval 4.301965e-3 s
[acc] eval 3.262411e-3 s
[acc] eval 4.232172e-3 s
[acc] eval 0.329695191 s
[acc] compile 0.119902571 s
[acc] eval 1.4481623e-2 s
[acc] eval 1.1050019e-2 s
[acc] eval 1.3591664e-2 s
[acc] eval 2.0517458e-2 s
[acc] eval 6.911327e-3 s
[acc] eval 7.775254e-3 s
[acc] eval 4.332085e-3 s
[acc] eval 5.058598e-3 s
[acc] eval 6.099726e-3 s
[acc] eval 7.830303e-3 s
[acc] eval 4.085327e-3 s
[acc] eval 3.51176e-3 s
[acc] eval 0.230281629 s
[acc] compile 0.165436383 s
[acc] eval 2.8061207e-2 s
[acc] eval 0.196048836 s
[acc] compile 0.243277694 s
[acc] eval 1.2584704e-2 s
[acc] eval 3.193267e-3 s
[acc] eval 2.921975e-3 s
[acc] eval 2.759682e-3 s
[acc] eval 2.719907e-3 s
[acc] eval 2.602856e-3 s
[acc] eval 2.870885e-3 s
[acc] eval 3.219554e-3 s
[acc] eval 3.515545e-3 s
[acc] eval 3.305954e-3 s
[acc] eval 3.074495e-3 s
[acc] eval 2.889658e-3 s
[acc] eval 0.292922555 s
[acc] compile 0.285565289 s
[acc] eval 3.5415885e-2 s
[acc] eval 0.325630188 s
[acc] compile 8.506327e-3 s
[acc] eval 6.353497e-3 s
[acc] eval 1.9032171e-2 s
[acc] compile 0.464056285 s
[acc] eval 2.4872293e-2 s
[acc] eval 0.501603539 s
[acc] compile 5.584367e-3 s
[acc] eval 3.652177e-3 s
[acc] eval 8.60399e-4 s
[acc] eval 7.22918e-4 s
[acc] eval 1.2334728e-2 s
[acc] compile 6.851658e-2 s
[acc] eval 1.1895182e-2 s
[acc] eval 3.44143e-3 s
[acc] eval 2.891196e-3 s
[acc] eval 1.2105097e-2 s
[acc] eval 3.125261e-3 s
[acc] eval 2.799408e-3 s
[acc] eval 2.635464e-3 s
[acc] eval 2.188526e-3 s
[acc] eval 1.966764e-3 s
[acc] eval 1.883703e-3 s
[acc] eval 1.960095e-3 s
[acc] eval 1.884817e-3 s
[acc] eval 0.120572774 s
[acc] compile 0.222781961 s
[acc] eval 2.7588178e-2 s
[acc] eval 0.258037335 s
[acc] compile 5.64818e-4 s
[acc] eval 4.168983e-3 s
[acc] compile 8.0610242e-2 s
[acc] eval 2.6167117e-2 s
[acc] eval 1.4929928e-2 s
[acc] eval 5.264696e-3 s
[acc] eval 5.455828e-3 s
[acc] eval 3.770974e-3 s
[acc] eval 3.548499e-3 s
[acc] eval 3.495597e-3 s
[acc] eval 3.66193e-3 s
[acc] eval 3.861396e-3 s
[acc] eval 3.78664e-3 s
[acc] eval 3.271083e-3 s
[acc] eval 3.590075e-3 s
[acc] eval 3.687003e-3 s
[acc] eval 4.152938e-3 s
[acc] eval 4.070433e-3 s
[acc] eval 4.231572e-3 s
[acc] eval 4.086356e-3 s
[acc] eval 3.870793e-3 s
[acc] eval 0.19180584 s
[acc] compile 5.39915e-3 s
[acc] eval 6.287036e-3 s
[acc] eval 9.90159e-4 s
[acc] eval 7.18955e-4 s
[acc] eval 9.59251e-4 s
[acc] eval 6.30828e-4 s
[acc] eval 1.223263e-3 s
[acc] eval 1.498927e-3 s
[acc] eval 1.212158e-3 s
[acc] eval 1.242757e-3 s
[acc] eval 9.38253e-4 s
[acc] eval 1.078514e-3 s
[acc] eval 1.24908e-3 s
[acc] eval 2.6151357e-2 s
[acc] compile 8.26792e-4 s
[acc] eval 1.4912595e-2 s
[acc] compile 1.1293708e-2 s
[acc] eval 2.6998483e-2 s
[acc] eval 4.3415135e-2 s
[acc] compile 6.40759e-4 s
[acc] eval 1.5494592e-2 s
[acc] compile 0.17870293 s
[acc] eval 3.6086484e-2 s
[acc] eval 0.217382967 s
[acc] compile 0.545726914 s
[acc] eval 2.9581419e-2 s
[acc] eval 1.4233681e-2 s
[acc] eval 5.103915e-3 s
[acc] eval 5.334376e-3 s
[acc] eval 4.460919e-3 s
[acc] eval 4.65382e-3 s
[acc] eval 4.642266e-3 s
[acc] eval 1.1636899e-2 s
[acc] eval 4.200995e-3 s
[acc] eval 4.461385e-3 s
[acc] eval 4.538405e-3 s
[acc] eval 8.107146e-3 s
[acc] eval 0.652658966 s
[acc] compile 6.6502386e-2 s
[acc] eval 1.0223352e-2 s
[acc] eval 7.9596703e-2 s
[acc] compile 1.0073007e-2 s
[acc] eval 2.1258545e-2 s
[acc] eval 3.3869584e-2 s
[acc] compile 3.29921e-4 s
[acc] eval 8.791268e-3 s
[acc] compile 0.114167173 s
[acc] eval 1.7145795e-2 s
[acc] eval 0.132638463 s
[acc] compile 4.84754e-4 s
[acc] eval 5.330605e-3 s
[acc] compile 0.117500256 s
[acc] eval 1.3539218e-2 s
[acc] eval 0.141116163 s
[acc] compile 4.254437e-3 s
[acc] eval 7.459071e-3 s
[acc] eval 1.158759e-3 s
[acc] eval 7.81739e-4 s
[acc] eval 9.88293e-4 s
[acc] eval 1.5918987e-2 s
[acc] compile 3.220134e-3 s
[acc] eval 5.686216e-3 s
[acc] eval 1.206104e-3 s
[acc] eval 1.088272e-3 s
[acc] eval 1.282669e-3 s
[acc] eval 1.4131215e-2 s
[acc] compile 0.11399323 s
[acc] eval 3.1861852e-2 s
[acc] eval 3.852394e-3 s
[acc] eval 3.532524e-3 s
[acc] eval 3.653495e-3 s
[acc] eval 3.463906e-3 s
[acc] eval 3.220279e-3 s
[acc] eval 3.343395e-3 s
[acc] eval 3.357728e-3 s
[acc] eval 3.388012e-3 s
[acc] eval 3.384681e-3 s
[acc] eval 3.23591e-3 s
[acc] eval 4.015376e-3 s
[acc] eval 0.190561991 s
[acc] compile 5.04686e-3 s
[acc] eval 2.003058e-2 s
[acc] eval 1.938341e-3 s
[acc] eval 2.064931e-3 s
[acc] eval 2.055943e-3 s
[acc] eval 2.043797e-3 s
[acc] eval 2.11748e-3 s
[acc] eval 2.060453e-3 s
[acc] eval 2.059847e-3 s
[acc] eval 1.975089e-3 s
[acc] eval 1.983429e-3 s
[acc] eval 1.928988e-3 s
[acc] eval 2.016567e-3 s
[acc] eval 1.818492e-3 s
[acc] eval 1.839011e-3 s
[acc] eval 1.922565e-3 s
[acc] eval 1.696822e-3 s
[acc] eval 1.906203e-3 s
[acc] eval 1.688329e-3 s
[acc] eval 1.816939e-3 s
[acc] eval 6.3763368e-2 s
[acc] compile 0.158744342 s
[acc] eval 2.3475886e-2 s
[acc] eval 0.191502449 s
[acc] compile 0.229168037 s
[acc] eval 1.3944717e-2 s
[acc] eval 5.374335e-3 s
[acc] eval 1.0682683e-2 s
[acc] eval 3.436089e-3 s
[acc] eval 3.361181e-3 s
[acc] eval 3.210325e-3 s
[acc] eval 2.973792e-3 s
[acc] eval 2.736913e-3 s
[acc] eval 3.045365e-3 s
[acc] eval 3.113105e-3 s
[acc] eval 3.816242e-3 s
[acc] eval 3.82341e-3 s
[acc] eval 3.64617e-3 s
[acc] eval 3.796553e-3 s
[acc] eval 3.830543e-3 s
[acc] eval 4.607128e-3 s
[acc] eval 3.630282e-3 s
[acc] eval 3.610084e-3 s
[acc] eval 3.523413e-3 s
[acc] eval 4.294179e-3 s
[acc] eval 3.114969e-3 s
[acc] eval 2.83781e-3 s
[acc] eval 2.693154e-3 s
[acc] eval 0.33351737 s
[acc] compile 2.924868e-3 s
[acc] eval 4.715161e-3 s
[acc] eval 9.09941e-4 s
[acc] eval 6.69125e-4 s
[acc] eval 1.0565171e-2 s
[acc] compile 0.134062512 s
[acc] eval 1.7344054e-2 s
[acc] eval 0.154016846 s
[acc] compile 4.102476e-3 s
[acc] eval 1.0534754e-2 s
[acc] eval 1.6609308e-2 s
[acc] compile 4.9602361e-2 s
[acc] eval 4.632135e-3 s
[acc] eval 5.5667752e-2 s
[acc] compile 3.901107e-3 s
[acc] eval 1.0532394e-2 s
[acc] eval 1.665925e-2 s
[acc] compile 6.6605437e-2 s
[acc] eval 1.5894176e-2 s
[acc] eval 8.5114833e-2 s
[acc] compile 5.883742e-3 s
[acc] eval 6.084221e-3 s
[acc] eval 1.4535255e-2 s
[acc] compile 8.692838e-3 s
[acc] eval 5.899596e-3 s
[acc] eval 3.080722e-3 s
[acc] eval 9.345559e-3 s
[acc] eval 2.430178e-3 s
[acc] eval 2.287606e-3 s
[acc] eval 2.372276e-3 s
[acc] eval 2.217708e-3 s
[acc] eval 2.217867e-3 s
[acc] eval 2.385989e-3 s
[acc] eval 2.553789e-3 s
[acc] eval 2.372734e-3 s
[acc] eval 1.941626e-3 s
[acc] eval 5.1087623e-2 s
[acc] compile 0.124188196 s
[acc] eval 8.159378e-3 s
[acc] eval 1.686049e-3 s
[acc] eval 1.450106e-3 s
[acc] eval 1.493952e-3 s
[acc] eval 0.139054866 s
[acc] compile 0.343404947 s
[acc] eval 2.9404791e-2 s
[acc] eval 0.376077619 s
[acc] compile 0.105083609 s
[acc] eval 7.456852e-3 s
[acc] eval 0.11521114 s
[acc] compile 4.815967e-3 s
[acc] eval 5.497849e-3 s
[acc] eval 1.2611342e-2 s
[acc] compile 5.728258e-3 s
[acc] eval 4.30278e-3 s
[acc] eval 1.390517e-3 s
[acc] eval 8.118396e-3 s
[acc] eval 1.486093e-3 s
[acc] eval 1.077059e-3 s
[acc] eval 9.87473e-4 s
[acc] eval 9.33471e-4 s
[acc] eval 1.115346e-3 s
[acc] eval 1.436897e-3 s
[acc] eval 1.161464e-3 s
[acc] eval 1.200775e-3 s
[acc] eval 1.19887e-3 s
[acc] eval 1.298597e-3 s
[acc] eval 3.3689737e-2 s
[acc] compile 0.203141886 s
[acc] eval 2.2651299e-2 s
[acc] eval 0.229476147 s
[acc] compile 0.169741066 s
[acc] eval 1.3469254e-2 s
[acc] eval 0.186737905 s
[acc] compile 0.133668371 s
[acc] eval 1.7098756e-2 s
[acc] eval 5.469513e-3 s
[acc] eval 4.65889e-3 s
[acc] eval 3.747247e-3 s
[acc] eval 1.1279011e-2 s
[acc] eval 2.865603e-3 s
[acc] eval 3.038019e-3 s
[acc] eval 2.81446e-3 s
[acc] eval 2.685626e-3 s
[acc] eval 2.628333e-3 s
[acc] eval 2.564492e-3 s
[acc] eval 2.770876e-3 s
[acc] eval 0.199532604 s
[acc] compile 0.2842744 s
[acc] eval 3.393513e-2 s
[acc] eval 0.321945042 s
[acc] compile 0.202490283 s
[acc] eval 8.107871e-3 s
[acc] eval 0.214125305 s
[acc] compile 3.974706e-3 s
[acc] eval 8.14155e-3 s
[acc] eval 2.2330795e-2 s
[acc] compile 0.13364131 s
[acc] eval 2.2010983e-2 s
[acc] eval 0.158398918 s
[acc] compile 0.346321869 s
[acc] eval 2.5000164e-2 s
[acc] eval 0.375333905 s
[acc] compile 5.32536e-4 s
[acc] eval 7.021225e-3 s
[acc] compile 0.184578299 s
[acc] eval 1.4060459e-2 s
[acc] eval 0.201345255 s
[acc] compile 5.26714e-4 s
[acc] eval 5.476714e-3 s
[acc] compile 8.1662531e-2 s
[acc] eval 5.786265e-3 s
[acc] eval 9.0805721e-2 s
[acc] compile 4.311294e-3 s
[acc] eval 5.421245e-3 s
[acc] eval 2.316546e-3 s
[acc] eval 1.1845836e-2 s
[acc] eval 1.316254e-3 s
[acc] eval 1.704715e-3 s
[acc] eval 1.520584e-3 s
[acc] eval 1.311585e-3 s
[acc] eval 1.259988e-3 s
[acc] eval 3.3118802e-2 s
[acc] compile 6.043084e-3 s
[acc] eval 7.740604e-3 s
[acc] eval 1.862281e-3 s
[acc] eval 1.974016e-3 s
[acc] eval 2.072639e-3 s
[acc] eval 1.967142e-3 s
[acc] eval 1.986669e-3 s
[acc] eval 2.178767e-3 s
[acc] eval 9.389768e-3 s
[acc] eval 1.622715e-3 s
[acc] eval 1.534125e-3 s
[acc] eval 1.837087e-3 s
[acc] eval 1.942066e-3 s
[acc] eval 1.796089e-3 s
[acc] eval 1.732284e-3 s
[acc] eval 1.454563e-3 s
[acc] eval 1.410479e-3 s
[acc] eval 1.430384e-3 s
[acc] eval 1.38534e-3 s
[acc] eval 1.34856e-3 s
[acc] eval 1.422284e-3 s
[acc] eval 1.362915e-3 s
[acc] eval 1.474823e-3 s
[acc] eval 1.411495e-3 s
[acc] eval 1.472462e-3 s
[acc] eval 1.503977e-3 s
[acc] eval 1.948056e-3 s
[acc] eval 2.317545e-3 s
[acc] eval 2.262312e-3 s
[acc] eval 2.17059e-3 s
[acc] eval 1.981636e-3 s
[acc] eval 7.6773442e-2 s
[acc] compile 7.135427e-3 s
[acc] eval 1.319298e-2 s
[acc] eval 2.735932e-3 s
[acc] eval 6.937111e-3 s
[acc] eval 2.415306e-3 s
[acc] eval 2.171217e-3 s
[acc] eval 2.306298e-3 s
[acc] eval 2.193012e-3 s
[acc] eval 1.982365e-3 s
[acc] eval 1.821409e-3 s
[acc] eval 1.927415e-3 s
[acc] eval 1.821146e-3 s
[acc] eval 1.847734e-3 s
[acc] eval 1.946721e-3 s
[acc] eval 5.4001326e-2 s
[acc] compile 0.187537063 s
[acc] eval 2.2746036e-2 s
[acc] eval 8.444172e-3 s
[acc] eval 2.995191e-3 s
[acc] eval 2.691806e-3 s
[acc] eval 2.894228e-3 s
[acc] eval 3.505049e-3 s
[acc] eval 3.027457e-3 s
[acc] eval 3.669519e-3 s
[acc] eval 3.100664e-3 s
[acc] eval 3.060051e-3 s
[acc] eval 2.950389e-3 s
[acc] eval 2.779032e-3 s
[acc] eval 2.773255e-3 s
[acc] eval 2.660928e-3 s
[acc] eval 2.677015e-3 s
[acc] eval 2.709435e-3 s
[acc] eval 2.983502e-3 s
[acc] eval 2.981518e-3 s
[acc] eval 2.735807e-3 s
[acc] eval 2.613691e-3 s
[acc] eval 2.826759e-3 s
[acc] eval 3.199826e-3 s
[acc] eval 3.159922e-3 s
[acc] eval 3.191827e-3 s
[acc] eval 3.346114e-3 s
[acc] eval 3.498179e-3 s
[acc] eval 3.070892e-3 s
[acc] eval 3.136746e-3 s
[acc] eval 3.26299e-3 s
[acc] eval 3.289996e-3 s
[acc] eval 3.679037e-3 s
[acc] eval 3.175846e-3 s
[acc] eval 3.175872e-3 s
[acc] eval 3.432081e-3 s
[acc] eval 3.42619e-3 s
[acc] eval 3.250348e-3 s
[acc] eval 3.006658e-3 s
[acc] eval 2.71449e-3 s
[acc] eval 3.117551e-3 s
[acc] eval 3.15594e-3 s
[acc] eval 2.92897e-3 s
[acc] eval 3.002171e-3 s
[acc] eval 0.348060953 s
[acc] compile 0.347751544 s
[acc] eval 2.9631221e-2 s
[acc] eval 3.889875e-3 s
[acc] eval 3.465485e-3 s
[acc] eval 2.481962e-3 s
[acc] eval 2.447605e-3 s
[acc] eval 2.420066e-3 s
[acc] eval 2.581369e-3 s
[acc] eval 2.898856e-3 s
[acc] eval 2.520788e-3 s
[acc] eval 2.417924e-3 s
[acc] eval 2.458684e-3 s
[acc] eval 2.391716e-3 s
[acc] eval 2.64122e-3 s
[acc] eval 2.669566e-3 s
[acc] eval 2.547043e-3 s
[acc] eval 2.590513e-3 s
[acc] eval 1.1465011e-2 s
[acc] eval 2.819097e-3 s
[acc] eval 2.870423e-3 s
[acc] eval 2.809209e-3 s
[acc] eval 2.665421e-3 s
[acc] eval 2.630735e-3 s
[acc] eval 2.621076e-3 s
[acc] eval 2.58475e-3 s
[acc] eval 2.57202e-3 s
[acc] eval 2.538439e-3 s
[acc] eval 7.562828e-3 s
[acc] eval 2.548231e-3 s
[acc] eval 2.510309e-3 s
[acc] eval 3.154377e-3 s
[acc] eval 0.476612253 s
[acc] compile 2.975102e-3 s
[acc] eval 1.0832413e-2 s
[acc] eval 8.60086e-4 s
[acc] eval 6.72956e-4 s
[acc] eval 1.023465e-3 s
[acc] eval 1.75226e-2 s
[acc] compile 5.44541e-4 s
[acc] eval 1.8599684e-2 s
[acc] compile 0.125325947 s
[acc] eval 1.6968712e-2 s
[acc] eval 0.145627885 s
[acc] compile 3.23738e-3 s
[acc] eval 5.611382e-3 s
[acc] eval 1.0114942e-2 s
[acc] compile 0.220580962 s
[acc] eval 1.3489933e-2 s
[acc] eval 0.237165726 s
[acc] compile 0.364838505 s
[acc] eval 1.9151783e-2 s
[acc] eval 0.402306535 s
[acc] compile 5.69312e-4 s
[acc] eval 7.252652e-3 s
[acc] compile 6.1261159e-2 s
[acc] eval 1.8917058e-2 s
[acc] eval 9.3009077e-2 s
[acc] compile 0.412999827 s
[acc] eval 2.6991507e-2 s
[acc] eval 0.451015851 s
[acc] compile 0.141373241 s
[acc] eval 1.166052e-2 s
[acc] eval 1.421383e-2 s
[acc] eval 3.827949e-3 s
[acc] eval 4.529579e-3 s
[acc] eval 3.977691e-3 s
[acc] eval 3.749046e-3 s
[acc] eval 3.644249e-3 s
[acc] eval 3.590663e-3 s
[acc] eval 3.533954e-3 s
[acc] eval 4.349081e-3 s
[acc] eval 3.982254e-3 s
[acc] eval 3.874173e-3 s
[acc] eval 3.844182e-3 s
[acc] eval 4.365683e-3 s
[acc] eval 3.501362e-3 s
[acc] eval 3.13889e-3 s
[acc] eval 3.199014e-3 s
[acc] eval 3.693582e-3 s
[acc] eval 0.234476515 s
[acc] compile 6.726544e-3 s
[acc] eval 6.230242e-3 s
[acc] eval 7.243781e-3 s
[acc] eval 1.151859e-3 s
[acc] eval 1.326977e-3 s
[acc] eval 2.4443896e-2 s
[acc] compile 8.252354e-3 s
[acc] eval 1.0118876e-2 s
[acc] eval 2.2030849e-2 s
[acc] compile 0.384375299 s
[acc] eval 2.5566748e-2 s
[acc] eval 0.414063889 s
[acc] compile 0.302813677 s
[acc] eval 1.2509951e-2 s
[acc] eval 0.320080019 s
[acc] compile 0.185058536 s
[acc] eval 2.1819269e-2 s
[acc] eval 0.20982304 s
[acc] compile 0.31241283 s
[acc] eval 1.9977182e-2 s
[acc] eval 5.09684e-3 s
[acc] eval 5.535301e-3 s
[acc] eval 1.3302824e-2 s
[acc] eval 3.702888e-3 s
[acc] eval 3.927763e-3 s
[acc] eval 3.902628e-3 s
[acc] eval 3.716536e-3 s
[acc] eval 3.187697e-3 s
[acc] eval 3.484674e-3 s
[acc] eval 3.140529e-3 s
[acc] eval 3.010326e-3 s
[acc] eval 2.93858e-3 s
[acc] eval 3.024604e-3 s
[acc] eval 3.064413e-3 s
[acc] eval 2.971454e-3 s
[acc] eval 2.944002e-3 s
[acc] eval 3.440606e-3 s
[acc] eval 3.435068e-3 s
[acc] eval 3.334427e-3 s
[acc] eval 3.310136e-3 s
[acc] eval 3.228792e-3 s
[acc] eval 3.184269e-3 s
[acc] eval 3.010452e-3 s
[acc] eval 3.202384e-3 s
[acc] eval 4.084596e-3 s
[acc] eval 3.165374e-3 s
[acc] eval 2.973573e-3 s
[acc] eval 3.002709e-3 s
[acc] eval 2.939311e-3 s
[acc] eval 3.184416e-3 s
[acc] eval 4.050587e-3 s
[acc] eval 3.949137e-3 s
[acc] eval 3.947585e-3 s
[acc] eval 4.059677e-3 s
[acc] eval 0.469224695 s
[acc] compile 5.82832e-4 s
[acc] eval 1.1583288e-2 s
[acc] compile 3.52976e-4 s
[acc] eval 2.5524288e-2 s
[acc] compile 3.001059e-3 s
[acc] eval 5.605826e-3 s
[acc] eval 1.0002543e-2 s
[acc] compile 0.107199931 s
[acc] eval 1.1686178e-2 s
[acc] eval 0.126113278 s
[acc] compile 0.139279499 s
[acc] eval 1.9241803e-2 s
[acc] eval 0.161576004 s
[acc] compile 0.141423186 s
[acc] eval 1.4072818e-2 s
[acc] eval 0.159561504 s
[acc] compile 0.225471976 s
[acc] eval 3.2293674e-2 s
[acc] eval 0.261783043 s
[acc] compile 1.039872e-3 s
[acc] eval 9.654457e-3 s
[acc] compile 0.175290023 s
[acc] eval 1.4113521e-2 s
[acc] eval 0.191482003 s
[acc] compile 0.13494955 s
[acc] eval 3.1492388e-2 s
[acc] eval 5.46579e-3 s
[acc] eval 5.883105e-3 s
[acc] eval 6.88651e-3 s
[acc] eval 5.540427e-3 s
[acc] eval 4.063648e-3 s
[acc] eval 3.156853e-3 s
[acc] eval 3.488093e-3 s
[acc] eval 2.958079e-3 s
[acc] eval 2.806493e-3 s
[acc] eval 2.735009e-3 s
[acc] eval 2.610251e-3 s
[acc] eval 2.794785e-3 s
[acc] eval 2.823216e-3 s
[acc] eval 2.884531e-3 s
[acc] eval 2.910474e-3 s
[acc] eval 3.009444e-3 s
[acc] eval 2.928921e-3 s
[acc] eval 2.977493e-3 s
[acc] eval 2.917403e-3 s
[acc] eval 2.756112e-3 s
[acc] eval 2.79573e-3 s
[acc] eval 3.871719e-3 s
[acc] eval 3.01918e-3 s
[acc] eval 2.693788e-3 s
[acc] eval 2.868717e-3 s
[acc] eval 2.860137e-3 s
[acc] eval 2.739552e-3 s
[acc] eval 2.671878e-3 s
[acc] eval 2.86564e-3 s
[acc] eval 0.269786305 s
[acc] eval 2.094995e-3 s
[acc] eval 5.74192e-4 s
[acc] eval 8.34092e-4 s
[acc] eval 4.334459e-3 s
[acc] eval 3.885526e-3 s
[acc] eval 8.40752e-4 s
[acc] eval 6.676e-4 s
[acc] eval 6.470856e-3 s
[acc] compile 6.1392362e-2 s
[acc] eval 7.222726e-3 s
[acc] eval 2.842302e-3 s
[acc] eval 2.45042e-3 s
[acc] eval 2.49201e-3 s
[acc] eval 2.521481e-3 s
[acc] eval 2.294646e-3 s
[acc] eval 1.48486e-2 s
[acc] eval 1.637854e-3 s
[acc] eval 1.824385e-3 s
[acc] eval 1.549697e-3 s
[acc] eval 1.315289e-3 s
[acc] eval 1.240708e-3 s
[acc] eval 0.106145074 s
[acc] compile 0.17838127 s
[acc] eval 1.2266768e-2 s
[acc] eval 3.048244e-3 s
[acc] eval 2.39629e-3 s
[acc] eval 2.026799e-3 s
[acc] eval 1.0296434e-2 s
[acc] eval 1.713604e-3 s
[acc] eval 1.602372e-3 s
[acc] eval 1.536347e-3 s
[acc] eval 1.590279e-3 s
[acc] eval 1.50979e-3 s
[acc] eval 1.45922e-3 s
[acc] eval 1.849066e-3 s
[acc] eval 0.222776979 s
[acc] compile 0.139279869 s
[acc] eval 2.0952984e-2 s
[acc] eval 3.052215e-3 s
[acc] eval 9.343986e-3 s
[acc] eval 2.461848e-3 s
[acc] eval 2.3684e-3 s
[acc] eval 2.360691e-3 s
[acc] eval 2.308775e-3 s
[acc] eval 2.345117e-3 s
[acc] eval 2.296514e-3 s
[acc] eval 2.255476e-3 s
[acc] eval 2.093558e-3 s
[acc] eval 2.124718e-3 s
[acc] eval 0.196590402 s
[acc] compile 0.22468478 s
[acc] eval 1.1770071e-2 s
[acc] eval 3.269471e-3 s
[acc] eval 3.216764e-3 s
[acc] eval 1.0771399e-2 s
[acc] eval 3.078527e-3 s
[acc] eval 2.552394e-3 s
[acc] eval 2.245565e-3 s
[acc] eval 1.961399e-3 s
[acc] eval 2.116578e-3 s
[acc] eval 2.287445e-3 s
[acc] eval 0.2713276 s
[acc] compile 3.39567e-4 s
[acc] eval 5.870957e-3 s
[acc] compile 4.4526122e-2 s
[acc] eval 5.760334e-3 s
[acc] eval 1.082686e-3 s
[acc] eval 1.148064e-3 s
[acc] eval 9.57818e-4 s
[acc] eval 9.15993e-4 s
[acc] eval 1.054459e-3 s
[acc] eval 1.027618e-3 s
[acc] eval 9.88101e-4 s
[acc] eval 8.32634e-4 s
[acc] eval 1.042791e-3 s
[acc] eval 1.119164e-3 s
[acc] eval 1.251e-3 s
[acc] eval 1.34295e-3 s
[acc] eval 1.693993e-3 s
[acc] eval 7.698222e-3 s
[acc] eval 1.019921e-3 s
[acc] eval 1.435102e-3 s
[acc] eval 7.8300989e-2 s
[acc] compile 5.40387e-4 s
[acc] eval 4.784196e-3 s
[acc] compile 9.820756e-3 s
[acc] eval 1.7782728e-2 s
[acc] eval 9.83716e-4 s
[acc] eval 1.493677e-3 s
[acc] eval 3.1793051e-2 s
[acc] compile 6.496503e-3 s
[acc] eval 1.0428184e-2 s
[acc] eval 2.5940994e-2 s
[acc] compile 3.220357e-3 s
[acc] eval 8.092109e-3 s
[acc] eval 1.3008346e-2 s
[acc] compile 3.833141e-3 s
[acc] eval 7.910607e-3 s
[acc] eval 1.082423e-3 s
[acc] eval 9.51673e-4 s
[acc] eval 1.350094e-3 s
[acc] eval 9.1389e-4 s
[acc] eval 1.00594e-3 s
[acc] eval 1.068033e-3 s
[acc] eval 9.28926e-4 s
[acc] eval 1.072984e-3 s
[acc] eval 7.58706e-4 s
[acc] eval 9.56542e-4 s
[acc] eval 9.35606e-4 s
[acc] eval 7.61455e-4 s
[acc] eval 7.650061e-3 s
[acc] eval 9.41865e-4 s
[acc] eval 9.71145e-4 s
[acc] eval 8.82871e-4 s
[acc] eval 8.32352e-4 s
[acc] eval 8.35588e-4 s
[acc] eval 7.16462e-4 s
[acc] eval 7.87879e-4 s
[acc] eval 1.006725e-3 s
[acc] eval 1.029673e-3 s
[acc] eval 9.9769e-4 s
[acc] eval 9.04771e-4 s
[acc] eval 9.08807e-4 s
[acc] eval 8.58906e-4 s
[acc] eval 9.66817e-4 s
[acc] eval 7.38285e-4 s
[acc] eval 6.6931e-4 s
[acc] eval 4.8102116e-2 s
[acc] compile 2.849008e-3 s
[acc] eval 3.411444e-3 s
[acc] eval 7.60504e-4 s
[acc] eval 8.06667e-4 s
[acc] eval 9.424683e-3 s
[acc] compile 6.188701e-3 s
[acc] eval 1.0598008e-2 s
[acc] eval 9.198531e-3 s
[acc] eval 2.046407e-3 s
[acc] eval 1.9049e-3 s
[acc] eval 2.007694e-3 s
[acc] eval 2.081179e-3 s
[acc] eval 2.413062e-3 s
[acc] eval 1.998283e-3 s
[acc] eval 1.889948e-3 s
[acc] eval 1.92311e-3 s
[acc] eval 1.917648e-3 s
[acc] eval 2.193039e-3 s
[acc] eval 1.994931e-3 s
[acc] eval 1.972794e-3 s
[acc] eval 1.911357e-3 s
[acc] eval 1.932574e-3 s
[acc] eval 1.948976e-3 s
[acc] eval 2.046172e-3 s
[acc] eval 1.935901e-3 s
[acc] eval 1.924991e-3 s
[acc] eval 1.813888e-3 s
[acc] eval 1.892126e-3 s
[acc] eval 2.245774e-3 s
[acc] eval 2.746119e-3 s
[acc] eval 2.443565e-3 s
[acc] eval 1.925205e-3 s
[acc] eval 1.992043e-3 s
[acc] eval 1.784226e-3 s
[acc] eval 1.774867e-3 s
[acc] eval 1.785962e-3 s
[acc] eval 8.7022124e-2 s
[acc] compile 5.841841e-3 s
[acc] eval 1.3478895e-2 s
[acc] eval 2.2452602e-2 s
[acc] compile 3.043963e-3 s
[acc] eval 4.534117e-3 s
[acc] eval 1.5672423e-2 s
[acc] compile 0.183073295 s
[acc] eval 1.2298532e-2 s
[acc] eval 0.197417047 s
[acc] compile 4.833239e-3 s
[acc] eval 5.301377e-3 s
[acc] eval 1.1612165e-2 s
[acc] compile 5.6192237e-2 s
[acc] eval 1.9259917e-2 s
[acc] eval 2.158665e-3 s
[acc] eval 2.199052e-3 s
[acc] eval 1.752163e-3 s
[acc] eval 1.716117e-3 s
[acc] eval 1.634226e-3 s
[acc] eval 1.911885e-3 s
[acc] eval 1.87378e-3 s
[acc] eval 2.080218e-3 s
[acc] eval 2.030925e-3 s
[acc] eval 2.179967e-3 s
[acc] eval 2.426894e-3 s
[acc] eval 0.100973665 s
[acc] compile 5.8556083e-2 s
[acc] eval 8.779638e-3 s
[acc] eval 2.443475e-3 s
[acc] eval 3.812108e-3 s
[acc] eval 1.1319262e-2 s
[acc] eval 1.833201e-3 s
[acc] eval 1.97334e-3 s
[acc] eval 2.567264e-3 s
[acc] eval 1.828747e-3 s
[acc] eval 1.839707e-3 s
[acc] eval 1.860437e-3 s
[acc] eval 1.823156e-3 s
[acc] eval 1.792187e-3 s
[acc] eval 1.676755e-3 s
[acc] eval 1.693423e-3 s
[acc] eval 1.659444e-3 s
[acc] eval 1.67188e-3 s
[acc] eval 1.836465e-3 s
[acc] eval 1.769852e-3 s
[acc] eval 1.783281e-3 s
[acc] eval 2.196065e-3 s
[acc] eval 1.975929e-3 s
[acc] eval 2.306859e-3 s
[acc] eval 2.300725e-3 s
[acc] eval 1.889975e-3 s
[acc] eval 1.65324e-3 s
[acc] eval 1.921539e-3 s
[acc] eval 2.171032e-3 s
[acc] eval 2.34925e-3 s
[acc] eval 2.175228e-3 s
[acc] eval 2.171857e-3 s
[acc] eval 0.139972373 s
[acc] compile 0.23364967 s
[acc] eval 1.114504e-2 s
[acc] eval 0.258559514 s
[acc] compile 0.104446115 s
[acc] eval 5.303159e-3 s
[acc] eval 0.112325145 s
[acc] compile 6.16943e-3 s
[acc] eval 1.8038796e-2 s
[acc] eval 2.6475561e-2 s
[acc] compile 0.122018688 s
[acc] eval 3.281874e-2 s
[acc] eval 0.157394525 s
[acc] compile 2.98095e-3 s
[acc] eval 5.659473e-3 s
[acc] eval 1.0243496e-2 s
[acc] compile 4.915402e-3 s
[acc] eval 6.187235e-3 s
[acc] eval 1.2437991e-2 s
[acc] compile 0.119670209 s
[acc] eval 9.912472e-3 s
[acc] eval 0.134365377 s
[acc] compile 6.8153053e-2 s
[acc] eval 6.016172e-3 s
[acc] eval 1.122042e-3 s
[acc] eval 9.17603e-4 s
[acc] eval 7.778142e-2 s
[acc] compile 9.2925154e-2 s
[acc] eval 1.9962566e-2 s
[acc] eval 0.115567925 s
[acc] compile 3.389623e-3 s
[acc] eval 1.2285398e-2 s
[acc] eval 5.94243e-4 s
[acc] eval 7.1001e-4 s
[acc] eval 1.7887618e-2 s
[acc] compile 5.9281436e-2 s
[acc] eval 6.595748e-3 s
[acc] eval 9.560778e-3 s
[acc] eval 2.688819e-3 s
[acc] eval 2.418313e-3 s
[acc] eval 2.862356e-3 s
[acc] eval 3.299001e-3 s
[acc] eval 2.645608e-3 s
[acc] eval 2.657868e-3 s
[acc] eval 2.755332e-3 s
[acc] eval 2.973483e-3 s
[acc] eval 2.620306e-3 s
[acc] eval 2.278462e-3 s
[acc] eval 2.204541e-3 s
[acc] eval 2.200573e-3 s
[acc] eval 2.327774e-3 s
[acc] eval 2.454363e-3 s
[acc] eval 2.359576e-3 s
[acc] eval 2.475051e-3 s
[acc] eval 2.334869e-3 s
[acc] eval 2.320619e-3 s
[acc] eval 2.274802e-3 s
[acc] eval 2.317317e-3 s
[acc] eval 2.478207e-3 s
[acc] eval 2.692504e-3 s
[acc] eval 2.680182e-3 s
[acc] eval 2.603602e-3 s
[acc] eval 2.810504e-3 s
[acc] eval 2.970376e-3 s
[acc] eval 2.927721e-3 s
[acc] eval 2.689056e-3 s
[acc] eval 2.649741e-3 s
[acc] eval 2.607929e-3 s
[acc] eval 2.529745e-3 s
[acc] eval 0.160929017 s
[acc] compile 4.544504e-3 s
[acc] eval 6.374319e-3 s
[acc] eval 2.569183e-3 s
[acc] eval 2.403178e-3 s
[acc] eval 2.435664e-3 s
[acc] eval 2.369013e-3 s
[acc] eval 8.105742e-3 s
[acc] eval 2.170703e-3 s
[acc] eval 2.086292e-3 s
[acc] eval 2.090218e-3 s
[acc] eval 3.822801e-2 s
[acc] compile 0.264362751 s
[acc] eval 2.4301705e-2 s
[acc] eval 9.5011e-3 s
[acc] eval 3.331441e-3 s
[acc] eval 3.760086e-3 s
[acc] eval 3.197273e-3 s
[acc] eval 2.51731e-3 s
[acc] eval 2.799274e-3 s
[acc] eval 3.3996e-3 s
[acc] eval 3.178259e-3 s
[acc] eval 3.291875e-3 s
[acc] eval 3.429908e-3 s
[acc] eval 3.279405e-3 s
[acc] eval 3.329727e-3 s
[acc] eval 3.188201e-3 s
[acc] eval 3.188861e-3 s
[acc] eval 3.097044e-3 s
[acc] eval 2.765773e-3 s
[acc] eval 2.528638e-3 s
[acc] eval 2.659042e-3 s
[acc] eval 2.785459e-3 s
[acc] eval 2.898654e-3 s
[acc] eval 2.873331e-3 s
[acc] eval 2.825399e-3 s
[acc] eval 2.687876e-3 s
[acc] eval 2.557812e-3 s
[acc] eval 2.700571e-3 s
[acc] eval 3.265359e-3 s
[acc] eval 1.141121e-2 s
[acc] eval 3.057207e-3 s
[acc] eval 3.177915e-3 s
[acc] eval 0.397196642 s
[acc] compile 3.43057e-4 s
[acc] eval 1.0348129e-2 s
[acc] compile 4.594139e-3 s
[acc] eval 7.269454e-3 s
[acc] eval 1.114644e-3 s
[acc] eval 1.363762e-3 s
[acc] eval 1.008666e-3 s
[acc] eval 9.09162e-4 s
[acc] eval 1.052811e-3 s
[acc] eval 1.4588349e-2 s
[acc] eval 1.183795e-3 s
[acc] eval 1.238918e-3 s
[acc] eval 1.273906e-3 s
[acc] eval 3.7874606e-2 s
[acc] compile 5.9625911e-2 s
[acc] eval 8.830522e-3 s
[acc] eval 7.1407761e-2 s
[acc] compile 6.127554e-3 s
[acc] eval 9.329725e-3 s
[acc] eval 3.565207e-3 s
[acc] eval 2.793926e-3 s
[acc] eval 2.5224479e-2 s
[acc] compile 4.24334e-3 s
[acc] eval 1.6985423e-2 s
[acc] eval 3.3838183e-2 s
[acc] compile 6.33591e-4 s
[acc] eval 1.488622e-2 s
[acc] compile 3.512802e-3 s
[acc] eval 5.422424e-3 s
[acc] eval 1.2020569e-2 s
[acc] compile 0.135605317 s
[acc] eval 1.5431575e-2 s
[acc] eval 1.890559e-3 s
[acc] eval 1.79328e-3 s
[acc] eval 1.786998e-3 s
[acc] eval 1.761186e-3 s
[acc] eval 2.022688e-3 s
[acc] eval 1.849887e-3 s
[acc] eval 2.026803e-3 s
[acc] eval 2.095084e-3 s
[acc] eval 2.045665e-3 s
[acc] eval 1.526289e-3 s
[acc] eval 1.620337e-3 s
[acc] eval 2.066032e-3 s
[acc] eval 2.284776e-3 s
[acc] eval 2.221606e-3 s
[acc] eval 2.183353e-3 s
[acc] eval 1.91406e-3 s
[acc] eval 1.394369e-3 s
[acc] eval 1.65659e-3 s
[acc] eval 1.409625e-3 s
[acc] eval 1.431568e-3 s
[acc] eval 2.039388e-3 s
[acc] eval 2.055612e-3 s
[acc] eval 2.085203e-3 s
[acc] eval 1.54444e-3 s
[acc] eval 1.460788e-3 s
[acc] eval 1.379761e-3 s
[acc] eval 1.310332e-3 s
[acc] eval 1.3943e-3 s
[acc] eval 1.47166e-3 s
[acc] eval 1.370783e-3 s
[acc] eval 2.08417e-3 s
[acc] eval 2.088463e-3 s
[acc] eval 0.213116106 s
[acc] compile 7.523192e-3 s
[acc] eval 8.240626e-3 s
[acc] eval 3.543613e-3 s
[acc] eval 3.714603e-3 s
[acc] eval 3.109945e-3 s
[acc] eval 1.023705e-2 s
[acc] eval 2.965774e-3 s
[acc] eval 2.4116e-3 s
[acc] eval 2.410112e-3 s
[acc] eval 2.182315e-3 s
[acc] eval 2.29825e-3 s
[acc] eval 1.967859e-3 s
[acc] eval 2.230884e-3 s
[acc] eval 2.584194e-3 s
[acc] eval 2.245339e-3 s
[acc] eval 2.238858e-3 s
[acc] eval 2.274608e-3 s
[acc] eval 1.975695e-3 s
[acc] eval 2.170781e-3 s
[acc] eval 2.020598e-3 s
[acc] eval 1.839239e-3 s
[acc] eval 1.854312e-3 s
[acc] eval 1.965316e-3 s
[acc] eval 1.83372e-3 s
[acc] eval 2.13734e-3 s
[acc] eval 2.337931e-3 s
[acc] eval 2.402776e-3 s
[acc] eval 2.069462e-3 s
[acc] eval 1.785024e-3 s
[acc] eval 1.738043e-3 s
[acc] eval 1.804487e-3 s
[acc] eval 1.758647e-3 s
[acc] eval 1.999121e-3 s
[acc] eval 1.915797e-3 s
[acc] eval 2.046697e-3 s
[acc] eval 1.814036e-3 s
[acc] eval 1.78793e-3 s
[acc] eval 1.760677e-3 s
[acc] eval 1.778391e-3 s
[acc] eval 1.998835e-3 s
[acc] eval 2.385733e-3 s
[acc] eval 2.323654e-3 s
[acc] eval 2.572829e-3 s
[acc] eval 2.505338e-3 s
[acc] eval 2.516102e-3 s
[acc] eval 0.125463231 s
[acc] compile 0.258946171 s
[acc] eval 1.8271225e-2 s
[acc] eval 4.255251e-3 s
[acc] eval 1.0463675e-2 s
[acc] eval 2.836898e-3 s
[acc] eval 2.787086e-3 s
[acc] eval 2.473372e-3 s
[acc] eval 3.182481e-3 s
[acc] eval 3.616933e-3 s
[acc] eval 2.987705e-3 s
[acc] eval 3.075449e-3 s
[acc] eval 3.083104e-3 s
[acc] eval 3.077115e-3 s
[acc] eval 4.240847e-3 s
[acc] eval 4.116549e-3 s
[acc] eval 3.965675e-3 s
[acc] eval 3.965123e-3 s
[acc] eval 4.506298e-3 s
[acc] eval 3.989704e-3 s
[acc] eval 3.330476e-3 s
[acc] eval 3.193085e-3 s
[acc] eval 3.006396e-3 s
[acc] eval 3.142855e-3 s
[acc] eval 2.985239e-3 s
[acc] eval 2.964659e-3 s
[acc] eval 2.872641e-3 s
[acc] eval 2.794628e-3 s
[acc] eval 2.381451e-3 s
[acc] eval 2.686455e-3 s
[acc] eval 3.261822e-3 s
[acc] eval 4.917785e-3 s
[acc] eval 0.387921045 s
[acc] compile 3.30225e-4 s
[acc] eval 8.322934e-3 s
[acc] compile 0.102700742 s
[acc] eval 1.0958231e-2 s
[acc] eval 9.74712e-3 s
[acc] eval 1.312571e-3 s
[acc] eval 1.580029e-3 s
[acc] eval 1.639263e-3 s
[acc] eval 1.554492e-3 s
[acc] eval 1.265846e-3 s
[acc] eval 1.078153e-3 s
[acc] eval 0.13391851 s
[acc] compile 0.314721308 s
[acc] eval 3.3422364e-2 s
[acc] eval 0.362752833 s
[acc] compile 0.171014643 s
[acc] eval 2.1621924e-2 s
[acc] eval 0.194919137 s
[acc] compile 0.141273883 s
[acc] eval 1.7574306e-2 s
[acc] eval 9.150539e-3 s
[acc] eval 6.891647e-3 s
[acc] eval 7.308745e-3 s
[acc] eval 7.138043e-3 s
[acc] eval 3.12415e-3 s
[acc] eval 4.896994e-3 s
[acc] eval 7.147996e-3 s
[acc] eval 2.519455e-3 s
[acc] eval 3.548705e-3 s
[acc] eval 4.103871e-3 s
[acc] eval 6.794643e-3 s
[acc] eval 0.225254475 s
[acc] compile 7.180155e-3 s
[acc] eval 6.656376e-3 s
[acc] eval 1.6558255e-2 s
[acc] compile 0.102574236 s
[acc] eval 2.0185067e-2 s
[acc] eval 0.134722207 s
[acc] compile 0.181984029 s
[acc] eval 1.2331755e-2 s
[acc] eval 0.199447371 s
[acc] compile 0.155541651 s
[acc] eval 3.0741464e-2 s
[acc] eval 0.194413151 s
[acc] compile 0.120668147 s
[acc] eval 4.479438e-3 s
[acc] eval 0.12703316 s
[acc] compile 0.226296515 s
[acc] eval 1.420226e-2 s
[acc] eval 0.247133496 s
[acc] compile 7.6786421e-2 s
[acc] eval 8.971176e-3 s
[acc] eval 3.652891e-3 s
[acc] eval 2.361356e-3 s
[acc] eval 2.299449e-3 s
[acc] eval 1.994382e-3 s
[acc] eval 1.85043e-3 s
[acc] eval 1.859525e-3 s
[acc] eval 2.071567e-3 s
[acc] eval 1.1175032e-2 s
[acc] eval 1.739409e-3 s
[acc] eval 1.607135e-3 s
[acc] eval 1.494185e-3 s
[acc] eval 1.511954e-3 s
[acc] eval 1.686505e-3 s
[acc] eval 1.435908e-3 s
[acc] eval 1.491764e-3 s
[acc] eval 1.523164e-3 s
[acc] eval 1.615734e-3 s
[acc] eval 1.586657e-3 s
[acc] eval 1.575541e-3 s
[acc] eval 1.587629e-3 s
[acc] eval 1.593505e-3 s
[acc] eval 2.054992e-3 s
[acc] eval 2.111241e-3 s
[acc] eval 2.064001e-3 s
[acc] eval 1.561547e-3 s
[acc] eval 1.587803e-3 s
[acc] eval 1.614148e-3 s
[acc] eval 1.642174e-3 s
[acc] eval 1.862454e-3 s
[acc] eval 1.826488e-3 s
[acc] eval 0.154365991 s
[acc] compile 0.190223519 s
[acc] eval 1.9339097e-2 s
[acc] eval 9.556475e-3 s
[acc] eval 0.222145286 s
[acc] compile 6.322558e-3 s
[acc] eval 2.2675878e-2 s
[acc] eval 3.2297281e-2 s
[acc] compile 0.133195452 s
[acc] eval 1.6608139e-2 s
[acc] eval 0.154610567 s
[acc] compile 0.129433504 s
[acc] eval 8.670666e-3 s
[acc] eval 0.141853619 s
[acc] compile 1.0030681e-2 s
[acc] eval 9.450809e-3 s
[acc] eval 3.580049e-3 s
[acc] eval 3.519308e-3 s
[acc] eval 1.0562405e-2 s
[acc] eval 2.045084e-3 s
[acc] eval 2.534231e-3 s
[acc] eval 2.086978e-3 s
[acc] eval 2.107404e-3 s
[acc] eval 1.974666e-3 s
[acc] eval 2.353604e-3 s
[acc] eval 2.403757e-3 s
[acc] eval 1.978729e-3 s
[acc] eval 2.119265e-3 s
[acc] eval 2.136088e-3 s
[acc] eval 2.33692e-3 s
[acc] eval 2.188338e-3 s
[acc] eval 1.999049e-3 s
[acc] eval 1.905077e-3 s
[acc] eval 1.881611e-3 s
[acc] eval 1.787219e-3 s
[acc] eval 1.747925e-3 s
[acc] eval 1.67318e-3 s
[acc] eval 1.733251e-3 s
[acc] eval 1.779994e-3 s
[acc] eval 2.32735e-3 s
[acc] eval 2.398273e-3 s
[acc] eval 2.267587e-3 s
[acc] eval 2.181528e-3 s
[acc] eval 2.21882e-3 s
[acc] eval 2.275133e-3 s
[acc] eval 9.6641348e-2 s
[acc] compile 4.838656e-3 s
[acc] eval 4.028003e-3 s
[acc] eval 1.0367543e-2 s
[acc] compile 4.450321e-3 s
[acc] eval 7.951687e-3 s
[acc] eval 1.4180958e-2 s
[acc] compile 8.116787e-3 s
[acc] eval 2.403878e-2 s
[acc] eval 3.4636413e-2 s
[acc] compile 4.412479e-3 s
[acc] eval 3.937728e-3 s
[acc] eval 2.003124e-3 s
[acc] eval 1.960231e-3 s
[acc] eval 1.840621e-3 s
[acc] eval 1.675495e-3 s
[acc] eval 2.449219e-3 s
[acc] eval 2.089042e-3 s
[acc] eval 1.878249e-3 s
[acc] eval 1.662515e-3 s
[acc] eval 1.989964e-3 s
[acc] eval 1.809895e-3 s
[acc] eval 1.926207e-3 s
[acc] eval 2.093189e-3 s
[acc] eval 1.712173e-3 s
[acc] eval 1.84985e-3 s
[acc] eval 1.651079e-3 s
[acc] eval 1.599078e-3 s
[acc] eval 1.320976e-3 s
[acc] eval 1.586851e-3 s
[acc] eval 1.430331e-3 s
[acc] eval 1.466771e-3 s
[acc] eval 1.545962e-3 s
[acc] eval 2.2186e-3 s
[acc] eval 1.687745e-3 s
[acc] eval 1.572023e-3 s
[acc] eval 1.53644e-3 s
[acc] eval 1.478728e-3 s
[acc] eval 1.540106e-3 s
[acc] eval 1.520968e-3 s
[acc] eval 1.1551959e-2 s
[acc] eval 7.3362692e-2 s
[acc] compile 0.114956796 s
[acc] eval 2.161605e-2 s
[acc] eval 0.151499514 s
[acc] compile 7.422031e-3 s
[acc] eval 2.4212248e-2 s
[acc] eval 3.4766302e-2 s
[acc] compile 6.066091e-3 s
[acc] eval 1.6942139e-2 s
[acc] eval 4.59784e-3 s
[acc] eval 3.0929548e-2 s
[acc] compile 6.8589914e-2 s
[acc] eval 2.2949773e-2 s
[acc] eval 9.5069494e-2 s
[acc] compile 8.85031e-3 s
[acc] eval 1.7533716e-2 s
[acc] eval 2.429605e-3 s
[acc] eval 3.250522e-3 s
[acc] eval 3.200667e-3 s
[acc] eval 3.198139e-3 s
[acc] eval 3.043519e-3 s
[acc] eval 3.047697e-3 s
[acc] eval 3.069015e-3 s
[acc] eval 3.385037e-3 s
[acc] eval 3.199615e-3 s
[acc] eval 2.82699e-3 s
[acc] eval 2.962368e-3 s
[acc] eval 2.919237e-3 s
[acc] eval 3.011801e-3 s
[acc] eval 7.0239141e-2 s
[acc] compile 8.464834e-3 s
[acc] eval 1.2627776e-2 s
[acc] eval 2.5066308e-2 s
[acc] compile 0.15558801 s
[acc] eval 1.5000872e-2 s
[acc] eval 0.184209507 s
[acc] compile 0.298335348 s
[acc] eval 2.2222973e-2 s
[acc] eval 0.325032337 s
[acc] compile 8.227292e-3 s
[acc] eval 2.655808e-2 s
[acc] eval 3.7814437e-2 s
[acc] compile 6.912204e-3 s
[acc] eval 6.870141e-3 s
[acc] eval 3.320209e-3 s
[acc] eval 3.525109e-3 s
[acc] eval 4.0898e-3 s
[acc] eval 3.75719e-3 s
[acc] eval 1.2575869e-2 s
[acc] eval 2.861299e-3 s
[acc] eval 3.345395e-3 s
[acc] eval 3.152182e-3 s
[acc] eval 2.949855e-3 s
[acc] eval 2.600195e-3 s
[acc] eval 2.640979e-3 s
[acc] eval 2.372461e-3 s
[acc] eval 2.741465e-3 s
[acc] eval 2.992936e-3 s
[acc] eval 3.07423e-3 s
[acc] eval 3.940603e-3 s
[acc] eval 3.593568e-3 s
[acc] eval 3.274009e-3 s
[acc] eval 3.034866e-3 s
[acc] eval 2.682453e-3 s
[acc] eval 2.52417e-3 s
[acc] eval 2.679379e-3 s
[acc] eval 3.029782e-3 s
[acc] eval 3.22306e-3 s
[acc] eval 3.293353e-3 s
[acc] eval 3.003415e-3 s
[acc] eval 3.106053e-3 s
[acc] eval 2.992365e-3 s
[acc] eval 2.725673e-3 s
[acc] eval 3.390226e-3 s
[acc] eval 0.122712482 s
[acc] compile 4.072209e-3 s
[acc] eval 1.6642953e-2 s
[acc] eval 2.2756178e-2 s
[acc] compile 1.319917e-2 s
[acc] eval 4.323234e-2 s
[acc] eval 6.6347465e-2 s
[acc] compile 6.960239e-3 s
[acc] eval 1.3545814e-2 s
[acc] eval 3.079578e-3 s
[acc] eval 2.960182e-3 s
[acc] eval 3.479671e-3 s
[acc] eval 4.265541e-3 s
[acc] eval 3.569645e-3 s
[acc] eval 2.920652e-3 s
[acc] eval 3.393137e-3 s
[acc] eval 2.804998e-3 s
[acc] eval 2.653964e-3 s
[acc] eval 2.299646e-3 s
[acc] eval 1.3180248e-2 s
[acc] eval 1.756253e-3 s
[acc] eval 1.545442e-3 s
[acc] eval 7.1551576e-2 s
[acc] compile 0.34793667 s
[acc] eval 3.7465203e-2 s
[acc] eval 0.406482686 s
[acc] compile 0.26380278 s
[acc] eval 1.6087807e-2 s
[acc] eval 0.284539377 s
[acc] compile 7.91304e-3 s
[acc] eval 2.4506642e-2 s
[acc] eval 4.36778e-3 s
[acc] eval 3.588283e-3 s
[acc] eval 3.413203e-3 s
[acc] eval 4.002784e-3 s
[acc] eval 4.404503e-3 s
[acc] eval 4.522057e-3 s
[acc] eval 5.292624e-3 s
[acc] eval 3.733706e-3 s
[acc] eval 3.500328e-3 s
[acc] eval 2.847892e-3 s
[acc] eval 3.290434e-3 s
[acc] eval 3.312792e-3 s
[acc] eval 2.892741e-3 s
[acc] eval 3.01918e-3 s
[acc] eval 2.609032e-3 s
[acc] eval 2.633307e-3 s
[acc] eval 4.121236e-3 s
[acc] eval 4.068515e-3 s
[acc] eval 3.254368e-3 s
[acc] eval 3.336166e-3 s
[acc] eval 3.945538e-3 s
[acc] eval 3.337854e-3 s
[acc] eval 3.365313e-3 s
[acc] eval 3.401175e-3 s
[acc] eval 3.501168e-3 s
[acc] eval 3.428201e-3 s
[acc] eval 0.131187037 s
[acc] compile 0.28069469 s
[acc] eval 1.461013e-2 s
[acc] eval 6.747338e-3 s
[acc] eval 1.1746586e-2 s
[acc] eval 9.175974e-3 s
[acc] eval 1.7168526e-2 s
[acc] eval 5.468879e-3 s
[acc] eval 7.944031e-3 s
[acc] eval 1.0706189e-2 s
[acc] eval 7.099762e-3 s
[acc] eval 1.4348192e-2 s
[acc] eval 1.3343308e-2 s
[acc] eval 6.178536e-3 s
[acc] eval 0.412343523 s
[acc] compile 0.22242692 s
[acc] eval 1.9512187e-2 s
[acc] eval 0.247803846 s
[acc] compile 7.0363579e-2 s
[acc] eval 3.211665e-2 s
[acc] eval 0.106720155 s
[acc] compile 0.202772169 s
[acc] eval 1.4534084e-2 s
[acc] eval 0.2226552 s
[acc] compile 5.37573e-4 s
[acc] eval 1.5881236e-2 s
[acc] compile 0.52474492 s
[acc] eval 3.6444822e-2 s
[acc] eval 0.566356617 s
[acc] compile 0.447582283 s
[acc] eval 3.0885108e-2 s
[acc] eval 0.495721971 s
[acc] compile 0.182998989 s
[acc] eval 6.96093e-3 s
[acc] eval 0.192525881 s
[acc] compile 6.7855484e-2 s
[acc] eval 6.431536e-3 s
[acc] eval 3.574847e-3 s
[acc] eval 1.5164243e-2 s
[acc] eval 3.411708e-3 s
[acc] eval 3.305005e-3 s
[acc] eval 3.363576e-3 s
[acc] eval 2.832667e-3 s
[acc] eval 2.672993e-3 s
[acc] eval 2.655889e-3 s
[acc] eval 2.677341e-3 s
[acc] eval 2.816154e-3 s
[acc] eval 2.810347e-3 s
[acc] eval 0.124231953 s
[acc] compile 8.1794947e-2 s
[acc] eval 1.7145505e-2 s
[acc] eval 0.104557551 s
[acc] compile 5.189887e-3 s
[acc] eval 1.7985133e-2 s
[acc] eval 2.143571e-3 s
[acc] eval 1.989518e-3 s
[acc] eval 2.095302e-3 s
[acc] eval 1.920391e-3 s
[acc] eval 2.073346e-3 s
[acc] eval 1.656966e-3 s
[acc] eval 2.374171e-3 s
[acc] eval 2.050986e-3 s
[acc] eval 1.978362e-3 s
[acc] eval 2.166096e-3 s
[acc] eval 1.960418e-3 s
[acc] eval 1.914721e-3 s
[acc] eval 1.798361e-3 s
[acc] eval 1.755307e-3 s
[acc] eval 5.4482595e-2 s
[acc] compile 0.19663802 s
[acc] eval 1.9228087e-2 s
[acc] eval 0.220328616 s
[acc] compile 0.429870611 s
[acc] eval 3.6731925e-2 s
[acc] eval 4.899436e-3 s
[acc] eval 4.56212e-3 s
[acc] eval 5.038776e-3 s
[acc] eval 4.56298e-3 s
[acc] eval 4.6813e-3 s
[acc] eval 3.845244e-3 s
[acc] eval 3.967386e-3 s
[acc] eval 4.016083e-3 s
[acc] eval 3.963169e-3 s
[acc] eval 4.37165e-3 s
[acc] eval 3.996215e-3 s
[acc] eval 0.519583972 s
[acc] compile 3.26543e-4 s
[acc] eval 8.181126e-3 s
[acc] compile 3.126863e-3 s
[acc] eval 3.27565e-3 s
[acc] eval 1.106777e-3 s
[acc] eval 8.91206e-4 s
[acc] eval 1.121522e-3 s
[acc] eval 1.0932247e-2 s
[acc] compile 4.263837e-3 s
[acc] eval 1.643198e-2 s
[acc] eval 1.306504e-3 s
[acc] eval 1.261844e-3 s
[acc] eval 1.234747e-3 s
[acc] eval 1.211175e-3 s
[acc] eval 1.303743e-3 s
[acc] eval 1.277646e-3 s
[acc] eval 1.566082e-3 s
[acc] eval 1.413176e-3 s
[acc] eval 1.260334e-3 s
[acc] eval 1.341902e-3 s
[acc] eval 3.6323705e-2 s
[acc] compile 0.192375671 s
[acc] eval 2.429404e-2 s
[acc] eval 1.4344205e-2 s
[acc] eval 4.458092e-3 s
[acc] eval 4.375096e-3 s
[acc] eval 4.533003e-3 s
[acc] eval 4.861703e-3 s
[acc] eval 1.4132911e-2 s
[acc] eval 4.461195e-3 s
[acc] eval 4.207862e-3 s
[acc] eval 4.25104e-3 s
[acc] eval 4.37331e-3 s
[acc] eval 1.1926262e-2 s
[acc] eval 0.298366357 s
[acc] compile 3.832538e-3 s
[acc] eval 4.747342e-3 s
[acc] eval 2.086456e-3 s
[acc] eval 2.011243e-3 s
[acc] eval 2.007122e-3 s
[acc] eval 8.985073e-3 s
[acc] eval 1.586469e-3 s
[acc] eval 1.495235e-3 s
[acc] eval 1.507665e-3 s
[acc] eval 1.58993e-3 s
[acc] eval 1.627038e-3 s
[acc] eval 1.629721e-3 s
[acc] eval 1.507585e-3 s
[acc] eval 1.716381e-3 s
[acc] eval 2.157109e-3 s
[acc] eval 2.056862e-3 s
[acc] eval 1.564282e-3 s
[acc] eval 1.470178e-3 s
[acc] eval 1.454337e-3 s
[acc] eval 1.359599e-3 s
[acc] eval 1.524995e-3 s
[acc] eval 1.716888e-3 s
[acc] eval 1.79076e-3 s
[acc] eval 1.825245e-3 s
[acc] eval 1.886527e-3 s
[acc] eval 2.161475e-3 s
[acc] eval 2.301245e-3 s
[acc] eval 1.755566e-3 s
[acc] eval 1.693034e-3 s
[acc] eval 1.638855e-3 s
[acc] eval 1.637291e-3 s
[acc] eval 7.0547415e-2 s
[acc] compile 0.111449634 s
[acc] eval 1.1682071e-2 s
[acc] eval 0.126771682 s
[acc] eval 2.321568e-3 s
[acc] eval 7.22667e-4 s
[acc] eval 9.02948e-4 s
[acc] eval 5.036179e-3 s
[acc] compile 0.517370484 s
[acc] eval 4.6003957e-2 s
[acc] eval 1.4752747e-2 s
[acc] eval 6.930854e-3 s
[acc] eval 4.40944e-3 s
[acc] eval 4.613602e-3 s
[acc] eval 4.732967e-3 s
[acc] eval 5.468562e-3 s
[acc] eval 6.071746e-3 s
[acc] eval 1.8152748e-2 s
[acc] eval 4.198732e-3 s
[acc] eval 4.118412e-3 s
[acc] eval 4.102043e-3 s
[acc] eval 0.647193862 s
[acc] compile 1.458007e-2 s
[acc] eval 1.9868344e-2 s
[acc] eval 2.68237e-3 s
[acc] eval 2.338097e-3 s
[acc] eval 5.441466e-3 s
[acc] eval 2.104564e-3 s
[acc] eval 1.92369e-3 s
[acc] eval 2.892788e-3 s
[acc] eval 2.795337e-3 s
[acc] eval 2.087879e-3 s
[acc] eval 1.935067e-3 s
[acc] eval 1.934952e-3 s
[acc] eval 1.900046e-3 s
[acc] eval 1.88105e-3 s
[acc] eval 1.936027e-3 s
[acc] eval 1.915752e-3 s
[acc] eval 1.814195e-3 s
[acc] eval 1.941439e-3 s
[acc] eval 1.888904e-3 s
[acc] eval 1.924191e-3 s
[acc] eval 1.820746e-3 s
[acc] eval 1.772446e-3 s
[acc] eval 1.864214e-3 s
[acc] eval 1.836727e-3 s
[acc] eval 1.743666e-3 s
[acc] eval 1.94545e-3 s
[acc] eval 1.627427e-3 s
[acc] eval 1.827664e-3 s
[acc] eval 2.24016e-3 s
[acc] eval 2.077407e-3 s
[acc] eval 1.973745e-3 s
[acc] eval 0.101340893 s
[acc] compile 4.571566e-3 s
[acc] eval 1.3112739e-2 s
[acc] eval 1.388869e-3 s
[acc] eval 1.506754e-3 s
[acc] eval 1.265838e-3 s
[acc] eval 1.345929e-3 s
[acc] eval 1.771683e-3 s
[acc] eval 1.770513e-3 s
[acc] eval 1.844135e-3 s
[acc] eval 1.750275e-3 s
[acc] eval 1.563287e-3 s
[acc] eval 1.431943e-3 s
[acc] eval 1.450824e-3 s
[acc] eval 1.1960105e-2 s
[acc] eval 1.086518e-3 s
[acc] eval 1.106984e-3 s
[acc] eval 9.35266e-4 s
[acc] eval 9.30508e-4 s
[acc] eval 8.91397e-4 s
[acc] eval 9.18686e-4 s
[acc] eval 9.28702e-4 s
[acc] eval 8.68103e-4 s
[acc] eval 5.8398917e-2 s
[acc] compile 5.385024e-3 s
[acc] eval 2.9535305e-2 s
[acc] eval 3.7772982e-2 s
[acc] compile 3.46648e-4 s
[acc] eval 1.4016075e-2 s
[acc] compile 0.277725733 s
[acc] eval 1.5066523e-2 s
[acc] eval 0.29808316 s
[acc] compile 5.343323e-3 s
[acc] eval 1.8917979e-2 s
[acc] eval 2.6406872e-2 s
[acc] compile 5.018934e-3 s
[acc] eval 8.383627e-3 s
[acc] eval 1.764937e-3 s
[acc] eval 1.660984e-3 s
[acc] eval 1.554848e-3 s
[acc] eval 1.669673e-3 s
[acc] eval 2.138196e-3 s
[acc] eval 2.341627e-3 s
[acc] eval 1.792674e-3 s
[acc] eval 1.893642e-3 s
[acc] eval 1.2523844e-2 s
[acc] eval 1.934855e-3 s
[acc] eval 1.854236e-3 s
[acc] eval 1.659709e-3 s
[acc] eval 1.378639e-3 s
[acc] eval 1.280568e-3 s
[acc] eval 1.463532e-3 s
[acc] eval 2.113564e-3 s
[acc] eval 2.369279e-3 s
[acc] eval 2.267417e-3 s
[acc] eval 1.975497e-3 s
[acc] eval 1.533522e-3 s
[acc] eval 1.691876e-3 s
[acc] eval 1.577148e-3 s
[acc] eval 1.533018e-3 s
[acc] eval 1.470627e-3 s
[acc] eval 1.791195e-3 s
[acc] eval 1.589384e-3 s
[acc] eval 1.485576e-3 s
[acc] eval 1.46981e-3 s
[acc] eval 1.309192e-3 s
[acc] eval 7.8154068e-2 s
[acc] compile 5.62918e-3 s
[acc] eval 1.2510118e-2 s
[acc] eval 2.0177808e-2 s
[acc] compile 6.5980267e-2 s
[acc] eval 2.4579026e-2 s
[acc] eval 9.2699161e-2 s
[acc] compile 0.628573022 s
[acc] eval 3.6212989e-2 s
[acc] eval 0.680282591 s
[acc] eval 2.704725e-3 s
[acc] eval 5.80068e-4 s
[acc] eval 7.0235e-4 s
[acc] eval 4.872333e-3 s
[acc] compile 8.063472e-3 s
[acc] eval 9.497643e-3 s
[acc] eval 2.0565183e-2 s
[acc] compile 0.19426857 s
[acc] eval 3.0129443e-2 s
[acc] eval 0.229025627 s
[acc] compile 5.301991e-3 s
[acc] eval 8.005624e-3 s
[acc] eval 1.646013e-2 s
[acc] compile 6.988549e-3 s
[acc] eval 9.697887e-3 s
[acc] eval 1.979373e-2 s
[acc] compile 0.110082538 s
[acc] eval 2.5281208e-2 s
[acc] eval 0.13836852 s
[acc] compile 4.22208e-4 s
[acc] eval 7.018189e-3 s
[acc] compile 3.81317e-4 s
[acc] eval 7.186852e-3 s
[acc] compile 0.159323264 s
[acc] eval 2.3449921e-2 s
[acc] eval 0.187154964 s
[acc] compile 1.0460917e-2 s
[acc] eval 3.0131527e-2 s
[acc] eval 4.312464e-2 s
[acc] compile 4.561303e-3 s
[acc] eval 8.897974e-3 s
[acc] eval 1.5549994e-2 s
[acc] compile 6.721296e-3 s
[acc] eval 9.93614e-3 s
[acc] eval 1.8773242e-2 s
[acc] compile 3.933742e-3 s
[acc] eval 4.2943e-3 s
[acc] eval 1.431535e-3 s
[acc] eval 1.417966e-3 s
[acc] eval 1.253106e-3 s
[acc] eval 1.3994241e-2 s
[acc] compile 7.100393e-3 s
[acc] eval 1.9883703e-2 s
[acc] eval 2.8934306e-2 s
[acc] compile 0.183891846 s
[acc] eval 1.3729752e-2 s
[acc] eval 0.20329781 s
[acc] compile 0.147766697 s
[acc] eval 8.055596e-3 s
[acc] eval 0.176774889 s
[acc] compile 9.147962e-3 s
[acc] eval 1.1091673e-2 s
[acc] eval 2.4969975e-2 s
[acc] compile 6.984516e-3 s
[acc] eval 1.791729e-2 s
[acc] eval 3.9529366e-2 s
[acc] eval 1.8875785e-2 s
[acc] eval 2.1703496e-2 s
[acc] compile 5.9246732e-2 s
[acc] eval 2.9453413e-2 s
[acc] eval 9.0735258e-2 s
[acc] compile 0.238340197 s
[acc] eval 1.3659944e-2 s
[acc] eval 0.257747778 s
[acc] compile 7.389959e-2 s
[acc] eval 3.8333181e-2 s
[acc] eval 0.116474514 s
[acc] compile 6.9376372e-2 s
[acc] eval 1.5541e-2 s
[acc] eval 9.1299029e-2 s
[acc] compile 0.127091049 s
[acc] eval 9.12672e-3 s
[acc] eval 3.303232e-3 s
[acc] eval 1.7846078e-2 s
[acc] eval 2.138038e-3 s
[acc] eval 2.776655e-3 s
[acc] eval 3.286581e-3 s
[acc] eval 2.645983e-3 s
[acc] eval 2.64505e-3 s
[acc] eval 2.594294e-3 s
[acc] eval 2.466614e-3 s
[acc] eval 2.713776e-3 s
[acc] eval 2.618062e-3 s
[acc] eval 0.185289724 s
[acc] compile 4.78206e-4 s
[acc] eval 3.630485e-3 s
[acc] compile 3.794775e-3 s
[acc] eval 5.462013e-3 s
[acc] eval 7.39772e-4 s
[acc] eval 7.95648e-4 s
[acc] eval 1.1869525e-2 s
[acc] eval 4.039865e-3 s
[acc] eval 5.85071e-4 s
[acc] eval 7.73796e-4 s
[acc] eval 6.167462e-3 s
[acc] compile 0.182537243 s
[acc] eval 2.7253178e-2 s
[acc] eval 0.213354795 s
[acc] compile 6.7555278e-2 s
[acc] eval 6.229434e-3 s
[acc] eval 2.766161e-3 s
[acc] eval 2.604611e-3 s
[acc] eval 8.2665474e-2 s
[acc] eval 1.2915416e-2 s
[acc] eval 1.446781e-3 s
[acc] eval 1.535024e-3 s
[acc] eval 1.7662551e-2 s
[acc] compile 4.8279223e-2 s
[acc] eval 1.1376153e-2 s
[acc] eval 1.798974e-3 s
[acc] eval 1.556065e-3 s
[acc] eval 1.571933e-3 s
[acc] eval 6.7152978e-2 s
[acc] eval 1.9985503e-2 s
[acc] eval 1.3932813e-2 s
[acc] eval 1.705362e-3 s
[acc] eval 3.7113592e-2 s
[acc] compile 0.119415645 s
[acc] eval 1.1881709e-2 s
[acc] eval 5.619718e-3 s
[acc] eval 5.646985e-3 s
[acc] eval 6.280934e-3 s
[acc] eval 4.781645e-3 s
[acc] eval 3.952965e-3 s
[acc] eval 4.451547e-3 s
[acc] eval 4.153891e-3 s
[acc] eval 4.642393e-3 s
[acc] eval 1.5696798e-2 s
[acc] eval 1.878412e-3 s
[acc] eval 1.919395e-3 s
[acc] eval 2.013408e-3 s
[acc] eval 0.196743328 s
[acc] compile 5.8207932e-2 s
[acc] eval 1.6925802e-2 s
[acc] eval 1.671777e-3 s
[acc] eval 1.537348e-3 s
[acc] eval 8.0580038e-2 s
[acc] compile 5.176145e-2 s
[acc] eval 2.036325e-2 s
[acc] eval 1.1927508e-2 s
[acc] eval 1.581715e-3 s
[acc] eval 8.7501495e-2 s
[acc] compile 0.184032686 s
[acc] eval 2.8672269e-2 s
[acc] eval 0.217071295 s
[acc] compile 5.4530316e-2 s
[acc] eval 2.2169939e-2 s
[acc] eval 8.1149451e-2 s
[acc] compile 0.375736729 s
[acc] eval 1.7855569e-2 s
[acc] eval 0.403102614 s
[acc] compile 7.500661e-3 s
[acc] eval 6.806916e-3 s
[acc] eval 3.4579208e-2 s
[acc] compile 0.428589862 s
[acc] eval 1.4081593e-2 s
[acc] eval 0.461731665 s
[acc] compile 0.391684875 s
[acc] eval 4.6867685e-2 s
[acc] eval 0.444930235 s
[acc] eval 2.4902136e-2 s
[acc] eval 3.0645959e-2 s
[acc] compile 0.238165301 s
[acc] eval 2.8802596e-2 s
[acc] eval 0.272862765 s
[acc] compile 6.018325e-3 s
[acc] eval 2.022271e-2 s
[acc] eval 3.260552e-3 s
[acc] eval 3.033585e-3 s
[acc] eval 2.988627e-3 s
[acc] eval 2.892561e-3 s
[acc] eval 2.473009e-3 s
[acc] eval 2.805219e-3 s
[acc] eval 2.673268e-3 s
[acc] eval 2.263242e-3 s
[acc] eval 2.438862e-3 s
[acc] eval 1.927076e-3 s
[acc] eval 1.837158e-3 s
[acc] eval 5.7912147e-2 s
[acc] compile 0.425136758 s
[acc] eval 2.7309402e-2 s
[acc] eval 4.933188e-3 s
[acc] eval 1.7316387e-2 s
[acc] eval 4.516767e-3 s
[acc] eval 3.940569e-3 s
[acc] eval 4.12743e-3 s
[acc] eval 4.113076e-3 s
[acc] eval 3.816244e-3 s
[acc] eval 3.167804e-3 s
[acc] eval 3.300243e-3 s
[acc] eval 3.563433e-3 s
[acc] eval 3.221616e-3 s
[acc] eval 0.51338357 s
[acc] compile 0.122970024 s
[acc] eval 9.754651e-3 s
[acc] eval 0.147137708 s
[acc] compile 0.508235205 s
[acc] eval 3.1331185e-2 s
[acc] eval 0.561315668 s
[acc] compile 0.345729962 s
[acc] eval 1.5962953e-2 s
[acc] eval 0.378099227 s
[acc] compile 0.320672928 s
[acc] eval 2.8748678e-2 s
[acc] eval 0.365083934 s
[acc] compile 6.295868e-3 s
[acc] eval 6.82123e-3 s
[acc] eval 1.5010584e-2 s
[acc] compile 0.23213279 s
[acc] eval 4.2717968e-2 s
[acc] eval 0.283237107 s
[acc] eval 2.6758735e-2 s
[acc] eval 3.4915056e-2 s
[acc] compile 0.48867347 s
[acc] eval 3.6535353e-2 s
[acc] eval 5.739619e-3 s
[acc] eval 4.7191e-3 s
[acc] eval 4.290255e-3 s
[acc] eval 4.193005e-3 s
[acc] eval 4.228506e-3 s
[acc] eval 4.327414e-3 s
[acc] eval 5.287138e-3 s
[acc] eval 5.62533e-3 s
[acc] eval 5.752298e-3 s
[acc] eval 5.482311e-3 s
[acc] eval 4.919531e-3 s
[acc] eval 5.744534e-3 s
[acc] eval 0.5946804 s
[acc] compile 2.1825534e-2 s
[acc] eval 3.3278037e-2 s
[acc] eval 6.0231068e-2 s
[acc] compile 0.178520451 s
[acc] eval 1.7311722e-2 s
[acc] eval 0.201047763 s
[acc] compile 4.046581e-3 s
[acc] eval 5.529448e-3 s
[acc] eval 1.9822576e-2 s
[acc] eval 1.727931e-3 s
[acc] eval 3.279106e-3 s
[acc] eval 3.693997e-3 s
[acc] eval 2.098188e-3 s
[acc] eval 6.452023e-3 s
[acc] eval 2.645628e-3 s
[acc] eval 2.110221e-3 s
[acc] eval 1.959513e-3 s
[acc] eval 1.869457e-3 s
[acc] eval 2.645081e-3 s
[acc] eval 6.2016115e-2 s
[acc] compile 0.484485522 s
[acc] eval 1.5586997e-2 s
[acc] eval 5.188742e-3 s
[acc] eval 1.8762359e-2 s
[acc] eval 5.775491e-3 s
[acc] eval 5.109054e-3 s
[acc] eval 5.597241e-3 s
[acc] eval 4.77825e-3 s
[acc] eval 3.675327e-3 s
[acc] eval 4.332782e-3 s
[acc] eval 6.448433e-3 s
[acc] eval 5.574898e-3 s
[acc] eval 5.444833e-3 s
[acc] eval 1.7657973e-2 s
[acc] eval 6.50468e-3 s
[acc] eval 6.612366e-3 s
[acc] eval 5.768571e-3 s
[acc] eval 5.196e-3 s
[acc] eval 4.704782e-3 s
[acc] eval 5.702212e-3 s
[acc] eval 5.217946e-3 s
[acc] eval 4.496002e-3 s
[acc] eval 4.740859e-3 s
[acc] eval 1.4874061e-2 s
[acc] eval 5.917764e-3 s
[acc] eval 4.111363e-3 s
[acc] eval 4.418602e-3 s
[acc] eval 5.120267e-3 s
[acc] eval 4.186868e-3 s
[acc] eval 4.417285e-3 s
[acc] eval 6.742051e-3 s
[acc] eval 1.7440906e-2 s
[acc] eval 0.715728157 s
[acc] compile 0.373147549 s
[acc] eval 3.9604639e-2 s
[acc] eval 0.418539219 s
[acc] compile 4.169392e-3 s
[acc] eval 7.293278e-3 s
[acc] eval 2.207506e-3 s
[acc] eval 2.195414e-3 s
[acc] eval 2.050248e-3 s
[acc] eval 1.870998e-3 s
[acc] eval 2.192544e-3 s
[acc] eval 2.970957e-3 s
[acc] eval 2.031874e-3 s
[acc] eval 1.49654e-3 s
[acc] eval 1.571014e-3 s
[acc] eval 1.587369e-3 s
[acc] eval 1.622698e-3 s
[acc] eval 1.66957e-3 s
[acc] eval 1.552719e-3 s
[acc] eval 1.885988e-3 s
[acc] eval 2.015984e-3 s
[acc] eval 1.582932e-3 s
[acc] eval 1.223014e-3 s
[acc] eval 1.619019e-3 s
[acc] eval 1.450198e-3 s
[acc] eval 5.0498618e-2 s
[acc] compile 4.857058e-3 s
[acc] eval 2.3180615e-2 s
[acc] eval 2.624449e-3 s
[acc] eval 2.469547e-3 s
[acc] eval 2.406713e-3 s
[acc] eval 2.396261e-3 s
[acc] eval 2.37433e-3 s
[acc] eval 2.579505e-3 s
[acc] eval 2.247814e-3 s
[acc] eval 2.42758e-3 s
[acc] eval 1.524069e-3 s
[acc] eval 1.613348e-3 s
[acc] eval 1.696307e-3 s
[acc] eval 1.552019e-3 s
[acc] eval 1.623389e-3 s
[acc] eval 1.573857e-3 s
[acc] eval 1.555965e-3 s
[acc] eval 1.760399e-3 s
[acc] eval 2.251897e-3 s
[acc] eval 1.68086e-3 s
[acc] eval 1.64583e-3 s
[acc] eval 1.480363e-3 s
[acc] eval 1.406766e-3 s
[acc] eval 1.598868e-3 s
[acc] eval 1.564079e-3 s
[acc] eval 1.72917e-3 s
[acc] eval 2.33205e-3 s
[acc] eval 1.829299e-3 s
[acc] eval 1.840157e-3 s
[acc] eval 1.591435e-3 s
[acc] eval 1.724721e-3 s
[acc] eval 8.768415e-2 s
[acc] compile 9.389752e-3 s
[acc] eval 1.0886637e-2 s
[acc] eval 3.48909e-3 s
[acc] eval 2.762782e-3 s
[acc] eval 3.19485e-3 s
[acc] eval 3.957678e-3 s
[acc] eval 4.557919e-3 s
[acc] eval 2.712809e-3 s
[acc] eval 2.744055e-3 s
[acc] eval 3.046725e-3 s
[acc] eval 1.7328546e-2 s
[acc] eval 2.395194e-3 s
[acc] eval 1.665202e-3 s
[acc] eval 1.724665e-3 s
[acc] eval 1.692235e-3 s
[acc] eval 1.55449e-3 s
[acc] eval 1.764906e-3 s
[acc] eval 1.607446e-3 s
[acc] eval 2.373262e-3 s
[acc] eval 2.626142e-3 s
[acc] eval 1.860142e-3 s
[acc] eval 1.839338e-3 s
[acc] eval 1.924622e-3 s
[acc] eval 1.884828e-3 s
[acc] eval 1.650885e-3 s
[acc] eval 1.644972e-3 s
[acc] eval 1.537262e-3 s
[acc] eval 1.694426e-3 s
[acc] eval 1.755692e-3 s
[acc] eval 1.619822e-3 s
[acc] eval 1.540253e-3 s
[acc] eval 1.609722e-3 s
[acc] eval 2.072295e-3 s
[acc] eval 0.111282249 s
[acc] eval 1.2723129e-2 s
[acc] eval 2.798204e-3 s
[acc] eval 2.140381e-3 s
[acc] eval 2.007957e-3 s
[acc] eval 1.939278e-3 s
[acc] eval 2.001476e-3 s
[acc] eval 1.2727682e-2 s
[acc] eval 1.836211e-3 s
[acc] eval 1.567783e-3 s
[acc] eval 1.813964e-3 s
[acc] eval 1.911712e-3 s
[acc] eval 1.887988e-3 s
[acc] eval 1.749225e-3 s
[acc] eval 1.598367e-3 s
[acc] eval 1.514491e-3 s
[acc] eval 1.58044e-3 s
[acc] eval 1.473256e-3 s
[acc] eval 1.429565e-3 s
[acc] eval 1.717346e-3 s
[acc] eval 2.553372e-3 s
[acc] eval 2.655622e-3 s
[acc] eval 2.03153e-3 s
[acc] eval 2.290877e-3 s
[acc] eval 2.390494e-3 s
[acc] eval 2.032362e-3 s
[acc] eval 2.091202e-3 s
[acc] eval 1.998119e-3 s
[acc] eval 2.060313e-3 s
[acc] eval 1.819415e-3 s
[acc] eval 1.835663e-3 s
[acc] eval 8.5587473e-2 s
[acc] compile 0.521348602 s
[acc] eval 4.4280962e-2 s
[acc] eval 4.742617e-3 s
[acc] eval 5.155697e-3 s
[acc] eval 5.933016e-3 s
[acc] eval 4.425455e-3 s
[acc] eval 4.318226e-3 s
[acc] eval 5.313521e-3 s
[acc] eval 4.201622e-3 s
[acc] eval 4.111049e-3 s
[acc] eval 4.883943e-3 s
[acc] eval 4.410588e-3 s
[acc] eval 4.213126e-3 s
[acc] eval 0.623358572 s
[acc] compile 4.7269365e-2 s
[acc] eval 1.0466934e-2 s
[acc] eval 1.4209359e-2 s
[acc] eval 8.91772e-4 s
[acc] eval 7.4436499e-2 s
[acc] compile 0.187718917 s
[acc] eval 2.4524097e-2 s
[acc] eval 0.217583956 s
[acc] compile 0.268191133 s
[acc] eval 4.0931691e-2 s
[acc] eval 0.314032211 s
[acc] compile 0.19764843 s
[acc] eval 1.0016011e-2 s
[acc] eval 0.212218082 s
[acc] compile 0.186014162 s
[acc] eval 1.3920239e-2 s
[acc] eval 0.216220508 s
[acc] compile 0.285639433 s
[acc] eval 1.8534831e-2 s
[acc] eval 1.7555288e-2 s
[acc] eval 1.9858692e-2 s
[acc] eval 4.928251e-3 s
[acc] eval 5.588442e-3 s
[acc] eval 4.832921e-3 s
[acc] eval 7.19973e-3 s
[acc] eval 4.131009e-3 s
[acc] eval 4.159316e-3 s
[acc] eval 3.864591e-3 s
[acc] eval 4.278454e-3 s
[acc] eval 1.4706625e-2 s
[acc] eval 4.299509e-3 s
[acc] eval 4.098067e-3 s
[acc] eval 3.829844e-3 s
[acc] eval 3.445345e-3 s
[acc] eval 3.439718e-3 s
[acc] eval 3.926147e-3 s
[acc] eval 4.541399e-3 s
[acc] eval 1.4006258e-2 s
[acc] eval 4.117428e-3 s
[acc] eval 3.954795e-3 s
[acc] eval 4.400076e-3 s
[acc] eval 5.217848e-3 s
[acc] eval 5.28922e-3 s
[acc] eval 5.381009e-3 s
[acc] eval 3.924807e-3 s
[acc] eval 3.792103e-3 s
[acc] eval 1.4619707e-2 s
[acc] eval 4.146237e-3 s
[acc] eval 0.499619588 s
[acc] compile 4.88983e-2 s
[acc] eval 1.9842545e-2 s
[acc] eval 1.141685e-3 s
[acc] eval 1.201118e-3 s
[acc] eval 7.2802382e-2 s
[acc] compile 3.838879e-3 s
[acc] eval 3.862798e-3 s
[acc] eval 1.8871674e-2 s
[acc] compile 1.177896e-2 s
[acc] eval 1.5130715e-2 s
[acc] eval 3.0137999e-2 s
[acc] eval 2.863781e-3 s
[acc] eval 8.03657e-4 s
[acc] eval 6.23102e-4 s
[acc] eval 7.89774e-4 s
[acc] eval 6.158957e-3 s
[acc] compile 6.3976152e-2 s
[acc] eval 1.1181033e-2 s
[acc] eval 7.6868235e-2 s
[acc] compile 9.462028e-3 s
[acc] eval 2.9695239e-2 s
[acc] eval 5.110087e-3 s
[acc] eval 4.619468e-3 s
[acc] eval 4.865815e-3 s
[acc] eval 4.874158e-3 s
[acc] eval 4.116786e-3 s
[acc] eval 3.777091e-3 s
[acc] eval 4.152747e-3 s
[acc] eval 3.254515e-3 s
[acc] eval 4.592003e-3 s
[acc] eval 3.12175e-3 s
[acc] eval 3.272038e-3 s
[acc] eval 3.106889e-3 s
[acc] eval 4.115588e-3 s
[acc] eval 4.281363e-3 s
[acc] eval 3.747357e-3 s
[acc] eval 4.059367e-3 s
[acc] eval 4.036559e-3 s
[acc] eval 3.49827e-3 s
[acc] eval 3.234643e-3 s
[acc] eval 3.865415e-3 s
[acc] eval 4.255794e-3 s
[acc] eval 4.489655e-3 s
[acc] eval 3.056411e-3 s
[acc] eval 3.148309e-3 s
[acc] eval 3.371521e-3 s
[acc] eval 3.75754e-3 s
[acc] eval 3.179499e-3 s
[acc] eval 3.417628e-3 s
[acc] eval 1.8016258e-2 s
[acc] eval 0.174887289 s
[acc] compile 0.21150665 s
[acc] eval 1.8456911e-2 s
[acc] eval 1.3904858e-2 s
[acc] eval 3.055162e-3 s
[acc] eval 2.826211e-3 s
[acc] eval 3.026809e-3 s
[acc] eval 2.910871e-3 s
[acc] eval 2.789585e-3 s
[acc] eval 2.869252e-3 s
[acc] eval 3.547544e-3 s
[acc] eval 3.942081e-3 s
[acc] eval 3.310894e-3 s
[acc] eval 3.320386e-3 s
[acc] eval 0.280038186 s
[acc] compile 0.182023899 s
[acc] eval 1.5087064e-2 s
[acc] eval 6.557179e-3 s
[acc] eval 1.6772452e-2 s
[acc] eval 2.926231e-3 s
[acc] eval 2.796689e-3 s
[acc] eval 2.558455e-3 s
[acc] eval 2.90077e-3 s
[acc] eval 2.396829e-3 s
[acc] eval 2.284825e-3 s
[acc] eval 2.040326e-3 s
[acc] eval 2.078074e-3 s
[acc] eval 2.172944e-3 s
[acc] eval 0.246002145 s
[acc] compile 0.165711171 s
[acc] eval 2.8842143e-2 s
[acc] eval 0.213469554 s
[acc] compile 8.745685e-3 s
[acc] eval 1.5744609e-2 s
[acc] eval 2.7178403e-2 s
[acc] compile 6.4443166e-2 s
[acc] eval 1.8303007e-2 s
[acc] eval 8.5263272e-2 s
[acc] compile 0.126499692 s
[acc] eval 1.029589e-2 s
[acc] eval 0.141671015 s
[acc] compile 8.0615706e-2 s
[acc] eval 2.6795007e-2 s
[acc] eval 0.109823643 s
[acc] compile 6.620427e-3 s
[acc] eval 6.417451e-3 s
[acc] eval 1.5539577e-2 s
[acc] compile 0.32345118 s
[acc] eval 2.7020876e-2 s
[acc] eval 0.354411528 s
[acc] compile 0.13054215 s
[acc] eval 1.3019269e-2 s
[acc] eval 0.148242077 s
[acc] compile 0.647178455 s
[acc] eval 3.2366586e-2 s
[acc] eval 0.685151538 s
[acc] eval 8.19593e-3 s
[acc] eval 1.2030131e-2 s
[acc] compile 0.210311144 s
[acc] eval 5.1624709e-2 s
[acc] eval 0.265473839 s
[acc] compile 7.0270812e-2 s
[acc] eval 5.275307e-3 s
[acc] eval 6.307684e-3 s
[acc] eval 8.709326e-3 s
[acc] eval 6.100908e-3 s
[acc] eval 6.714338e-3 s
[acc] eval 5.08011e-3 s
[acc] eval 4.03884e-3 s
[acc] eval 2.721926e-3 s
[acc] eval 2.491522e-3 s
[acc] eval 2.246965e-3 s
[acc] eval 2.486075e-3 s
[acc] eval 0.125932755 s
[acc] compile 0.143698651 s
[acc] eval 2.1602232e-2 s
[acc] eval 0.170212716 s
[acc] compile 0.137683281 s
[acc] eval 3.9726585e-2 s
[acc] eval 0.180913796 s
[acc] compile 5.075121e-3 s
[acc] eval 5.498299e-3 s
[acc] eval 1.285089e-3 s
[acc] eval 1.356644e-3 s
[acc] eval 1.663876e-3 s
[acc] eval 1.658453e-3 s
[acc] eval 1.223211e-3 s
[acc] eval 1.233255e-3 s
[acc] eval 1.279485e-3 s
[acc] eval 1.152137e-3 s
[acc] eval 1.199241e-3 s
[acc] eval 1.205412e-3 s
[acc] eval 1.208276e-3 s
[acc] eval 1.158982e-3 s
[acc] eval 1.290514e-3 s
[acc] eval 1.448193e-3 s
[acc] eval 3.2633361e-2 s
[acc] compile 0.214289487 s
[acc] eval 3.000917e-2 s
[acc] eval 4.151601e-3 s
[acc] eval 0.2527002 s
[acc] compile 8.4407084e-2 s
[acc] eval 7.945378e-3 s
[acc] eval 9.6273488e-2 s
[acc] compile 0.320175017 s
[acc] eval 2.6493879e-2 s
[acc] eval 1.9283569e-2 s
[acc] eval 4.840683e-3 s
[acc] eval 2.800623e-3 s
[acc] eval 2.704249e-3 s
[acc] eval 2.632248e-3 s
[acc] eval 2.412392e-3 s
[acc] eval 2.824937e-3 s
[acc] eval 2.924228e-3 s
[acc] eval 3.397296e-3 s
[acc] eval 2.787318e-3 s
[acc] eval 2.896007e-3 s
[acc] eval 0.40055549 s
[acc] compile 0.141966846 s
[acc] eval 1.0926206e-2 s
[acc] eval 0.157730664 s
[acc] compile 0.313223634 s
[acc] eval 8.866553e-3 s
[acc] eval 4.39692e-3 s
[acc] eval 1.8064791e-2 s
[acc] eval 4.103256e-3 s
[acc] eval 3.801239e-3 s
[acc] eval 3.763949e-3 s
[acc] eval 4.01104e-3 s
[acc] eval 3.55525e-3 s
[acc] eval 3.223051e-3 s
[acc] eval 2.683173e-3 s
[acc] eval 3.147145e-3 s
[acc] eval 3.530734e-3 s
[acc] eval 3.463955e-3 s
[acc] eval 3.496054e-3 s
[acc] eval 3.156475e-3 s
[acc] eval 1.6270912e-2 s
[acc] eval 3.80983e-3 s
[acc] eval 3.848054e-3 s
[acc] eval 3.755322e-3 s
[acc] eval 3.739722e-3 s
[acc] eval 3.371172e-3 s
[acc] eval 3.33285e-3 s
[acc] eval 3.325707e-3 s
[acc] eval 3.404967e-3 s
[acc] eval 3.460744e-3 s
[acc] eval 4.177496e-3 s
[acc] eval 1.7241502e-2 s
[acc] eval 3.317361e-3 s
[acc] eval 3.842674e-3 s
[acc] eval 3.720065e-3 s
[acc] eval 3.786202e-3 s
[acc] eval 4.053474e-3 s
[acc] eval 0.481775693 s
[acc] compile 0.161652716 s
[acc] eval 3.1002522e-2 s
[acc] eval 0.196815391 s
[acc] compile 0.190365382 s
[acc] eval 2.3835339e-2 s
[acc] eval 0.218836311 s
[acc] compile 4.295591e-3 s
[acc] eval 6.305388e-3 s
[acc] eval 3.0173825e-2 s
[acc] compile 0.150812156 s
[acc] eval 3.7013885e-2 s
[acc] eval 0.193473666 s
[acc] eval 2.1374833e-2 s
[acc] eval 2.4897824e-2 s
[acc] compile 6.1588165e-2 s
[acc] eval 1.0281523e-2 s
[acc] eval 7.6006156e-2 s
[acc] compile 5.978678e-3 s
[acc] eval 5.694597e-3 s
[acc] eval 1.4588081e-2 s
[acc] compile 0.519387381 s
[acc] eval 3.8248697e-2 s
[acc] eval 0.56187681 s
[acc] compile 3.193413e-3 s
[acc] eval 3.612725e-3 s
[acc] eval 8.274161e-3 s
[acc] compile 4.2025e-3 s
[acc] eval 4.503873e-3 s
[acc] eval 1.1367822e-2 s
[acc] compile 0.117248696 s
[acc] eval 1.2826884e-2 s
[acc] eval 0.132968806 s
[acc] compile 4.325929e-3 s
[acc] eval 2.0102336e-2 s
[acc] eval 2.6610555e-2 s
[acc] compile 5.8148663e-2 s
[acc] eval 3.761028e-3 s
[acc] eval 6.17335e-4 s
[acc] eval 7.92453e-4 s
[acc] eval 6.4638608e-2 s
[acc] eval 6.645485e-3 s
[acc] eval 9.389605e-3 s
[acc] compile 6.867388e-3 s
[acc] eval 8.933868e-3 s
[acc] eval 1.8611846e-2 s
[acc] compile 0.129587738 s
[acc] eval 3.6210429e-2 s
[acc] eval 0.171417979 s
[acc] eval 2.259149e-3 s
[acc] eval 5.76673e-4 s
[acc] eval 9.49759e-4 s
[acc] eval 4.713554e-3 s
[acc] compile 0.325404045 s
[acc] eval 3.0054586e-2 s
[acc] eval 0.360092291 s
[acc] compile 0.333093093 s
[acc] eval 3.524887e-2 s
[acc] eval 0.372074703 s
[acc] compile 6.7718479e-2 s
[acc] eval 5.438523e-3 s
[acc] eval 1.730642e-3 s
[acc] eval 1.697074e-3 s
[acc] eval 7.8953202e-2 s
[acc] compile 0.276990404 s
[acc] eval 1.5470487e-2 s
[acc] eval 0.299084464 s
[acc] compile 7.4253175e-2 s
[acc] eval 1.9936994e-2 s
[acc] eval 1.81767e-3 s
[acc] eval 1.725219e-3 s
[acc] eval 0.100056791 s
[acc] compile 0.183880197 s
[acc] eval 1.3364357e-2 s
[acc] eval 1.0493806e-2 s
[acc] eval 6.053106e-3 s
[acc] eval 4.942232e-3 s
[acc] eval 2.2064012e-2 s
[acc] eval 4.205481e-3 s
[acc] eval 4.183727e-3 s
[acc] eval 4.497959e-3 s
[acc] eval 4.896347e-3 s
[acc] eval 4.650025e-3 s
[acc] eval 3.977204e-3 s
[acc] eval 3.928781e-3 s
[acc] eval 0.27648131 s
[acc] compile 0.147916631 s
[acc] eval 9.653967e-3 s
[acc] eval 0.160345402 s
[acc] compile 0.113200456 s
[acc] eval 5.2164606e-2 s
[acc] eval 0.169073042 s
[acc] compile 0.123234082 s
[acc] eval 3.1739837e-2 s
[acc] eval 0.161729176 s
[acc] compile 7.4778143e-2 s
[acc] eval 3.3906932e-2 s
[acc] eval 0.127182539 s
[acc] compile 6.516733e-2 s
[acc] eval 9.911354e-3 s
[acc] eval 7.955816e-2 s
[acc] compile 3.35804e-3 s
[acc] eval 6.04302e-3 s
[acc] eval 1.201678e-2 s
[acc] compile 7.3370763e-2 s
[acc] eval 2.989199e-2 s
[acc] eval 0.106990331 s
[acc] compile 6.5051179e-2 s
[acc] eval 2.9131295e-2 s
[acc] eval 9.9287299e-2 s
[acc] compile 0.180700263 s
[acc] eval 2.549453e-2 s
[acc] eval 0.210464316 s
[acc] compile 5.468722e-3 s
[acc] eval 6.787579e-3 s
[acc] eval 1.4738234e-2 s
[acc] eval 6.323977e-3 s
[acc] eval 8.761895e-3 s
[acc] compile 0.149656672 s
[acc] eval 6.643303e-3 s
[acc] eval 0.159372635 s
[acc] compile 9.481219e-3 s
[acc] eval 2.1150854e-2 s
[acc] eval 2.45406e-3 s
[acc] eval 2.262994e-3 s
[acc] eval 2.11614e-3 s
[acc] eval 2.126501e-3 s
[acc] eval 2.098542e-3 s
[acc] eval 2.015744e-3 s
[acc] eval 1.766531e-3 s
[acc] eval 1.671226e-3 s
[acc] eval 1.793564e-3 s
[acc] eval 1.666628e-3 s
[acc] eval 1.751895e-3 s
[acc] eval 1.948352e-3 s
[acc] eval 1.891386e-3 s
[acc] eval 1.989824e-3 s
[acc] eval 1.931307e-3 s
[acc] eval 1.820294e-3 s
[acc] eval 1.876801e-3 s
[acc] eval 2.019756e-3 s
[acc] eval 1.839637e-3 s
[acc] eval 1.965868e-3 s
[acc] eval 2.594759e-3 s
[acc] eval 2.339352e-3 s
[acc] eval 2.313249e-3 s
[acc] eval 1.970511e-3 s
[acc] eval 1.723008e-3 s
[acc] eval 2.004866e-3 s
[acc] eval 1.738762e-3 s
[acc] eval 1.829404e-3 s
[acc] eval 2.41959e-3 s
[acc] eval 9.6097614e-2 s
[acc] compile 5.495711e-3 s
[acc] eval 1.1733406e-2 s
[acc] eval 2.1966406e-2 s
[acc] compile 0.124268233 s
[acc] eval 8.235932e-3 s
[acc] eval 0.135850531 s
[acc] compile 0.173865182 s
[acc] eval 3.6073703e-2 s
[acc] eval 0.211992817 s
[acc] eval 2.32591e-3 s
[acc] eval 5.60446e-4 s
[acc] eval 6.81928e-4 s
[acc] eval 4.331047e-3 s
[acc] eval 4.780068e-3 s
[acc] eval 2.158892e-3 s
[acc] eval 1.977056e-3 s
[acc] eval 2.062879e-3 s
[acc] eval 1.990991e-3 s
[acc] eval 1.938447e-3 s
[acc] eval 2.024211e-3 s
[acc] eval 1.921083e-3 s
[acc] eval 2.018547e-3 s
[acc] eval 1.8259972e-2 s
[acc] eval 1.629103e-3 s
[acc] eval 4.3300109e-2 s
[acc] eval 7.724971e-3 s
[acc] eval 2.238071e-3 s
[acc] eval 1.860519e-3 s
[acc] eval 1.896921e-3 s
[acc] eval 1.635848e-3 s
[acc] eval 1.807604e-3 s
[acc] eval 1.617982e-3 s
[acc] eval 1.734427e-3 s
[acc] eval 1.5644021e-2 s
[acc] eval 1.553852e-3 s
[acc] eval 1.481281e-3 s
[acc] eval 1.525054e-3 s
[acc] eval 1.437375e-3 s
[acc] eval 1.440846e-3 s
[acc] eval 1.384901e-3 s
[acc] eval 1.340277e-3 s
[acc] eval 1.699405e-3 s
[acc] eval 1.713621e-3 s
[acc] eval 1.784159e-3 s
[acc] eval 1.65105e-3 s
[acc] eval 1.546825e-3 s
[acc] eval 1.606247e-3 s
[acc] eval 1.710619e-3 s
[acc] eval 1.584462e-3 s
[acc] eval 1.516334e-3 s
[acc] eval 1.484362e-3 s
[acc] eval 1.881779e-3 s
[acc] eval 2.0936e-3 s
[acc] eval 2.103948e-3 s
[acc] eval 2.062902e-3 s
[acc] eval 7.5146756e-2 s
[acc] eval 1.320497e-2 s
[acc] eval 2.040701e-3 s
[acc] eval 2.109194e-3 s
[acc] eval 1.969927e-3 s
[acc] eval 2.103406e-3 s
[acc] eval 1.948523e-3 s
[acc] eval 1.6336352e-2 s
[acc] eval 2.018396e-3 s
[acc] eval 1.940738e-3 s
[acc] eval 1.909682e-3 s
[acc] eval 2.204221e-3 s
[acc] eval 2.339039e-3 s
[acc] eval 2.390395e-3 s
[acc] eval 1.869129e-3 s
[acc] eval 1.791044e-3 s
[acc] eval 1.625094e-3 s
[acc] eval 1.617539e-3 s
[acc] eval 1.608876e-3 s
[acc] eval 1.691034e-3 s
[acc] eval 2.971758e-3 s
[acc] eval 1.542933e-3 s
[acc] eval 1.657889e-3 s
[acc] eval 2.077273e-3 s
[acc] eval 2.246679e-3 s
[acc] eval 1.608827e-3 s
[acc] eval 1.68873e-3 s
[acc] eval 2.124227e-3 s
[acc] eval 2.082919e-3 s
[acc] eval 2.108425e-3 s
[acc] eval 2.181542e-3 s
[acc] eval 8.9547252e-2 s
[acc] eval 1.3046593e-2 s
[acc] eval 2.594848e-3 s
[acc] eval 2.380786e-3 s
[acc] eval 2.240723e-3 s
[acc] eval 2.246086e-3 s
[acc] eval 2.262507e-3 s
[acc] eval 1.4098897e-2 s
[acc] eval 3.01586e-3 s
[acc] eval 2.636325e-3 s
[acc] eval 2.473854e-3 s
[acc] eval 2.339486e-3 s
[acc] eval 2.46776e-3 s
[acc] eval 2.825e-3 s
[acc] eval 2.699225e-3 s
[acc] eval 1.86335e-3 s
[acc] eval 2.465823e-3 s
[acc] eval 2.815423e-3 s
[acc] eval 2.628106e-3 s
[acc] eval 2.529159e-3 s
[acc] eval 2.55066e-3 s
[acc] eval 2.273257e-3 s
[acc] eval 2.891803e-3 s
[acc] eval 2.073899e-3 s
[acc] eval 2.082156e-3 s
[acc] eval 2.036125e-3 s
[acc] eval 1.875186e-3 s
[acc] eval 2.038217e-3 s
[acc] eval 1.831716e-3 s
[acc] eval 1.884399e-3 s
[acc] eval 1.988445e-3 s
[acc] eval 2.061583e-3 s
[acc] eval 1.890867e-3 s
[acc] eval 0.103353247 s
