[acc] compile 1.3629743e-2 s
[acc] eval 2.043766534 s
[acc] compile 3.92923e-4 s
[acc] eval 7.4891412e-2 s
[acc] compile 3.88146e-4 s
[acc] eval 6.7545069e-2 s
[acc] compile 3.59113e-4 s
[acc] eval 0.162499088 s
[acc] compile 5.70626e-4 s
[acc] eval 0.156660234 s
[acc] compile 5.45836e-4 s
[acc] eval 0.168595161 s
[acc] compile 5.00789e-4 s
[acc] eval 0.154986263 s
[acc] compile 5.24238e-4 s
[acc] eval 0.14105172 s
[acc] compile 3.36064e-4 s
[acc] eval 6.8964672e-2 s
[acc] compile 0.368586236 s
[acc] eval 6.3667181e-2 s
[acc] eval 0.43654482 s
[acc] compile 0.334744683 s
[acc] eval 1.8596368e-2 s
[acc] eval 0.357943918 s
[acc] compile 0.112989039 s
[acc] eval 5.785252e-3 s
[acc] eval 3.435828e-3 s
[acc] eval 3.434192e-3 s
[acc] eval 3.434861e-3 s
[acc] eval 3.124603e-3 s
[acc] eval 3.032889e-3 s
[acc] eval 0.148542895 s
[acc] compile 0.133023722 s
[acc] eval 1.759197e-2 s
[acc] eval 0.158946509 s
[acc] compile 0.148936831 s
[acc] eval 1.4687292e-2 s
[acc] eval 2.346815e-3 s
[acc] eval 2.248427e-3 s
[acc] eval 1.948955e-3 s
[acc] eval 1.44015e-3 s
[acc] eval 1.82709e-3 s
[acc] eval 1.800178e-3 s
[acc] eval 4.837882e-3 s
[acc] eval 1.988117e-3 s
[acc] eval 1.933808e-3 s
[acc] eval 1.807874e-3 s
[acc] eval 1.774124e-3 s
[acc] eval 1.874437e-3 s
[acc] eval 1.904602e-3 s
[acc] eval 1.942302e-3 s
[acc] eval 1.856757e-3 s
[acc] eval 1.932303e-3 s
[acc] eval 2.249431e-3 s
[acc] eval 1.839531e-3 s
[acc] eval 1.882042e-3 s
[acc] eval 0.207673706 s
[acc] compile 0.319908704 s
[acc] eval 2.9385964e-2 s
[acc] eval 0.354665495 s
[acc] compile 0.239207467 s
[acc] eval 2.2749291e-2 s
[acc] eval 0.267071289 s
[acc] compile 6.970097e-2 s
[acc] eval 8.266352e-3 s
[acc] eval 4.048033e-3 s
[acc] eval 4.067026e-3 s
[acc] eval 9.150875e-2 s
[acc] compile 6.119813e-2 s
[acc] eval 1.7283303e-2 s
[acc] eval 8.293059e-2 s
[acc] compile 5.815673e-3 s
[acc] eval 5.852347e-3 s
[acc] eval 1.4447017e-2 s
[acc] compile 4.192464e-3 s
[acc] eval 7.018636e-3 s
[acc] eval 1.167438e-3 s
[acc] eval 8.93261e-4 s
[acc] eval 1.4846664e-2 s
[acc] compile 6.0697631e-2 s
[acc] eval 7.066757e-3 s
[acc] eval 7.1051408e-2 s
[acc] compile 5.582168e-3 s
[acc] eval 6.506793e-3 s
[acc] eval 2.1026764e-2 s
[acc] compile 7.504067e-3 s
[acc] eval 7.539176e-3 s
[acc] eval 1.8386831e-2 s
[acc] compile 0.109263807 s
[acc] eval 1.9505889e-2 s
[acc] eval 0.131184744 s
[acc] compile 3.29452e-3 s
[acc] eval 3.551579e-3 s
[acc] eval 5.91344e-4 s
[acc] eval 7.59675e-4 s
[acc] eval 9.129577e-3 s
[acc] compile 0.148393107 s
[acc] eval 1.9847493e-2 s
[acc] eval 0.171268209 s
[acc] compile 9.7887444e-2 s
[acc] eval 1.3521003e-2 s
[acc] eval 2.319032e-3 s
[acc] eval 2.200116e-3 s
[acc] eval 2.384221e-3 s
[acc] eval 2.47531e-3 s
[acc] eval 1.909005e-3 s
[acc] eval 2.148836e-3 s
[acc] eval 2.047864e-3 s
[acc] eval 2.20561e-3 s
[acc] eval 2.079397e-3 s
[acc] eval 1.984721e-3 s
[acc] eval 1.950296e-3 s
[acc] eval 1.833501e-3 s
[acc] eval 1.883109e-3 s
[acc] eval 1.866372e-3 s
[acc] eval 1.904582e-3 s
[acc] eval 2.107082e-3 s
[acc] eval 2.610022e-3 s
[acc] eval 2.375246e-3 s
[acc] eval 2.466929e-3 s
[acc] eval 2.431406e-3 s
[acc] eval 2.363003e-3 s
[acc] eval 2.461895e-3 s
[acc] eval 2.624539e-3 s
[acc] eval 2.230565e-3 s
[acc] eval 2.223208e-3 s
[acc] eval 2.467556e-3 s
[acc] eval 2.622427e-3 s
[acc] eval 2.401967e-3 s
[acc] eval 2.039221e-3 s
[acc] eval 2.017916e-3 s
[acc] eval 0.184475956 s
[acc] compile 4.399382e-3 s
[acc] eval 3.05303e-3 s
[acc] eval 6.68085e-4 s
[acc] eval 7.64198e-4 s
[acc] eval 1.0002731e-2 s
[acc] compile 0.234859158 s
[acc] eval 1.9732848e-2 s
[acc] eval 0.259347304 s
[acc] compile 0.187611976 s
[acc] eval 3.0633539e-2 s
[acc] eval 0.221404584 s
[acc] compile 0.137831203 s
[acc] eval 9.193112e-3 s
[acc] eval 0.150085235 s
[acc] compile 6.9952024e-2 s
[acc] eval 1.2783507e-2 s
[acc] eval 3.893268e-3 s
[acc] eval 4.105988e-3 s
[acc] eval 4.086337e-3 s
[acc] eval 4.734151e-3 s
[acc] eval 4.601151e-3 s
[acc] eval 1.1658913e-2 s
[acc] eval 3.116052e-3 s
[acc] eval 3.160193e-3 s
[acc] eval 4.016646e-3 s
[acc] eval 4.932854e-3 s
[acc] eval 3.69433e-3 s
[acc] eval 4.142327e-3 s
[acc] eval 3.394354e-3 s
[acc] eval 2.752294e-3 s
[acc] eval 2.734761e-3 s
[acc] eval 3.192247e-3 s
[acc] eval 3.016103e-3 s
[acc] eval 2.915911e-3 s
[acc] eval 2.758142e-3 s
[acc] eval 2.740364e-3 s
[acc] eval 3.507441e-3 s
[acc] eval 2.570187e-3 s
[acc] eval 2.763461e-3 s
[acc] eval 2.054566e-3 s
[acc] eval 0.178216407 s
[acc] compile 0.45920725 s
[acc] eval 2.4883458e-2 s
[acc] eval 0.498296118 s
[acc] compile 0.192736766 s
[acc] eval 2.3736505e-2 s
[acc] eval 0.218590379 s
[acc] compile 0.162766739 s
[acc] eval 2.9583729e-2 s
[acc] eval 3.841263e-3 s
[acc] eval 3.846307e-3 s
[acc] eval 5.14969e-3 s
[acc] eval 5.330926e-3 s
[acc] eval 0.223759861 s
[acc] compile 2.919836e-3 s
[acc] eval 6.326828e-3 s
[acc] eval 7.82195e-4 s
[acc] eval 1.364257e-3 s
[acc] eval 1.2785484e-2 s
[acc] compile 0.44660693 s
[acc] eval 3.0266869e-2 s
[acc] eval 4.242821e-3 s
[acc] eval 4.462336e-3 s
[acc] eval 4.64693e-3 s
[acc] eval 5.174615e-3 s
[acc] eval 5.786576e-3 s
[acc] eval 5.615858e-3 s
[acc] eval 5.494204e-3 s
[acc] eval 4.578403e-3 s
[acc] eval 3.941828e-3 s
[acc] eval 4.517665e-3 s
[acc] eval 5.626608e-3 s
[acc] eval 4.014401e-3 s
[acc] eval 4.024628e-3 s
[acc] eval 5.718482e-3 s
[acc] eval 1.1272515e-2 s
[acc] eval 5.721084e-3 s
[acc] eval 5.552827e-3 s
[acc] eval 5.193282e-3 s
[acc] eval 5.599837e-3 s
[acc] eval 5.802923e-3 s
[acc] eval 5.826877e-3 s
[acc] eval 4.959326e-3 s
[acc] eval 5.742377e-3 s
[acc] eval 9.107876e-3 s
[acc] eval 4.829515e-3 s
[acc] eval 5.061509e-3 s
[acc] eval 4.793803e-3 s
[acc] eval 4.223576e-3 s
[acc] eval 5.584228e-3 s
[acc] eval 0.642487219 s
[acc] compile 2.969236e-3 s
[acc] eval 9.784675e-3 s
[acc] eval 8.85711e-4 s
[acc] eval 6.73632e-4 s
[acc] eval 8.79179e-4 s
[acc] eval 6.45535e-4 s
[acc] eval 1.7219082e-2 s
[acc] compile 0.339955616 s
[acc] eval 2.6513413e-2 s
[acc] eval 0.380429847 s
[acc] compile 7.8928239e-2 s
[acc] eval 2.0179471e-2 s
[acc] eval 1.4225586e-2 s
[acc] eval 4.597596e-3 s
[acc] eval 3.956656e-3 s
[acc] eval 4.013703e-3 s
[acc] eval 3.833836e-3 s
[acc] eval 3.696759e-3 s
[acc] eval 3.892332e-3 s
[acc] eval 4.667339e-3 s
[acc] eval 4.05493e-3 s
[acc] eval 3.750926e-3 s
[acc] eval 3.081019e-3 s
[acc] eval 2.722579e-3 s
[acc] eval 2.62283e-3 s
[acc] eval 2.637067e-3 s
[acc] eval 3.238587e-3 s
[acc] eval 3.510094e-3 s
[acc] eval 2.523284e-3 s
[acc] eval 2.605813e-3 s
[acc] eval 2.682791e-3 s
[acc] eval 2.730978e-3 s
[acc] eval 3.33618e-3 s
[acc] eval 2.712808e-3 s
[acc] eval 2.641214e-3 s
[acc] eval 2.576023e-3 s
[acc] eval 2.541262e-3 s
[acc] eval 2.960897e-3 s
[acc] eval 2.9498e-3 s
[acc] eval 2.576578e-3 s
[acc] eval 2.463221e-3 s
[acc] eval 0.209648525 s
[acc] compile 0.430649217 s
[acc] eval 3.5533178e-2 s
[acc] eval 0.471508415 s
[acc] compile 0.229724037 s
[acc] eval 2.8522917e-2 s
[acc] eval 0.262723884 s
[acc] compile 0.519001487 s
[acc] eval 3.7566715e-2 s
[acc] eval 0.562548967 s
[acc] compile 6.96618e-4 s
[acc] eval 6.636156e-3 s
[acc] compile 0.191418108 s
[acc] eval 1.0858596e-2 s
[acc] eval 5.397173e-3 s
[acc] eval 4.728564e-3 s
[acc] eval 1.3849823e-2 s
[acc] eval 3.627818e-3 s
[acc] eval 3.849864e-3 s
[acc] eval 4.216704e-3 s
[acc] eval 4.030203e-3 s
[acc] eval 3.707698e-3 s
[acc] eval 3.476023e-3 s
[acc] eval 3.990427e-3 s
[acc] eval 3.542948e-3 s
[acc] eval 0.261754302 s
[acc] compile 0.191682194 s
[acc] eval 9.296825e-3 s
[acc] eval 0.204123533 s
[acc] compile 3.244231e-3 s
[acc] eval 4.459925e-3 s
[acc] eval 9.50278e-4 s
[acc] eval 9.07078e-4 s
[acc] eval 1.1168736e-2 s
[acc] compile 0.128399443 s
[acc] eval 5.379363e-3 s
[acc] eval 2.08034e-3 s
[acc] eval 2.193849e-3 s
[acc] eval 2.606426e-3 s
[acc] eval 3.186923e-3 s
[acc] eval 2.005146e-3 s
[acc] eval 2.71185e-3 s
[acc] eval 2.498468e-3 s
[acc] eval 2.314468e-3 s
[acc] eval 2.052513e-3 s
[acc] eval 1.2319278e-2 s
[acc] eval 1.366806e-3 s
[acc] eval 1.610906e-3 s
[acc] eval 1.452891e-3 s
[acc] eval 1.490609e-3 s
[acc] eval 1.291512e-3 s
[acc] eval 1.35283e-3 s
[acc] eval 1.338863e-3 s
[acc] eval 1.317342e-3 s
[acc] eval 1.199058e-3 s
[acc] eval 0.183551895 s
[acc] compile 3.323348e-3 s
[acc] eval 7.0066e-3 s
[acc] eval 6.43017e-4 s
[acc] eval 1.348637e-3 s
[acc] eval 1.4039673e-2 s
[acc] compile 0.233545573 s
[acc] eval 3.1967852e-2 s
[acc] eval 0.270082818 s
[acc] compile 0.463239082 s
[acc] eval 2.7070944e-2 s
[acc] eval 0.504059866 s
[acc] compile 0.122361838 s
[acc] eval 2.9334187e-2 s
[acc] eval 0.155844782 s
[acc] compile 5.0571065e-2 s
[acc] eval 1.099204e-2 s
[acc] eval 2.1677936e-2 s
[acc] eval 8.6105005e-2 s
[acc] compile 4.3747935e-2 s
[acc] eval 1.1175258e-2 s
[acc] eval 1.201993e-3 s
[acc] eval 9.77631e-4 s
[acc] eval 1.15083e-3 s
[acc] eval 9.2354e-4 s
[acc] eval 1.11132e-3 s
[acc] eval 1.119835e-3 s
[acc] eval 1.351682e-3 s
[acc] eval 1.26007e-3 s
[acc] eval 1.378126e-3 s
[acc] eval 1.19986e-3 s
[acc] eval 1.158159e-3 s
[acc] eval 9.02739e-4 s
[acc] eval 7.0928563e-2 s
[acc] compile 5.8147044e-2 s
[acc] eval 2.2721329e-2 s
[acc] eval 8.3325471e-2 s
[acc] compile 0.134089333 s
[acc] eval 8.371432e-3 s
[acc] eval 2.605035e-3 s
[acc] eval 2.761766e-3 s
[acc] eval 2.620313e-3 s
[acc] eval 0.153215592 s
[acc] compile 5.712969e-3 s
[acc] eval 8.25179e-3 s
[acc] eval 3.14664e-3 s
[acc] eval 2.941577e-3 s
[acc] eval 2.688724e-3 s
[acc] eval 2.291965e-3 s
[acc] eval 8.356174e-3 s
[acc] eval 1.91163e-3 s
[acc] eval 1.915403e-3 s
[acc] eval 1.882455e-3 s
[acc] eval 1.740669e-3 s
[acc] eval 1.358223e-3 s
[acc] eval 1.347098e-3 s
[acc] eval 1.364003e-3 s
[acc] eval 1.321551e-3 s
[acc] eval 1.352687e-3 s
[acc] eval 1.294641e-3 s
[acc] eval 1.30668e-3 s
[acc] eval 1.308883e-3 s
[acc] eval 1.392444e-3 s
[acc] eval 1.378204e-3 s
[acc] eval 1.309821e-3 s
[acc] eval 1.373323e-3 s
[acc] eval 1.382696e-3 s
[acc] eval 1.342691e-3 s
[acc] eval 1.359154e-3 s
[acc] eval 1.262461e-3 s
[acc] eval 1.266606e-3 s
[acc] eval 1.279142e-3 s
[acc] eval 1.314845e-3 s
[acc] eval 6.9828088e-2 s
[acc] compile 7.3698269e-2 s
[acc] eval 1.1691094e-2 s
[acc] eval 8.834027e-2 s
[acc] compile 6.7650964e-2 s
[acc] eval 1.8401843e-2 s
[acc] eval 9.0245092e-2 s
[acc] compile 0.297141584 s
[acc] eval 2.8860054e-2 s
[acc] eval 4.529728e-3 s
[acc] eval 1.2453022e-2 s
[acc] eval 3.763414e-3 s
[acc] eval 3.774821e-3 s
[acc] eval 3.881018e-3 s
[acc] eval 4.06673e-3 s
[acc] eval 3.849259e-3 s
[acc] eval 3.421019e-3 s
[acc] eval 3.67715e-3 s
[acc] eval 3.440956e-3 s
[acc] eval 3.010713e-3 s
[acc] eval 3.591674e-3 s
[acc] eval 3.806556e-3 s
[acc] eval 3.612347e-3 s
[acc] eval 3.763861e-3 s
[acc] eval 3.755973e-3 s
[acc] eval 4.096395e-3 s
[acc] eval 3.93376e-3 s
[acc] eval 1.0823889e-2 s
[acc] eval 3.765684e-3 s
[acc] eval 4.934196e-3 s
[acc] eval 3.697707e-3 s
[acc] eval 3.761247e-3 s
[acc] eval 3.32231e-3 s
[acc] eval 3.058039e-3 s
[acc] eval 3.038821e-3 s
[acc] eval 3.024091e-3 s
[acc] eval 3.188725e-3 s
[acc] eval 3.042522e-3 s
[acc] eval 0.45498735 s
[acc] compile 4.295063e-3 s
[acc] eval 1.4757937e-2 s
[acc] eval 1.881332e-3 s
[acc] eval 1.71735e-3 s
[acc] eval 1.843535e-3 s
[acc] eval 1.698449e-3 s
[acc] eval 1.500833e-3 s
[acc] eval 1.419332e-3 s
[acc] eval 1.445764e-3 s
[acc] eval 1.611851e-3 s
[acc] eval 1.535544e-3 s
[acc] eval 1.473645e-3 s
[acc] eval 1.640485e-3 s
[acc] eval 3.9551094e-2 s
[acc] compile 0.506808081 s
[acc] eval 4.536267e-2 s
[acc] eval 0.557063512 s
[acc] compile 5.7630168e-2 s
[acc] eval 2.1170252e-2 s
[acc] eval 8.2822065e-2 s
[acc] compile 6.3809512e-2 s
[acc] eval 2.4038657e-2 s
[acc] eval 2.970488e-3 s
[acc] eval 3.451165e-3 s
[acc] eval 2.938057e-3 s
[acc] eval 2.742995e-3 s
[acc] eval 2.972269e-3 s
[acc] eval 2.875413e-3 s
[acc] eval 2.928113e-3 s
[acc] eval 2.584436e-3 s
[acc] eval 2.549115e-3 s
[acc] eval 3.054974e-3 s
[acc] eval 2.994774e-3 s
[acc] eval 0.12446183 s
[acc] compile 6.651841e-3 s
[acc] eval 7.671572e-3 s
[acc] eval 1.659711e-3 s
[acc] eval 1.612264e-3 s
[acc] eval 1.556785e-3 s
[acc] eval 1.586985e-3 s
[acc] eval 1.633441e-3 s
[acc] eval 1.619811e-3 s
[acc] eval 1.615366e-3 s
[acc] eval 1.649212e-3 s
[acc] eval 1.636075e-3 s
[acc] eval 1.827043e-3 s
[acc] eval 1.767142e-3 s
[acc] eval 3.5103369e-2 s
[acc] compile 5.4737248e-2 s
[acc] eval 6.633443e-3 s
[acc] eval 2.753675e-3 s
[acc] eval 3.61041e-3 s
[acc] eval 1.1571696e-2 s
[acc] eval 1.322455e-3 s
[acc] eval 1.803951e-3 s
[acc] eval 1.80781e-3 s
[acc] eval 1.765225e-3 s
[acc] eval 1.464858e-3 s
[acc] eval 1.639525e-3 s
[acc] eval 1.607538e-3 s
[acc] eval 1.511994e-3 s
[acc] eval 1.57274e-3 s
[acc] eval 1.463661e-3 s
[acc] eval 1.612137e-3 s
[acc] eval 1.630678e-3 s
[acc] eval 1.553144e-3 s
[acc] eval 1.616487e-3 s
[acc] eval 1.519685e-3 s
[acc] eval 1.828975e-3 s
[acc] eval 1.504603e-3 s
[acc] eval 1.720263e-3 s
[acc] eval 1.55498e-3 s
[acc] eval 1.589204e-3 s
[acc] eval 1.434699e-3 s
[acc] eval 0.116416643 s
[acc] compile 3.65953e-3 s
[acc] eval 5.471667e-3 s
[acc] eval 1.0465527e-2 s
[acc] compile 0.397922628 s
[acc] eval 3.1876139e-2 s
[acc] eval 4.170299e-3 s
[acc] eval 4.175783e-3 s
[acc] eval 4.288342e-3 s
[acc] eval 3.862876e-3 s
[acc] eval 3.935918e-3 s
[acc] eval 4.297098e-3 s
[acc] eval 4.659496e-3 s
[acc] eval 1.2965239e-2 s
[acc] eval 4.151089e-3 s
[acc] eval 5.239362e-3 s
[acc] eval 4.115102e-3 s
[acc] eval 9.304762e-3 s
[acc] eval 4.329904e-3 s
[acc] eval 3.975211e-3 s
[acc] eval 3.980931e-3 s
[acc] eval 4.843319e-3 s
[acc] eval 9.922143e-3 s
[acc] eval 4.632898e-3 s
[acc] eval 4.826212e-3 s
[acc] eval 4.580375e-3 s
[acc] eval 9.544739e-3 s
[acc] eval 4.619374e-3 s
[acc] eval 4.570215e-3 s
[acc] eval 4.52683e-3 s
[acc] eval 9.236156e-3 s
[acc] eval 4.652568e-3 s
[acc] eval 4.416312e-3 s
[acc] eval 4.465353e-3 s
[acc] eval 4.807441e-3 s
[acc] eval 0.59923702 s
[acc] compile 0.243783377 s
[acc] eval 3.7987754e-2 s
[acc] eval 0.285366945 s
[acc] compile 4.190717e-3 s
[acc] eval 3.854632e-3 s
[acc] eval 1.01073e-3 s
[acc] eval 8.17423e-4 s
[acc] eval 1.018212e-3 s
[acc] eval 1.2200029e-2 s
[acc] compile 3.000735e-3 s
[acc] eval 4.224189e-3 s
[acc] eval 1.041554e-3 s
[acc] eval 8.33253e-4 s
[acc] eval 1.0471208e-2 s
[acc] compile 0.282328721 s
[acc] eval 3.8724161e-2 s
[acc] eval 0.325342148 s
[acc] compile 0.111929284 s
[acc] eval 7.653375e-3 s
[acc] eval 2.690544e-3 s
[acc] eval 2.506111e-3 s
[acc] eval 2.472939e-3 s
[acc] eval 2.642913e-3 s
[acc] eval 2.573441e-3 s
[acc] eval 5.277905e-3 s
[acc] eval 1.0688917e-2 s
[acc] eval 2.256672e-3 s
[acc] eval 1.725204e-3 s
[acc] eval 1.880169e-3 s
[acc] eval 1.76905e-3 s
[acc] eval 0.159050392 s
[acc] compile 0.220912414 s
[acc] eval 2.6235322e-2 s
[acc] eval 0.250401468 s
[acc] compile 0.12418275 s
[acc] eval 1.7285773e-2 s
[acc] eval 0.144487517 s
[acc] compile 7.75783e-4 s
[acc] eval 6.544408e-3 s
[acc] compile 9.705446e-3 s
[acc] eval 8.872282e-3 s
[acc] eval 2.3357984e-2 s
[acc] compile 7.8066234e-2 s
[acc] eval 9.928198e-3 s
[acc] eval 2.5861886e-2 s
[acc] eval 5.058329e-3 s
[acc] eval 4.269749e-3 s
[acc] eval 3.191758e-3 s
[acc] eval 2.789622e-3 s
[acc] eval 2.471118e-3 s
[acc] eval 2.347691e-3 s
[acc] eval 2.472578e-3 s
[acc] eval 2.396339e-3 s
[acc] eval 2.420927e-3 s
[acc] eval 2.489096e-3 s
[acc] eval 2.567244e-3 s
[acc] eval 2.464034e-3 s
[acc] eval 2.418116e-3 s
[acc] eval 2.213923e-3 s
[acc] eval 2.24261e-3 s
[acc] eval 2.052134e-3 s
[acc] eval 1.994518e-3 s
[acc] eval 2.013282e-3 s
[acc] eval 1.94846e-3 s
[acc] eval 1.939547e-3 s
[acc] eval 1.958619e-3 s
[acc] eval 2.061239e-3 s
[acc] eval 2.129918e-3 s
[acc] eval 2.009747e-3 s
[acc] eval 2.212518e-3 s
[acc] eval 2.043231e-3 s
[acc] eval 1.944262e-3 s
[acc] eval 1.937722e-3 s
[acc] eval 0.1868612 s
[acc] compile 0.109106532 s
[acc] eval 1.4578383e-2 s
[acc] eval 0.13373843 s
[acc] compile 0.129295792 s
[acc] eval 2.04442e-2 s
[acc] eval 3.943144e-3 s
[acc] eval 1.3452415e-2 s
[acc] eval 3.120368e-3 s
[acc] eval 3.179065e-3 s
[acc] eval 3.120004e-3 s
[acc] eval 3.789655e-3 s
[acc] eval 3.565957e-3 s
[acc] eval 3.957858e-3 s
[acc] eval 3.520924e-3 s
[acc] eval 2.956517e-3 s
[acc] eval 2.904724e-3 s
[acc] eval 2.853591e-3 s
[acc] eval 3.386111e-3 s
[acc] eval 3.442264e-3 s
[acc] eval 3.205476e-3 s
[acc] eval 3.112772e-3 s
[acc] eval 3.443953e-3 s
[acc] eval 3.628003e-3 s
[acc] eval 3.841698e-3 s
[acc] eval 3.756415e-3 s
[acc] eval 2.918797e-3 s
[acc] eval 2.803844e-3 s
[acc] eval 3.129845e-3 s
[acc] eval 2.8599e-3 s
[acc] eval 3.061508e-3 s
[acc] eval 2.702852e-3 s
[acc] eval 2.968705e-3 s
[acc] eval 2.916101e-3 s
[acc] eval 3.056986e-3 s
[acc] eval 0.259768096 s
[acc] compile 6.5919869e-2 s
[acc] eval 1.6814863e-2 s
[acc] eval 9.0912993e-2 s
[acc] compile 6.485379e-3 s
[acc] eval 6.126897e-3 s
[acc] eval 1.4706352e-2 s
[acc] compile 4.850872e-3 s
[acc] eval 9.189084e-3 s
[acc] eval 2.2429625e-2 s
[acc] compile 4.25121e-3 s
[acc] eval 5.283527e-3 s
[acc] eval 1.890627e-3 s
[acc] eval 1.769061e-3 s
[acc] eval 1.580259e-3 s
[acc] eval 1.409298e-3 s
[acc] eval 1.076954e-3 s
[acc] eval 1.073656e-3 s
[acc] eval 1.112312e-3 s
[acc] eval 9.92445e-4 s
[acc] eval 1.085491e-3 s
[acc] eval 1.044046e-3 s
[acc] eval 1.060807e-3 s
[acc] eval 2.5883938e-2 s
[acc] compile 0.38617685 s
[acc] eval 2.6815018e-2 s
[acc] eval 0.41718006 s
[acc] compile 7.4912498e-2 s
[acc] eval 5.878985e-3 s
[acc] eval 2.966821e-3 s
[acc] eval 2.608794e-3 s
[acc] eval 2.578904e-3 s
[acc] eval 4.006214e-3 s
[acc] eval 4.709032e-3 s
[acc] eval 4.753241e-3 s
[acc] eval 1.2389415e-2 s
[acc] eval 2.600332e-3 s
[acc] eval 2.782028e-3 s
[acc] eval 2.831768e-3 s
[acc] eval 2.852772e-3 s
[acc] eval 2.696099e-3 s
[acc] eval 2.688429e-3 s
[acc] eval 2.582947e-3 s
[acc] eval 2.793167e-3 s
[acc] eval 2.396714e-3 s
[acc] eval 2.805621e-3 s
[acc] eval 2.5748e-3 s
[acc] eval 2.597772e-3 s
[acc] eval 2.171245e-3 s
[acc] eval 1.950959e-3 s
[acc] eval 2.019004e-3 s
[acc] eval 2.092847e-3 s
[acc] eval 2.016624e-3 s
[acc] eval 1.887442e-3 s
[acc] eval 1.91407e-3 s
[acc] eval 1.943602e-3 s
[acc] eval 1.938757e-3 s
[acc] eval 1.79234e-3 s
[acc] eval 0.171269919 s
[acc] compile 0.21512764 s
[acc] eval 2.2128132e-2 s
[acc] eval 3.094558e-3 s
[acc] eval 1.1423195e-2 s
[acc] eval 2.966617e-3 s
[acc] eval 2.655723e-3 s
[acc] eval 2.585401e-3 s
[acc] eval 0.263424459 s
[acc] compile 0.247892181 s
[acc] eval 2.8862377e-2 s
[acc] eval 2.108983e-3 s
[acc] eval 8.063864e-3 s
[acc] eval 1.748553e-3 s
[acc] eval 1.881475e-3 s
[acc] eval 1.706887e-3 s
[acc] eval 1.580399e-3 s
[acc] eval 1.70046e-3 s
[acc] eval 1.631601e-3 s
[acc] eval 1.551314e-3 s
[acc] eval 2.097557e-3 s
[acc] eval 0.30421306 s
[acc] compile 4.8516698e-2 s
[acc] eval 1.6214326e-2 s
[acc] eval 3.215488e-3 s
[acc] eval 2.595527e-3 s
[acc] eval 2.450803e-3 s
[acc] eval 2.278066e-3 s
[acc] eval 2.122316e-3 s
[acc] eval 7.642783e-3 s
[acc] eval 1.692459e-3 s
[acc] eval 1.696212e-3 s
[acc] eval 9.2384946e-2 s
[acc] compile 0.331881475 s
[acc] eval 2.686344e-2 s
[acc] eval 0.366363321 s
[acc] compile 9.26865e-4 s
[acc] eval 1.4376884e-2 s
[acc] compile 0.114554329 s
[acc] eval 1.1729729e-2 s
[acc] eval 2.548317e-3 s
[acc] eval 2.45179e-3 s
[acc] eval 3.233834e-3 s
[acc] eval 2.565339e-3 s
[acc] eval 2.347431e-3 s
[acc] eval 2.153586e-3 s
[acc] eval 1.0458884e-2 s
[acc] eval 2.485696e-3 s
[acc] eval 1.618782e-3 s
[acc] eval 1.682475e-3 s
[acc] eval 1.50765e-3 s
[acc] eval 1.581664e-3 s
[acc] eval 1.582916e-3 s
[acc] eval 1.60781e-3 s
[acc] eval 1.474268e-3 s
[acc] eval 1.529724e-3 s
[acc] eval 1.527604e-3 s
[acc] eval 1.590209e-3 s
[acc] eval 1.72608e-3 s
[acc] eval 0.176873506 s
[acc] compile 6.790014e-3 s
[acc] eval 8.232178e-3 s
[acc] eval 1.7204027e-2 s
[acc] compile 0.218435349 s
[acc] eval 3.0589339e-2 s
[acc] eval 3.605992e-3 s
[acc] eval 4.022475e-3 s
[acc] eval 4.23895e-3 s
[acc] eval 3.585941e-3 s
[acc] eval 4.229276e-3 s
[acc] eval 3.462855e-3 s
[acc] eval 4.036236e-3 s
[acc] eval 3.521513e-3 s
[acc] eval 4.227162e-3 s
[acc] eval 4.171936e-3 s
[acc] eval 4.372843e-3 s
[acc] eval 4.328892e-3 s
[acc] eval 4.591974e-3 s
[acc] eval 4.714437e-3 s
[acc] eval 4.358639e-3 s
[acc] eval 4.384273e-3 s
[acc] eval 4.196838e-3 s
[acc] eval 4.259973e-3 s
[acc] eval 4.022019e-3 s
[acc] eval 4.444064e-3 s
[acc] eval 4.527949e-3 s
[acc] eval 4.12971e-3 s
[acc] eval 3.913152e-3 s
[acc] eval 3.83754e-3 s
[acc] eval 4.656072e-3 s
[acc] eval 4.397948e-3 s
[acc] eval 4.374676e-3 s
[acc] eval 4.603677e-3 s
[acc] eval 3.989059e-3 s
[acc] eval 3.361347e-3 s
[acc] eval 3.518749e-3 s
[acc] eval 3.71114e-3 s
[acc] eval 4.142641e-3 s
[acc] eval 3.646132e-3 s
[acc] eval 3.358249e-3 s
[acc] eval 3.438894e-3 s
[acc] eval 3.972135e-3 s
[acc] eval 0.407543308 s
[acc] compile 6.967367e-3 s
[acc] eval 5.423425e-3 s
[acc] eval 1.927047e-3 s
[acc] eval 2.6798e-3 s
[acc] eval 4.092911e-3 s
[acc] eval 3.611302e-3 s
[acc] eval 3.711819e-3 s
[acc] eval 3.3840943e-2 s
[acc] compile 7.8303356e-2 s
[acc] eval 2.7151526e-2 s
[acc] eval 2.395713e-3 s
[acc] eval 2.079539e-3 s
[acc] eval 2.015072e-3 s
[acc] eval 1.970221e-3 s
[acc] eval 2.007379e-3 s
[acc] eval 1.943171e-3 s
[acc] eval 2.193621e-3 s
[acc] eval 2.165338e-3 s
[acc] eval 2.204801e-3 s
[acc] eval 1.83421e-3 s
[acc] eval 1.956075e-3 s
[acc] eval 1.860883e-3 s
[acc] eval 1.953638e-3 s
[acc] eval 1.917052e-3 s
[acc] eval 3.206e-3 s
[acc] eval 2.644971e-3 s
[acc] eval 2.322758e-3 s
[acc] eval 2.764627e-3 s
[acc] eval 2.341474e-3 s
[acc] eval 2.252933e-3 s
[acc] eval 2.777939e-3 s
[acc] eval 2.67833e-3 s
[acc] eval 2.492245e-3 s
[acc] eval 2.379774e-3 s
[acc] eval 2.26896e-3 s
[acc] eval 2.964293e-3 s
[acc] eval 2.484291e-3 s
[acc] eval 2.099479e-3 s
[acc] eval 2.779082e-3 s
[acc] eval 3.591734e-3 s
[acc] eval 3.298057e-3 s
[acc] eval 2.496219e-3 s
[acc] eval 2.482922e-3 s
[acc] eval 2.362782e-3 s
[acc] eval 2.49704e-3 s
[acc] eval 2.723679e-3 s
[acc] eval 2.800073e-3 s
[acc] eval 2.920151e-3 s
[acc] eval 2.910054e-3 s
[acc] eval 3.063241e-3 s
[acc] eval 3.534941e-3 s
[acc] eval 0.214037071 s
[acc] compile 3.198298e-3 s
[acc] eval 4.181145e-3 s
[acc] eval 1.022833e-3 s
[acc] eval 7.12994e-4 s
[acc] eval 1.0758398e-2 s
[acc] compile 3.939443e-3 s
[acc] eval 5.560714e-3 s
[acc] eval 1.579829e-3 s
[acc] eval 1.599631e-3 s
[acc] eval 2.002245e-3 s
[acc] eval 1.422699e-3 s
[acc] eval 1.876638e-3 s
[acc] eval 1.520339e-3 s
[acc] eval 1.157342e-3 s
[acc] eval 1.497839e-3 s
[acc] eval 1.19325e-3 s
[acc] eval 1.69039e-3 s
[acc] eval 1.290851e-3 s
[acc] eval 9.97413e-4 s
[acc] eval 1.26569e-3 s
[acc] eval 1.07034e-3 s
[acc] eval 3.2213278e-2 s
[acc] compile 0.163495279 s
[acc] eval 2.0281575e-2 s
[acc] eval 0.19762929 s
[acc] compile 0.204202525 s
[acc] eval 1.5762289e-2 s
[acc] eval 0.225255125 s
[acc] compile 4.656735e-3 s
[acc] eval 9.622612e-3 s
[acc] eval 2.4592346e-2 s
[acc] compile 0.196442946 s
[acc] eval 1.8582233e-2 s
[acc] eval 3.573889e-3 s
[acc] eval 1.293036e-2 s
[acc] eval 2.792221e-3 s
[acc] eval 2.635542e-3 s
[acc] eval 2.430257e-3 s
[acc] eval 2.35196e-3 s
[acc] eval 3.077192e-3 s
[acc] eval 4.218364e-3 s
[acc] eval 3.261105e-3 s
[acc] eval 3.174032e-3 s
[acc] eval 2.993126e-3 s
[acc] eval 2.88765e-3 s
[acc] eval 2.903485e-3 s
[acc] eval 2.354869e-3 s
[acc] eval 2.442699e-3 s
[acc] eval 3.116276e-3 s
[acc] eval 2.681303e-3 s
[acc] eval 2.492585e-3 s
[acc] eval 2.379066e-3 s
[acc] eval 2.378035e-3 s
[acc] eval 2.329425e-3 s
[acc] eval 2.847115e-3 s
[acc] eval 0.292340567 s
[acc] compile 0.121083072 s
[acc] eval 1.6317889e-2 s
[acc] eval 0.14015593 s
[acc] compile 6.8764906e-2 s
[acc] eval 4.370579e-3 s
[acc] eval 8.302007e-3 s
[acc] eval 2.625171e-3 s
[acc] eval 2.134762e-3 s
[acc] eval 1.625326e-3 s
[acc] eval 1.483548e-3 s
[acc] eval 1.612791e-3 s
[acc] eval 1.763044e-3 s
[acc] eval 1.641416e-3 s
[acc] eval 1.599736e-3 s
[acc] eval 2.735029e-3 s
[acc] eval 1.56464e-3 s
[acc] eval 1.548236e-3 s
[acc] eval 1.483352e-3 s
[acc] eval 1.446842e-3 s
[acc] eval 1.589148e-3 s
[acc] eval 1.760669e-3 s
[acc] eval 2.108678e-3 s
[acc] eval 1.801122e-3 s
[acc] eval 2.147807e-3 s
[acc] eval 1.819868e-3 s
[acc] eval 2.682312e-3 s
[acc] eval 1.740319e-3 s
[acc] eval 1.719466e-3 s
[acc] eval 1.735447e-3 s
[acc] eval 1.782093e-3 s
[acc] eval 1.778732e-3 s
[acc] eval 1.726166e-3 s
[acc] eval 0.1326634 s
[acc] eval 2.971203e-3 s
[acc] eval 5.29062e-4 s
[acc] eval 6.23565e-4 s
[acc] eval 4.86328e-3 s
[acc] compile 3.319393e-3 s
[acc] eval 3.765306e-3 s
[acc] eval 8.87099e-4 s
[acc] eval 6.52738e-4 s
[acc] eval 8.47528e-4 s
[acc] eval 1.0607705e-2 s
[acc] compile 2.9489e-3 s
[acc] eval 3.290277e-3 s
[acc] eval 8.83574e-4 s
[acc] eval 6.61966e-4 s
[acc] eval 9.000671e-3 s
[acc] compile 3.453348e-3 s
[acc] eval 5.845983e-3 s
[acc] eval 1.093343e-2 s
[acc] compile 4.253282e-3 s
[acc] eval 1.5804024e-2 s
[acc] eval 8.48519e-4 s
[acc] eval 6.95325e-4 s
[acc] eval 2.2848699e-2 s
[acc] compile 0.123647897 s
[acc] eval 1.7097919e-2 s
[acc] eval 0.160811811 s
[acc] compile 4.715016e-3 s
[acc] eval 4.507226e-3 s
[acc] eval 1.92557e-3 s
[acc] eval 2.241538e-3 s
[acc] eval 1.548573e-3 s
[acc] eval 1.385497e-3 s
[acc] eval 1.402651e-3 s
[acc] eval 1.299454e-3 s
[acc] eval 1.141152e-3 s
[acc] eval 1.138741e-3 s
[acc] eval 1.109399e-3 s
[acc] eval 1.045306e-3 s
[acc] eval 1.36663e-3 s
[acc] eval 1.231344e-3 s
[acc] eval 1.08868e-3 s
[acc] eval 1.278761e-3 s
[acc] eval 1.377818e-3 s
[acc] eval 1.344803e-3 s
[acc] eval 1.097569e-3 s
[acc] eval 8.976338e-3 s
[acc] eval 1.289988e-3 s
[acc] eval 4.5281457e-2 s
[acc] compile 7.9932824e-2 s
[acc] eval 2.2908301e-2 s
[acc] eval 0.107016594 s
[acc] compile 0.210856366 s
[acc] eval 2.5624421e-2 s
[acc] eval 1.2835347e-2 s
[acc] eval 3.173306e-3 s
[acc] eval 2.632662e-3 s
[acc] eval 2.641818e-3 s
[acc] eval 2.64264e-3 s
[acc] eval 2.736823e-3 s
[acc] eval 2.847286e-3 s
[acc] eval 2.697149e-3 s
[acc] eval 2.608391e-3 s
[acc] eval 2.594295e-3 s
[acc] eval 2.475618e-3 s
[acc] eval 2.533236e-3 s
[acc] eval 2.548165e-3 s
[acc] eval 2.584838e-3 s
[acc] eval 2.540793e-3 s
[acc] eval 2.551096e-3 s
[acc] eval 2.999512e-3 s
[acc] eval 2.568907e-3 s
[acc] eval 2.561774e-3 s
[acc] eval 2.426336e-3 s
[acc] eval 2.64186e-3 s
[acc] eval 2.622428e-3 s
[acc] eval 2.809448e-3 s
[acc] eval 2.607643e-3 s
[acc] eval 2.899072e-3 s
[acc] eval 2.923051e-3 s
[acc] eval 2.712843e-3 s
[acc] eval 2.891061e-3 s
[acc] eval 2.742024e-3 s
[acc] eval 0.330083141 s
[acc] compile 3.14799e-3 s
[acc] eval 4.418649e-3 s
[acc] eval 5.88878e-4 s
[acc] eval 8.44522e-4 s
[acc] eval 9.901922e-3 s
[acc] compile 4.644099e-3 s
[acc] eval 5.610579e-3 s
[acc] eval 7.285041e-3 s
[acc] eval 1.125347e-3 s
[acc] eval 1.160464e-3 s
[acc] eval 1.081976e-3 s
[acc] eval 1.215487e-3 s
[acc] eval 1.307077e-3 s
[acc] eval 1.306747e-3 s
[acc] eval 1.317052e-3 s
[acc] eval 8.926e-4 s
[acc] eval 1.120514e-3 s
[acc] eval 1.079731e-3 s
[acc] eval 8.75502e-4 s
[acc] eval 8.85958e-4 s
[acc] eval 8.99617e-4 s
[acc] eval 8.60301e-4 s
[acc] eval 3.4887199e-2 s
[acc] compile 4.086783e-3 s
[acc] eval 1.3622097e-2 s
[acc] eval 1.9307893e-2 s
[acc] compile 5.592014e-3 s
[acc] eval 1.1722171e-2 s
[acc] eval 2.991174e-3 s
[acc] eval 2.348051e-3 s
[acc] eval 8.465833e-3 s
[acc] eval 2.021045e-3 s
[acc] eval 1.901895e-3 s
[acc] eval 1.637776e-3 s
[acc] eval 1.622959e-3 s
[acc] eval 1.7841e-3 s
[acc] eval 1.548599e-3 s
[acc] eval 1.751415e-3 s
[acc] eval 1.720856e-3 s
[acc] eval 1.56038e-3 s
[acc] eval 1.912948e-3 s
[acc] eval 1.570392e-3 s
[acc] eval 1.478908e-3 s
[acc] eval 5.4966336e-2 s
[acc] compile 4.129528e-3 s
[acc] eval 3.789007e-3 s
[acc] eval 5.62779e-4 s
[acc] eval 7.17481e-4 s
[acc] eval 1.0028347e-2 s
[acc] compile 6.2777239e-2 s
[acc] eval 1.0523802e-2 s
[acc] eval 1.425475e-3 s
[acc] eval 1.502957e-3 s
[acc] eval 1.261553e-3 s
[acc] eval 1.907427e-3 s
[acc] eval 1.0345739e-2 s
[acc] eval 1.147742e-3 s
[acc] eval 1.272087e-3 s
[acc] eval 1.04552e-3 s
[acc] eval 1.089021e-3 s
[acc] eval 1.254566e-3 s
[acc] eval 1.638782e-3 s
[acc] eval 1.829536e-3 s
[acc] eval 1.413657e-3 s
[acc] eval 1.22117e-3 s
[acc] eval 1.015972e-3 s
[acc] eval 9.99053e-4 s
[acc] eval 8.63703e-4 s
[acc] eval 1.052483e-3 s
[acc] eval 9.67128e-4 s
[acc] eval 1.022348e-3 s
[acc] eval 9.83585e-4 s
[acc] eval 9.23721e-4 s
[acc] eval 1.517844e-3 s
[acc] eval 1.546644e-3 s
[acc] eval 1.505917e-3 s
[acc] eval 1.681211e-3 s
[acc] eval 1.611573e-3 s
[acc] eval 9.80696e-4 s
[acc] eval 1.232687e-3 s
[acc] eval 0.123097168 s
[acc] compile 2.949423e-3 s
[acc] eval 4.142753e-3 s
[acc] eval 1.373832e-3 s
[acc] eval 1.212449e-3 s
[acc] eval 1.100409e-3 s
[acc] eval 9.61967e-4 s
[acc] eval 1.064479e-3 s
[acc] eval 1.043033e-3 s
[acc] eval 1.001812e-3 s
[acc] eval 9.01013e-4 s
[acc] eval 1.050672e-3 s
[acc] eval 1.037275e-3 s
[acc] eval 1.066762e-3 s
[acc] eval 1.261726e-3 s
[acc] eval 1.156367e-3 s
[acc] eval 1.359477e-3 s
[acc] eval 1.209753e-3 s
[acc] eval 1.117204e-3 s
[acc] eval 1.601087e-3 s
[acc] eval 1.76735e-3 s
[acc] eval 8.741894e-3 s
[acc] eval 1.044322e-3 s
[acc] eval 1.070612e-3 s
[acc] eval 1.032875e-3 s
[acc] eval 1.006041e-3 s
[acc] eval 4.4047719e-2 s
[acc] compile 3.008584e-3 s
[acc] eval 8.006715e-3 s
[acc] eval 1.2378329e-2 s
[acc] compile 0.187570596 s
[acc] eval 2.7132129e-2 s
[acc] eval 0.217823412 s
[acc] compile 4.331168e-3 s
[acc] eval 4.542448e-3 s
[acc] eval 1.650396e-3 s
[acc] eval 1.832692e-3 s
[acc] eval 1.821955e-3 s
[acc] eval 1.649846e-3 s
[acc] eval 1.854824e-3 s
[acc] eval 1.723988e-3 s
[acc] eval 1.800637e-3 s
[acc] eval 1.608779e-3 s
[acc] eval 1.1296284e-2 s
[acc] eval 1.295628e-3 s
[acc] eval 1.340663e-3 s
[acc] eval 1.394615e-3 s
[acc] eval 1.266745e-3 s
[acc] eval 1.452731e-3 s
[acc] eval 4.3362397e-2 s
[acc] compile 3.290526e-3 s
[acc] eval 1.1441783e-2 s
[acc] eval 9.52122e-4 s
[acc] eval 7.02634e-4 s
[acc] eval 8.18995e-4 s
[acc] eval 1.8382406e-2 s
[acc] compile 3.114956e-3 s
[acc] eval 8.553973e-3 s
[acc] eval 1.272665e-2 s
[acc] compile 6.739755e-3 s
[acc] eval 2.3099758e-2 s
[acc] eval 1.905518e-3 s
[acc] eval 1.703481e-3 s
[acc] eval 1.762071e-3 s
[acc] eval 1.710882e-3 s
[acc] eval 1.794548e-3 s
[acc] eval 2.487646e-3 s
[acc] eval 2.783635e-3 s
[acc] eval 2.624463e-3 s
[acc] eval 2.086994e-3 s
[acc] eval 2.06738e-3 s
[acc] eval 2.158142e-3 s
[acc] eval 2.184852e-3 s
[acc] eval 2.225808e-3 s
[acc] eval 2.715999e-3 s
[acc] eval 2.03061e-3 s
[acc] eval 2.271359e-3 s
[acc] eval 2.235386e-3 s
[acc] eval 2.330332e-3 s
[acc] eval 2.348169e-3 s
[acc] eval 2.246224e-3 s
[acc] eval 2.129354e-3 s
[acc] eval 1.766721e-3 s
[acc] eval 1.631698e-3 s
[acc] eval 1.539456e-3 s
[acc] eval 1.747432e-3 s
[acc] eval 1.643912e-3 s
[acc] eval 1.655451e-3 s
[acc] eval 1.626121e-3 s
[acc] eval 1.822257e-3 s
[acc] eval 9.323078e-2 s
[acc] compile 4.243525e-3 s
[acc] eval 6.479313e-3 s
[acc] eval 1.2105462e-2 s
[acc] compile 0.253825958 s
[acc] eval 2.3289608e-2 s
[acc] eval 0.284059394 s
[acc] compile 5.696814e-3 s
[acc] eval 8.643485e-3 s
[acc] eval 1.253481e-3 s
[acc] eval 2.0344582e-2 s
[acc] eval 3.79396e-2 s
[acc] compile 1.10369e-3 s
[acc] eval 1.1537526e-2 s
[acc] compile 6.383401e-3 s
[acc] eval 1.4481964e-2 s
[acc] eval 1.996651e-3 s
[acc] eval 1.56456e-3 s
[acc] eval 1.350041e-3 s
[acc] eval 1.051241e-3 s
[acc] eval 1.369935e-3 s
[acc] eval 1.327774e-3 s
[acc] eval 1.448956e-3 s
[acc] eval 1.118443e-3 s
[acc] eval 3.4285369e-2 s
[acc] compile 5.249185e-3 s
[acc] eval 2.5697579e-2 s
[acc] eval 3.272207e-2 s
[acc] compile 0.190760661 s
[acc] eval 1.5770157e-2 s
[acc] eval 0.209602322 s
[acc] compile 9.688838e-3 s
[acc] eval 2.8033897e-2 s
[acc] eval 4.1596206e-2 s
[acc] compile 0.236841308 s
[acc] eval 1.4721173e-2 s
[acc] eval 0.257241339 s
[acc] compile 6.204146e-3 s
[acc] eval 8.046683e-3 s
[acc] eval 2.617903e-3 s
[acc] eval 2.73545e-3 s
[acc] eval 2.534068e-3 s
[acc] eval 1.3122511e-2 s
[acc] eval 1.237501e-3 s
[acc] eval 1.06942e-3 s
[acc] eval 1.062265e-3 s
[acc] eval 1.195696e-3 s
[acc] eval 1.004414e-3 s
[acc] eval 9.60693e-4 s
[acc] eval 9.53377e-4 s
[acc] eval 9.79724e-4 s
[acc] eval 1.115233e-3 s
[acc] eval 1.098489e-3 s
[acc] eval 1.09515e-3 s
[acc] eval 1.105503e-3 s
[acc] eval 9.73619e-4 s
[acc] eval 9.69988e-4 s
[acc] eval 9.26932e-4 s
[acc] eval 9.51736e-4 s
[acc] eval 9.61518e-4 s
[acc] eval 1.048248e-3 s
[acc] eval 9.30761e-4 s
[acc] eval 9.49911e-4 s
[acc] eval 1.078738e-3 s
[acc] eval 1.054707e-3 s
[acc] eval 1.350897e-3 s
[acc] eval 1.739415e-3 s
[acc] eval 1.502953e-3 s
[acc] eval 6.5983035e-2 s
[acc] compile 2.744817e-3 s
[acc] eval 4.713391e-3 s
[acc] eval 9.20209e-4 s
[acc] eval 9.90055e-4 s
[acc] eval 1.058225e-3 s
[acc] eval 1.1971551e-2 s
[acc] compile 0.154155218 s
[acc] eval 1.7028481e-2 s
[acc] eval 0.176237092 s
[acc] compile 7.8995798e-2 s
[acc] eval 9.074382e-3 s
[acc] eval 9.1386594e-2 s
[acc] compile 0.134163712 s
[acc] eval 1.5304123e-2 s
[acc] eval 0.152632294 s
[acc] compile 7.091646e-3 s
[acc] eval 3.8862132e-2 s
[acc] eval 4.9247964e-2 s
[acc] compile 6.431502e-3 s
[acc] eval 1.1224796e-2 s
[acc] eval 4.798289e-3 s
[acc] eval 5.26181e-3 s
[acc] eval 5.0462e-3 s
[acc] eval 4.479742e-3 s
[acc] eval 4.146516e-3 s
[acc] eval 4.441837e-3 s
[acc] eval 1.2023701e-2 s
[acc] eval 1.879398e-3 s
[acc] eval 1.574979e-3 s
[acc] eval 1.831923e-3 s
[acc] eval 6.6495667e-2 s
[acc] eval 2.244588e-3 s
[acc] eval 4.38214e-4 s
[acc] eval 7.20432e-4 s
[acc] eval 4.237871e-3 s
[acc] compile 3.279135e-3 s
[acc] eval 9.507543e-3 s
[acc] eval 9.43859e-4 s
[acc] eval 7.39523e-4 s
[acc] eval 9.86664e-4 s
[acc] eval 8.88771e-4 s
[acc] eval 1.339672e-3 s
[acc] eval 1.321019e-3 s
[acc] eval 9.40383e-4 s
[acc] eval 1.313676e-3 s
[acc] eval 8.0523e-4 s
[acc] eval 1.034828e-3 s
[acc] eval 9.34245e-4 s
[acc] eval 2.5645717e-2 s
[acc] compile 4.395308e-3 s
[acc] eval 1.3310686e-2 s
[acc] eval 2.0106381e-2 s
[acc] compile 3.369586e-3 s
[acc] eval 4.777428e-3 s
[acc] eval 9.943224e-3 s
[acc] compile 0.290136024 s
[acc] eval 3.9440079e-2 s
[acc] eval 0.335345598 s
[acc] compile 0.110832401 s
[acc] eval 7.701813e-3 s
[acc] eval 3.168636e-3 s
[acc] eval 2.895849e-3 s
[acc] eval 3.099216e-3 s
[acc] eval 1.4990967e-2 s
[acc] eval 2.37218e-3 s
[acc] eval 3.23391e-3 s
[acc] eval 2.846568e-3 s
[acc] eval 2.752037e-3 s
[acc] eval 2.798045e-3 s
[acc] eval 2.765864e-3 s
[acc] eval 2.652161e-3 s
[acc] eval 2.311827e-3 s
[acc] eval 2.261812e-3 s
[acc] eval 2.435259e-3 s
[acc] eval 3.085215e-3 s
[acc] eval 2.345389e-3 s
[acc] eval 2.406387e-3 s
[acc] eval 1.896932e-3 s
[acc] eval 1.751551e-3 s
[acc] eval 1.767461e-3 s
[acc] eval 1.822954e-3 s
[acc] eval 2.178254e-3 s
[acc] eval 2.456622e-3 s
[acc] eval 2.088618e-3 s
[acc] eval 2.154601e-3 s
[acc] eval 2.11383e-3 s
[acc] eval 2.226969e-3 s
[acc] eval 2.091297e-3 s
[acc] eval 2.276575e-3 s
[acc] eval 0.206730766 s
[acc] compile 0.257852666 s
[acc] eval 2.3527457e-2 s
[acc] eval 0.284206092 s
[acc] compile 5.4359505e-2 s
[acc] eval 2.0016023e-2 s
[acc] eval 1.931433e-3 s
[acc] eval 1.86887e-3 s
[acc] eval 2.009427e-3 s
[acc] eval 1.888891e-3 s
[acc] eval 2.077787e-3 s
[acc] eval 2.073734e-3 s
[acc] eval 2.166505e-3 s
[acc] eval 2.273534e-3 s
[acc] eval 1.976229e-3 s
[acc] eval 1.955434e-3 s
[acc] eval 1.872372e-3 s
[acc] eval 1.90152e-3 s
[acc] eval 1.82629e-3 s
[acc] eval 2.264626e-3 s
[acc] eval 2.632468e-3 s
[acc] eval 2.252218e-3 s
[acc] eval 1.984162e-3 s
[acc] eval 1.936514e-3 s
[acc] eval 2.014917e-3 s
[acc] eval 1.914911e-3 s
[acc] eval 1.958172e-3 s
[acc] eval 1.916421e-3 s
[acc] eval 1.573159e-3 s
[acc] eval 1.550573e-3 s
[acc] eval 1.561257e-3 s
[acc] eval 1.548863e-3 s
[acc] eval 1.8894e-3 s
[acc] eval 2.668654e-3 s
[acc] eval 2.078132e-3 s
[acc] eval 0.136284744 s
[acc] compile 0.132971676 s
[acc] eval 7.499229e-3 s
[acc] eval 0.143978208 s
[acc] compile 0.293083272 s
[acc] eval 1.8325885e-2 s
[acc] eval 0.325889914 s
[acc] compile 7.0599136e-2 s
[acc] eval 8.989776e-3 s
[acc] eval 4.127974e-3 s
[acc] eval 5.1999e-3 s
[acc] eval 1.264706e-2 s
[acc] eval 3.91151e-3 s
[acc] eval 3.309808e-3 s
[acc] eval 3.230428e-3 s
[acc] eval 3.241746e-3 s
[acc] eval 3.492307e-3 s
[acc] eval 3.214738e-3 s
[acc] eval 3.091841e-3 s
[acc] eval 2.876725e-3 s
[acc] eval 2.683939e-3 s
[acc] eval 2.282546e-3 s
[acc] eval 2.726316e-3 s
[acc] eval 2.755667e-3 s
[acc] eval 2.61357e-3 s
[acc] eval 2.640232e-3 s
[acc] eval 2.789079e-3 s
[acc] eval 2.853683e-3 s
[acc] eval 2.732847e-3 s
[acc] eval 2.550576e-3 s
[acc] eval 2.649202e-3 s
[acc] eval 2.754011e-3 s
[acc] eval 2.747581e-3 s
[acc] eval 2.774605e-3 s
[acc] eval 2.841263e-3 s
[acc] eval 2.757153e-3 s
[acc] eval 2.602441e-3 s
[acc] eval 2.808638e-3 s
[acc] eval 0.181964892 s
[acc] compile 6.413481e-3 s
[acc] eval 9.900357e-3 s
[acc] eval 2.595718e-3 s
[acc] eval 2.676545e-3 s
[acc] eval 9.181156e-3 s
[acc] eval 2.052353e-3 s
[acc] eval 1.899974e-3 s
[acc] eval 1.966506e-3 s
[acc] eval 1.844956e-3 s
[acc] eval 1.777406e-3 s
[acc] eval 1.714241e-3 s
[acc] eval 1.7339e-3 s
[acc] eval 1.841841e-3 s
[acc] eval 1.761344e-3 s
[acc] eval 1.76008e-3 s
[acc] eval 1.916544e-3 s
[acc] eval 2.290229e-3 s
[acc] eval 2.093797e-3 s
[acc] eval 1.864741e-3 s
[acc] eval 1.926178e-3 s
[acc] eval 1.960917e-3 s
[acc] eval 2.010329e-3 s
[acc] eval 2.253795e-3 s
[acc] eval 1.933696e-3 s
[acc] eval 1.843088e-3 s
[acc] eval 1.832087e-3 s
[acc] eval 1.830549e-3 s
[acc] eval 1.8119e-3 s
[acc] eval 1.647721e-3 s
[acc] eval 1.622658e-3 s
[acc] eval 1.642247e-3 s
[acc] eval 1.943086e-3 s
[acc] eval 8.5856757e-2 s
[acc] compile 0.335233129 s
[acc] eval 2.6864865e-2 s
[acc] eval 0.37593837 s
[acc] compile 6.4268422e-2 s
[acc] eval 5.092701e-3 s
[acc] eval 1.338705e-3 s
[acc] eval 1.53418e-3 s
[acc] eval 1.564771e-3 s
[acc] eval 7.6364872e-2 s
[acc] compile 6.82534e-4 s
[acc] eval 8.956014e-3 s
[acc] compile 0.114049557 s
[acc] eval 1.5984975e-2 s
[acc] eval 1.2511841e-2 s
[acc] eval 1.479455e-3 s
[acc] eval 1.334149e-3 s
[acc] eval 1.396729e-3 s
[acc] eval 1.501722e-3 s
[acc] eval 1.300101e-3 s
[acc] eval 1.419806e-3 s
[acc] eval 1.198991e-3 s
[acc] eval 1.112222e-3 s
[acc] eval 0.15560661 s
[acc] compile 0.126722861 s
[acc] eval 2.298063e-2 s
[acc] eval 6.221589e-3 s
[acc] eval 1.9617145e-2 s
[acc] eval 3.512349e-3 s
[acc] eval 2.855403e-3 s
[acc] eval 2.773489e-3 s
[acc] eval 2.378065e-3 s
[acc] eval 2.232712e-3 s
[acc] eval 2.28643e-3 s
[acc] eval 2.727541e-3 s
[acc] eval 3.136951e-3 s
[acc] eval 2.916788e-3 s
[acc] eval 2.433587e-3 s
[acc] eval 2.37497e-3 s
[acc] eval 2.202636e-3 s
[acc] eval 2.101823e-3 s
[acc] eval 2.278215e-3 s
[acc] eval 2.224485e-3 s
[acc] eval 2.139929e-3 s
[acc] eval 2.106589e-3 s
[acc] eval 2.560709e-3 s
[acc] eval 2.604685e-3 s
[acc] eval 2.194804e-3 s
[acc] eval 2.338222e-3 s
[acc] eval 2.58384e-3 s
[acc] eval 2.145271e-3 s
[acc] eval 2.706243e-3 s
[acc] eval 2.916103e-3 s
[acc] eval 2.253963e-3 s
[acc] eval 2.351619e-3 s
[acc] eval 2.180085e-3 s
[acc] eval 0.251607701 s
[acc] compile 8.243739e-3 s
[acc] eval 1.8036657e-2 s
[acc] eval 3.0118215e-2 s
[acc] compile 7.436268e-3 s
[acc] eval 1.8816211e-2 s
[acc] eval 2.8577687e-2 s
[acc] compile 3.39894e-4 s
[acc] eval 5.628634e-3 s
[acc] compile 0.126384725 s
[acc] eval 1.7365408e-2 s
[acc] eval 0.147092816 s
[acc] compile 0.127602756 s
[acc] eval 2.7505947e-2 s
[acc] eval 0.157709667 s
[acc] compile 5.64047e-3 s
[acc] eval 7.141608e-3 s
[acc] eval 1.899402e-3 s
[acc] eval 1.7003521e-2 s
[acc] compile 4.778946e-3 s
[acc] eval 4.425783e-3 s
[acc] eval 1.405677e-3 s
[acc] eval 1.199959e-3 s
[acc] eval 1.274362e-3 s
[acc] eval 8.7959e-4 s
[acc] eval 1.052636e-3 s
[acc] eval 1.863101e-3 s
[acc] eval 1.429586e-3 s
[acc] eval 1.779975e-3 s
[acc] eval 9.13182e-4 s
[acc] eval 1.044722e-3 s
[acc] eval 1.320487e-3 s
[acc] eval 1.10363e-3 s
[acc] eval 1.838099e-3 s
[acc] eval 2.9330393e-2 s
[acc] compile 6.767769e-3 s
[acc] eval 1.43541e-2 s
[acc] eval 2.405433e-2 s
[acc] compile 6.281623e-3 s
[acc] eval 7.346133e-3 s
[acc] eval 1.7879634e-2 s
[acc] compile 6.404078e-3 s
[acc] eval 2.273388e-2 s
[acc] eval 3.5187652e-2 s
[acc] compile 1.1447416e-2 s
[acc] eval 8.625369e-3 s
[acc] eval 2.5542188e-2 s
[acc] compile 0.319261163 s
[acc] eval 3.0902272e-2 s
[acc] eval 0.354959556 s
[acc] compile 0.127190593 s
[acc] eval 7.236717e-3 s
[acc] eval 2.462906e-3 s
[acc] eval 2.336171e-3 s
[acc] eval 2.179938e-3 s
[acc] eval 1.930149e-3 s
[acc] eval 1.892983e-3 s
[acc] eval 2.011027e-3 s
[acc] eval 2.176323e-3 s
[acc] eval 1.970805e-3 s
[acc] eval 1.892803e-3 s
[acc] eval 2.189301e-3 s
[acc] eval 1.4631433e-2 s
[acc] eval 2.030683e-3 s
[acc] eval 2.220912e-3 s
[acc] eval 1.992704e-3 s
[acc] eval 1.828161e-3 s
[acc] eval 2.065587e-3 s
[acc] eval 1.974821e-3 s
[acc] eval 1.663896e-3 s
[acc] eval 1.568732e-3 s
[acc] eval 1.850409e-3 s
[acc] eval 1.924124e-3 s
[acc] eval 1.785201e-3 s
[acc] eval 1.807325e-3 s
[acc] eval 1.743483e-3 s
[acc] eval 1.918936e-3 s
[acc] eval 1.657613e-3 s
[acc] eval 1.981284e-3 s
[acc] eval 1.817215e-3 s
[acc] eval 1.950008e-3 s
[acc] eval 0.208632108 s
[acc] compile 0.183829184 s
[acc] eval 1.7352349e-2 s
[acc] eval 2.733844e-3 s
[acc] eval 2.578441e-3 s
[acc] eval 2.992457e-3 s
[acc] eval 1.1133431e-2 s
[acc] eval 2.217125e-3 s
[acc] eval 3.683908e-3 s
[acc] eval 2.210107e-3 s
[acc] eval 1.596386e-3 s
[acc] eval 1.591989e-3 s
[acc] eval 1.680361e-3 s
[acc] eval 1.586792e-3 s
[acc] eval 1.740607e-3 s
[acc] eval 2.263424e-3 s
[acc] eval 2.769143e-3 s
[acc] eval 2.757006e-3 s
[acc] eval 2.662049e-3 s
[acc] eval 2.568498e-3 s
[acc] eval 2.763366e-3 s
[acc] eval 3.182226e-3 s
[acc] eval 2.717488e-3 s
[acc] eval 2.61826e-3 s
[acc] eval 2.440303e-3 s
[acc] eval 2.550243e-3 s
[acc] eval 2.45057e-3 s
[acc] eval 2.385508e-3 s
[acc] eval 2.743668e-3 s
[acc] eval 2.561924e-3 s
[acc] eval 2.431664e-3 s
[acc] eval 2.341449e-3 s
[acc] eval 0.286830669 s
[acc] compile 9.969776e-3 s
[acc] eval 9.237285e-3 s
[acc] eval 2.4405219e-2 s
[acc] compile 0.273229914 s
[acc] eval 2.7688544e-2 s
[acc] eval 0.306730718 s
[acc] compile 0.151183308 s
[acc] eval 9.122034e-3 s
[acc] eval 0.16566338 s
[acc] compile 6.4253529e-2 s
[acc] eval 8.623501e-3 s
[acc] eval 2.375507e-3 s
[acc] eval 1.758831e-3 s
[acc] eval 7.9929972e-2 s
[acc] eval 2.329737e-2 s
[acc] eval 2.5617392e-2 s
[acc] compile 4.938511e-3 s
[acc] eval 8.214784e-3 s
[acc] eval 2.388733e-3 s
[acc] eval 2.482756e-3 s
[acc] eval 1.848891e-3 s
[acc] eval 2.097371e-3 s
[acc] eval 1.88548e-3 s
[acc] eval 1.950556e-3 s
[acc] eval 1.855053e-3 s
[acc] eval 1.999519e-3 s
[acc] eval 1.653475e-3 s
[acc] eval 1.777418e-3 s
[acc] eval 4.793325e-2 s
[acc] compile 5.5407541e-2 s
[acc] eval 9.889841e-3 s
[acc] eval 2.129379e-3 s
[acc] eval 1.837134e-3 s
[acc] eval 2.201101e-3 s
[acc] eval 2.51e-3 s
[acc] eval 1.2328959e-2 s
[acc] eval 2.202489e-3 s
[acc] eval 2.227427e-3 s
[acc] eval 1.886811e-3 s
[acc] eval 9.5777539e-2 s
[acc] compile 0.176772001 s
[acc] eval 1.7676671e-2 s
[acc] eval 0.197326533 s
[acc] compile 1.7550055e-2 s
[acc] eval 1.4016657e-2 s
[acc] eval 3.4776893e-2 s
[acc] eval 1.4969908e-2 s
[acc] eval 1.37208e-3 s
[acc] eval 1.26221e-3 s
[acc] eval 1.288817e-3 s
[acc] eval 1.226614e-3 s
[acc] eval 1.46929e-3 s
[acc] eval 1.845012e-3 s
[acc] eval 1.951098e-3 s
[acc] eval 2.24456e-3 s
[acc] eval 2.191441e-3 s
[acc] eval 2.030698e-3 s
[acc] eval 2.227347e-3 s
[acc] eval 3.7209143e-2 s
[acc] compile 6.820984e-3 s
[acc] eval 8.333272e-3 s
[acc] eval 2.326288e-3 s
[acc] eval 2.260615e-3 s
[acc] eval 2.183276e-3 s
[acc] eval 1.96647e-3 s
[acc] eval 2.166676e-3 s
[acc] eval 1.0424949e-2 s
[acc] eval 1.839885e-3 s
[acc] eval 4.1156368e-2 s
[acc] eval 1.5245825e-2 s
[acc] eval 1.7729631e-2 s
[acc] eval 1.9325592e-2 s
[acc] eval 2.2431077e-2 s
[acc] compile 0.196091181 s
[acc] eval 2.0001751e-2 s
[acc] eval 0.220083158 s
[acc] compile 6.7180407e-2 s
[acc] eval 2.7261287e-2 s
[acc] eval 9.7690356e-2 s
[acc] compile 7.767447e-3 s
[acc] eval 1.0067175e-2 s
[acc] eval 2.2542613e-2 s
[acc] compile 2.1360754e-2 s
[acc] eval 3.8636095e-2 s
[acc] eval 6.5909412e-2 s
[acc] eval 1.3171241e-2 s
[acc] eval 2.152012e-3 s
[acc] eval 2.108229e-3 s
[acc] eval 2.221623e-3 s
[acc] eval 1.781023e-3 s
[acc] eval 1.822063e-3 s
[acc] eval 2.042434e-3 s
[acc] eval 2.637854e-3 s
[acc] eval 1.4177204e-2 s
[acc] eval 2.061367e-3 s
[acc] eval 2.196402e-3 s
[acc] eval 2.264049e-3 s
[acc] eval 5.220822e-3 s
[acc] eval 2.651111e-3 s
[acc] eval 2.327932e-3 s
[acc] eval 2.184574e-3 s
[acc] eval 2.072845e-3 s
[acc] eval 1.973878e-3 s
[acc] eval 2.321262e-3 s
[acc] eval 2.501747e-3 s
[acc] eval 2.119276e-3 s
[acc] eval 1.685232e-3 s
[acc] eval 1.676804e-3 s
[acc] eval 2.151672e-3 s
[acc] eval 1.835674e-3 s
[acc] eval 2.382045e-3 s
[acc] eval 2.294138e-3 s
[acc] eval 1.999039e-3 s
[acc] eval 1.879773e-3 s
[acc] eval 1.823202e-3 s
[acc] eval 1.762958e-3 s
[acc] eval 9.5842378e-2 s
[acc] compile 0.116546148 s
[acc] eval 1.4149096e-2 s
[acc] eval 3.601468e-3 s
[acc] eval 3.448047e-3 s
[acc] eval 3.541679e-3 s
[acc] eval 3.891522e-3 s
[acc] eval 1.7062581e-2 s
[acc] eval 2.404777e-3 s
[acc] eval 2.756457e-3 s
[acc] eval 2.693936e-3 s
[acc] eval 2.545298e-3 s
[acc] eval 2.674868e-3 s
[acc] eval 0.179408694 s
[acc] compile 0.287911027 s
[acc] eval 8.837843e-3 s
[acc] eval 0.300223561 s
[acc] compile 0.320780581 s
[acc] eval 2.6192514e-2 s
[acc] eval 0.350098042 s
[acc] compile 0.279053639 s
[acc] eval 1.9414312e-2 s
[acc] eval 0.308887862 s
[acc] compile 8.289364e-3 s
[acc] eval 2.6236306e-2 s
[acc] eval 3.8817512e-2 s
[acc] compile 6.890879e-3 s
[acc] eval 6.234717e-3 s
[acc] eval 3.410099e-3 s
[acc] eval 2.463261e-3 s
[acc] eval 2.416021e-3 s
[acc] eval 2.105983e-3 s
[acc] eval 1.823653e-3 s
[acc] eval 1.847333e-3 s
[acc] eval 1.814905e-3 s
[acc] eval 1.879445e-3 s
[acc] eval 1.812866e-3 s
[acc] eval 2.080208e-3 s
[acc] eval 1.4207878e-2 s
[acc] eval 1.75559e-3 s
[acc] eval 1.781514e-3 s
[acc] eval 1.913891e-3 s
[acc] eval 2.673105e-3 s
[acc] eval 2.424852e-3 s
[acc] eval 2.249125e-3 s
[acc] eval 2.26973e-3 s
[acc] eval 2.2551e-3 s
[acc] eval 2.279067e-3 s
[acc] eval 2.485263e-3 s
[acc] eval 2.830737e-3 s
[acc] eval 2.524469e-3 s
[acc] eval 2.187736e-3 s
[acc] eval 8.2938548e-2 s
[acc] compile 0.121295286 s
[acc] eval 2.5241242e-2 s
[acc] eval 1.7519501e-2 s
[acc] eval 1.2367739e-2 s
[acc] eval 0.187429213 s
[acc] compile 5.560164e-3 s
[acc] eval 1.2511282e-2 s
[acc] eval 2.2462843e-2 s
[acc] compile 0.392215977 s
[acc] eval 3.658931e-2 s
[acc] eval 0.432605098 s
[acc] eval 5.013238e-3 s
[acc] eval 7.893434e-3 s
[acc] compile 5.528972e-3 s
[acc] eval 4.752003e-3 s
[acc] eval 1.1850322e-2 s
[acc] compile 8.6323919e-2 s
[acc] eval 6.840584e-3 s
[acc] eval 9.7898523e-2 s
[acc] compile 0.183931377 s
[acc] eval 9.292857e-3 s
[acc] eval 0.19891257 s
[acc] compile 0.451606089 s
[acc] eval 3.9203158e-2 s
[acc] eval 0.495423696 s
[acc] eval 8.646968e-3 s
[acc] eval 1.4309268e-2 s
[acc] compile 0.320057734 s
[acc] eval 1.3118114e-2 s
[acc] eval 0.337550641 s
[acc] compile 0.296296945 s
[acc] eval 2.7071799e-2 s
[acc] eval 0.347788994 s
[acc] compile 0.127707076 s
[acc] eval 1.2818966e-2 s
[acc] eval 6.700498e-3 s
[acc] eval 2.0443512e-2 s
[acc] eval 4.350055e-3 s
[acc] eval 4.609525e-3 s
[acc] eval 6.677149e-3 s
[acc] eval 4.315724e-3 s
[acc] eval 3.42077e-3 s
[acc] eval 3.253862e-3 s
[acc] eval 3.92503e-3 s
[acc] eval 3.245245e-3 s
[acc] eval 2.850654e-3 s
[acc] eval 2.657705e-3 s
[acc] eval 2.682437e-3 s
[acc] eval 2.664889e-3 s
[acc] eval 0.217946021 s
[acc] compile 0.388032721 s
[acc] eval 3.3217883e-2 s
[acc] eval 0.427577869 s
[acc] eval 9.372163e-3 s
[acc] eval 2.2917817e-2 s
[acc] compile 8.705653e-3 s
[acc] eval 7.740088e-3 s
[acc] eval 2.1888721e-2 s
[acc] eval 3.88518e-3 s
[acc] eval 1.015561e-3 s
[acc] eval 1.179215e-3 s
[acc] eval 7.411872e-3 s
[acc] compile 0.137699339 s
[acc] eval 2.2783185e-2 s
[acc] eval 0.165225838 s
[acc] eval 2.428926e-3 s
[acc] eval 7.37335e-4 s
[acc] eval 9.4233e-4 s
[acc] eval 5.112916e-3 s
[acc] compile 0.25360575 s
[acc] eval 1.0430119e-2 s
[acc] eval 0.271545043 s
[acc] compile 0.155598649 s
[acc] eval 2.8546222e-2 s
[acc] eval 0.186247925 s
[acc] compile 0.232154621 s
[acc] eval 4.3402668e-2 s
[acc] eval 0.281298894 s
[acc] compile 0.328959302 s
[acc] eval 1.7937469e-2 s
[acc] eval 2.0454718e-2 s
[acc] eval 1.1131019e-2 s
[acc] eval 8.085504e-3 s
[acc] eval 1.2846531e-2 s
[acc] eval 1.4306344e-2 s
[acc] eval 1.6444062e-2 s
[acc] eval 1.3481477e-2 s
[acc] eval 7.45357e-3 s
[acc] eval 8.224759e-3 s
[acc] eval 2.0465396e-2 s
[acc] eval 5.731031e-3 s
[acc] eval 0.492739857 s
[acc] compile 0.323363948 s
[acc] eval 4.0542966e-2 s
[acc] eval 0.36914264 s
[acc] compile 0.140669683 s
[acc] eval 1.3594223e-2 s
[acc] eval 0.162060541 s
[acc] compile 6.66477e-4 s
[acc] eval 1.0848212e-2 s
[acc] compile 5.240865e-3 s
[acc] eval 1.9732203e-2 s
[acc] eval 3.7532925e-2 s
[acc] compile 2.904285e-3 s
[acc] eval 5.41753e-3 s
[acc] eval 1.0018794e-2 s
[acc] compile 0.172413546 s
[acc] eval 1.9921246e-2 s
[acc] eval 0.197019601 s
[acc] compile 5.7027125e-2 s
[acc] eval 8.100765e-3 s
[acc] eval 6.6706141e-2 s
[acc] compile 0.2600838 s
[acc] eval 2.0405819e-2 s
[acc] eval 1.8413543e-2 s
[acc] eval 2.254171e-3 s
[acc] eval 2.437027e-3 s
[acc] eval 1.781858e-3 s
[acc] eval 2.224641e-3 s
[acc] eval 2.17756e-3 s
[acc] eval 2.079577e-3 s
[acc] eval 1.734537e-3 s
[acc] eval 1.549519e-3 s
[acc] eval 1.485902e-3 s
[acc] eval 1.675182e-3 s
[acc] eval 0.322478268 s
[acc] compile 0.111421521 s
[acc] eval 9.879338e-3 s
[acc] eval 0.124738488 s
[acc] compile 4.884948e-3 s
[acc] eval 4.301401e-3 s
[acc] eval 1.26442e-3 s
[acc] eval 1.166787e-3 s
[acc] eval 1.4222671e-2 s
[acc] compile 6.2909333e-2 s
[acc] eval 2.5253929e-2 s
[acc] eval 9.0609963e-2 s
[acc] compile 0.249195602 s
[acc] eval 2.7413561e-2 s
[acc] eval 0.283638742 s
[acc] compile 8.1291174e-2 s
[acc] eval 2.2978988e-2 s
[acc] eval 0.107249441 s
[acc] compile 4.129714e-3 s
[acc] eval 5.960288e-3 s
[acc] eval 1.1932603e-2 s
[acc] compile 4.597956e-3 s
[acc] eval 6.566776e-3 s
[acc] eval 2.189597e-3 s
[acc] eval 2.262626e-3 s
[acc] eval 2.111629e-3 s
[acc] eval 2.753647e-3 s
[acc] eval 2.768169e-3 s
[acc] eval 1.957781e-3 s
[acc] eval 1.719876e-3 s
[acc] eval 1.427417e-3 s
[acc] eval 1.557102e-3 s
[acc] eval 3.2513183e-2 s
[acc] compile 0.120594239 s
[acc] eval 3.3551593e-2 s
[acc] eval 0.157916992 s
[acc] compile 3.42746e-4 s
[acc] eval 7.585453e-3 s
[acc] compile 0.232192834 s
[acc] eval 1.9600578e-2 s
[acc] eval 2.4053953e-2 s
[acc] eval 4.045769e-3 s
[acc] eval 4.016242e-3 s
[acc] eval 3.304251e-3 s
[acc] eval 3.023831e-3 s
[acc] eval 2.849822e-3 s
[acc] eval 2.89798e-3 s
[acc] eval 3.462095e-3 s
[acc] eval 3.224493e-3 s
[acc] eval 2.97648e-3 s
[acc] eval 3.12226e-3 s
[acc] eval 2.980232e-3 s
[acc] eval 2.958886e-3 s
[acc] eval 2.799413e-3 s
[acc] eval 2.893951e-3 s
[acc] eval 2.871827e-3 s
[acc] eval 3.174036e-3 s
[acc] eval 0.332531876 s
[acc] compile 8.071555e-3 s
[acc] eval 6.991265e-3 s
[acc] eval 1.7754713e-2 s
[acc] compile 8.7490551e-2 s
[acc] eval 2.4564974e-2 s
[acc] eval 0.128581086 s
[acc] compile 0.386126605 s
[acc] eval 3.595984e-2 s
[acc] eval 0.442784805 s
[acc] compile 6.032302e-3 s
[acc] eval 1.0763075e-2 s
[acc] eval 2.3605565e-2 s
[acc] compile 8.8646174e-2 s
[acc] eval 3.0915772e-2 s
[acc] eval 0.122861207 s
[acc] compile 0.145353934 s
[acc] eval 1.6812524e-2 s
[acc] eval 0.168808853 s
[acc] compile 7.0967107e-2 s
[acc] eval 3.279696e-2 s
[acc] eval 0.106777386 s
[acc] compile 0.142407698 s
[acc] eval 1.7477702e-2 s
[acc] eval 0.168821367 s
[acc] compile 0.100054079 s
[acc] eval 3.0461218e-2 s
[acc] eval 0.135021702 s
[acc] compile 0.271197886 s
[acc] eval 4.0138439e-2 s
[acc] eval 0.340172603 s
[acc] compile 0.236397685 s
[acc] eval 2.7437508e-2 s
[acc] eval 8.271016e-3 s
[acc] eval 2.3893213e-2 s
[acc] eval 8.626725e-3 s
[acc] eval 5.860747e-3 s
[acc] eval 4.675633e-3 s
[acc] eval 4.464415e-3 s
[acc] eval 4.472744e-3 s
[acc] eval 4.063328e-3 s
[acc] eval 5.904479e-3 s
[acc] eval 5.316184e-3 s
[acc] eval 5.70121e-3 s
[acc] eval 7.377445e-3 s
[acc] eval 6.061151e-3 s
[acc] eval 7.883617e-3 s
[acc] eval 4.239373e-3 s
[acc] eval 4.373562e-3 s
[acc] eval 4.329276e-3 s
[acc] eval 4.079646e-3 s
[acc] eval 1.322916e-2 s
[acc] eval 4.374871e-3 s
[acc] eval 3.896686e-3 s
[acc] eval 3.598648e-3 s
[acc] eval 3.365581e-3 s
[acc] eval 3.491877e-3 s
[acc] eval 5.673141e-3 s
[acc] eval 3.835938e-3 s
[acc] eval 3.521207e-3 s
[acc] eval 4.506973e-3 s
[acc] eval 4.584261e-3 s
[acc] eval 4.146617e-3 s
[acc] eval 0.451306562 s
[acc] compile 0.142715699 s
[acc] eval 3.0218355e-2 s
[acc] eval 0.176108479 s
[acc] compile 0.149230226 s
[acc] eval 1.1276482e-2 s
[acc] eval 1.5951052e-2 s
[acc] eval 0.194479369 s
[acc] compile 0.12727271 s
[acc] eval 4.0426544e-2 s
[acc] eval 0.170831965 s
[acc] compile 0.288158149 s
[acc] eval 3.3178418e-2 s
[acc] eval 0.326537487 s
[acc] compile 2.0603208e-2 s
[acc] eval 8.318512e-3 s
[acc] eval 3.1462939e-2 s
[acc] compile 4.692952e-3 s
[acc] eval 7.835313e-3 s
[acc] eval 1.804833e-3 s
[acc] eval 1.2918612e-2 s
[acc] eval 1.734439e-3 s
[acc] eval 1.577812e-3 s
[acc] eval 1.411865e-3 s
[acc] eval 1.497128e-3 s
[acc] eval 1.3325e-3 s
[acc] eval 1.358776e-3 s
[acc] eval 2.058265e-3 s
[acc] eval 2.211516e-3 s
[acc] eval 1.858495e-3 s
[acc] eval 2.132252e-3 s
[acc] eval 2.256397e-3 s
[acc] eval 2.261419e-3 s
[acc] eval 1.924791e-3 s
[acc] eval 1.983312e-3 s
[acc] eval 2.076836e-3 s
[acc] eval 2.254947e-3 s
[acc] eval 2.01654e-3 s
[acc] eval 1.437269e-3 s
[acc] eval 1.697826e-3 s
[acc] eval 1.865658e-3 s
[acc] eval 2.156689e-3 s
[acc] eval 1.831398e-3 s
[acc] eval 1.49597e-3 s
[acc] eval 1.418041e-3 s
[acc] eval 1.369539e-3 s
[acc] eval 1.451076e-3 s
[acc] eval 1.440128e-3 s
[acc] eval 7.9287169e-2 s
[acc] compile 0.206913613 s
[acc] eval 1.5216533e-2 s
[acc] eval 0.237291639 s
[acc] compile 0.389645894 s
[acc] eval 4.6253521e-2 s
[acc] eval 0.462402714 s
[acc] compile 0.134646267 s
[acc] eval 2.949486e-2 s
[acc] eval 2.948834e-3 s
[acc] eval 3.457014e-3 s
[acc] eval 4.864267e-3 s
[acc] eval 0.180228984 s
[acc] eval 1.3419445e-2 s
[acc] eval 1.5292174e-2 s
[acc] compile 5.187552e-3 s
[acc] eval 4.844189e-3 s
[acc] eval 1.2213727e-2 s
[acc] compile 0.259778768 s
[acc] eval 7.997112e-3 s
[acc] eval 0.283731388 s
[acc] compile 0.49240806 s
[acc] eval 2.1297834e-2 s
[acc] eval 0.532536885 s
[acc] compile 0.134631581 s
[acc] eval 1.0497064e-2 s
[acc] eval 0.163034519 s
[acc] compile 0.20585773 s
[acc] eval 1.6529269e-2 s
[acc] eval 0.228024133 s
[acc] compile 8.859314e-3 s
[acc] eval 3.8564499e-2 s
[acc] eval 5.0107225e-2 s
[acc] compile 0.552778824 s
[acc] eval 2.6682455e-2 s
[acc] eval 0.602593061 s
[acc] compile 1.3337426e-2 s
[acc] eval 2.2994853e-2 s
[acc] eval 4.1033346e-2 s
[acc] compile 0.129584051 s
[acc] eval 2.09221e-2 s
[acc] eval 3.541951e-3 s
[acc] eval 4.11493e-3 s
[acc] eval 3.306391e-3 s
[acc] eval 2.560634e-3 s
[acc] eval 2.623029e-3 s
[acc] eval 2.979016e-3 s
[acc] eval 1.6005693e-2 s
[acc] eval 3.210095e-3 s
[acc] eval 2.81021e-3 s
[acc] eval 2.430284e-3 s
[acc] eval 2.346697e-3 s
[acc] eval 2.306816e-3 s
[acc] eval 3.32386e-3 s
[acc] eval 3.219201e-3 s
[acc] eval 2.704079e-3 s
[acc] eval 2.951209e-3 s
[acc] eval 2.397891e-3 s
[acc] eval 2.160737e-3 s
[acc] eval 2.92171e-3 s
[acc] eval 2.346459e-3 s
[acc] eval 2.229788e-3 s
[acc] eval 2.128737e-3 s
[acc] eval 2.098884e-3 s
[acc] eval 2.366419e-3 s
[acc] eval 2.409748e-3 s
[acc] eval 2.381935e-3 s
[acc] eval 1.996255e-3 s
[acc] eval 2.130961e-3 s
[acc] eval 2.120892e-3 s
[acc] eval 1.887322e-3 s
[acc] eval 0.248496856 s
[acc] compile 0.497226611 s
[acc] eval 4.5921488e-2 s
[acc] eval 0.547566379 s
[acc] compile 5.901837e-3 s
[acc] eval 7.055834e-3 s
[acc] eval 1.4956665e-2 s
[acc] compile 7.1552457e-2 s
[acc] eval 2.2889846e-2 s
[acc] eval 3.425629e-3 s
[acc] eval 1.4851615e-2 s
[acc] eval 2.424671e-3 s
[acc] eval 2.231137e-3 s
[acc] eval 0.120408379 s
[acc] compile 0.428459369 s
[acc] eval 3.5711329e-2 s
[acc] eval 0.483637738 s
[acc] compile 0.138030983 s
[acc] eval 1.1106802e-2 s
[acc] eval 0.153103003 s
[acc] compile 0.459112861 s
[acc] eval 3.0747834e-2 s
[acc] eval 0.494690594 s
[acc] compile 6.6531549e-2 s
[acc] eval 5.548829e-3 s
[acc] eval 7.4066299e-2 s
[acc] compile 6.9801711e-2 s
[acc] eval 8.770954e-3 s
[acc] eval 8.0486768e-2 s
[acc] compile 0.142451893 s
[acc] eval 9.955887e-3 s
[acc] eval 0.166044245 s
[acc] compile 6.1845919e-2 s
[acc] eval 9.088208e-3 s
[acc] eval 7.33439e-2 s
[acc] compile 4.84129e-3 s
[acc] eval 9.251778e-3 s
[acc] eval 2.412481e-3 s
[acc] eval 2.297936e-3 s
[acc] eval 2.117211e-3 s
[acc] eval 2.194444e-3 s
[acc] eval 1.7319663e-2 s
[acc] eval 3.224371e-3 s
[acc] eval 2.673783e-3 s
[acc] eval 2.369138e-3 s
[acc] eval 2.552768e-3 s
[acc] eval 2.637947e-3 s
[acc] eval 2.131302e-3 s
[acc] eval 2.274893e-3 s
[acc] eval 3.295663e-3 s
[acc] eval 2.395886e-3 s
[acc] eval 2.073921e-3 s
[acc] eval 2.126467e-3 s
[acc] eval 3.212663e-3 s
[acc] eval 2.080029e-3 s
[acc] eval 1.953517e-3 s
[acc] eval 2.113887e-3 s
[acc] eval 2.025307e-3 s
[acc] eval 1.951572e-3 s
[acc] eval 2.842055e-3 s
[acc] eval 3.563188e-3 s
[acc] eval 2.892491e-3 s
[acc] eval 2.30423e-3 s
[acc] eval 2.42153e-3 s
[acc] eval 1.985575e-3 s
[acc] eval 2.573093e-3 s
[acc] eval 0.106081492 s
[acc] eval 7.444835e-3 s
[acc] eval 1.0323053e-2 s
[acc] compile 0.22100161 s
[acc] eval 3.3196312e-2 s
[acc] eval 0.257844049 s
[acc] compile 5.81431e-3 s
[acc] eval 6.133374e-3 s
[acc] eval 2.491398e-3 s
[acc] eval 2.638241e-3 s
[acc] eval 2.621312e-3 s
[acc] eval 3.304814e-3 s
[acc] eval 2.853362e-3 s
[acc] eval 2.59282e-3 s
[acc] eval 1.5435848e-2 s
[acc] eval 2.341252e-3 s
[acc] eval 2.323949e-3 s
[acc] eval 2.114758e-3 s
[acc] eval 2.227954e-3 s
[acc] eval 2.038465e-3 s
[acc] eval 1.946857e-3 s
[acc] eval 1.982026e-3 s
[acc] eval 1.979346e-3 s
[acc] eval 2.201988e-3 s
[acc] eval 2.056087e-3 s
[acc] eval 2.048871e-3 s
[acc] eval 7.1743249e-2 s
[acc] compile 0.417841212 s
[acc] eval 3.2459838e-2 s
[acc] eval 0.478091433 s
[acc] compile 0.213499972 s
[acc] eval 3.272187e-2 s
[acc] eval 0.252211345 s
[acc] compile 0.230374648 s
[acc] eval 4.3575555e-2 s
[acc] eval 4.133388e-3 s
[acc] eval 3.545552e-3 s
[acc] eval 3.674516e-3 s
[acc] eval 3.78214e-3 s
[acc] eval 3.901144e-3 s
[acc] eval 3.281337e-3 s
[acc] eval 3.242563e-3 s
[acc] eval 3.420798e-3 s
[acc] eval 3.239593e-3 s
[acc] eval 1.9759477e-2 s
[acc] eval 2.292513e-3 s
[acc] eval 2.18311e-3 s
[acc] eval 2.239267e-3 s
[acc] eval 2.25031e-3 s
[acc] eval 2.833111e-3 s
[acc] eval 2.787002e-3 s
[acc] eval 2.376034e-3 s
[acc] eval 2.29975e-3 s
[acc] eval 2.451563e-3 s
[acc] eval 2.241181e-3 s
[acc] eval 2.450561e-3 s
[acc] eval 2.311581e-3 s
[acc] eval 2.136097e-3 s
[acc] eval 2.020197e-3 s
[acc] eval 1.946192e-3 s
[acc] eval 1.969267e-3 s
[acc] eval 2.85071e-3 s
[acc] eval 2.6157e-3 s
[acc] eval 2.276959e-3 s
[acc] eval 2.068899e-3 s
[acc] eval 1.906492e-3 s
[acc] eval 0.381253303 s
[acc] compile 0.195564406 s
[acc] eval 2.401747e-2 s
[acc] eval 0.225794544 s
[acc] compile 2.6171169e-2 s
[acc] eval 2.417827e-2 s
[acc] eval 2.2949502e-2 s
[acc] eval 5.163002e-3 s
[acc] eval 4.098822e-3 s
[acc] eval 5.152323e-3 s
[acc] eval 4.710625e-3 s
[acc] eval 3.768403e-3 s
[acc] eval 3.504688e-3 s
[acc] eval 1.7577244e-2 s
[acc] eval 4.705099e-3 s
[acc] eval 4.321542e-3 s
[acc] eval 4.06962e-3 s
[acc] eval 4.521072e-3 s
[acc] eval 4.164894e-3 s
[acc] eval 7.715576e-3 s
[acc] eval 1.7732363e-2 s
[acc] eval 6.54644e-3 s
[acc] eval 7.04781e-3 s
[acc] eval 4.572837e-3 s
[acc] eval 4.06449e-3 s
[acc] eval 4.820084e-3 s
[acc] eval 1.663852e-2 s
[acc] eval 5.026603e-3 s
[acc] eval 4.472195e-3 s
[acc] eval 4.963803e-3 s
[acc] eval 5.047357e-3 s
[acc] eval 6.420131e-3 s
[acc] eval 7.194111e-3 s
[acc] eval 1.6955629e-2 s
[acc] eval 5.301927e-3 s
[acc] eval 5.674697e-3 s
[acc] eval 0.27682949 s
[acc] compile 9.9035776e-2 s
[acc] eval 1.7876739e-2 s
[acc] eval 1.2619597e-2 s
[acc] eval 1.953832e-3 s
[acc] eval 2.223229e-3 s
[acc] eval 2.153306e-3 s
[acc] eval 2.089357e-3 s
[acc] eval 1.945392e-3 s
[acc] eval 1.999506e-3 s
[acc] eval 1.94435e-3 s
[acc] eval 1.885436e-3 s
[acc] eval 1.932213e-3 s
[acc] eval 2.496601e-3 s
[acc] eval 2.019707e-3 s
[acc] eval 2.069032e-3 s
[acc] eval 1.966173e-3 s
[acc] eval 1.783314e-3 s
[acc] eval 1.887748e-3 s
[acc] eval 1.529684e-3 s
[acc] eval 2.09021e-3 s
[acc] eval 2.404423e-3 s
[acc] eval 2.109456e-3 s
[acc] eval 1.755862e-3 s
[acc] eval 1.228891e-3 s
[acc] eval 1.145735e-3 s
[acc] eval 1.269675e-3 s
[acc] eval 1.124306e-3 s
[acc] eval 1.049544e-3 s
[acc] eval 1.391369e-3 s
[acc] eval 1.314202e-3 s
[acc] eval 1.258085e-3 s
[acc] eval 0.184603718 s
[acc] compile 4.233648e-3 s
[acc] eval 6.690733e-3 s
[acc] eval 1.328911e-2 s
[acc] compile 0.110691588 s
[acc] eval 1.0985342e-2 s
[acc] eval 3.368344e-3 s
[acc] eval 2.615711e-3 s
[acc] eval 0.13186536 s
[acc] compile 0.144262173 s
[acc] eval 4.1645124e-2 s
[acc] eval 0.189147894 s
[acc] compile 5.125343e-3 s
[acc] eval 6.195226e-3 s
[acc] eval 1.3403832e-2 s
[acc] compile 0.193519771 s
[acc] eval 1.2806922e-2 s
[acc] eval 0.211694251 s
[acc] compile 7.0232051e-2 s
[acc] eval 9.333006e-3 s
[acc] eval 8.2748295e-2 s
[acc] compile 0.317440442 s
[acc] eval 3.4515874e-2 s
[acc] eval 0.366163167 s
[acc] compile 1.1676413e-2 s
[acc] eval 3.1080089e-2 s
[acc] eval 4.7492164e-2 s
[acc] compile 0.327375814 s
[acc] eval 2.694889e-2 s
[acc] eval 0.376848663 s
[acc] eval 1.9714035e-2 s
[acc] eval 2.5109862e-2 s
[acc] compile 3.365762e-3 s
[acc] eval 6.780917e-3 s
[acc] eval 2.4874836e-2 s
[acc] compile 4.733014e-3 s
[acc] eval 5.78789e-3 s
[acc] eval 1.955058e-3 s
[acc] eval 2.204209e-3 s
[acc] eval 1.814577e-3 s
[acc] eval 1.801985e-3 s
[acc] eval 1.705577e-3 s
[acc] eval 2.046175e-3 s
[acc] eval 1.792023e-3 s
[acc] eval 1.5551424e-2 s
[acc] eval 1.951572e-3 s
[acc] eval 1.749121e-3 s
[acc] eval 2.042445e-3 s
[acc] eval 2.156506e-3 s
[acc] eval 1.723994e-3 s
[acc] eval 1.494687e-3 s
[acc] eval 1.592677e-3 s
[acc] eval 1.66849e-3 s
[acc] eval 1.871709e-3 s
[acc] eval 1.970498e-3 s
[acc] eval 2.092917e-3 s
[acc] eval 1.708731e-3 s
[acc] eval 1.982435e-3 s
[acc] eval 1.596354e-3 s
[acc] eval 1.47377e-3 s
[acc] eval 1.498139e-3 s
[acc] eval 1.273475e-3 s
[acc] eval 1.351224e-3 s
[acc] eval 1.393781e-3 s
[acc] eval 1.372865e-3 s
[acc] eval 1.548715e-3 s
[acc] eval 1.715698e-3 s
[acc] eval 1.593094e-3 s
[acc] eval 1.431089e-3 s
[acc] eval 2.034413e-3 s
[acc] eval 1.571337e-3 s
[acc] eval 1.355559e-3 s
[acc] eval 1.479884e-3 s
[acc] eval 9.0688146e-2 s
[acc] compile 4.625931e-3 s
[acc] eval 7.133458e-3 s
[acc] eval 1.4216091e-2 s
[acc] eval 1.0253112e-2 s
[acc] eval 2.6540061e-2 s
[acc] compile 6.817716e-3 s
[acc] eval 1.099959e-2 s
[acc] eval 2.870149e-3 s
[acc] eval 3.649812e-3 s
[acc] eval 2.957853e-3 s
[acc] eval 1.5992948e-2 s
[acc] eval 2.613739e-3 s
[acc] eval 2.558302e-3 s
[acc] eval 2.837913e-3 s
[acc] eval 3.455882e-3 s
[acc] eval 2.545599e-3 s
[acc] eval 2.527841e-3 s
[acc] eval 2.338024e-3 s
[acc] eval 2.469577e-3 s
[acc] eval 2.546397e-3 s
[acc] eval 2.082803e-3 s
[acc] eval 1.825092e-3 s
[acc] eval 1.63805e-3 s
[acc] eval 2.802795e-3 s
[acc] eval 2.580407e-3 s
[acc] eval 3.060413e-3 s
[acc] eval 2.401098e-3 s
[acc] eval 2.264323e-3 s
[acc] eval 2.280608e-3 s
[acc] eval 2.056768e-3 s
[acc] eval 2.604156e-3 s
[acc] eval 2.463502e-3 s
[acc] eval 1.887178e-3 s
[acc] eval 1.70237e-3 s
[acc] eval 1.751948e-3 s
[acc] eval 1.899916e-3 s
[acc] eval 1.974505e-3 s
[acc] eval 2.216183e-3 s
[acc] eval 0.11255185 s
[acc] compile 0.243686443 s
[acc] eval 3.2629434e-2 s
[acc] eval 0.295076042 s
[acc] compile 5.886444e-3 s
[acc] eval 1.5613454e-2 s
[acc] eval 2.783477e-3 s
[acc] eval 2.89055e-3 s
[acc] eval 3.268699e-3 s
[acc] eval 1.7802185e-2 s
[acc] eval 2.406948e-3 s
[acc] eval 2.311347e-3 s
[acc] eval 2.376623e-3 s
[acc] eval 2.443583e-3 s
[acc] eval 2.545664e-3 s
[acc] eval 2.58825e-3 s
[acc] eval 2.231794e-3 s
[acc] eval 2.279094e-3 s
[acc] eval 1.909312e-3 s
[acc] eval 1.843596e-3 s
[acc] eval 1.974479e-3 s
[acc] eval 7.7404287e-2 s
[acc] compile 0.120547965 s
[acc] eval 2.9445716e-2 s
[acc] eval 0.154004007 s
[acc] compile 6.3191e-4 s
[acc] eval 1.960927e-2 s
[acc] compile 3.459696e-3 s
[acc] eval 1.0551321e-2 s
[acc] eval 9.05531e-4 s
[acc] eval 7.12848e-4 s
[acc] eval 1.07689e-3 s
[acc] eval 6.61523e-4 s
[acc] eval 1.8774973e-2 s
[acc] compile 5.022353e-3 s
[acc] eval 1.6655012e-2 s
[acc] eval 2.328507e-2 s
[acc] compile 0.12359368 s
[acc] eval 9.002744e-3 s
[acc] eval 0.135682172 s
[acc] eval 1.9127612e-2 s
[acc] eval 2.0655533e-2 s
[acc] compile 8.205578e-3 s
[acc] eval 2.6698106e-2 s
[acc] eval 3.791911e-2 s
[acc] compile 0.101479404 s
[acc] eval 2.6200218e-2 s
[acc] eval 0.130333978 s
[acc] compile 6.7291012e-2 s
[acc] eval 2.2614564e-2 s
[acc] eval 2.0759559e-2 s
[acc] eval 4.318769e-3 s
[acc] eval 3.635375e-3 s
[acc] eval 3.574943e-3 s
[acc] eval 3.233718e-3 s
[acc] eval 4.058229e-3 s
[acc] eval 3.503624e-3 s
[acc] eval 4.17817e-3 s
[acc] eval 3.618389e-3 s
[acc] eval 3.127917e-3 s
[acc] eval 2.774937e-3 s
[acc] eval 2.96943e-3 s
[acc] eval 3.226974e-3 s
[acc] eval 2.615894e-3 s
[acc] eval 2.744471e-3 s
[acc] eval 2.502779e-3 s
[acc] eval 2.669709e-3 s
[acc] eval 3.083801e-3 s
[acc] eval 2.734756e-3 s
[acc] eval 2.627522e-3 s
[acc] eval 2.750971e-3 s
[acc] eval 3.849668e-3 s
[acc] eval 3.365452e-3 s
[acc] eval 3.435897e-3 s
[acc] eval 3.116415e-3 s
[acc] eval 3.164373e-3 s
[acc] eval 3.4673e-3 s
[acc] eval 3.451331e-3 s
[acc] eval 3.539307e-3 s
[acc] eval 3.526294e-3 s
[acc] eval 0.213359084 s
[acc] compile 0.223507562 s
[acc] eval 1.0526968e-2 s
[acc] eval 4.529361e-3 s
[acc] eval 7.674488e-3 s
[acc] eval 6.056351e-3 s
[acc] eval 2.2878722e-2 s
[acc] eval 3.529425e-3 s
[acc] eval 5.786959e-3 s
[acc] eval 7.741474e-3 s
[acc] eval 5.732105e-3 s
[acc] eval 4.616929e-3 s
[acc] eval 3.118454e-3 s
[acc] eval 2.856552e-3 s
[acc] eval 3.989295e-3 s
[acc] eval 5.791953e-3 s
[acc] eval 2.923845e-3 s
[acc] eval 2.73152e-3 s
[acc] eval 3.284894e-3 s
[acc] eval 3.424174e-3 s
[acc] eval 3.626606e-3 s
[acc] eval 5.182674e-3 s
[acc] eval 3.599099e-3 s
[acc] eval 3.969952e-3 s
[acc] eval 3.087554e-3 s
[acc] eval 3.211384e-3 s
[acc] eval 3.240773e-3 s
[acc] eval 4.249e-3 s
[acc] eval 3.342245e-3 s
[acc] eval 3.191589e-3 s
[acc] eval 3.493538e-3 s
[acc] eval 3.598205e-3 s
[acc] eval 3.700088e-3 s
[acc] eval 4.38515e-3 s
[acc] eval 2.981896e-3 s
[acc] eval 3.144324e-3 s
[acc] eval 2.373888e-3 s
[acc] eval 0.398407909 s
[acc] compile 0.417516455 s
[acc] eval 3.384638e-2 s
[acc] eval 0.456038586 s
[acc] compile 0.245340191 s
[acc] eval 1.0454029e-2 s
[acc] eval 0.259575311 s
[acc] compile 7.9435385e-2 s
[acc] eval 3.3791015e-2 s
[acc] eval 2.657145e-3 s
[acc] eval 3.748552e-3 s
[acc] eval 3.916875e-3 s
[acc] eval 3.244107e-3 s
[acc] eval 2.986507e-3 s
[acc] eval 3.310927e-3 s
[acc] eval 1.8649849e-2 s
[acc] eval 3.277435e-3 s
[acc] eval 3.100003e-3 s
[acc] eval 3.181627e-3 s
[acc] eval 3.801355e-3 s
[acc] eval 2.873408e-3 s
[acc] eval 2.798334e-3 s
[acc] eval 3.105574e-3 s
[acc] eval 3.198532e-3 s
[acc] eval 3.179625e-3 s
[acc] eval 2.741782e-3 s
[acc] eval 2.736532e-3 s
[acc] eval 2.428551e-3 s
[acc] eval 2.62675e-3 s
[acc] eval 2.614517e-3 s
[acc] eval 2.560398e-3 s
[acc] eval 2.432544e-3 s
[acc] eval 2.469131e-3 s
[acc] eval 2.670492e-3 s
[acc] eval 2.550786e-3 s
[acc] eval 2.597424e-3 s
[acc] eval 2.505852e-3 s
[acc] eval 2.137143e-3 s
[acc] eval 0.21985323 s
[acc] compile 0.278479748 s
[acc] eval 1.8010292e-2 s
[acc] eval 0.313802401 s
[acc] compile 5.312967e-3 s
[acc] eval 7.58381e-3 s
[acc] eval 3.91857e-3 s
[acc] eval 3.104373e-3 s
[acc] eval 2.675753e-3 s
[acc] eval 2.389396e-3 s
[acc] eval 2.489177e-3 s
[acc] eval 2.418476e-3 s
[acc] eval 3.427856e-3 s
[acc] eval 2.139632e-3 s
[acc] eval 1.6548303e-2 s
[acc] eval 1.895203e-3 s
[acc] eval 1.945547e-3 s
[acc] eval 1.787491e-3 s
[acc] eval 1.912663e-3 s
[acc] eval 1.91197e-3 s
[acc] eval 1.809685e-3 s
[acc] eval 1.795027e-3 s
[acc] eval 1.711162e-3 s
[acc] eval 6.9983744e-2 s
[acc] eval 7.870581e-3 s
[acc] eval 1.368034e-3 s
[acc] eval 1.096607e-3 s
[acc] eval 1.292844e-3 s
[acc] eval 1.146127e-3 s
[acc] eval 1.347973e-3 s
[acc] eval 1.295124e-3 s
[acc] eval 1.306974e-3 s
[acc] eval 1.708633e-3 s
[acc] eval 1.403887e-3 s
[acc] eval 1.389971e-3 s
[acc] eval 1.30634e-3 s
[acc] eval 1.199545e-3 s
[acc] eval 1.339947e-3 s
[acc] eval 1.16095e-3 s
[acc] eval 1.616528e-3 s
[acc] eval 1.579569e-3 s
[acc] eval 1.191119e-3 s
[acc] eval 3.4162459e-2 s
[acc] compile 7.664531e-2 s
[acc] eval 9.769008e-3 s
[acc] eval 4.088474e-3 s
[acc] eval 4.140527e-3 s
[acc] eval 3.154086e-3 s
[acc] eval 2.71183e-3 s
[acc] eval 2.686016e-3 s
[acc] eval 4.052782e-3 s
[acc] eval 1.7020765e-2 s
[acc] eval 2.173411e-3 s
[acc] eval 1.872147e-3 s
[acc] eval 1.529413e-3 s
[acc] eval 1.440408e-3 s
[acc] eval 1.434758e-3 s
[acc] eval 1.39159e-3 s
[acc] eval 1.366255e-3 s
[acc] eval 1.320128e-3 s
[acc] eval 1.561708e-3 s
[acc] eval 1.535069e-3 s
[acc] eval 0.144378784 s
[acc] compile 0.315915429 s
[acc] eval 2.2921489e-2 s
[acc] eval 0.36649272 s
[acc] compile 1.2072879e-2 s
[acc] eval 9.622564e-3 s
[acc] eval 4.0304336e-2 s
[acc] compile 0.196110439 s
[acc] eval 2.6128637e-2 s
[acc] eval 0.251078354 s
[acc] compile 6.7072506e-2 s
[acc] eval 1.0488643e-2 s
[acc] eval 8.438323e-2 s
[acc] compile 8.7106036e-2 s
[acc] eval 4.0651863e-2 s
[acc] eval 0.130941499 s
[acc] compile 0.110071271 s
[acc] eval 2.0674667e-2 s
[acc] eval 0.132721138 s
[acc] compile 0.787161732 s
[acc] eval 7.3200548e-2 s
[acc] eval 1.8327584e-2 s
[acc] eval 1.2363816e-2 s
[acc] eval 1.2239995e-2 s
[acc] eval 1.3748955e-2 s
[acc] eval 1.4263631e-2 s
[acc] eval 1.4224474e-2 s
[acc] eval 3.560277e-2 s
[acc] eval 1.044199e-2 s
[acc] eval 8.508444e-3 s
[acc] eval 7.10556e-3 s
[acc] eval 2.2997863e-2 s
[acc] eval 1.040077317 s
[acc] compile 5.026757e-3 s
[acc] eval 1.1436775e-2 s
[acc] eval 2.666404e-3 s
[acc] eval 2.224786e-3 s
[acc] eval 1.4465403e-2 s
[acc] eval 2.006712e-3 s
[acc] eval 1.807004e-3 s
[acc] eval 2.060806e-3 s
[acc] eval 1.831925e-3 s
[acc] eval 2.166789e-3 s
[acc] eval 2.669188e-3 s
[acc] eval 2.741208e-3 s
[acc] eval 2.460968e-3 s
[acc] eval 2.406226e-3 s
[acc] eval 1.856805e-3 s
[acc] eval 1.841628e-3 s
[acc] eval 2.558557e-3 s
[acc] eval 3.079137e-3 s
[acc] eval 2.164025e-3 s
[acc] eval 2.134967e-3 s
[acc] eval 2.229127e-3 s
[acc] eval 2.156766e-3 s
[acc] eval 2.588132e-3 s
[acc] eval 3.926446e-3 s
[acc] eval 2.323569e-3 s
[acc] eval 2.026407e-3 s
[acc] eval 1.700617e-3 s
[acc] eval 1.746311e-3 s
[acc] eval 1.487663e-3 s
[acc] eval 2.463185e-3 s
[acc] eval 3.022172e-3 s
[acc] eval 0.101299454 s
[acc] compile 0.355351864 s
[acc] eval 2.9969481e-2 s
[acc] eval 0.39118608 s
[acc] compile 0.201598387 s
[acc] eval 1.293647e-2 s
[acc] eval 0.220236114 s
[acc] compile 8.2572997e-2 s
[acc] eval 1.9866708e-2 s
[acc] eval 0.105028478 s
[acc] compile 0.339030105 s
[acc] eval 1.1655898e-2 s
[acc] eval 0.370606701 s
[acc] compile 4.344954e-3 s
[acc] eval 4.739697e-3 s
[acc] eval 1.0842849e-2 s
[acc] compile 7.0460887e-2 s
[acc] eval 1.4187715e-2 s
[acc] eval 9.0149613e-2 s
[acc] compile 0.383634206 s
[acc] eval 4.9696097e-2 s
[acc] eval 0.438744121 s
[acc] compile 0.208378328 s
[acc] eval 7.845755e-3 s
[acc] eval 0.22063669 s
[acc] compile 0.186494061 s
[acc] eval 3.5931527e-2 s
[acc] eval 0.226845043 s
[acc] compile 0.460027584 s
[acc] eval 9.75275e-3 s
[acc] eval 0.474886561 s
[acc] compile 0.150662561 s
[acc] eval 4.3962952e-2 s
[acc] eval 2.683196e-3 s
[acc] eval 2.250457e-3 s
[acc] eval 1.908812e-3 s
[acc] eval 2.188358e-3 s
[acc] eval 2.187192e-3 s
[acc] eval 2.42364e-3 s
[acc] eval 2.141176e-3 s
[acc] eval 2.136038e-3 s
[acc] eval 2.002594e-3 s
[acc] eval 1.959318e-3 s
[acc] eval 1.913772e-3 s
[acc] eval 0.222665541 s
[acc] compile 1.4895424e-2 s
[acc] eval 2.3542259e-2 s
[acc] eval 4.3161944e-2 s
[acc] compile 0.649785116 s
[acc] eval 4.3602827e-2 s
[acc] eval 0.698815975 s
[acc] compile 0.195400224 s
[acc] eval 1.7148982e-2 s
[acc] eval 4.840983e-3 s
[acc] eval 4.168197e-3 s
[acc] eval 1.8210587e-2 s
[acc] eval 3.100544e-3 s
[acc] eval 3.043912e-3 s
[acc] eval 3.578814e-3 s
[acc] eval 3.269911e-3 s
[acc] eval 3.150345e-3 s
[acc] eval 3.221306e-3 s
[acc] eval 3.109878e-3 s
[acc] eval 3.003623e-3 s
[acc] eval 3.574048e-3 s
[acc] eval 3.231738e-3 s
[acc] eval 3.258894e-3 s
[acc] eval 3.315844e-3 s
[acc] eval 3.299971e-3 s
[acc] eval 3.077927e-3 s
[acc] eval 2.818331e-3 s
[acc] eval 2.895897e-3 s
[acc] eval 3.116724e-3 s
[acc] eval 3.399955e-3 s
[acc] eval 4.021239e-3 s
[acc] eval 3.779656e-3 s
[acc] eval 3.499438e-3 s
[acc] eval 3.516924e-3 s
[acc] eval 3.55488e-3 s
[acc] eval 3.427277e-3 s
[acc] eval 3.621437e-3 s
[acc] eval 3.434995e-3 s
[acc] eval 0.333924803 s
[acc] compile 0.345418291 s
[acc] eval 2.6401028e-2 s
[acc] eval 0.394542143 s
[acc] compile 5.643261e-3 s
[acc] eval 5.657347e-3 s
[acc] eval 1.3579894e-2 s
[acc] eval 1.3113154e-2 s
[acc] eval 1.6073334e-2 s
[acc] compile 8.0287668e-2 s
[acc] eval 1.7092928e-2 s
[acc] eval 0.116078899 s
[acc] compile 0.191607873 s
[acc] eval 1.4550751e-2 s
[acc] eval 0.210661811 s
[acc] eval 2.5405583e-2 s
[acc] eval 2.9295336e-2 s
[acc] compile 8.058869e-3 s
[acc] eval 1.3720387e-2 s
[acc] eval 4.230386e-3 s
[acc] eval 3.813969e-3 s
[acc] eval 3.20916e-3 s
[acc] eval 3.708603e-3 s
[acc] eval 3.146412e-3 s
[acc] eval 2.661291e-3 s
[acc] eval 2.536339e-3 s
[acc] eval 1.7286997e-2 s
[acc] eval 2.131436e-3 s
[acc] eval 2.124873e-3 s
[acc] eval 1.983158e-3 s
[acc] eval 1.848904e-3 s
[acc] eval 1.796105e-3 s
[acc] eval 1.836267e-3 s
[acc] eval 1.71295e-3 s
[acc] eval 1.71169e-3 s
[acc] eval 1.844454e-3 s
[acc] eval 2.084873e-3 s
[acc] eval 1.923632e-3 s
[acc] eval 1.981893e-3 s
[acc] eval 2.159802e-3 s
[acc] eval 1.976294e-3 s
[acc] eval 1.843822e-3 s
[acc] eval 1.789782e-3 s
[acc] eval 1.89096e-3 s
[acc] eval 1.914254e-3 s
[acc] eval 1.802121e-3 s
[acc] eval 1.760203e-3 s
[acc] eval 0.106427679 s
[acc] compile 0.118027904 s
[acc] eval 1.5074453e-2 s
[acc] eval 0.139759551 s
[acc] compile 0.119510672 s
[acc] eval 4.3675543e-2 s
[acc] eval 0.165948226 s
[acc] compile 0.22215853 s
[acc] eval 1.9311839e-2 s
[acc] eval 0.2473208 s
[acc] compile 3.664454e-3 s
[acc] eval 3.087227e-3 s
[acc] eval 9.2208e-4 s
[acc] eval 1.128181e-3 s
[acc] eval 1.37053e-3 s
[acc] eval 1.177007e-2 s
[acc] compile 9.267729e-3 s
[acc] eval 2.6956067e-2 s
[acc] eval 1.655211e-3 s
[acc] eval 1.899491e-3 s
[acc] eval 1.530541e-3 s
[acc] eval 2.063863e-3 s
[acc] eval 1.665457e-3 s
[acc] eval 2.285629e-3 s
[acc] eval 1.866676e-3 s
[acc] eval 1.930154e-3 s
[acc] eval 1.920098e-3 s
[acc] eval 1.67914e-3 s
[acc] eval 1.906372e-3 s
[acc] eval 1.792682e-3 s
[acc] eval 1.913499e-3 s
[acc] eval 6.4813344e-2 s
[acc] compile 0.132317483 s
[acc] eval 6.265923e-3 s
[acc] eval 0.142080105 s
[acc] compile 0.365033789 s
[acc] eval 4.7671387e-2 s
[acc] eval 0.418594179 s
[acc] compile 4.964049e-3 s
[acc] eval 9.809664e-3 s
[acc] eval 3.335051e-3 s
[acc] eval 3.297268e-3 s
[acc] eval 3.042599e-3 s
[acc] eval 2.778833e-3 s
[acc] eval 2.720359e-3 s
[acc] eval 2.516926e-3 s
[acc] eval 1.8509139e-2 s
[acc] eval 2.325668e-3 s
[acc] eval 2.462383e-3 s
[acc] eval 2.092831e-3 s
[acc] eval 1.73975e-3 s
[acc] eval 1.88036e-3 s
[acc] eval 1.63601e-3 s
[acc] eval 1.670234e-3 s
[acc] eval 1.676134e-3 s
[acc] eval 1.766565e-3 s
[acc] eval 2.263053e-3 s
[acc] eval 2.336006e-3 s
[acc] eval 1.819276e-3 s
[acc] eval 1.790602e-3 s
[acc] eval 1.713442e-3 s
[acc] eval 1.668731e-3 s
[acc] eval 1.762766e-3 s
[acc] eval 1.763695e-3 s
[acc] eval 2.358434e-3 s
[acc] eval 9.1280631e-2 s
[acc] compile 0.277560558 s
[acc] eval 3.9056456e-2 s
[acc] eval 0.320942502 s
[acc] compile 2.7764113e-2 s
[acc] eval 7.744888e-3 s
[acc] eval 3.9649685e-2 s
[acc] compile 0.114957923 s
[acc] eval 3.3449315e-2 s
[acc] eval 2.577711e-3 s
[acc] eval 1.813709e-3 s
[acc] eval 1.937196e-3 s
[acc] eval 1.873994e-3 s
[acc] eval 1.820719e-3 s
[acc] eval 1.94291e-3 s
[acc] eval 2.220454e-3 s
[acc] eval 2.330626e-3 s
[acc] eval 2.024012e-3 s
[acc] eval 2.050126e-3 s
[acc] eval 1.897027e-3 s
[acc] eval 1.834348e-3 s
[acc] eval 1.819507e-3 s
[acc] eval 1.707357e-3 s
[acc] eval 1.839716e-3 s
[acc] eval 1.914291e-3 s
[acc] eval 1.988216e-3 s
[acc] eval 2.466286e-3 s
[acc] eval 2.262603e-3 s
[acc] eval 2.169858e-3 s
[acc] eval 2.169256e-3 s
[acc] eval 2.29877e-3 s
[acc] eval 2.277954e-3 s
[acc] eval 2.091346e-3 s
[acc] eval 1.832765e-3 s
[acc] eval 1.689544e-3 s
[acc] eval 2.527315e-3 s
[acc] eval 2.535945e-3 s
[acc] eval 2.375965e-3 s
[acc] eval 0.214348658 s
[acc] compile 0.29550572 s
[acc] eval 2.1478801e-2 s
[acc] eval 0.322521559 s
[acc] compile 6.0004445e-2 s
[acc] eval 3.5442259e-2 s
[acc] eval 7.917661e-3 s
[acc] eval 6.937593e-3 s
[acc] eval 5.179675e-3 s
[acc] eval 4.462098e-3 s
[acc] eval 0.124847452 s
[acc] compile 5.173466e-3 s
[acc] eval 1.0551416e-2 s
[acc] eval 1.054549e-3 s
[acc] eval 8.29456e-4 s
[acc] eval 1.138e-3 s
[acc] eval 9.60962e-4 s
[acc] eval 1.008816e-3 s
[acc] eval 1.131794e-3 s
[acc] eval 8.90718e-4 s
[acc] eval 8.91406e-4 s
[acc] eval 6.92582e-4 s
[acc] eval 9.62095e-4 s
[acc] eval 1.039426e-3 s
[acc] eval 2.8098035e-2 s
[acc] compile 4.311334e-3 s
[acc] eval 1.3736849e-2 s
[acc] eval 3.541423e-3 s
[acc] eval 3.602983e-3 s
[acc] eval 3.285954e-3 s
[acc] eval 4.085359e-3 s
[acc] eval 4.281069e-3 s
[acc] eval 3.708264e-3 s
[acc] eval 2.5101315e-2 s
[acc] eval 1.94284e-3 s
[acc] eval 1.985915e-3 s
[acc] eval 1.965147e-3 s
[acc] eval 1.853375e-3 s
[acc] eval 7.7540708e-2 s
[acc] compile 0.149794697 s
[acc] eval 2.0359191e-2 s
[acc] eval 4.25023e-3 s
[acc] eval 4.813522e-3 s
[acc] eval 5.246999e-3 s
[acc] eval 1.9310659e-2 s
[acc] eval 4.251883e-3 s
[acc] eval 4.99414e-3 s
[acc] eval 5.810734e-3 s
[acc] eval 6.886408e-3 s
[acc] eval 6.962081e-3 s
[acc] eval 7.27423e-3 s
[acc] eval 5.843419e-3 s
[acc] eval 4.514326e-3 s
[acc] eval 4.575644e-3 s
[acc] eval 5.415109e-3 s
[acc] eval 3.768658e-3 s
[acc] eval 3.333416e-3 s
[acc] eval 3.59298e-3 s
[acc] eval 3.412081e-3 s
[acc] eval 3.072862e-3 s
[acc] eval 3.773302e-3 s
[acc] eval 3.513136e-3 s
[acc] eval 2.874229e-3 s
[acc] eval 2.865758e-3 s
[acc] eval 3.91819e-3 s
[acc] eval 5.349773e-3 s
[acc] eval 3.353721e-3 s
[acc] eval 2.735842e-3 s
[acc] eval 2.493593e-3 s
[acc] eval 0.315192304 s
[acc] compile 0.128553467 s
[acc] eval 7.912889e-3 s
[acc] eval 0.138980614 s
[acc] compile 9.0784231e-2 s
[acc] eval 1.1941189e-2 s
[acc] eval 2.617833e-2 s
[acc] eval 3.767856e-3 s
[acc] eval 3.109186e-3 s
[acc] eval 3.976314e-3 s
[acc] eval 3.900784e-3 s
[acc] eval 3.722213e-3 s
[acc] eval 4.965338e-3 s
[acc] eval 5.713366e-3 s
[acc] eval 4.200965e-3 s
[acc] eval 3.78127e-3 s
[acc] eval 3.305688e-3 s
[acc] eval 3.00857e-3 s
[acc] eval 2.61332e-3 s
[acc] eval 2.967346e-3 s
[acc] eval 3.095044e-3 s
[acc] eval 2.534934e-3 s
[acc] eval 2.484587e-3 s
[acc] eval 2.660969e-3 s
[acc] eval 3.046666e-3 s
[acc] eval 3.457478e-3 s
[acc] eval 3.780854e-3 s
[acc] eval 3.707104e-3 s
[acc] eval 3.406682e-3 s
[acc] eval 3.463643e-3 s
[acc] eval 0.216539743 s
[acc] compile 9.5054083e-2 s
[acc] eval 1.2585436e-2 s
[acc] eval 3.94671e-3 s
[acc] eval 3.705111e-3 s
[acc] eval 2.83759e-3 s
[acc] eval 0.122088147 s
[acc] compile 1.9520502e-2 s
[acc] eval 5.664124e-3 s
[acc] eval 1.966144e-3 s
[acc] eval 1.880234e-3 s
[acc] eval 3.0924722e-2 s
[acc] compile 0.164376542 s
[acc] eval 9.160777e-3 s
[acc] eval 3.387793e-3 s
[acc] eval 3.04553e-3 s
[acc] eval 0.183780937 s
[acc] compile 0.387838966 s
[acc] eval 3.7338001e-2 s
[acc] eval 0.42931169 s
[acc] compile 7.441096e-3 s
[acc] eval 2.1689454e-2 s
[acc] eval 8.266566e-3 s
[acc] eval 4.9702965e-2 s
[acc] compile 0.126940507 s
[acc] eval 7.864099e-3 s
[acc] eval 4.698982e-3 s
[acc] eval 2.5088571e-2 s
[acc] eval 2.232143e-3 s
[acc] eval 2.085063e-3 s
[acc] eval 2.189418e-3 s
[acc] eval 1.983167e-3 s
[acc] eval 1.930898e-3 s
[acc] eval 1.812503e-3 s
[acc] eval 1.802614e-3 s
[acc] eval 1.825642e-3 s
[acc] eval 1.740934e-3 s
[acc] eval 2.084759e-3 s
[acc] eval 1.738266e-3 s
[acc] eval 1.77268e-3 s
[acc] eval 1.574752e-3 s
[acc] eval 1.485504e-3 s
[acc] eval 1.465691e-3 s
[acc] eval 1.817345e-3 s
[acc] eval 1.526556e-3 s
[acc] eval 1.607776e-3 s
[acc] eval 1.62041e-3 s
[acc] eval 1.736152e-3 s
[acc] eval 1.659664e-3 s
[acc] eval 1.416559e-3 s
[acc] eval 1.62281e-3 s
[acc] eval 1.580457e-3 s
[acc] eval 1.806464e-3 s
[acc] eval 2.530541e-3 s
[acc] eval 2.332697e-3 s
[acc] eval 0.219504563 s
[acc] compile 6.522832e-3 s
[acc] eval 8.618237e-3 s
[acc] eval 1.8617982e-2 s
[acc] compile 0.129794557 s
[acc] eval 2.1097817e-2 s
[acc] eval 1.6378772e-2 s
[acc] eval 2.618284e-3 s
[acc] eval 2.875036e-3 s
[acc] eval 2.796098e-3 s
[acc] eval 3.00169e-3 s
[acc] eval 3.532201e-3 s
[acc] eval 3.621138e-3 s
[acc] eval 2.853122e-3 s
[acc] eval 2.482003e-3 s
[acc] eval 2.891091e-3 s
[acc] eval 2.809623e-3 s
[acc] eval 3.143868e-3 s
[acc] eval 2.998142e-3 s
[acc] eval 3.135843e-3 s
[acc] eval 2.498344e-3 s
[acc] eval 2.524232e-3 s
[acc] eval 2.593921e-3 s
[acc] eval 3.133558e-3 s
[acc] eval 3.32265e-3 s
[acc] eval 3.935622e-3 s
[acc] eval 3.72795e-3 s
[acc] eval 3.315657e-3 s
[acc] eval 3.439361e-3 s
[acc] eval 3.871044e-3 s
[acc] eval 4.437705e-3 s
[acc] eval 3.521831e-3 s
[acc] eval 0.25217872 s
[acc] compile 6.5413769e-2 s
[acc] eval 5.833802e-3 s
[acc] eval 2.765651e-3 s
[acc] eval 2.928901e-3 s
[acc] eval 3.307175e-3 s
[acc] eval 2.71287e-3 s
[acc] eval 2.590795e-3 s
[acc] eval 3.035528e-3 s
[acc] eval 2.247397e-3 s
[acc] eval 2.180713e-3 s
[acc] eval 4.00156e-3 s
[acc] eval 2.876207e-3 s
[acc] eval 2.18519e-3 s
[acc] eval 2.940173e-3 s
[acc] eval 5.521185e-3 s
[acc] eval 2.3917785e-2 s
[acc] eval 6.95861e-3 s
[acc] eval 3.080253e-3 s
[acc] eval 3.166227e-3 s
[acc] eval 2.980175e-3 s
[acc] eval 2.166514e-3 s
[acc] eval 1.990383e-3 s
[acc] eval 2.325687e-3 s
[acc] eval 2.260343e-3 s
[acc] eval 3.071559e-3 s
[acc] eval 3.076429e-3 s
[acc] eval 3.278685e-3 s
[acc] eval 3.284501e-3 s
[acc] eval 4.203874e-3 s
[acc] eval 6.203858e-3 s
[acc] eval 7.118118e-3 s
[acc] eval 0.199570436 s
[acc] compile 0.127571137 s
[acc] eval 3.1615582e-2 s
[acc] eval 0.163552414 s
[acc] eval 4.828984e-3 s
[acc] eval 4.98818e-4 s
[acc] eval 1.8336109e-2 s
[acc] eval 2.4577045e-2 s
[acc] eval 4.007462e-3 s
[acc] eval 1.611466e-3 s
[acc] eval 1.718636e-3 s
[acc] eval 1.956131e-3 s
[acc] eval 1.85695e-3 s
[acc] eval 1.751052e-3 s
[acc] eval 1.641121e-3 s
[acc] eval 1.793573e-3 s
[acc] eval 1.7361016e-2 s
[acc] eval 1.4262e-3 s
[acc] eval 1.373767e-3 s
[acc] eval 1.324837e-3 s
[acc] eval 1.290081e-3 s
[acc] eval 1.251043e-3 s
[acc] eval 1.285225e-3 s
[acc] eval 1.246577e-3 s
[acc] eval 1.256617e-3 s
[acc] eval 1.240645e-3 s
[acc] eval 1.211492e-3 s
[acc] eval 1.2703e-3 s
[acc] eval 1.380252e-3 s
[acc] eval 1.651721e-3 s
[acc] eval 1.498095e-3 s
[acc] eval 1.315942e-3 s
[acc] eval 1.319451e-3 s
[acc] eval 1.197887e-3 s
[acc] eval 1.247727e-3 s
[acc] eval 6.153168e-2 s
[acc] eval 8.582863e-3 s
[acc] eval 1.989861e-3 s
[acc] eval 2.248573e-3 s
[acc] eval 1.968658e-3 s
[acc] eval 2.111677e-3 s
[acc] eval 1.5632548e-2 s
[acc] eval 2.097553e-3 s
[acc] eval 1.994744e-3 s
[acc] eval 2.216552e-3 s
[acc] eval 1.938592e-3 s
[acc] eval 1.942974e-3 s
[acc] eval 1.783795e-3 s
[acc] eval 1.614597e-3 s
[acc] eval 1.727722e-3 s
[acc] eval 1.973769e-3 s
[acc] eval 1.84331e-3 s
[acc] eval 1.851828e-3 s
[acc] eval 1.920173e-3 s
[acc] eval 1.841856e-3 s
[acc] eval 1.857522e-3 s
[acc] eval 1.634622e-3 s
[acc] eval 6.545873e-2 s
[acc] eval 1.0737602e-2 s
[acc] eval 2.319987e-3 s
[acc] eval 2.523414e-3 s
[acc] eval 2.263181e-3 s
[acc] eval 1.6845525e-2 s
[acc] eval 2.243559e-3 s
[acc] eval 2.58692e-3 s
[acc] eval 2.492829e-3 s
[acc] eval 2.405341e-3 s
[acc] eval 2.618768e-3 s
[acc] eval 2.295671e-3 s
[acc] eval 1.959588e-3 s
[acc] eval 1.953019e-3 s
[acc] eval 1.888258e-3 s
[acc] eval 1.683093e-3 s
[acc] eval 2.486831e-3 s
[acc] eval 2.522825e-3 s
[acc] eval 2.168019e-3 s
[acc] eval 2.11997e-3 s
[acc] eval 1.957433e-3 s
[acc] eval 1.903956e-3 s
[acc] eval 1.915021e-3 s
[acc] eval 1.872134e-3 s
[acc] eval 2.386888e-3 s
[acc] eval 2.485608e-3 s
[acc] eval 2.214523e-3 s
[acc] eval 2.43387e-3 s
[acc] eval 2.386488e-3 s
[acc] eval 2.563297e-3 s
[acc] eval 2.304448e-3 s
[acc] eval 9.5607794e-2 s
[acc] eval 9.488404e-3 s
[acc] eval 3.628445e-3 s
[acc] eval 2.904516e-3 s
[acc] eval 3.124076e-3 s
[acc] eval 1.8142485e-2 s
[acc] eval 3.368527e-3 s
[acc] eval 4.4625972e-2 s
[acc] eval 1.4614635e-2 s
[acc] eval 2.676323e-3 s
[acc] eval 2.445259e-3 s
[acc] eval 1.8091111e-2 s
[acc] eval 3.043601e-3 s
[acc] eval 2.872067e-3 s
[acc] eval 2.861485e-3 s
[acc] eval 2.832507e-3 s
[acc] eval 3.27513e-3 s
[acc] eval 2.096327e-3 s
[acc] eval 3.059321e-3 s
[acc] eval 2.854061e-3 s
[acc] eval 2.985868e-3 s
[acc] eval 2.357906e-3 s
[acc] eval 2.452766e-3 s
[acc] eval 2.317263e-3 s
[acc] eval 2.517104e-3 s
[acc] eval 2.427341e-3 s
[acc] eval 2.49652e-3 s
[acc] eval 2.538313e-3 s
[acc] eval 2.374146e-3 s
[acc] eval 2.381128e-3 s
[acc] eval 2.61414e-3 s
[acc] eval 2.46902e-3 s
[acc] eval 2.188687e-3 s
[acc] eval 2.283195e-3 s
[acc] eval 2.088139e-3 s
[acc] eval 2.707249e-3 s
[acc] eval 2.549837e-3 s
[acc] eval 2.548223e-3 s
[acc] eval 0.11046224 s
[acc] eval 1.4503507e-2 s
[acc] eval 3.056065e-3 s
[acc] eval 3.025317e-3 s
[acc] eval 1.7827682e-2 s
[acc] eval 3.488156e-3 s
[acc] eval 2.725806e-3 s
[acc] eval 2.288143e-3 s
[acc] eval 2.148423e-3 s
[acc] eval 2.713608e-3 s
[acc] eval 3.415792e-3 s
[acc] eval 3.015227e-3 s
[acc] eval 2.390681e-3 s
[acc] eval 2.125179e-3 s
[acc] eval 1.989427e-3 s
[acc] eval 1.818566e-3 s
[acc] eval 1.8521e-3 s
[acc] eval 2.881989e-3 s
[acc] eval 3.046777e-3 s
[acc] eval 2.654651e-3 s
[acc] eval 2.006226e-3 s
[acc] eval 1.971305e-3 s
[acc] eval 1.86503e-3 s
[acc] eval 1.927143e-3 s
[acc] eval 2.016994e-3 s
[acc] eval 1.945437e-3 s
[acc] eval 1.828437e-3 s
[acc] eval 1.73992e-3 s
[acc] eval 2.261915e-3 s
[acc] eval 2.117168e-3 s
[acc] eval 2.215959e-3 s
[acc] eval 0.104806143 s
