[acc] compile 1.4265648e-2 s
[acc] eval 2.085498078 s
[acc] compile 5.0463e-4 s
[acc] eval 6.8433401e-2 s
[acc] compile 3.45775e-4 s
[acc] eval 6.68046e-2 s
[acc] compile 3.37991e-4 s
[acc] eval 0.161001076 s
[acc] compile 5.4767e-4 s
[acc] eval 0.158647994 s
[acc] compile 3.34669e-4 s
[acc] eval 0.149825464 s
[acc] compile 3.22752e-4 s
[acc] eval 0.154522423 s
[acc] compile 3.2618e-4 s
[acc] eval 0.13240345 s
[acc] compile 4.46399e-4 s
[acc] eval 7.354885e-2 s
[acc] compile 0.189055555 s
[acc] eval 5.3704889e-2 s
[acc] eval 0.247431364 s
[acc] compile 0.154808666 s
[acc] eval 2.0253999e-2 s
[acc] eval 0.178810815 s
[acc] compile 5.208738e-3 s
[acc] eval 1.0892198e-2 s
[acc] eval 1.961944e-2 s
[acc] compile 6.6138748e-2 s
[acc] eval 6.219042e-3 s
[acc] eval 7.5499002e-2 s
[acc] compile 9.8620068e-2 s
[acc] eval 2.5253243e-2 s
[acc] eval 0.128110028 s
[acc] compile 0.105880511 s
[acc] eval 1.0256451e-2 s
[acc] eval 2.27475e-3 s
[acc] eval 2.236627e-3 s
[acc] eval 2.917205e-3 s
[acc] eval 2.545805e-3 s
[acc] eval 2.662968e-3 s
[acc] eval 0.136057567 s
[acc] compile 5.9705005e-2 s
[acc] eval 2.1060338e-2 s
[acc] eval 8.4584216e-2 s
[acc] compile 6.1727064e-2 s
[acc] eval 1.7040798e-2 s
[acc] eval 8.2325455e-2 s
[acc] compile 2.635694e-3 s
[acc] eval 2.662025e-3 s
[acc] eval 5.00366e-4 s
[acc] eval 5.74029e-4 s
[acc] eval 7.133388e-3 s
[acc] compile 0.217329913 s
[acc] eval 9.003365e-3 s
[acc] eval 0.231955054 s
[acc] compile 0.345114098 s
[acc] eval 1.6246856e-2 s
[acc] eval 0.367359939 s
[acc] compile 0.115365887 s
[acc] eval 6.592364e-3 s
[acc] eval 0.125968885 s
[acc] compile 6.770088e-2 s
[acc] eval 1.2887617e-2 s
[acc] eval 2.360156e-3 s
[acc] eval 2.789628e-3 s
[acc] eval 2.090972e-3 s
[acc] eval 1.735621e-3 s
[acc] eval 1.849619e-3 s
[acc] eval 1.763699e-3 s
[acc] eval 1.956791e-3 s
[acc] eval 1.673167e-3 s
[acc] eval 1.704207e-3 s
[acc] eval 0.102083694 s
[acc] compile 6.107968e-3 s
[acc] eval 5.956893e-3 s
[acc] eval 1.4855251e-2 s
[acc] compile 5.578607e-3 s
[acc] eval 6.877414e-3 s
[acc] eval 2.0151987e-2 s
[acc] compile 5.227676e-3 s
[acc] eval 4.219579e-3 s
[acc] eval 1.0799933e-2 s
[acc] compile 4.390755e-3 s
[acc] eval 3.676329e-3 s
[acc] eval 7.14859e-4 s
[acc] eval 8.69823e-4 s
[acc] eval 1.0902857e-2 s
[acc] compile 5.9629592e-2 s
[acc] eval 1.8088674e-2 s
[acc] eval 8.0215601e-2 s
[acc] compile 0.274554457 s
[acc] eval 2.3096644e-2 s
[acc] eval 0.302562941 s
[acc] compile 6.7014237e-2 s
[acc] eval 1.126718e-2 s
[acc] eval 8.1188395e-2 s
[acc] compile 0.197826399 s
[acc] eval 2.7271636e-2 s
[acc] eval 0.230117527 s
[acc] compile 3.189148e-3 s
[acc] eval 3.154573e-3 s
[acc] eval 5.71319e-4 s
[acc] eval 7.53885e-4 s
[acc] eval 8.65552e-3 s
[acc] compile 5.0366231e-2 s
[acc] eval 5.849966e-3 s
[acc] eval 3.17637e-3 s
[acc] eval 7.714995e-3 s
[acc] eval 2.571457e-3 s
[acc] eval 3.125503e-3 s
[acc] eval 2.701833e-3 s
[acc] eval 2.658147e-3 s
[acc] eval 2.592324e-3 s
[acc] eval 3.112082e-3 s
[acc] eval 2.733091e-3 s
[acc] eval 2.336323e-3 s
[acc] eval 1.907771e-3 s
[acc] eval 2.155322e-3 s
[acc] eval 2.087372e-3 s
[acc] eval 2.306949e-3 s
[acc] eval 2.17044e-3 s
[acc] eval 2.28413e-3 s
[acc] eval 2.241106e-3 s
[acc] eval 0.108442134 s
[acc] compile 3.850279e-3 s
[acc] eval 4.988239e-3 s
[acc] eval 1.075986e-2 s
[acc] compile 0.111207043 s
[acc] eval 1.1718907e-2 s
[acc] eval 0.129072606 s
[acc] compile 1.2045091e-2 s
[acc] eval 5.98618e-3 s
[acc] eval 2.658891e-3 s
[acc] eval 2.614483e-3 s
[acc] eval 2.878972e-3 s
[acc] eval 9.246665e-3 s
[acc] eval 1.953261e-3 s
[acc] eval 2.024117e-3 s
[acc] eval 2.112242e-3 s
[acc] eval 2.170531e-3 s
[acc] eval 2.206944e-3 s
[acc] eval 2.082779e-3 s
[acc] eval 2.054581e-3 s
[acc] eval 2.91899e-3 s
[acc] eval 2.31314e-3 s
[acc] eval 2.590347e-3 s
[acc] eval 2.490846e-3 s
[acc] eval 2.12462e-3 s
[acc] eval 2.072072e-3 s
[acc] eval 1.767863e-3 s
[acc] eval 1.747893e-3 s
[acc] eval 1.681994e-3 s
[acc] eval 1.677331e-3 s
[acc] eval 1.667058e-3 s
[acc] eval 1.738649e-3 s
[acc] eval 1.723201e-3 s
[acc] eval 1.634835e-3 s
[acc] eval 1.817703e-3 s
[acc] eval 2.025923e-3 s
[acc] eval 3.599293e-3 s
[acc] eval 1.714431e-3 s
[acc] eval 9.2086851e-2 s
[acc] compile 0.161452896 s
[acc] eval 2.6907426e-2 s
[acc] eval 0.193446076 s
[acc] compile 5.12666e-4 s
[acc] eval 6.179356e-3 s
[acc] compile 0.220288733 s
[acc] eval 1.412936e-2 s
[acc] eval 0.246024608 s
[acc] compile 0.239429048 s
[acc] eval 6.24851e-3 s
[acc] eval 0.248896857 s
[acc] compile 0.156741157 s
[acc] eval 2.5923469e-2 s
[acc] eval 4.023714e-3 s
[acc] eval 5.044321e-3 s
[acc] eval 3.467994e-3 s
[acc] eval 3.136781e-3 s
[acc] eval 2.795908e-3 s
[acc] eval 2.640045e-3 s
[acc] eval 2.461898e-3 s
[acc] eval 2.378411e-3 s
[acc] eval 1.924247e-3 s
[acc] eval 2.084227e-3 s
[acc] eval 2.12972e-3 s
[acc] eval 2.21675e-3 s
[acc] eval 1.786445e-3 s
[acc] eval 0.222349391 s
[acc] compile 6.639034e-2 s
[acc] eval 1.1548852e-2 s
[acc] eval 8.1634591e-2 s
[acc] compile 0.226825878 s
[acc] eval 2.9051793e-2 s
[acc] eval 0.261868217 s
[acc] compile 0.220848323 s
[acc] eval 9.29789e-3 s
[acc] eval 0.244850719 s
[acc] compile 0.213118581 s
[acc] eval 2.5355812e-2 s
[acc] eval 0.242115538 s
[acc] compile 5.637644e-3 s
[acc] eval 2.0964559e-2 s
[acc] eval 2.9672506e-2 s
[acc] compile 6.79494e-4 s
[acc] eval 9.913384e-3 s
[acc] compile 0.252989193 s
[acc] eval 2.1474583e-2 s
[acc] eval 0.295144487 s
[acc] compile 7.484871e-3 s
[acc] eval 1.0990303e-2 s
[acc] eval 2.1373528e-2 s
[acc] compile 0.113178454 s
[acc] eval 5.228269e-3 s
[acc] eval 2.3598e-3 s
[acc] eval 2.305051e-3 s
[acc] eval 0.125716473 s
[acc] compile 3.379124e-3 s
[acc] eval 7.913884e-3 s
[acc] eval 1.9484029e-2 s
[acc] compile 5.434854e-3 s
[acc] eval 4.48181e-3 s
[acc] eval 1.503559e-3 s
[acc] eval 1.618248e-3 s
[acc] eval 1.219405e-3 s
[acc] eval 9.55927e-4 s
[acc] eval 1.6945106e-2 s
[acc] compile 0.164444277 s
[acc] eval 3.099362e-2 s
[acc] eval 0.200482075 s
[acc] compile 7.08206e-4 s
[acc] eval 1.1280592e-2 s
[acc] compile 0.189853225 s
[acc] eval 2.2757664e-2 s
[acc] eval 8.436085e-3 s
[acc] eval 2.886652e-3 s
[acc] eval 2.868476e-3 s
[acc] eval 3.190332e-3 s
[acc] eval 3.204359e-3 s
[acc] eval 3.139087e-3 s
[acc] eval 3.245627e-3 s
[acc] eval 3.007036e-3 s
[acc] eval 3.125644e-3 s
[acc] eval 3.09743e-3 s
[acc] eval 3.531242e-3 s
[acc] eval 0.257214919 s
[acc] compile 0.205753125 s
[acc] eval 2.1232181e-2 s
[acc] eval 0.23745257 s
[acc] compile 5.7320522e-2 s
[acc] eval 7.119353e-3 s
[acc] eval 6.8231279e-2 s
[acc] compile 0.193872361 s
[acc] eval 2.2257206e-2 s
[acc] eval 0.221669634 s
[acc] compile 0.150130309 s
[acc] eval 7.935574e-3 s
[acc] eval 0.164785083 s
[acc] compile 6.214809e-3 s
[acc] eval 7.461652e-3 s
[acc] eval 1.680862e-3 s
[acc] eval 1.481388e-3 s
[acc] eval 1.547534e-3 s
[acc] eval 2.0364955e-2 s
[acc] compile 8.9808692e-2 s
[acc] eval 2.1656617e-2 s
[acc] eval 0.11452241 s
[acc] compile 7.2451889e-2 s
[acc] eval 1.1835891e-2 s
[acc] eval 1.8158232e-2 s
[acc] eval 4.312369e-3 s
[acc] eval 3.922289e-3 s
[acc] eval 3.359633e-3 s
[acc] eval 2.886212e-3 s
[acc] eval 2.608406e-3 s
[acc] eval 2.537994e-3 s
[acc] eval 2.1766e-3 s
[acc] eval 2.192399e-3 s
[acc] eval 2.102316e-3 s
[acc] eval 2.635971e-3 s
[acc] eval 2.704138e-3 s
[acc] eval 2.552679e-3 s
[acc] eval 2.220245e-3 s
[acc] eval 2.223593e-3 s
[acc] eval 2.157324e-3 s
[acc] eval 2.525691e-3 s
[acc] eval 2.713338e-3 s
[acc] eval 2.18994e-3 s
[acc] eval 2.001642e-3 s
[acc] eval 2.369007e-3 s
[acc] eval 2.270902e-3 s
[acc] eval 2.11157e-3 s
[acc] eval 2.57959e-3 s
[acc] eval 2.258395e-3 s
[acc] eval 2.170036e-3 s
[acc] eval 2.084145e-3 s
[acc] eval 2.193339e-3 s
[acc] eval 2.069743e-3 s
[acc] eval 0.178906274 s
[acc] compile 4.270386e-3 s
[acc] eval 1.0751416e-2 s
[acc] eval 1.7112429e-2 s
[acc] compile 0.100964283 s
[acc] eval 1.1525625e-2 s
[acc] eval 4.530741e-3 s
[acc] eval 2.446789e-3 s
[acc] eval 2.048361e-3 s
[acc] eval 2.50841e-3 s
[acc] eval 2.099255e-3 s
[acc] eval 2.176238e-3 s
[acc] eval 2.194029e-3 s
[acc] eval 1.826514e-3 s
[acc] eval 1.849036e-3 s
[acc] eval 1.484812e-3 s
[acc] eval 1.288876e-3 s
[acc] eval 1.288774e-3 s
[acc] eval 1.224804e-3 s
[acc] eval 1.328211e-3 s
[acc] eval 1.244777e-3 s
[acc] eval 1.771454e-3 s
[acc] eval 1.937452e-3 s
[acc] eval 1.682814e-3 s
[acc] eval 1.824856e-3 s
[acc] eval 1.816343e-3 s
[acc] eval 1.794253e-3 s
[acc] eval 1.429342e-3 s
[acc] eval 1.702287e-3 s
[acc] eval 1.537798e-3 s
[acc] eval 1.457158e-3 s
[acc] eval 1.462775e-3 s
[acc] eval 1.44177e-3 s
[acc] eval 1.447965e-3 s
[acc] eval 1.384499e-3 s
[acc] eval 1.329399e-3 s
[acc] eval 1.511663e-3 s
[acc] eval 1.424591e-3 s
[acc] eval 0.17313953 s
[acc] compile 0.299413425 s
[acc] eval 2.1699664e-2 s
[acc] eval 0.325662628 s
[acc] compile 4.223824e-3 s
[acc] eval 4.525384e-3 s
[acc] eval 7.923764e-3 s
[acc] eval 1.031427e-3 s
[acc] eval 9.24515e-4 s
[acc] eval 1.9970576e-2 s
[acc] compile 3.46456e-4 s
[acc] eval 6.302134e-3 s
[acc] compile 5.025315e-3 s
[acc] eval 1.1583233e-2 s
[acc] eval 2.0148562e-2 s
[acc] compile 0.347926522 s
[acc] eval 3.0979256e-2 s
[acc] eval 0.384299816 s
[acc] compile 0.216646873 s
[acc] eval 9.349926e-3 s
[acc] eval 0.230106741 s
[acc] compile 7.659551e-3 s
[acc] eval 2.6596723e-2 s
[acc] eval 3.7696654e-2 s
[acc] compile 0.28186962 s
[acc] eval 3.2598356e-2 s
[acc] eval 4.574983e-3 s
[acc] eval 1.427731e-2 s
[acc] eval 3.255224e-3 s
[acc] eval 3.214917e-3 s
[acc] eval 3.07828e-3 s
[acc] eval 3.663352e-3 s
[acc] eval 3.453812e-3 s
[acc] eval 3.058286e-3 s
[acc] eval 3.835364e-3 s
[acc] eval 3.780725e-3 s
[acc] eval 3.714473e-3 s
[acc] eval 3.577035e-3 s
[acc] eval 3.407917e-3 s
[acc] eval 3.354277e-3 s
[acc] eval 3.560941e-3 s
[acc] eval 3.390286e-3 s
[acc] eval 3.22039e-3 s
[acc] eval 9.972252e-3 s
[acc] eval 3.137136e-3 s
[acc] eval 3.188615e-3 s
[acc] eval 3.016503e-3 s
[acc] eval 3.143659e-3 s
[acc] eval 3.099834e-3 s
[acc] eval 3.515821e-3 s
[acc] eval 3.609337e-3 s
[acc] eval 3.17817e-3 s
[acc] eval 3.151115e-3 s
[acc] eval 3.179648e-3 s
[acc] eval 3.718636e-3 s
[acc] eval 3.304055e-3 s
[acc] eval 3.748165e-3 s
[acc] eval 9.942835e-3 s
[acc] eval 0.45576934 s
[acc] compile 0.194714145 s
[acc] eval 2.0551185e-2 s
[acc] eval 7.87836e-3 s
[acc] eval 2.25928e-3 s
[acc] eval 2.474389e-3 s
[acc] eval 2.383506e-3 s
[acc] eval 2.080925e-3 s
[acc] eval 1.864769e-3 s
[acc] eval 1.801291e-3 s
[acc] eval 2.26921e-3 s
[acc] eval 2.294887e-3 s
[acc] eval 2.138333e-3 s
[acc] eval 2.318594e-3 s
[acc] eval 2.300833e-3 s
[acc] eval 0.251656353 s
[acc] compile 8.82363e-4 s
[acc] eval 9.286242e-3 s
[acc] compile 9.7646697e-2 s
[acc] eval 1.8205626e-2 s
[acc] eval 0.118845682 s
[acc] compile 0.126468688 s
[acc] eval 1.5717565e-2 s
[acc] eval 0.149033685 s
[acc] compile 0.15649581 s
[acc] eval 1.0153945e-2 s
[acc] eval 0.170554226 s
[acc] compile 0.106453033 s
[acc] eval 2.649428e-2 s
[acc] eval 0.134990508 s
[acc] compile 5.414857e-3 s
[acc] eval 6.828555e-3 s
[acc] eval 2.14381e-3 s
[acc] eval 2.253616e-3 s
[acc] eval 2.057191e-3 s
[acc] eval 2.537661e-3 s
[acc] eval 1.010744e-2 s
[acc] eval 2.426033e-3 s
[acc] eval 2.30762e-3 s
[acc] eval 2.365679e-3 s
[acc] eval 4.1449394e-2 s
[acc] compile 6.158771e-3 s
[acc] eval 1.18245e-2 s
[acc] eval 2.055085e-3 s
[acc] eval 1.911074e-3 s
[acc] eval 2.055733e-3 s
[acc] eval 2.531827e-3 s
[acc] eval 2.487115e-3 s
[acc] eval 8.209249e-3 s
[acc] eval 4.0326961e-2 s
[acc] compile 0.112310227 s
[acc] eval 1.0953421e-2 s
[acc] eval 0.125307378 s
[acc] compile 5.844479e-3 s
[acc] eval 1.9211956e-2 s
[acc] eval 2.7610537e-2 s
[acc] compile 5.55589e-4 s
[acc] eval 1.165425e-2 s
[acc] compile 0.124699765 s
[acc] eval 1.2873829e-2 s
[acc] eval 2.728593e-3 s
[acc] eval 2.306832e-3 s
[acc] eval 1.0987127e-2 s
[acc] eval 2.09674e-3 s
[acc] eval 2.721036e-3 s
[acc] eval 2.684267e-3 s
[acc] eval 2.521897e-3 s
[acc] eval 2.770637e-3 s
[acc] eval 3.021118e-3 s
[acc] eval 2.856633e-3 s
[acc] eval 2.84766e-3 s
[acc] eval 2.486392e-3 s
[acc] eval 2.277224e-3 s
[acc] eval 2.46606e-3 s
[acc] eval 1.983922e-3 s
[acc] eval 1.779974e-3 s
[acc] eval 1.788911e-3 s
[acc] eval 1.847482e-3 s
[acc] eval 1.74694e-3 s
[acc] eval 1.790813e-3 s
[acc] eval 1.807029e-3 s
[acc] eval 2.616565e-3 s
[acc] eval 2.361945e-3 s
[acc] eval 2.376103e-3 s
[acc] eval 2.457164e-3 s
[acc] eval 2.298596e-3 s
[acc] eval 2.214342e-3 s
[acc] eval 2.320056e-3 s
[acc] eval 2.162022e-3 s
[acc] eval 2.336753e-3 s
[acc] eval 0.222440689 s
[acc] compile 0.121851446 s
[acc] eval 1.6438217e-2 s
[acc] eval 0.143983406 s
[acc] compile 8.44159e-4 s
[acc] eval 2.3895123e-2 s
[acc] compile 0.212339052 s
[acc] eval 2.5064123e-2 s
[acc] eval 0.241376921 s
[acc] compile 0.264671258 s
[acc] eval 2.2569971e-2 s
[acc] eval 0.293001861 s
[acc] compile 4.0861491e-2 s
[acc] eval 5.039117e-3 s
[acc] eval 1.780041e-3 s
[acc] eval 1.168492e-3 s
[acc] eval 1.175256e-3 s
[acc] eval 1.096187e-3 s
[acc] eval 5.3313222e-2 s
[acc] compile 0.389719949 s
[acc] eval 3.2575086e-2 s
[acc] eval 0.427533897 s
[acc] compile 0.158475688 s
[acc] eval 1.5735094e-2 s
[acc] eval 0.180165641 s
[acc] compile 0.121467002 s
[acc] eval 2.0653025e-2 s
[acc] eval 0.148804859 s
[acc] compile 3.95432e-4 s
[acc] eval 7.555875e-3 s
[acc] compile 6.7596304e-2 s
[acc] eval 1.5703411e-2 s
[acc] eval 1.2731855e-2 s
[acc] eval 0.105021664 s
[acc] compile 0.158280251 s
[acc] eval 1.5278886e-2 s
[acc] eval 0.177215112 s
[acc] compile 9.45161e-3 s
[acc] eval 9.72091e-3 s
[acc] eval 2.3154734e-2 s
[acc] compile 0.288321737 s
[acc] eval 1.9008768e-2 s
[acc] eval 0.312307475 s
[acc] compile 4.131006e-3 s
[acc] eval 5.686701e-3 s
[acc] eval 1.86382e-3 s
[acc] eval 1.770003e-3 s
[acc] eval 1.763062e-3 s
[acc] eval 1.682069e-3 s
[acc] eval 1.9100163e-2 s
[acc] compile 9.1620243e-2 s
[acc] eval 6.484414e-3 s
[acc] eval 1.2135426e-2 s
[acc] eval 2.482298e-3 s
[acc] eval 2.249842e-3 s
[acc] eval 2.465233e-3 s
[acc] eval 2.204041e-3 s
[acc] eval 2.514445e-3 s
[acc] eval 2.334891e-3 s
[acc] eval 2.488688e-3 s
[acc] eval 2.537035e-3 s
[acc] eval 2.313194e-3 s
[acc] eval 2.200516e-3 s
[acc] eval 0.137660424 s
[acc] compile 9.6577901e-2 s
[acc] eval 2.5314695e-2 s
[acc] eval 0.124870545 s
[acc] compile 5.3712957e-2 s
[acc] eval 1.5155687e-2 s
[acc] eval 2.142958e-3 s
[acc] eval 1.987387e-3 s
[acc] eval 2.036745e-3 s
[acc] eval 1.886926e-3 s
[acc] eval 1.930904e-3 s
[acc] eval 2.247395e-3 s
[acc] eval 2.225776e-3 s
[acc] eval 1.966998e-3 s
[acc] eval 2.064518e-3 s
[acc] eval 2.118795e-3 s
[acc] eval 1.971806e-3 s
[acc] eval 1.947595e-3 s
[acc] eval 2.144575e-3 s
[acc] eval 2.127479e-3 s
[acc] eval 1.942819e-3 s
[acc] eval 1.721196e-3 s
[acc] eval 1.680343e-3 s
[acc] eval 1.622319e-3 s
[acc] eval 1.621821e-3 s
[acc] eval 1.591793e-3 s
[acc] eval 1.705966e-3 s
[acc] eval 1.583743e-3 s
[acc] eval 1.652401e-3 s
[acc] eval 1.560156e-3 s
[acc] eval 1.570803e-3 s
[acc] eval 1.94719e-3 s
[acc] eval 2.142272e-3 s
[acc] eval 2.034547e-3 s
[acc] eval 2.062709e-3 s
[acc] eval 0.128450762 s
[acc] compile 0.202260382 s
[acc] eval 2.0263869e-2 s
[acc] eval 0.225467831 s
[acc] compile 6.2368564e-2 s
[acc] eval 1.3391552e-2 s
[acc] eval 7.9576851e-2 s
[acc] compile 5.91242e-4 s
[acc] eval 4.611191e-3 s
[acc] compile 3.690763e-3 s
[acc] eval 4.661318e-3 s
[acc] eval 1.729906e-3 s
[acc] eval 1.588951e-3 s
[acc] eval 1.469724e-3 s
[acc] eval 1.341541e-3 s
[acc] eval 1.545809e-3 s
[acc] eval 1.8225685e-2 s
[acc] compile 4.213705e-3 s
[acc] eval 5.377343e-3 s
[acc] eval 1.760698e-3 s
[acc] eval 1.895739e-3 s
[acc] eval 1.622422e-3 s
[acc] eval 1.74304e-3 s
[acc] eval 1.677461e-3 s
[acc] eval 1.728353e-3 s
[acc] eval 1.693276e-3 s
[acc] eval 1.689402e-3 s
[acc] eval 1.803792e-3 s
[acc] eval 2.7910368e-2 s
[acc] compile 1.2290724e-2 s
[acc] eval 3.448354e-3 s
[acc] eval 1.05685e-3 s
[acc] eval 1.20522e-3 s
[acc] eval 1.9748719e-2 s
[acc] compile 0.108376904 s
[acc] eval 1.4048296e-2 s
[acc] eval 1.798583e-3 s
[acc] eval 1.76595e-3 s
[acc] eval 1.573562e-3 s
[acc] eval 0.129888736 s
[acc] compile 1.4107385e-2 s
[acc] eval 5.904821e-3 s
[acc] eval 3.217563e-3 s
[acc] eval 2.675708e-3 s
[acc] eval 2.501024e-3 s
[acc] eval 1.917555e-3 s
[acc] eval 1.675355e-3 s
[acc] eval 1.5883351e-2 s
[acc] eval 1.766942e-3 s
[acc] eval 1.792922e-3 s
[acc] eval 2.17134e-3 s
[acc] eval 2.243809e-3 s
[acc] eval 2.228565e-3 s
[acc] eval 2.443375e-3 s
[acc] eval 2.794254e-3 s
[acc] eval 3.341896e-3 s
[acc] eval 2.462887e-3 s
[acc] eval 2.348675e-3 s
[acc] eval 2.20028e-3 s
[acc] eval 2.048799e-3 s
[acc] eval 2.24476e-3 s
[acc] eval 1.760951e-3 s
[acc] eval 1.668569e-3 s
[acc] eval 1.71466e-3 s
[acc] eval 1.796031e-3 s
[acc] eval 1.760079e-3 s
[acc] eval 1.535038e-3 s
[acc] eval 1.293229e-3 s
[acc] eval 1.289601e-3 s
[acc] eval 1.361508e-3 s
[acc] eval 1.345789e-3 s
[acc] eval 9.7575393e-2 s
[acc] compile 2.923394e-3 s
[acc] eval 5.358028e-3 s
[acc] eval 1.28066e-3 s
[acc] eval 1.484662e-3 s
[acc] eval 1.291871e-3 s
[acc] eval 1.799509e-3 s
[acc] eval 1.970161e-3 s
[acc] eval 2.039372e-3 s
[acc] eval 1.55865e-3 s
[acc] eval 1.382415e-3 s
[acc] eval 1.483478e-3 s
[acc] eval 1.479838e-3 s
[acc] eval 1.908894e-3 s
[acc] eval 2.191068e-3 s
[acc] eval 3.1381276e-2 s
[acc] compile 0.142765663 s
[acc] eval 1.5939504e-2 s
[acc] eval 0.162381643 s
[acc] compile 0.277664147 s
[acc] eval 1.8624091e-2 s
[acc] eval 1.0285724e-2 s
[acc] eval 3.012708e-3 s
[acc] eval 3.309909e-3 s
[acc] eval 3.43163e-3 s
[acc] eval 3.358673e-3 s
[acc] eval 2.630772e-3 s
[acc] eval 2.338414e-3 s
[acc] eval 2.305291e-3 s
[acc] eval 2.645965e-3 s
[acc] eval 2.791502e-3 s
[acc] eval 2.771648e-3 s
[acc] eval 3.606578e-3 s
[acc] eval 2.778875e-3 s
[acc] eval 2.161649e-3 s
[acc] eval 2.20738e-3 s
[acc] eval 2.146118e-3 s
[acc] eval 2.50228e-3 s
[acc] eval 3.00542e-3 s
[acc] eval 2.844851e-3 s
[acc] eval 2.697136e-3 s
[acc] eval 2.707431e-3 s
[acc] eval 2.575531e-3 s
[acc] eval 2.782007e-3 s
[acc] eval 2.655084e-3 s
[acc] eval 2.681264e-3 s
[acc] eval 2.628565e-3 s
[acc] eval 2.655071e-3 s
[acc] eval 2.459525e-3 s
[acc] eval 2.526558e-3 s
[acc] eval 2.772539e-3 s
[acc] eval 0.391419442 s
[acc] compile 3.096965e-3 s
[acc] eval 3.695333e-3 s
[acc] eval 9.77863e-4 s
[acc] eval 6.73832e-4 s
[acc] eval 9.834603e-3 s
[acc] compile 5.82086e-4 s
[acc] eval 5.210336e-3 s
[acc] compile 0.131992941 s
[acc] eval 1.1691676e-2 s
[acc] eval 0.149340409 s
[acc] compile 8.379068e-3 s
[acc] eval 1.0866248e-2 s
[acc] eval 3.226356e-3 s
[acc] eval 3.4088e-3 s
[acc] eval 3.078065e-3 s
[acc] eval 3.2625822e-2 s
[acc] compile 1.7680716e-2 s
[acc] eval 6.00316e-3 s
[acc] eval 3.112374e-3 s
[acc] eval 2.548888e-3 s
[acc] eval 2.449405e-3 s
[acc] eval 2.039666e-3 s
[acc] eval 3.6502512e-2 s
[acc] compile 9.769033e-3 s
[acc] eval 8.526735e-3 s
[acc] eval 8.86887e-4 s
[acc] eval 7.0572e-4 s
[acc] eval 2.1453722e-2 s
[acc] compile 4.6425179e-2 s
[acc] eval 1.0486529e-2 s
[acc] eval 2.301824e-3 s
[acc] eval 8.234188e-3 s
[acc] eval 1.815302e-3 s
[acc] eval 7.1404745e-2 s
[acc] compile 4.898081e-3 s
[acc] eval 1.6748592e-2 s
[acc] eval 1.659975e-3 s
[acc] eval 1.704702e-3 s
[acc] eval 1.732326e-3 s
[acc] eval 1.2297787e-2 s
[acc] eval 2.057196e-3 s
[acc] eval 1.853577e-3 s
[acc] eval 1.732615e-3 s
[acc] eval 1.840443e-3 s
[acc] eval 1.229785e-3 s
[acc] eval 1.3976e-3 s
[acc] eval 1.73266e-3 s
[acc] eval 5.4063079e-2 s
[acc] compile 0.139054307 s
[acc] eval 2.2076127e-2 s
[acc] eval 0.164854741 s
[acc] compile 0.160201877 s
[acc] eval 2.5276339e-2 s
[acc] eval 0.18846049 s
[acc] compile 3.028768e-3 s
[acc] eval 3.990714e-3 s
[acc] eval 1.225239e-3 s
[acc] eval 1.109918e-3 s
[acc] eval 1.1147351e-2 s
[acc] compile 4.227035e-3 s
[acc] eval 4.841422e-3 s
[acc] eval 1.441078e-3 s
[acc] eval 1.08873e-3 s
[acc] eval 1.3369329e-2 s
[acc] compile 6.7677771e-2 s
[acc] eval 5.354672e-3 s
[acc] eval 1.889465e-3 s
[acc] eval 1.855803e-3 s
[acc] eval 1.607627e-3 s
[acc] eval 1.542809e-3 s
[acc] eval 1.422148e-3 s
[acc] eval 1.484214e-3 s
[acc] eval 2.148628e-3 s
[acc] eval 2.165364e-3 s
[acc] eval 1.0488767e-2 s
[acc] eval 1.410385e-3 s
[acc] eval 1.420627e-3 s
[acc] eval 1.741542e-3 s
[acc] eval 1.641822e-3 s
[acc] eval 1.335681e-3 s
[acc] eval 1.401238e-3 s
[acc] eval 1.630191e-3 s
[acc] eval 1.42728e-3 s
[acc] eval 1.291204e-3 s
[acc] eval 1.27849e-3 s
[acc] eval 1.287307e-3 s
[acc] eval 1.720321e-3 s
[acc] eval 1.810907e-3 s
[acc] eval 1.863402e-3 s
[acc] eval 1.660229e-3 s
[acc] eval 1.792453e-3 s
[acc] eval 1.875633e-3 s
[acc] eval 1.893218e-3 s
[acc] eval 1.892503e-3 s
[acc] eval 1.829244e-3 s
[acc] eval 0.13458927 s
[acc] compile 7.0681658e-2 s
[acc] eval 6.959448e-3 s
[acc] eval 8.1724084e-2 s
[acc] compile 4.635452e-3 s
[acc] eval 1.1667189e-2 s
[acc] eval 1.8102668e-2 s
[acc] compile 3.921596e-3 s
[acc] eval 3.645161e-3 s
[acc] eval 6.73083e-3 s
[acc] eval 8.33187e-4 s
[acc] eval 9.24945e-4 s
[acc] eval 1.7313677e-2 s
[acc] compile 4.406082e-3 s
[acc] eval 5.721084e-3 s
[acc] eval 1.182491e-3 s
[acc] eval 8.64068e-4 s
[acc] eval 1.133277e-3 s
[acc] eval 1.4657665e-2 s
[acc] compile 9.7624845e-2 s
[acc] eval 2.1187138e-2 s
[acc] eval 0.122804949 s
[acc] compile 5.170768e-3 s
[acc] eval 9.712932e-3 s
[acc] eval 1.1061967e-2 s
[acc] eval 9.05932e-4 s
[acc] eval 2.8417472e-2 s
[acc] compile 4.4795655e-2 s
[acc] eval 4.900241e-3 s
[acc] eval 1.344214e-3 s
[acc] eval 9.17731e-4 s
[acc] eval 1.066898e-3 s
[acc] eval 5.4499549e-2 s
[acc] compile 0.189789377 s
[acc] eval 2.1179852e-2 s
[acc] eval 0.224540481 s
[acc] compile 4.065611e-3 s
[acc] eval 4.616672e-3 s
[acc] eval 1.092287e-3 s
[acc] eval 8.65591e-4 s
[acc] eval 1.2145242e-2 s
[acc] compile 6.698132e-3 s
[acc] eval 9.750563e-3 s
[acc] eval 2.071006e-3 s
[acc] eval 1.0894182e-2 s
[acc] eval 1.673287e-3 s
[acc] eval 1.85013e-3 s
[acc] eval 2.030009e-3 s
[acc] eval 1.933643e-3 s
[acc] eval 1.914806e-3 s
[acc] eval 1.981596e-3 s
[acc] eval 2.055146e-3 s
[acc] eval 2.005707e-3 s
[acc] eval 1.918509e-3 s
[acc] eval 2.025233e-3 s
[acc] eval 2.044293e-3 s
[acc] eval 2.080964e-3 s
[acc] eval 2.032973e-3 s
[acc] eval 2.083777e-3 s
[acc] eval 2.030774e-3 s
[acc] eval 2.01407e-3 s
[acc] eval 2.045497e-3 s
[acc] eval 2.154215e-3 s
[acc] eval 2.388107e-3 s
[acc] eval 2.23277e-3 s
[acc] eval 2.335139e-3 s
[acc] eval 2.275835e-3 s
[acc] eval 2.143132e-3 s
[acc] eval 2.220631e-3 s
[acc] eval 2.273584e-3 s
[acc] eval 2.258019e-3 s
[acc] eval 1.984097e-3 s
[acc] eval 2.093865e-3 s
[acc] eval 9.2383873e-2 s
[acc] compile 6.04823e-4 s
[acc] eval 5.926388e-3 s
[acc] compile 0.163980961 s
[acc] eval 1.4677375e-2 s
[acc] eval 3.86828e-3 s
[acc] eval 1.0163202e-2 s
[acc] eval 2.767972e-3 s
[acc] eval 2.624117e-3 s
[acc] eval 2.27382e-3 s
[acc] eval 2.091599e-3 s
[acc] eval 2.188703e-3 s
[acc] eval 2.240942e-3 s
[acc] eval 2.545649e-3 s
[acc] eval 2.60862e-3 s
[acc] eval 2.534437e-3 s
[acc] eval 2.330861e-3 s
[acc] eval 2.090573e-3 s
[acc] eval 2.137306e-3 s
[acc] eval 2.30645e-3 s
[acc] eval 2.103521e-3 s
[acc] eval 1.524636e-3 s
[acc] eval 1.563633e-3 s
[acc] eval 2.161731e-3 s
[acc] eval 1.681465e-3 s
[acc] eval 0.236418921 s
[acc] compile 0.194394237 s
[acc] eval 1.4306296e-2 s
[acc] eval 0.214376547 s
[acc] compile 3.50013e-4 s
[acc] eval 3.4868863e-2 s
[acc] compile 7.0423499e-2 s
[acc] eval 1.3827387e-2 s
[acc] eval 8.264351e-3 s
[acc] eval 0.101286821 s
[acc] compile 6.97156e-3 s
[acc] eval 1.8520369e-2 s
[acc] eval 2.8976811e-2 s
[acc] compile 6.314559e-3 s
[acc] eval 1.6000527e-2 s
[acc] eval 2.5329087e-2 s
[acc] compile 0.230241011 s
[acc] eval 1.0085106e-2 s
[acc] eval 0.244983485 s
[acc] compile 4.608074e-3 s
[acc] eval 1.341604e-2 s
[acc] eval 1.9914439e-2 s
[acc] compile 5.942053e-3 s
[acc] eval 1.1636632e-2 s
[acc] eval 2.2563449e-2 s
[acc] compile 6.2035523e-2 s
[acc] eval 1.1619844e-2 s
[acc] eval 8.1290964e-2 s
[acc] compile 1.9019823e-2 s
[acc] eval 7.651077e-3 s
[acc] eval 2.9210291e-2 s
[acc] compile 3.562243e-3 s
[acc] eval 4.125422e-3 s
[acc] eval 8.46154e-4 s
[acc] eval 1.038484e-3 s
[acc] eval 1.0660222e-2 s
[acc] compile 5.4017616e-2 s
[acc] eval 6.780108e-3 s
[acc] eval 8.643256e-3 s
[acc] eval 1.260001e-3 s
[acc] eval 1.240926e-3 s
[acc] eval 7.3986711e-2 s
[acc] compile 6.211649e-3 s
[acc] eval 4.924784e-3 s
[acc] eval 1.69639e-3 s
[acc] eval 1.548848e-3 s
[acc] eval 1.36393e-3 s
[acc] eval 1.450424e-3 s
[acc] eval 1.524255e-3 s
[acc] eval 1.384164e-3 s
[acc] eval 1.727065e-3 s
[acc] eval 8.906419e-3 s
[acc] eval 1.2512e-3 s
[acc] eval 1.080487e-3 s
[acc] eval 1.005903e-3 s
[acc] eval 1.464782e-3 s
[acc] eval 1.49833e-3 s
[acc] eval 1.362752e-3 s
[acc] eval 1.385492e-3 s
[acc] eval 1.390103e-3 s
[acc] eval 1.24747e-3 s
[acc] eval 1.273399e-3 s
[acc] eval 1.533923e-3 s
[acc] eval 1.014911e-3 s
[acc] eval 1.062309e-3 s
[acc] eval 1.0503e-3 s
[acc] eval 1.017776e-3 s
[acc] eval 1.442722e-3 s
[acc] eval 1.626666e-3 s
[acc] eval 1.555302e-3 s
[acc] eval 1.219044e-3 s
[acc] eval 1.436141e-3 s
[acc] eval 1.266188e-3 s
[acc] eval 6.1843253e-2 s
[acc] compile 3.30149e-4 s
[acc] eval 7.383716e-3 s
[acc] compile 0.124767427 s
[acc] eval 2.4269266e-2 s
[acc] eval 6.36033e-3 s
[acc] eval 3.771954e-3 s
[acc] eval 2.894258e-3 s
[acc] eval 2.682033e-3 s
[acc] eval 1.0909903e-2 s
[acc] eval 2.652824e-3 s
[acc] eval 2.418095e-3 s
[acc] eval 2.416786e-3 s
[acc] eval 2.270452e-3 s
[acc] eval 2.296028e-3 s
[acc] eval 2.168319e-3 s
[acc] eval 2.304411e-3 s
[acc] eval 2.348341e-3 s
[acc] eval 2.371033e-3 s
[acc] eval 0.202588328 s
[acc] compile 6.044239e-3 s
[acc] eval 1.0947013e-2 s
[acc] eval 2.670491e-3 s
[acc] eval 2.835334e-3 s
[acc] eval 2.722564e-3 s
[acc] eval 2.43225e-3 s
[acc] eval 2.360331e-3 s
[acc] eval 2.220291e-3 s
[acc] eval 2.404958e-3 s
[acc] eval 2.315182e-3 s
[acc] eval 2.749633e-3 s
[acc] eval 2.29599e-3 s
[acc] eval 2.313395e-3 s
[acc] eval 2.039342e-3 s
[acc] eval 8.285954e-3 s
[acc] eval 2.40441e-3 s
[acc] eval 2.266516e-3 s
[acc] eval 2.206864e-3 s
[acc] eval 2.055663e-3 s
[acc] eval 6.8424265e-2 s
[acc] compile 0.208284532 s
[acc] eval 2.1233945e-2 s
[acc] eval 0.232465182 s
[acc] compile 6.2154048e-2 s
[acc] eval 6.128361e-3 s
[acc] eval 2.033257e-3 s
[acc] eval 2.212141e-3 s
[acc] eval 1.895439e-3 s
[acc] eval 2.217804e-3 s
[acc] eval 1.0283459e-2 s
[acc] eval 8.9953932e-2 s
[acc] compile 1.6912619e-2 s
[acc] eval 2.4542838e-2 s
[acc] eval 5.274232e-2 s
[acc] compile 0.146095324 s
[acc] eval 7.168551e-3 s
[acc] eval 4.453321e-3 s
[acc] eval 3.606288e-3 s
[acc] eval 3.457187e-3 s
[acc] eval 3.552108e-3 s
[acc] eval 3.71457e-3 s
[acc] eval 3.375557e-3 s
[acc] eval 3.692545e-3 s
[acc] eval 2.704821e-3 s
[acc] eval 3.291298e-3 s
[acc] eval 2.452651e-3 s
[acc] eval 1.1546995e-2 s
[acc] eval 2.092319e-3 s
[acc] eval 2.142441e-3 s
[acc] eval 1.807408e-3 s
[acc] eval 1.544759e-3 s
[acc] eval 1.278114e-3 s
[acc] eval 1.474457e-3 s
[acc] eval 1.279416e-3 s
[acc] eval 1.195206e-3 s
[acc] eval 1.467283e-3 s
[acc] eval 1.414765e-3 s
[acc] eval 1.64311e-3 s
[acc] eval 1.738348e-3 s
[acc] eval 1.592154e-3 s
[acc] eval 1.257589e-3 s
[acc] eval 1.371734e-3 s
[acc] eval 1.788985e-3 s
[acc] eval 2.011002e-3 s
[acc] eval 1.268309e-3 s
[acc] eval 0.232624208 s
[acc] compile 6.2850103e-2 s
[acc] eval 3.066701e-2 s
[acc] eval 9.8186394e-2 s
[acc] compile 3.86498e-4 s
[acc] eval 6.086479e-3 s
[acc] compile 6.3140368e-2 s
[acc] eval 1.2467456e-2 s
[acc] eval 7.56442e-3 s
[acc] eval 7.656946e-3 s
[acc] eval 5.50613e-3 s
[acc] eval 3.969268e-3 s
[acc] eval 1.956751e-3 s
[acc] eval 2.233315e-3 s
[acc] eval 1.0223588e-2 s
[acc] eval 7.972637e-3 s
[acc] eval 8.542909e-3 s
[acc] eval 1.2274272e-2 s
[acc] eval 4.544133e-3 s
[acc] eval 0.151571427 s
[acc] compile 7.3330939e-2 s
[acc] eval 1.1285951e-2 s
[acc] eval 8.696525e-2 s
[acc] compile 1.6698644e-2 s
[acc] eval 7.240188e-3 s
[acc] eval 2.7413178e-2 s
[acc] compile 7.032581e-3 s
[acc] eval 1.3681483e-2 s
[acc] eval 2.3310977e-2 s
[acc] compile 0.22970467 s
[acc] eval 2.0116718e-2 s
[acc] eval 3.518762e-3 s
[acc] eval 3.10938e-3 s
[acc] eval 1.1520592e-2 s
[acc] eval 2.882964e-3 s
[acc] eval 2.862725e-3 s
[acc] eval 3.199705e-3 s
[acc] eval 2.577876e-3 s
[acc] eval 2.437881e-3 s
[acc] eval 2.505806e-3 s
[acc] eval 2.311941e-3 s
[acc] eval 2.612348e-3 s
[acc] eval 2.947879e-3 s
[acc] eval 3.114836e-3 s
[acc] eval 2.590917e-3 s
[acc] eval 2.545509e-3 s
[acc] eval 2.532271e-3 s
[acc] eval 2.40356e-3 s
[acc] eval 2.798106e-3 s
[acc] eval 2.841682e-3 s
[acc] eval 2.147609e-3 s
[acc] eval 2.169401e-3 s
[acc] eval 2.225868e-3 s
[acc] eval 2.320628e-3 s
[acc] eval 2.18327e-3 s
[acc] eval 1.96468e-3 s
[acc] eval 2.121539e-3 s
[acc] eval 2.341755e-3 s
[acc] eval 2.923547e-3 s
[acc] eval 2.973062e-3 s
[acc] eval 0.339839676 s
[acc] compile 9.075759e-3 s
[acc] eval 7.308944e-3 s
[acc] eval 3.817923e-3 s
[acc] eval 4.245402e-3 s
[acc] eval 9.26699e-3 s
[acc] eval 1.830999e-2 s
[acc] eval 6.6097978e-2 s
[acc] compile 0.117187982 s
[acc] eval 2.2402474e-2 s
[acc] eval 0.142522456 s
[acc] compile 4.91861e-3 s
[acc] eval 1.3419439e-2 s
[acc] eval 2.1273704e-2 s
[acc] compile 0.103036191 s
[acc] eval 1.0804207e-2 s
[acc] eval 5.469622e-3 s
[acc] eval 3.878729e-3 s
[acc] eval 3.886217e-3 s
[acc] eval 3.958682e-3 s
[acc] eval 3.036694e-3 s
[acc] eval 3.68295e-3 s
[acc] eval 1.2943879e-2 s
[acc] eval 2.038352e-3 s
[acc] eval 2.07391e-3 s
[acc] eval 1.885279e-3 s
[acc] eval 1.844431e-3 s
[acc] eval 1.814585e-3 s
[acc] eval 2.06048e-3 s
[acc] eval 1.955799e-3 s
[acc] eval 2.617532e-3 s
[acc] eval 2.074943e-3 s
[acc] eval 2.216083e-3 s
[acc] eval 1.68861e-3 s
[acc] eval 1.702891e-3 s
[acc] eval 1.681088e-3 s
[acc] eval 1.829943e-3 s
[acc] eval 1.633104e-3 s
[acc] eval 1.785166e-3 s
[acc] eval 1.641066e-3 s
[acc] eval 0.187583912 s
[acc] compile 3.41151e-4 s
[acc] eval 7.69919e-3 s
[acc] compile 5.186667e-3 s
[acc] eval 1.8113033e-2 s
[acc] eval 2.743039e-3 s
[acc] eval 2.498617e-3 s
[acc] eval 2.346293e-3 s
[acc] eval 1.1192168e-2 s
[acc] eval 1.431431e-3 s
[acc] eval 1.136009e-3 s
[acc] eval 1.178357e-3 s
[acc] eval 1.109214e-3 s
[acc] eval 1.070052e-3 s
[acc] eval 1.167977e-3 s
[acc] eval 1.240723e-3 s
[acc] eval 1.194093e-3 s
[acc] eval 1.306662e-3 s
[acc] eval 1.382143e-3 s
[acc] eval 1.323234e-3 s
[acc] eval 1.289661e-3 s
[acc] eval 1.34045e-3 s
[acc] eval 1.2091e-3 s
[acc] eval 1.349985e-3 s
[acc] eval 1.172426e-3 s
[acc] eval 1.329163e-3 s
[acc] eval 1.665759e-3 s
[acc] eval 1.366629e-3 s
[acc] eval 1.664867e-3 s
[acc] eval 1.195805e-3 s
[acc] eval 1.132061e-3 s
[acc] eval 1.136538e-3 s
[acc] eval 1.134506e-3 s
[acc] eval 1.109519e-3 s
[acc] eval 7.8349607e-2 s
[acc] compile 6.9672317e-2 s
[acc] eval 2.2686649e-2 s
[acc] eval 9.6576203e-2 s
[acc] compile 1.387804e-2 s
[acc] eval 3.747074e-3 s
[acc] eval 1.18749e-3 s
[acc] eval 1.063213e-3 s
[acc] eval 2.1394613e-2 s
[acc] compile 4.457077e-3 s
[acc] eval 8.802135e-3 s
[acc] eval 1.6535452e-2 s
[acc] compile 5.36872e-4 s
[acc] eval 2.0605951e-2 s
[acc] compile 0.113497583 s
[acc] eval 1.2179277e-2 s
[acc] eval 0.128898428 s
[acc] eval 2.0225561e-2 s
[acc] eval 1.4660726e-2 s
[acc] eval 2.765862e-3 s
[acc] eval 3.236178e-3 s
[acc] eval 3.331015e-3 s
[acc] eval 2.960133e-3 s
[acc] eval 2.69451e-3 s
[acc] eval 2.587703e-3 s
[acc] eval 2.907961e-3 s
[acc] eval 2.623021e-3 s
[acc] eval 2.582419e-3 s
[acc] eval 2.884144e-3 s
[acc] eval 2.872804e-3 s
[acc] eval 2.502269e-3 s
[acc] eval 3.047324e-3 s
[acc] eval 2.813703e-3 s
[acc] eval 3.076301e-3 s
[acc] eval 3.135864e-3 s
[acc] eval 2.799967e-3 s
[acc] eval 3.024795e-3 s
[acc] eval 2.910767e-3 s
[acc] eval 2.387667e-3 s
[acc] eval 3.144729e-3 s
[acc] eval 3.979073e-3 s
[acc] eval 2.91402e-3 s
[acc] eval 3.061095e-3 s
[acc] eval 2.730204e-3 s
[acc] eval 2.704609e-3 s
[acc] eval 2.67651e-3 s
[acc] eval 2.78046e-3 s
[acc] eval 0.122605826 s
[acc] compile 9.216166e-3 s
[acc] eval 1.7131667e-2 s
[acc] eval 2.9750584e-2 s
[acc] eval 7.369347e-3 s
[acc] eval 1.5791953e-2 s
[acc] compile 1.0844163e-2 s
[acc] eval 2.7701618e-2 s
[acc] eval 4.7861369e-2 s
[acc] eval 1.7062044e-2 s
[acc] eval 2.0060355e-2 s
[acc] eval 1.1732839e-2 s
[acc] eval 1.6662185e-2 s
[acc] compile 0.204211107 s
[acc] eval 2.9325103e-2 s
[acc] eval 1.5525877e-2 s
[acc] eval 4.406937e-3 s
[acc] eval 4.078642e-3 s
[acc] eval 3.446562e-3 s
[acc] eval 3.265859e-3 s
[acc] eval 3.997597e-3 s
[acc] eval 4.765498e-3 s
[acc] eval 3.645456e-3 s
[acc] eval 3.537537e-3 s
[acc] eval 2.780077e-3 s
[acc] eval 2.665678e-3 s
[acc] eval 2.658162e-3 s
[acc] eval 2.661777e-3 s
[acc] eval 2.759254e-3 s
[acc] eval 3.024865e-3 s
[acc] eval 2.746702e-3 s
[acc] eval 2.607059e-3 s
[acc] eval 2.679195e-3 s
[acc] eval 3.065001e-3 s
[acc] eval 2.84009e-3 s
[acc] eval 2.618802e-3 s
[acc] eval 2.684367e-3 s
[acc] eval 2.399586e-3 s
[acc] eval 2.408009e-3 s
[acc] eval 2.705904e-3 s
[acc] eval 2.59536e-3 s
[acc] eval 2.772864e-3 s
[acc] eval 2.788483e-3 s
[acc] eval 2.748629e-3 s
[acc] eval 2.940728e-3 s
[acc] eval 0.344815163 s
[acc] compile 0.230729137 s
[acc] eval 3.2844635e-2 s
[acc] eval 0.270937707 s
[acc] compile 7.0096761e-2 s
[acc] eval 1.9171412e-2 s
[acc] eval 3.04475e-3 s
[acc] eval 9.6973455e-2 s
[acc] compile 3.70064e-4 s
[acc] eval 9.779195e-3 s
[acc] compile 5.729814e-2 s
[acc] eval 1.9987856e-2 s
[acc] eval 2.337147e-3 s
[acc] eval 2.377734e-3 s
[acc] eval 2.26948e-3 s
[acc] eval 2.022839e-3 s
[acc] eval 1.977215e-3 s
[acc] eval 2.062858e-3 s
[acc] eval 1.863289e-3 s
[acc] eval 1.880644e-3 s
[acc] eval 1.732247e-3 s
[acc] eval 1.990983e-3 s
[acc] eval 1.901263e-3 s
[acc] eval 2.43641e-3 s
[acc] eval 3.189022e-3 s
[acc] eval 2.163345e-3 s
[acc] eval 2.182404e-3 s
[acc] eval 2.213597e-3 s
[acc] eval 1.776185e-3 s
[acc] eval 1.849608e-3 s
[acc] eval 2.311056e-3 s
[acc] eval 1.952964e-3 s
[acc] eval 1.963507e-3 s
[acc] eval 2.075336e-3 s
[acc] eval 1.68554e-3 s
[acc] eval 1.679629e-3 s
[acc] eval 1.778646e-3 s
[acc] eval 2.279905e-3 s
[acc] eval 2.294779e-3 s
[acc] eval 2.610017e-3 s
[acc] eval 2.624863e-3 s
[acc] eval 0.145424441 s
[acc] compile 8.890668e-3 s
[acc] eval 9.534935e-3 s
[acc] eval 2.2335738e-2 s
[acc] compile 0.120792821 s
[acc] eval 2.2144906e-2 s
[acc] eval 0.145824658 s
[acc] compile 5.4086129e-2 s
[acc] eval 1.3599469e-2 s
[acc] eval 7.3467828e-2 s
[acc] compile 0.117682646 s
[acc] eval 9.600898e-3 s
[acc] eval 0.130922428 s
[acc] compile 0.177095348 s
[acc] eval 3.3202842e-2 s
[acc] eval 0.215924973 s
[acc] eval 1.2226051e-2 s
[acc] eval 1.787268e-2 s
[acc] compile 7.642856e-3 s
[acc] eval 8.419057e-3 s
[acc] eval 1.930482e-2 s
[acc] compile 1.8625394e-2 s
[acc] eval 9.190143e-3 s
[acc] eval 4.227423e-3 s
[acc] eval 3.5764942e-2 s
[acc] eval 1.5669617e-2 s
[acc] eval 1.752971e-2 s
[acc] eval 1.5644685e-2 s
[acc] eval 1.8952619e-2 s
[acc] compile 3.176928e-3 s
[acc] eval 7.625514e-3 s
[acc] eval 2.1705436e-2 s
[acc] compile 6.255222e-3 s
[acc] eval 6.786097e-3 s
[acc] eval 1.6197965e-2 s
[acc] compile 7.0416796e-2 s
[acc] eval 1.0984951e-2 s
[acc] eval 8.6449616e-2 s
[acc] compile 0.193345282 s
[acc] eval 1.6643908e-2 s
[acc] eval 0.222407949 s
[acc] compile 6.231564e-2 s
[acc] eval 7.246995e-3 s
[acc] eval 7.3080893e-2 s
[acc] eval 2.9297637e-2 s
[acc] eval 3.3148662e-2 s
[acc] compile 6.4221603e-2 s
[acc] eval 6.117619e-3 s
[acc] eval 7.3427974e-2 s
[acc] compile 9.9840486e-2 s
[acc] eval 2.8086959e-2 s
[acc] eval 0.132621966 s
[acc] compile 0.184423794 s
[acc] eval 1.1454656e-2 s
[acc] eval 0.201173431 s
[acc] compile 0.121944484 s
[acc] eval 2.6950851e-2 s
[acc] eval 0.153320251 s
[acc] compile 1.0491007e-2 s
[acc] eval 8.672748e-3 s
[acc] eval 4.112793e-3 s
[acc] eval 3.969804e-3 s
[acc] eval 3.02055e-3 s
[acc] eval 3.419254e-3 s
[acc] eval 4.449677e-3 s
[acc] eval 2.283085e-3 s
[acc] eval 2.381523e-3 s
[acc] eval 2.617008e-3 s
[acc] eval 3.836899e-3 s
[acc] eval 6.185766e-3 s
[acc] eval 5.336657e-3 s
[acc] eval 4.947121e-3 s
[acc] eval 3.361754e-3 s
[acc] eval 1.4680327e-2 s
[acc] eval 1.393206e-3 s
[acc] eval 1.291262e-3 s
[acc] eval 1.354354e-3 s
[acc] eval 1.290303e-3 s
[acc] eval 1.21892e-3 s
[acc] eval 1.147108e-3 s
[acc] eval 1.423966e-3 s
[acc] eval 1.480228e-3 s
[acc] eval 1.565107e-3 s
[acc] eval 1.2991e-3 s
[acc] eval 1.382151e-3 s
[acc] eval 1.44558e-3 s
[acc] eval 1.466631e-3 s
[acc] eval 1.590759e-3 s
[acc] eval 1.653456e-3 s
[acc] eval 0.112342594 s
[acc] eval 5.861754e-3 s
[acc] eval 2.300475e-3 s
[acc] eval 1.911483e-3 s
[acc] eval 2.026005e-3 s
[acc] eval 2.241697e-3 s
[acc] eval 2.440211e-3 s
[acc] eval 1.623525e-3 s
[acc] eval 1.927507e-3 s
[acc] eval 1.0699729e-2 s
[acc] eval 1.406287e-3 s
[acc] eval 1.463097e-3 s
[acc] eval 1.33098e-3 s
[acc] eval 1.836061e-3 s
[acc] eval 1.638877e-3 s
[acc] eval 1.775535e-3 s
[acc] eval 1.773902e-3 s
[acc] eval 1.839834e-3 s
[acc] eval 2.150845e-3 s
[acc] eval 2.14265e-3 s
[acc] eval 1.539393e-3 s
[acc] eval 1.259563e-3 s
[acc] eval 1.258533e-3 s
[acc] eval 1.346313e-3 s
[acc] eval 1.362531e-3 s
[acc] eval 1.482063e-3 s
[acc] eval 1.668303e-3 s
[acc] eval 1.849953e-3 s
[acc] eval 1.486082e-3 s
[acc] eval 1.501441e-3 s
[acc] eval 1.497924e-3 s
[acc] eval 7.0380838e-2 s
[acc] compile 3.945065e-3 s
[acc] eval 6.008352e-3 s
[acc] eval 1.515917e-3 s
[acc] eval 1.820374e-3 s
[acc] eval 1.669163e-3 s
[acc] eval 1.623446e-3 s
[acc] eval 1.421441e-3 s
[acc] eval 1.245969e-3 s
[acc] eval 9.349699e-3 s
[acc] eval 1.331747e-3 s
[acc] eval 1.276542e-3 s
[acc] eval 1.239991e-3 s
[acc] eval 1.229523e-3 s
[acc] eval 1.165537e-3 s
[acc] eval 1.195711e-3 s
[acc] eval 1.129336e-3 s
[acc] eval 1.149095e-3 s
[acc] eval 1.113167e-3 s
[acc] eval 1.070335e-3 s
[acc] eval 1.10345e-3 s
[acc] eval 1.116721e-3 s
[acc] eval 1.073395e-3 s
[acc] eval 1.133412e-3 s
[acc] eval 1.156141e-3 s
[acc] eval 1.115037e-3 s
[acc] eval 1.090312e-3 s
[acc] eval 1.119697e-3 s
[acc] eval 1.113226e-3 s
[acc] eval 9.5858e-4 s
[acc] eval 9.11381e-4 s
[acc] eval 8.877e-4 s
[acc] eval 5.7235728e-2 s
[acc] compile 0.162616743 s
[acc] eval 2.0800203e-2 s
[acc] eval 0.196889677 s
[acc] compile 0.289173324 s
[acc] eval 2.5685938e-2 s
[acc] eval 0.331016464 s
[acc] compile 0.421578658 s
[acc] eval 4.3403677e-2 s
[acc] eval 0.483028166 s
[acc] eval 4.52886e-3 s
[acc] eval 1.940942e-3 s
[acc] eval 2.251137e-3 s
[acc] eval 2.006992e-3 s
[acc] eval 1.47936e-3 s
[acc] eval 1.646557e-3 s
[acc] eval 1.606281e-3 s
[acc] eval 1.541273e-3 s
[acc] eval 1.45311e-3 s
[acc] eval 1.594356e-3 s
[acc] eval 1.772792e-3 s
[acc] eval 1.780188e-3 s
[acc] eval 2.6354105e-2 s
[acc] compile 3.987389e-3 s
[acc] eval 4.909073e-3 s
[acc] eval 1.0951496e-2 s
[acc] eval 1.808991e-3 s
[acc] eval 2.3776766e-2 s
[acc] eval 3.939732e-3 s
[acc] eval 2.300053e-3 s
[acc] eval 2.232678e-3 s
[acc] eval 2.349157e-3 s
[acc] eval 2.116384e-3 s
[acc] eval 2.373111e-3 s
[acc] eval 2.771758e-3 s
[acc] eval 1.762718e-3 s
[acc] eval 1.821959e-3 s
[acc] eval 2.197096e-3 s
[acc] eval 2.508524e-3 s
[acc] eval 2.826188e-3 s
[acc] eval 2.656589e-3 s
[acc] eval 9.27031e-3 s
[acc] eval 1.855038e-3 s
[acc] eval 1.899875e-3 s
[acc] eval 1.902458e-3 s
[acc] eval 1.739267e-3 s
[acc] eval 1.799781e-3 s
[acc] eval 1.807965e-3 s
[acc] eval 1.790156e-3 s
[acc] eval 1.888255e-3 s
[acc] eval 6.0978684e-2 s
[acc] compile 0.27271887 s
[acc] eval 1.8892116e-2 s
[acc] eval 0.305951582 s
[acc] compile 5.7673722e-2 s
[acc] eval 1.0927712e-2 s
[acc] eval 7.0396341e-2 s
[acc] compile 0.14765414 s
[acc] eval 2.3505405e-2 s
[acc] eval 0.175464004 s
[acc] compile 0.37648239 s
[acc] eval 2.0713247e-2 s
[acc] eval 0.40386093 s
[acc] compile 0.198188659 s
[acc] eval 1.8199339e-2 s
[acc] eval 0.220334251 s
[acc] compile 0.152675153 s
[acc] eval 3.8379165e-2 s
[acc] eval 0.195507827 s
[acc] compile 6.057241e-3 s
[acc] eval 1.6412232e-2 s
[acc] eval 2.7286233e-2 s
[acc] compile 0.385487563 s
[acc] eval 3.1394313e-2 s
[acc] eval 0.421669627 s
[acc] compile 7.166103e-2 s
[acc] eval 1.3076333e-2 s
[acc] eval 9.0837495e-2 s
[acc] compile 0.186347224 s
[acc] eval 3.4090707e-2 s
[acc] eval 0.226022516 s
[acc] compile 3.024718e-3 s
[acc] eval 4.934758e-3 s
[acc] eval 7.250181e-3 s
[acc] eval 4.866663e-3 s
[acc] eval 5.246181e-3 s
[acc] eval 2.993296e-3 s
[acc] eval 5.746133e-3 s
[acc] eval 6.092385e-3 s
[acc] eval 5.117261e-3 s
[acc] eval 2.142819e-3 s
[acc] eval 1.771473e-3 s
[acc] eval 1.386505e-3 s
[acc] eval 1.663716e-3 s
[acc] eval 5.556073e-2 s
[acc] compile 9.192256e-3 s
[acc] eval 2.3980902e-2 s
[acc] eval 3.887357e-2 s
[acc] compile 6.7849636e-2 s
[acc] eval 1.0208781e-2 s
[acc] eval 4.648229e-3 s
[acc] eval 4.759028e-3 s
[acc] eval 3.57594e-3 s
[acc] eval 3.410374e-3 s
[acc] eval 1.4499412e-2 s
[acc] eval 3.133226e-3 s
[acc] eval 3.452414e-3 s
[acc] eval 2.61764e-3 s
[acc] eval 2.804715e-3 s
[acc] eval 2.687008e-3 s
[acc] eval 2.444115e-3 s
[acc] eval 3.018849e-3 s
[acc] eval 2.799918e-3 s
[acc] eval 2.710631e-3 s
[acc] eval 2.358053e-3 s
[acc] eval 2.370723e-3 s
[acc] eval 2.34266e-3 s
[acc] eval 2.328914e-3 s
[acc] eval 2.924302e-3 s
[acc] eval 2.874989e-3 s
[acc] eval 2.737386e-3 s
[acc] eval 2.496663e-3 s
[acc] eval 2.381957e-3 s
[acc] eval 3.081829e-3 s
[acc] eval 0.166032365 s
[acc] compile 0.131859993 s
[acc] eval 1.4487443e-2 s
[acc] eval 3.397719e-3 s
[acc] eval 2.9064e-3 s
[acc] eval 3.21619e-3 s
[acc] eval 1.2699584e-2 s
[acc] eval 2.582367e-3 s
[acc] eval 2.524875e-3 s
[acc] eval 2.991795e-3 s
[acc] eval 3.046475e-3 s
[acc] eval 2.592459e-3 s
[acc] eval 2.469386e-3 s
[acc] eval 2.444846e-3 s
[acc] eval 2.224361e-3 s
[acc] eval 2.496897e-3 s
[acc] eval 2.511514e-3 s
[acc] eval 2.184113e-3 s
[acc] eval 2.508388e-3 s
[acc] eval 2.701315e-3 s
[acc] eval 2.772682e-3 s
[acc] eval 2.293357e-3 s
[acc] eval 2.290006e-3 s
[acc] eval 2.306496e-3 s
[acc] eval 0.215804998 s
[acc] compile 3.184359e-3 s
[acc] eval 5.8212e-3 s
[acc] eval 9.25834e-4 s
[acc] eval 7.76241e-4 s
[acc] eval 1.1951378e-2 s
[acc] compile 6.441024e-2 s
[acc] eval 2.0080122e-2 s
[acc] eval 0.103683315 s
[acc] compile 0.476657391 s
[acc] eval 1.7873202e-2 s
[acc] eval 1.6096229e-2 s
[acc] eval 5.705766e-3 s
[acc] eval 4.873971e-3 s
[acc] eval 5.346416e-3 s
[acc] eval 5.259955e-3 s
[acc] eval 4.612814e-3 s
[acc] eval 4.823739e-3 s
[acc] eval 5.001779e-3 s
[acc] eval 4.153474e-3 s
[acc] eval 4.242969e-3 s
[acc] eval 4.288766e-3 s
[acc] eval 0.565938333 s
[acc] compile 0.192865913 s
[acc] eval 3.2105838e-2 s
[acc] eval 0.232134869 s
[acc] compile 0.162584569 s
[acc] eval 2.4966438e-2 s
[acc] eval 0.191464347 s
[acc] compile 0.166143742 s
[acc] eval 7.878682e-3 s
[acc] eval 1.229989e-2 s
[acc] eval 2.765404e-3 s
[acc] eval 2.794722e-3 s
[acc] eval 3.401532e-3 s
[acc] eval 3.381479e-3 s
[acc] eval 3.530615e-3 s
[acc] eval 3.092784e-3 s
[acc] eval 2.386494e-3 s
[acc] eval 2.443177e-3 s
[acc] eval 2.405981e-3 s
[acc] eval 2.373346e-3 s
[acc] eval 3.270833e-3 s
[acc] eval 0.223989797 s
[acc] compile 0.504779025 s
[acc] eval 2.5502095e-2 s
[acc] eval 0.548219347 s
[acc] compile 0.179285725 s
[acc] eval 1.4822966e-2 s
[acc] eval 0.197545009 s
[acc] compile 0.374435232 s
[acc] eval 4.0642379e-2 s
[acc] eval 0.419498224 s
[acc] compile 0.126258033 s
[acc] eval 8.076101e-3 s
[acc] eval 4.520195e-3 s
[acc] eval 4.643787e-3 s
[acc] eval 4.134941e-3 s
[acc] eval 1.6175605e-2 s
[acc] eval 3.362499e-3 s
[acc] eval 2.506131e-3 s
[acc] eval 2.452771e-3 s
[acc] eval 2.367737e-3 s
[acc] eval 2.344944e-3 s
[acc] eval 2.690229e-3 s
[acc] eval 2.649187e-3 s
[acc] eval 2.231322e-3 s
[acc] eval 1.913633e-3 s
[acc] eval 1.863945e-3 s
[acc] eval 1.838335e-3 s
[acc] eval 2.244191e-3 s
[acc] eval 3.00316e-3 s
[acc] eval 2.852413e-3 s
[acc] eval 2.351232e-3 s
[acc] eval 2.153292e-3 s
[acc] eval 2.09529e-3 s
[acc] eval 2.094316e-3 s
[acc] eval 2.258217e-3 s
[acc] eval 3.266229e-3 s
[acc] eval 1.904995e-3 s
[acc] eval 1.89257e-3 s
[acc] eval 1.74424e-3 s
[acc] eval 1.873167e-3 s
[acc] eval 1.828509e-3 s
[acc] eval 0.228244877 s
[acc] compile 0.201241093 s
[acc] eval 1.5776363e-2 s
[acc] eval 4.627482e-3 s
[acc] eval 1.6829842e-2 s
[acc] eval 5.405248e-3 s
[acc] eval 4.563389e-3 s
[acc] eval 4.033973e-3 s
[acc] eval 3.97825e-3 s
[acc] eval 4.483483e-3 s
[acc] eval 3.678182e-3 s
[acc] eval 3.305637e-3 s
[acc] eval 3.472873e-3 s
[acc] eval 3.760274e-3 s
[acc] eval 3.531742e-3 s
[acc] eval 3.314385e-3 s
[acc] eval 3.278152e-3 s
[acc] eval 3.432062e-3 s
[acc] eval 3.46969e-3 s
[acc] eval 3.699765e-3 s
[acc] eval 4.245987e-3 s
[acc] eval 0.305664619 s
[acc] eval 1.0678705e-2 s
[acc] eval 3.477288e-3 s
[acc] eval 1.3379983e-2 s
[acc] eval 2.765956e-3 s
[acc] eval 2.334844e-3 s
[acc] eval 2.25613e-3 s
[acc] eval 2.352401e-3 s
[acc] eval 2.630823e-3 s
[acc] eval 2.782929e-3 s
[acc] eval 2.763702e-3 s
[acc] eval 2.572296e-3 s
[acc] eval 2.521221e-3 s
[acc] eval 2.516634e-3 s
[acc] eval 2.795515e-3 s
[acc] eval 2.826965e-3 s
[acc] eval 2.553653e-3 s
[acc] eval 2.479896e-3 s
[acc] eval 2.561793e-3 s
[acc] eval 2.507731e-3 s
[acc] eval 2.27229e-3 s
[acc] eval 2.059516e-3 s
[acc] eval 2.141949e-3 s
[acc] eval 2.10076e-3 s
[acc] eval 2.501222e-3 s
[acc] eval 2.058549e-3 s
[acc] eval 1.838253e-3 s
[acc] eval 2.21169e-3 s
[acc] eval 2.152583e-3 s
[acc] eval 2.281255e-3 s
[acc] eval 2.187705e-3 s
[acc] eval 3.102626e-3 s
[acc] eval 3.008396e-3 s
[acc] eval 2.897978e-3 s
[acc] eval 0.107697418 s
[acc] compile 0.127728037 s
[acc] eval 1.631104e-2 s
[acc] eval 4.591857e-3 s
[acc] eval 1.3489609e-2 s
[acc] eval 3.552114e-3 s
[acc] eval 3.396037e-3 s
[acc] eval 0.17383441 s
[acc] compile 0.455433526 s
[acc] eval 3.2130858e-2 s
[acc] eval 0.504165757 s
[acc] compile 1.0101556e-2 s
[acc] eval 1.1486702e-2 s
[acc] eval 2.5359342e-2 s
[acc] compile 9.903792e-3 s
[acc] eval 3.163016e-2 s
[acc] eval 4.4573197e-2 s
[acc] compile 0.310352911 s
[acc] eval 3.3936365e-2 s
[acc] eval 0.34887207 s
[acc] compile 0.29993784 s
[acc] eval 3.499178e-2 s
[acc] eval 0.352744529 s
[acc] compile 3.746327e-3 s
[acc] eval 6.599851e-3 s
[acc] eval 2.466826e-3 s
[acc] eval 2.855778e-3 s
[acc] eval 1.9073701e-2 s
[acc] compile 0.141541307 s
[acc] eval 3.4002392e-2 s
[acc] eval 0.179111702 s
[acc] compile 6.9062749e-2 s
[acc] eval 1.4138547e-2 s
[acc] eval 8.6907464e-2 s
[acc] compile 3.58961e-3 s
[acc] eval 8.320988e-3 s
[acc] eval 1.0563127e-2 s
[acc] eval 8.09863e-4 s
[acc] eval 7.39541e-4 s
[acc] eval 2.5464081e-2 s
[acc] compile 0.123433276 s
[acc] eval 1.3595438e-2 s
[acc] eval 0.141106408 s
[acc] compile 6.6096774e-2 s
[acc] eval 7.342991e-3 s
[acc] eval 1.808087e-3 s
[acc] eval 7.7424705e-2 s
[acc] compile 0.135282099 s
[acc] eval 9.649286e-3 s
[acc] eval 4.148281e-3 s
[acc] eval 0.15484566 s
[acc] eval 2.7945705e-2 s
[acc] eval 3.546202e-3 s
[acc] eval 3.5287884e-2 s
[acc] compile 8.056361e-3 s
[acc] eval 2.1999497e-2 s
[acc] eval 3.5761651e-2 s
[acc] eval 3.1090607e-2 s
[acc] eval 3.082785e-3 s
[acc] eval 3.7701864e-2 s
[acc] eval 7.280001e-3 s
[acc] eval 3.63819e-3 s
[acc] eval 1.4704807e-2 s
[acc] eval 2.0139317e-2 s
[acc] eval 2.4277079e-2 s
[acc] compile 0.238367867 s
[acc] eval 3.020124e-2 s
[acc] eval 0.273987174 s
[acc] eval 2.2629082e-2 s
[acc] eval 2.6132108e-2 s
[acc] compile 0.246973856 s
[acc] eval 1.2307463e-2 s
[acc] eval 1.2546101e-2 s
[acc] eval 0.283828785 s
[acc] compile 0.153264426 s
[acc] eval 2.8269759e-2 s
[acc] eval 0.185717374 s
[acc] compile 0.137028001 s
[acc] eval 1.0342689e-2 s
[acc] eval 3.472144e-3 s
[acc] eval 3.289286e-3 s
[acc] eval 3.002191e-3 s
[acc] eval 3.06114e-3 s
[acc] eval 3.277042e-3 s
[acc] eval 1.721726e-2 s
[acc] eval 3.328604e-3 s
[acc] eval 3.07109e-3 s
[acc] eval 2.6547e-3 s
[acc] eval 2.440581e-3 s
[acc] eval 2.888216e-3 s
[acc] eval 2.96474e-3 s
[acc] eval 2.894695e-3 s
[acc] eval 2.785428e-3 s
[acc] eval 2.542592e-3 s
[acc] eval 2.149153e-3 s
[acc] eval 2.615379e-3 s
[acc] eval 2.381726e-3 s
[acc] eval 2.73627e-3 s
[acc] eval 2.68434e-3 s
[acc] eval 2.756705e-3 s
[acc] eval 2.689786e-3 s
[acc] eval 2.597111e-3 s
[acc] eval 2.978338e-3 s
[acc] eval 2.744708e-3 s
[acc] eval 1.987753e-3 s
[acc] eval 1.814786e-3 s
[acc] eval 1.798015e-3 s
[acc] eval 1.786558e-3 s
[acc] eval 0.245318255 s
[acc] compile 6.0787774e-2 s
[acc] eval 2.1039672e-2 s
[acc] eval 3.277948e-3 s
[acc] eval 1.3742106e-2 s
[acc] eval 3.503996e-3 s
[acc] eval 2.683301e-3 s
[acc] eval 2.694956e-3 s
[acc] eval 2.709605e-3 s
[acc] eval 3.043507e-3 s
[acc] eval 2.618392e-3 s
[acc] eval 3.207248e-3 s
[acc] eval 3.099413e-3 s
[acc] eval 2.970027e-3 s
[acc] eval 2.78223e-3 s
[acc] eval 2.66975e-3 s
[acc] eval 2.829905e-3 s
[acc] eval 2.835207e-3 s
[acc] eval 2.706776e-3 s
[acc] eval 2.675504e-3 s
[acc] eval 2.852196e-3 s
[acc] eval 2.791445e-3 s
[acc] eval 2.689345e-3 s
[acc] eval 2.717597e-3 s
[acc] eval 2.441082e-3 s
[acc] eval 2.987495e-3 s
[acc] eval 2.857124e-3 s
[acc] eval 2.519121e-3 s
[acc] eval 2.499085e-3 s
[acc] eval 2.815587e-3 s
[acc] eval 3.699702e-3 s
[acc] eval 3.713403e-3 s
[acc] eval 0.183104792 s
[acc] compile 0.110294324 s
[acc] eval 1.9249857e-2 s
[acc] eval 0.132751624 s
[acc] compile 1.5506433e-2 s
[acc] eval 9.3717e-3 s
[acc] eval 2.8486001e-2 s
[acc] compile 8.5150589e-2 s
[acc] eval 1.4186362e-2 s
[acc] eval 0.115480269 s
[acc] compile 6.443181e-3 s
[acc] eval 1.2251768e-2 s
[acc] eval 2.190228e-2 s
[acc] eval 2.6574673e-2 s
[acc] eval 2.9704834e-2 s
[acc] compile 3.981207e-3 s
[acc] eval 8.411679e-3 s
[acc] eval 2.206323e-3 s
[acc] eval 2.080145e-3 s
[acc] eval 2.101169e-3 s
[acc] eval 1.813301e-3 s
[acc] eval 1.921709e-3 s
[acc] eval 2.5962217e-2 s
[acc] eval 3.1717383e-2 s
[acc] eval 3.4456272e-2 s
[acc] eval 7.651693e-3 s
[acc] eval 1.183381e-2 s
[acc] compile 0.254354075 s
[acc] eval 5.0791164e-2 s
[acc] eval 4.28949e-3 s
[acc] eval 3.513549e-3 s
[acc] eval 3.568265e-3 s
[acc] eval 3.233033e-3 s
[acc] eval 3.400899e-3 s
[acc] eval 3.077595e-3 s
[acc] eval 4.309223e-3 s
[acc] eval 3.891343e-3 s
[acc] eval 3.414475e-3 s
[acc] eval 3.448798e-3 s
[acc] eval 7.000933e-3 s
[acc] eval 3.466518e-3 s
[acc] eval 3.357017e-3 s
[acc] eval 3.674782e-3 s
[acc] eval 3.882143e-3 s
[acc] eval 3.679102e-3 s
[acc] eval 3.547236e-3 s
[acc] eval 3.827436e-3 s
[acc] eval 4.73133e-3 s
[acc] eval 3.61295e-3 s
[acc] eval 3.804089e-3 s
[acc] eval 3.733989e-3 s
[acc] eval 3.953522e-3 s
[acc] eval 3.797005e-3 s
[acc] eval 3.812204e-3 s
[acc] eval 3.715182e-3 s
[acc] eval 3.645274e-3 s
[acc] eval 3.605814e-3 s
[acc] eval 5.03192e-3 s
[acc] eval 5.235724e-3 s
[acc] eval 5.067453e-3 s
[acc] eval 4.355219e-3 s
[acc] eval 0.439652811 s
[acc] compile 6.100454e-3 s
[acc] eval 5.762678e-3 s
[acc] eval 2.641768e-3 s
[acc] eval 1.7708177e-2 s
[acc] eval 2.147438e-3 s
[acc] eval 2.069315e-3 s
[acc] eval 2.186349e-3 s
[acc] eval 1.936616e-3 s
[acc] eval 1.796615e-3 s
[acc] eval 1.829372e-3 s
[acc] eval 1.607892e-3 s
[acc] eval 1.683159e-3 s
[acc] eval 2.092478e-3 s
[acc] eval 2.06705e-3 s
[acc] eval 5.515972e-2 s
[acc] compile 5.0050606e-2 s
[acc] eval 1.4118607e-2 s
[acc] eval 6.6227116e-2 s
[acc] compile 7.0625867e-2 s
[acc] eval 2.0826065e-2 s
[acc] eval 9.4761482e-2 s
[acc] compile 0.120817766 s
[acc] eval 1.1635314e-2 s
[acc] eval 0.134907398 s
[acc] compile 0.377806573 s
[acc] eval 4.1943302e-2 s
[acc] eval 0.422417479 s
[acc] compile 0.19984703 s
[acc] eval 2.0341749e-2 s
[acc] eval 0.224378696 s
[acc] compile 0.491627233 s
[acc] eval 5.4330692e-2 s
[acc] eval 4.80564e-3 s
[acc] eval 4.739902e-3 s
[acc] eval 4.546259e-3 s
[acc] eval 6.080836e-3 s
[acc] eval 4.755228e-3 s
[acc] eval 4.785263e-3 s
[acc] eval 6.448164e-3 s
[acc] eval 6.259451e-3 s
[acc] eval 5.635887e-3 s
[acc] eval 4.82751e-3 s
[acc] eval 4.536389e-3 s
[acc] eval 5.034383e-3 s
[acc] eval 4.768359e-3 s
[acc] eval 3.853672e-3 s
[acc] eval 3.998638e-3 s
[acc] eval 4.838719e-3 s
[acc] eval 2.0564161e-2 s
[acc] eval 4.759645e-3 s
[acc] eval 4.187125e-3 s
[acc] eval 4.106016e-3 s
[acc] eval 5.064255e-3 s
[acc] eval 5.116484e-3 s
[acc] eval 6.062702e-3 s
[acc] eval 6.36249e-3 s
[acc] eval 1.9434019e-2 s
[acc] eval 4.965909e-3 s
[acc] eval 4.402244e-3 s
[acc] eval 4.268632e-3 s
[acc] eval 3.991985e-3 s
[acc] eval 0.727659353 s
[acc] compile 8.193436e-3 s
[acc] eval 1.2889643e-2 s
[acc] eval 3.353282e-2 s
[acc] compile 0.132604485 s
[acc] eval 2.6299602e-2 s
[acc] eval 4.432799e-3 s
[acc] eval 2.242769e-3 s
[acc] eval 2.271118e-3 s
[acc] eval 2.154029e-3 s
[acc] eval 2.614629e-3 s
[acc] eval 3.241725e-3 s
[acc] eval 3.279009e-3 s
[acc] eval 2.58417e-3 s
[acc] eval 2.676222e-3 s
[acc] eval 0.200576224 s
[acc] compile 4.65089e-3 s
[acc] eval 9.224741e-3 s
[acc] eval 1.898305e-3 s
[acc] eval 1.962309e-3 s
[acc] eval 2.212724e-3 s
[acc] eval 2.895938e-3 s
[acc] eval 2.288976e-3 s
[acc] eval 3.273823e-3 s
[acc] eval 1.5733025e-2 s
[acc] eval 1.692309e-3 s
[acc] eval 1.909213e-3 s
[acc] eval 2.089617e-3 s
[acc] eval 1.636e-3 s
[acc] eval 5.5106926e-2 s
[acc] compile 0.177248646 s
[acc] eval 3.0209263e-2 s
[acc] eval 0.221718481 s
[acc] compile 0.416766175 s
[acc] eval 1.4992069e-2 s
[acc] eval 0.441061205 s
[acc] compile 0.642434812 s
[acc] eval 5.4381416e-2 s
[acc] eval 0.704708628 s
[acc] compile 5.147728e-3 s
[acc] eval 5.502432e-3 s
[acc] eval 1.3537452e-2 s
[acc] compile 0.127856526 s
[acc] eval 1.9679487e-2 s
[acc] eval 0.168514361 s
[acc] compile 4.6723288e-2 s
[acc] eval 1.5693526e-2 s
[acc] eval 6.6767819e-2 s
[acc] compile 0.178043303 s
[acc] eval 1.2071425e-2 s
[acc] eval 0.206260632 s
[acc] eval 2.309868e-3 s
[acc] eval 4.41661e-4 s
[acc] eval 5.84328e-4 s
[acc] eval 3.979518e-3 s
[acc] compile 3.931514e-3 s
[acc] eval 8.14343e-3 s
[acc] eval 8.91816e-4 s
[acc] eval 9.94561e-4 s
[acc] eval 9.01854e-4 s
[acc] eval 7.26991e-4 s
[acc] eval 8.89949e-4 s
[acc] eval 8.74239e-4 s
[acc] eval 8.41528e-4 s
[acc] eval 6.5201e-4 s
[acc] eval 7.99405e-4 s
[acc] eval 7.91556e-4 s
[acc] eval 8.29047e-4 s
[acc] eval 6.71635e-4 s
[acc] eval 2.3756921e-2 s
[acc] compile 7.6952264e-2 s
[acc] eval 2.609653e-2 s
[acc] eval 2.017541e-3 s
[acc] eval 2.115211e-3 s
[acc] eval 1.985688e-3 s
[acc] eval 1.686964e-3 s
[acc] eval 1.67327e-3 s
[acc] eval 1.626174e-3 s
[acc] eval 1.574657e-3 s
[acc] eval 1.537967e-3 s
[acc] eval 1.533481e-3 s
[acc] eval 1.643076e-3 s
[acc] eval 1.958772e-3 s
[acc] eval 1.526908e-3 s
[acc] eval 0.126724804 s
[acc] compile 0.274610333 s
[acc] eval 2.3635602e-2 s
[acc] eval 2.653214e-3 s
[acc] eval 2.238342e-3 s
[acc] eval 2.341655e-3 s
[acc] eval 1.4465152e-2 s
[acc] eval 2.497936e-3 s
[acc] eval 2.184191e-3 s
[acc] eval 2.180668e-3 s
[acc] eval 2.071317e-3 s
[acc] eval 2.022506e-3 s
[acc] eval 2.078544e-3 s
[acc] eval 2.14705e-3 s
[acc] eval 2.716632e-3 s
[acc] eval 2.522559e-3 s
[acc] eval 2.244842e-3 s
[acc] eval 2.076577e-3 s
[acc] eval 1.984922e-3 s
[acc] eval 2.055218e-3 s
[acc] eval 2.870151e-3 s
[acc] eval 2.54288e-3 s
[acc] eval 2.411595e-3 s
[acc] eval 2.437108e-3 s
[acc] eval 1.949484e-3 s
[acc] eval 1.992025e-3 s
[acc] eval 2.087321e-3 s
[acc] eval 2.238792e-3 s
[acc] eval 2.059528e-3 s
[acc] eval 1.927667e-3 s
[acc] eval 1.830098e-3 s
[acc] eval 1.930892e-3 s
[acc] eval 1.848704e-3 s
[acc] eval 1.822311e-3 s
[acc] eval 0.383451962 s
[acc] compile 0.176656807 s
[acc] eval 1.9937805e-2 s
[acc] eval 1.814173e-3 s
[acc] eval 2.340295e-3 s
[acc] eval 2.077603e-3 s
[acc] eval 1.817121e-3 s
[acc] eval 1.878549e-3 s
[acc] eval 1.5762911e-2 s
[acc] eval 1.638523e-3 s
[acc] eval 1.820371e-3 s
[acc] eval 1.934419e-3 s
[acc] eval 1.53908e-3 s
[acc] eval 0.232095065 s
[acc] compile 4.7931213e-2 s
[acc] eval 1.1977032e-2 s
[acc] eval 1.760246e-3 s
[acc] eval 2.293683e-3 s
[acc] eval 1.833191e-3 s
[acc] eval 1.949364e-3 s
[acc] eval 1.758023e-3 s
[acc] eval 1.52953e-3 s
[acc] eval 1.6219091e-2 s
[acc] eval 8.9551921e-2 s
[acc] compile 5.105358e-3 s
[acc] eval 6.908885e-3 s
[acc] eval 3.480325e-3 s
[acc] eval 4.00509e-3 s
[acc] eval 2.767258e-3 s
[acc] eval 2.73378e-3 s
[acc] eval 6.007682e-3 s
[acc] eval 6.007567e-3 s
[acc] eval 3.822282e-3 s
[acc] eval 4.899686e-3 s
[acc] eval 1.3853499e-2 s
[acc] eval 1.946896e-3 s
[acc] eval 1.945094e-3 s
[acc] eval 2.011821e-3 s
[acc] eval 2.456082e-3 s
[acc] eval 3.192712e-3 s
[acc] eval 2.589962e-3 s
[acc] eval 2.878738e-3 s
[acc] eval 2.569306e-3 s
[acc] eval 2.092167e-3 s
[acc] eval 2.39041e-3 s
[acc] eval 2.713908e-3 s
[acc] eval 1.499088e-3 s
[acc] eval 1.670962e-3 s
[acc] eval 1.654729e-3 s
[acc] eval 1.792708e-3 s
[acc] eval 2.182765e-3 s
[acc] eval 1.558374e-3 s
[acc] eval 1.942961e-3 s
[acc] eval 1.840561e-3 s
[acc] eval 1.935929e-3 s
[acc] eval 1.652281e-3 s
[acc] eval 0.110547111 s
[acc] compile 4.41024e-3 s
[acc] eval 1.0971666e-2 s
[acc] eval 2.100901e-3 s
[acc] eval 2.138625e-3 s
[acc] eval 2.062438e-3 s
[acc] eval 2.277084e-3 s
[acc] eval 2.663977e-3 s
[acc] eval 2.490174e-3 s
[acc] eval 2.561529e-3 s
[acc] eval 1.3800441e-2 s
[acc] eval 2.354519e-3 s
[acc] eval 2.208872e-3 s
[acc] eval 2.335104e-3 s
[acc] eval 3.171383e-3 s
[acc] eval 1.801167e-3 s
[acc] eval 1.735892e-3 s
[acc] eval 1.638579e-3 s
[acc] eval 2.162436e-3 s
[acc] eval 2.226235e-3 s
[acc] eval 2.167797e-3 s
[acc] eval 2.3251e-3 s
[acc] eval 2.268788e-3 s
[acc] eval 2.246495e-3 s
[acc] eval 2.40005e-3 s
[acc] eval 2.306811e-3 s
[acc] eval 2.216372e-3 s
[acc] eval 1.864648e-3 s
[acc] eval 2.249756e-3 s
[acc] eval 2.25021e-3 s
[acc] eval 2.30714e-3 s
[acc] eval 2.198756e-3 s
[acc] eval 9.7247119e-2 s
[acc] compile 5.158684e-3 s
[acc] eval 6.479542e-3 s
[acc] eval 2.709323e-3 s
[acc] eval 2.442797e-3 s
[acc] eval 1.97242e-3 s
[acc] eval 2.137317e-3 s
[acc] eval 2.057355e-3 s
[acc] eval 2.115983e-3 s
[acc] eval 1.3552943e-2 s
[acc] eval 2.307831e-3 s
[acc] eval 2.391712e-3 s
[acc] eval 2.068393e-3 s
[acc] eval 2.187493e-3 s
[acc] eval 3.389728e-3 s
[acc] eval 1.994574e-3 s
[acc] eval 2.030923e-3 s
[acc] eval 1.951848e-3 s
[acc] eval 2.063291e-3 s
[acc] eval 1.976554e-3 s
[acc] eval 1.682854e-3 s
[acc] eval 1.627679e-3 s
[acc] eval 1.488974e-3 s
[acc] eval 1.636683e-3 s
[acc] eval 2.154163e-3 s
[acc] eval 1.453723e-3 s
[acc] eval 1.26698e-3 s
[acc] eval 1.237902e-3 s
[acc] eval 1.221681e-3 s
[acc] eval 1.28243e-3 s
[acc] eval 1.266443e-3 s
[acc] eval 1.193071e-3 s
[acc] eval 1.149249e-3 s
[acc] eval 8.5137781e-2 s
[acc] compile 0.102854289 s
[acc] eval 1.5115889e-2 s
[acc] eval 3.939203e-3 s
[acc] eval 3.760543e-3 s
[acc] eval 1.385708e-2 s
[acc] eval 3.887438e-3 s
[acc] eval 3.43399e-3 s
[acc] eval 3.342488e-3 s
[acc] eval 3.274512e-3 s
[acc] eval 3.234862e-3 s
[acc] eval 3.340398e-3 s
[acc] eval 3.050407e-3 s
[acc] eval 4.606753e-3 s
[acc] eval 0.173329445 s
[acc] compile 1.1127811e-2 s
[acc] eval 1.5117729e-2 s
[acc] eval 2.835998e-3 s
[acc] eval 1.881399e-3 s
[acc] eval 2.447077e-3 s
[acc] eval 2.32386e-3 s
[acc] eval 1.473103e-2 s
[acc] eval 1.936526e-3 s
[acc] eval 2.031824e-3 s
[acc] eval 2.152519e-3 s
[acc] eval 2.284095e-3 s
[acc] eval 1.845634e-3 s
[acc] eval 2.098795e-3 s
[acc] eval 2.149225e-3 s
[acc] eval 2.116574e-3 s
[acc] eval 2.225683e-3 s
[acc] eval 2.162863e-3 s
[acc] eval 1.967107e-3 s
[acc] eval 2.100913e-3 s
[acc] eval 2.262288e-3 s
[acc] eval 2.317169e-3 s
[acc] eval 2.269429e-3 s
[acc] eval 8.6904939e-2 s
[acc] compile 6.1044041e-2 s
[acc] eval 1.1127863e-2 s
[acc] eval 3.32903e-3 s
[acc] eval 3.178992e-3 s
[acc] eval 2.588622e-3 s
[acc] eval 3.60501e-3 s
[acc] eval 3.906621e-3 s
[acc] eval 2.647602e-3 s
[acc] eval 1.522636e-2 s
[acc] eval 2.451669e-3 s
[acc] eval 2.49097e-3 s
[acc] eval 2.359105e-3 s
[acc] eval 2.599095e-3 s
[acc] eval 2.687148e-3 s
[acc] eval 2.415857e-3 s
[acc] eval 2.359015e-3 s
[acc] eval 2.553026e-3 s
[acc] eval 2.364072e-3 s
[acc] eval 2.552083e-3 s
[acc] eval 2.789539e-3 s
[acc] eval 2.591523e-3 s
[acc] eval 2.320127e-3 s
[acc] eval 2.625196e-3 s
[acc] eval 2.395206e-3 s
[acc] eval 2.42841e-3 s
[acc] eval 2.555328e-3 s
[acc] eval 2.4627e-3 s
[acc] eval 0.156747623 s
[acc] compile 4.243039e-3 s
[acc] eval 1.0529632e-2 s
[acc] eval 2.210267e-3 s
[acc] eval 1.796321e-3 s
[acc] eval 2.1263084e-2 s
[acc] compile 0.29708609 s
[acc] eval 2.8938618e-2 s
[acc] eval 1.959852e-3 s
[acc] eval 0.330696148 s
[acc] compile 0.192872357 s
[acc] eval 9.97835e-3 s
[acc] eval 3.625747e-3 s
[acc] eval 2.417853e-3 s
[acc] eval 2.206446e-3 s
[acc] eval 2.107862e-3 s
[acc] eval 3.109763e-3 s
[acc] eval 2.143795e-3 s
[acc] eval 2.691655e-3 s
[acc] eval 3.118775e-3 s
[acc] eval 1.5784801e-2 s
[acc] eval 2.390674e-3 s
[acc] eval 2.123856e-3 s
[acc] eval 2.071007e-3 s
[acc] eval 1.817928e-3 s
[acc] eval 2.031707e-3 s
[acc] eval 2.216683e-3 s
[acc] eval 2.112074e-3 s
[acc] eval 2.231148e-3 s
[acc] eval 2.48377e-3 s
[acc] eval 2.136104e-3 s
[acc] eval 2.561489e-3 s
[acc] eval 2.35395e-3 s
[acc] eval 2.16275e-3 s
[acc] eval 2.567592e-3 s
[acc] eval 2.74358e-3 s
[acc] eval 2.846422e-3 s
[acc] eval 2.428046e-3 s
[acc] eval 2.448826e-3 s
[acc] eval 2.225963e-3 s
[acc] eval 2.108451e-3 s
[acc] eval 0.292046357 s
[acc] compile 7.120502e-3 s
[acc] eval 1.5970458e-2 s
[acc] eval 2.7818407e-2 s
[acc] eval 3.5657327e-2 s
[acc] eval 3.042484e-3 s
[acc] eval 4.2074962e-2 s
[acc] compile 7.1002717e-2 s
[acc] eval 8.097134e-3 s
[acc] eval 8.002387e-3 s
[acc] eval 5.554532e-3 s
[acc] eval 2.3510636e-2 s
[acc] eval 3.762939e-3 s
[acc] eval 3.047945e-3 s
[acc] eval 2.924549e-3 s
[acc] eval 3.335811e-3 s
[acc] eval 2.178514e-3 s
[acc] eval 2.149281e-3 s
[acc] eval 2.132878e-3 s
[acc] eval 2.10408e-3 s
[acc] eval 2.121441e-3 s
[acc] eval 2.725277e-3 s
[acc] eval 3.374614e-3 s
[acc] eval 2.746009e-3 s
[acc] eval 2.717418e-3 s
[acc] eval 2.696371e-3 s
[acc] eval 3.458137e-3 s
[acc] eval 3.091716e-3 s
[acc] eval 2.797739e-3 s
[acc] eval 2.608652e-3 s
[acc] eval 2.212152e-3 s
[acc] eval 2.263761e-3 s
[acc] eval 2.8197e-3 s
[acc] eval 2.782674e-3 s
[acc] eval 2.532306e-3 s
[acc] eval 0.185373174 s
[acc] compile 0.308311058 s
[acc] eval 1.6396853e-2 s
[acc] eval 3.494682e-3 s
[acc] eval 1.5607874e-2 s
[acc] eval 3.459198e-3 s
[acc] eval 3.682168e-3 s
[acc] eval 3.505313e-3 s
[acc] eval 2.952138e-3 s
[acc] eval 2.599882e-3 s
[acc] eval 2.857618e-3 s
[acc] eval 3.960271e-3 s
[acc] eval 3.260402e-3 s
[acc] eval 3.240413e-3 s
[acc] eval 3.251241e-3 s
[acc] eval 3.2393e-3 s
[acc] eval 3.339762e-3 s
[acc] eval 3.130498e-3 s
[acc] eval 3.134094e-3 s
[acc] eval 4.303865e-3 s
[acc] eval 3.002519e-3 s
[acc] eval 2.803214e-3 s
[acc] eval 2.580532e-3 s
[acc] eval 2.795917e-3 s
[acc] eval 2.42143e-3 s
[acc] eval 3.303704e-3 s
[acc] eval 2.07448e-3 s
[acc] eval 2.020758e-3 s
[acc] eval 2.13474e-3 s
[acc] eval 2.175621e-3 s
[acc] eval 2.921275e-3 s
[acc] eval 3.804833e-3 s
[acc] eval 2.780777e-3 s
[acc] eval 2.506005e-3 s
[acc] eval 2.569499e-3 s
[acc] eval 2.450561e-3 s
[acc] eval 0.444283343 s
[acc] compile 0.236983597 s
[acc] eval 2.4086286e-2 s
[acc] eval 1.7726548e-2 s
[acc] eval 5.63632e-3 s
[acc] eval 5.615338e-3 s
[acc] eval 4.609541e-3 s
[acc] eval 5.136507e-3 s
[acc] eval 4.508511e-3 s
[acc] eval 3.654536e-3 s
[acc] eval 3.636745e-3 s
[acc] eval 4.415634e-3 s
[acc] eval 3.840716e-3 s
[acc] eval 3.509211e-3 s
[acc] eval 3.795555e-3 s
[acc] eval 4.201975e-3 s
[acc] eval 3.922052e-3 s
[acc] eval 3.526338e-3 s
[acc] eval 3.872873e-3 s
[acc] eval 4.004997e-3 s
[acc] eval 3.773642e-3 s
[acc] eval 3.659385e-3 s
[acc] eval 3.636974e-3 s
[acc] eval 4.240479e-3 s
[acc] eval 3.913562e-3 s
[acc] eval 3.843331e-3 s
[acc] eval 4.248775e-3 s
[acc] eval 4.180852e-3 s
[acc] eval 4.325984e-3 s
[acc] eval 4.069826e-3 s
[acc] eval 3.643353e-3 s
[acc] eval 4.875837e-3 s
[acc] eval 0.403682902 s
[acc] compile 4.430735e-3 s
[acc] eval 1.7943163e-2 s
[acc] eval 1.355158e-3 s
[acc] eval 1.369794e-3 s
[acc] eval 1.510197e-3 s
[acc] eval 1.20341e-3 s
[acc] eval 1.107317e-3 s
[acc] eval 1.074639e-3 s
[acc] eval 1.460954e-3 s
[acc] eval 1.288262e-3 s
[acc] eval 1.314209e-3 s
[acc] eval 1.21009e-3 s
[acc] eval 1.188265e-3 s
[acc] eval 1.220233e-3 s
[acc] eval 1.261105e-3 s
[acc] eval 1.586057e-3 s
[acc] eval 1.356666e-3 s
[acc] eval 1.25609e-3 s
[acc] eval 9.82426e-4 s
[acc] eval 1.457008e-3 s
[acc] eval 1.104211e-3 s
[acc] eval 1.574347e-3 s
[acc] eval 1.120667e-3 s
[acc] eval 1.193375e-3 s
[acc] eval 5.456966e-2 s
[acc] compile 4.625639e-3 s
[acc] eval 5.650078e-3 s
[acc] eval 2.192348e-3 s
[acc] eval 2.122126e-3 s
[acc] eval 1.87348e-3 s
[acc] eval 1.976055e-3 s
[acc] eval 1.838992e-3 s
[acc] eval 1.823599e-3 s
[acc] eval 1.729997e-3 s
[acc] eval 1.700189e-3 s
[acc] eval 1.4503983e-2 s
[acc] eval 1.713346e-3 s
[acc] eval 1.539858e-3 s
[acc] eval 1.430951e-3 s
[acc] eval 1.442302e-3 s
[acc] eval 4.8976979e-2 s
[acc] compile 6.2634021e-2 s
[acc] eval 1.6729945e-2 s
[acc] eval 2.953648e-3 s
[acc] eval 3.117015e-3 s
[acc] eval 3.155521e-3 s
[acc] eval 1.3972402e-2 s
[acc] eval 3.415322e-3 s
[acc] eval 3.364804e-3 s
[acc] eval 2.791616e-3 s
[acc] eval 2.787328e-3 s
[acc] eval 2.623888e-3 s
[acc] eval 2.600938e-3 s
[acc] eval 3.024397e-3 s
[acc] eval 2.781663e-3 s
[acc] eval 2.485242e-3 s
[acc] eval 2.49701e-3 s
[acc] eval 2.510813e-3 s
[acc] eval 2.457777e-3 s
[acc] eval 2.746954e-3 s
[acc] eval 2.890213e-3 s
[acc] eval 2.897211e-3 s
[acc] eval 2.661511e-3 s
[acc] eval 2.762111e-3 s
[acc] eval 2.771334e-3 s
[acc] eval 2.420768e-3 s
[acc] eval 2.314557e-3 s
[acc] eval 2.394029e-3 s
[acc] eval 2.853524e-3 s
[acc] eval 2.88763e-3 s
[acc] eval 2.573133e-3 s
[acc] eval 2.540932e-3 s
[acc] eval 0.177000221 s
[acc] compile 5.724678e-3 s
[acc] eval 4.854712e-3 s
[acc] eval 1.992452e-3 s
[acc] eval 1.77479e-3 s
[acc] eval 2.176925e-3 s
[acc] eval 2.116901e-3 s
[acc] eval 1.857241e-3 s
[acc] eval 3.4195491e-2 s
[acc] compile 7.316584e-3 s
[acc] eval 1.6304722e-2 s
[acc] eval 2.119677e-3 s
[acc] eval 2.65946e-3 s
[acc] eval 1.586398e-2 s
[acc] eval 2.403475e-3 s
[acc] eval 2.383968e-3 s
[acc] eval 2.34188e-3 s
[acc] eval 2.178627e-3 s
[acc] eval 2.339622e-3 s
[acc] eval 3.088853e-3 s
[acc] eval 1.952592e-3 s
[acc] eval 1.945257e-3 s
[acc] eval 2.39927e-3 s
[acc] eval 2.387037e-3 s
[acc] eval 2.946015e-3 s
[acc] eval 3.31825e-3 s
[acc] eval 2.864114e-3 s
[acc] eval 2.487034e-3 s
[acc] eval 2.483734e-3 s
[acc] eval 2.275046e-3 s
[acc] eval 2.149735e-3 s
[acc] eval 9.1782794e-2 s
[acc] compile 0.154191645 s
[acc] eval 2.3196551e-2 s
[acc] eval 0.181553193 s
[acc] compile 0.138793217 s
[acc] eval 3.6514376e-2 s
[acc] eval 0.178389547 s
[acc] compile 5.506929e-2 s
[acc] eval 5.521553e-3 s
[acc] eval 9.024624e-3 s
[acc] eval 7.3927358e-2 s
[acc] compile 0.115317252 s
[acc] eval 2.4682208e-2 s
[acc] eval 0.145822692 s
[acc] compile 0.140224827 s
[acc] eval 3.3207621e-2 s
[acc] eval 0.179241631 s
[acc] compile 0.128137166 s
[acc] eval 8.954432e-3 s
[acc] eval 0.141059607 s
[acc] compile 4.763838e-3 s
[acc] eval 7.424883e-3 s
[acc] eval 1.3076632e-2 s
[acc] eval 1.004262e-3 s
[acc] eval 2.560717e-3 s
[acc] eval 3.0237739e-2 s
[acc] compile 7.6491892e-2 s
[acc] eval 1.2719364e-2 s
[acc] eval 9.3594673e-2 s
[acc] compile 0.338142504 s
[acc] eval 4.0334217e-2 s
[acc] eval 4.448154e-3 s
[acc] eval 3.077335e-3 s
[acc] eval 2.856743e-3 s
[acc] eval 2.877425e-3 s
[acc] eval 4.974251e-3 s
[acc] eval 2.788149e-3 s
[acc] eval 2.653317e-3 s
[acc] eval 2.630416e-3 s
[acc] eval 3.297302e-3 s
[acc] eval 4.403462e-3 s
[acc] eval 4.199477e-3 s
[acc] eval 4.355331e-3 s
[acc] eval 4.430408e-3 s
[acc] eval 3.332844e-3 s
[acc] eval 3.61896e-3 s
[acc] eval 4.473835e-3 s
[acc] eval 2.849056e-3 s
[acc] eval 2.75334e-3 s
[acc] eval 3.646868e-3 s
[acc] eval 4.295655e-3 s
[acc] eval 3.949973e-3 s
[acc] eval 4.021236e-3 s
[acc] eval 3.274907e-3 s
[acc] eval 3.619412e-3 s
[acc] eval 4.086485e-3 s
[acc] eval 3.735429e-3 s
[acc] eval 3.317082e-3 s
[acc] eval 3.01469e-3 s
[acc] eval 4.330485e-3 s
[acc] eval 3.962768e-3 s
[acc] eval 3.707184e-3 s
[acc] eval 3.968795e-3 s
[acc] eval 4.679434e-3 s
[acc] eval 4.908545e-3 s
[acc] eval 4.227753e-3 s
[acc] eval 4.908832e-3 s
[acc] eval 5.249143e-3 s
[acc] eval 1.9823079e-2 s
[acc] eval 4.147682e-3 s
[acc] eval 4.386846e-3 s
[acc] eval 3.993104e-3 s
[acc] eval 0.560240359 s
[acc] compile 0.222083142 s
[acc] eval 2.3460754e-2 s
[acc] eval 0.261629436 s
[acc] compile 0.133268779 s
[acc] eval 2.3594573e-2 s
[acc] eval 0.164588444 s
[acc] compile 0.231917872 s
[acc] eval 4.6170012e-2 s
[acc] eval 0.283829824 s
[acc] compile 0.444326338 s
[acc] eval 3.1223729e-2 s
[acc] eval 0.48176125 s
[acc] compile 0.520636921 s
[acc] eval 3.9336138e-2 s
[acc] eval 0.568176691 s
[acc] compile 0.157813093 s
[acc] eval 1.5909056e-2 s
[acc] eval 0.180732478 s
[acc] compile 0.163072372 s
[acc] eval 3.1750768e-2 s
[acc] eval 0.199648482 s
[acc] compile 0.266527375 s
[acc] eval 2.3185496e-2 s
[acc] eval 0.298964344 s
[acc] compile 0.261049653 s
[acc] eval 4.1901604e-2 s
[acc] eval 6.671974e-3 s
[acc] eval 4.983128e-3 s
[acc] eval 5.016947e-3 s
[acc] eval 4.514864e-3 s
[acc] eval 4.255623e-3 s
[acc] eval 4.079716e-3 s
[acc] eval 5.265986e-3 s
[acc] eval 4.573706e-3 s
[acc] eval 4.777682e-3 s
[acc] eval 5.322418e-3 s
[acc] eval 4.298624e-3 s
[acc] eval 4.222635e-3 s
[acc] eval 5.180388e-3 s
[acc] eval 4.479627e-3 s
[acc] eval 4.36646e-3 s
[acc] eval 4.293952e-3 s
[acc] eval 4.071835e-3 s
[acc] eval 2.2158479e-2 s
[acc] eval 4.886181e-3 s
[acc] eval 4.700135e-3 s
[acc] eval 5.174988e-3 s
[acc] eval 3.588651e-3 s
[acc] eval 4.899714e-3 s
[acc] eval 5.276799e-3 s
[acc] eval 4.304332e-3 s
[acc] eval 3.355813e-3 s
[acc] eval 4.406866e-3 s
[acc] eval 6.247556e-3 s
[acc] eval 1.7170393e-2 s
[acc] eval 0.476449551 s
[acc] compile 0.308817124 s
[acc] eval 2.4693693e-2 s
[acc] eval 1.7611047e-2 s
[acc] eval 4.236e-3 s
[acc] eval 4.617451e-3 s
[acc] eval 4.367039e-3 s
[acc] eval 4.709417e-3 s
[acc] eval 4.496796e-3 s
[acc] eval 4.094913e-3 s
[acc] eval 3.424807e-3 s
[acc] eval 4.486657e-3 s
[acc] eval 3.151229e-3 s
[acc] eval 3.347799e-3 s
[acc] eval 0.396793437 s
[acc] compile 0.11368041 s
[acc] eval 3.2931507e-2 s
[acc] eval 0.151776845 s
[acc] compile 1.8882336e-2 s
[acc] eval 6.022566e-3 s
[acc] eval 2.7336425e-2 s
[acc] compile 7.1903621e-2 s
[acc] eval 1.0365119e-2 s
[acc] eval 5.473669e-3 s
[acc] eval 7.036847e-3 s
[acc] eval 2.1712087e-2 s
[acc] eval 3.098614e-3 s
[acc] eval 3.190348e-3 s
[acc] eval 3.019211e-3 s
[acc] eval 2.293731e-3 s
[acc] eval 1.927376e-3 s
[acc] eval 0.133871697 s
[acc] compile 0.288179147 s
[acc] eval 3.2743106e-2 s
[acc] eval 2.1955957e-2 s
[acc] eval 4.3201e-3 s
[acc] eval 4.264277e-3 s
[acc] eval 3.233448e-3 s
[acc] eval 2.912324e-3 s
[acc] eval 3.053064e-3 s
[acc] eval 4.100371e-3 s
[acc] eval 3.276815e-3 s
[acc] eval 2.925835e-3 s
[acc] eval 2.924578e-3 s
[acc] eval 3.043473e-3 s
[acc] eval 4.388268e-3 s
[acc] eval 3.749926e-3 s
[acc] eval 3.613995e-3 s
[acc] eval 3.211449e-3 s
[acc] eval 3.164991e-3 s
[acc] eval 3.19515e-3 s
[acc] eval 3.178729e-3 s
[acc] eval 4.858356e-3 s
[acc] eval 4.520698e-3 s
[acc] eval 3.325247e-3 s
[acc] eval 3.240678e-3 s
[acc] eval 3.171738e-3 s
[acc] eval 3.363163e-3 s
[acc] eval 2.81784e-3 s
[acc] eval 2.794007e-3 s
[acc] eval 2.899577e-3 s
[acc] eval 3.437635e-3 s
[acc] eval 4.15878e-3 s
[acc] eval 0.448163393 s
[acc] compile 1.5236438e-2 s
[acc] eval 2.5520273e-2 s
[acc] eval 2.48809e-3 s
[acc] eval 3.022443e-3 s
[acc] eval 3.353376e-3 s
[acc] eval 4.021956e-3 s
[acc] eval 3.073121e-3 s
[acc] eval 3.189954e-3 s
[acc] eval 3.234657e-3 s
[acc] eval 3.385215e-3 s
[acc] eval 3.119324e-3 s
[acc] eval 3.849036e-3 s
[acc] eval 2.480387e-3 s
[acc] eval 2.291863e-3 s
[acc] eval 3.122986e-3 s
[acc] eval 4.806771e-3 s
[acc] eval 3.085428e-3 s
[acc] eval 2.856332e-3 s
[acc] eval 3.152997e-3 s
[acc] eval 3.959288e-3 s
[acc] eval 4.38951e-3 s
[acc] eval 2.879511e-3 s
[acc] eval 2.416131e-3 s
[acc] eval 3.065608e-3 s
[acc] eval 2.812895e-3 s
[acc] eval 2.868334e-3 s
[acc] eval 2.649319e-3 s
[acc] eval 2.99614e-3 s
[acc] eval 2.945789e-3 s
[acc] eval 2.730211e-3 s
[acc] eval 2.584641e-3 s
[acc] eval 2.612581e-3 s
[acc] eval 2.559641e-3 s
[acc] eval 0.146232531 s
[acc] compile 7.8971369e-2 s
[acc] eval 1.8935387e-2 s
[acc] eval 0.101129114 s
[acc] compile 9.7923466e-2 s
[acc] eval 3.7370926e-2 s
[acc] eval 2.41228e-3 s
[acc] eval 2.908423e-3 s
[acc] eval 3.017205e-3 s
[acc] eval 2.741831e-3 s
[acc] eval 2.674784e-3 s
[acc] eval 2.651837e-3 s
[acc] eval 2.885446e-3 s
[acc] eval 2.721661e-3 s
[acc] eval 2.463507e-3 s
[acc] eval 2.31218e-3 s
[acc] eval 2.46256e-3 s
[acc] eval 2.25135e-3 s
[acc] eval 3.095487e-3 s
[acc] eval 3.303942e-3 s
[acc] eval 2.767623e-3 s
[acc] eval 2.382466e-3 s
[acc] eval 2.880341e-3 s
[acc] eval 3.180578e-3 s
[acc] eval 3.065619e-3 s
[acc] eval 2.913229e-3 s
[acc] eval 2.797521e-3 s
[acc] eval 2.602373e-3 s
[acc] eval 2.724287e-3 s
[acc] eval 3.098441e-3 s
[acc] eval 2.805968e-3 s
[acc] eval 2.563793e-3 s
[acc] eval 2.478003e-3 s
[acc] eval 2.460191e-3 s
[acc] eval 2.424397e-3 s
[acc] eval 0.220893067 s
[acc] compile 7.9472422e-2 s
[acc] eval 1.4159855e-2 s
[acc] eval 4.97623e-3 s
[acc] eval 4.508349e-3 s
[acc] eval 4.93031e-3 s
[acc] eval 3.604163e-3 s
[acc] eval 2.668935e-3 s
[acc] eval 2.766027e-3 s
[acc] eval 1.9277884e-2 s
[acc] eval 2.624614e-3 s
[acc] eval 2.543074e-3 s
[acc] eval 3.300606e-3 s
[acc] eval 2.842176e-3 s
[acc] eval 2.586265e-3 s
[acc] eval 2.401665e-3 s
[acc] eval 2.10441e-3 s
[acc] eval 2.180886e-3 s
[acc] eval 2.729903e-3 s
[acc] eval 2.902607e-3 s
[acc] eval 3.012481e-3 s
[acc] eval 2.878015e-3 s
[acc] eval 2.70943e-3 s
[acc] eval 2.715992e-3 s
[acc] eval 2.724127e-3 s
[acc] eval 2.258708e-3 s
[acc] eval 2.640445e-3 s
[acc] eval 2.145942e-3 s
[acc] eval 2.394983e-3 s
[acc] eval 2.362952e-3 s
[acc] eval 2.351622e-3 s
[acc] eval 2.237344e-3 s
[acc] eval 2.459587e-3 s
[acc] eval 0.200853966 s
[acc] compile 6.6840456e-2 s
[acc] eval 1.6576244e-2 s
[acc] eval 3.233438e-3 s
[acc] eval 1.8463989e-2 s
[acc] eval 2.406825e-3 s
[acc] eval 2.308365e-3 s
[acc] eval 2.316841e-3 s
[acc] eval 3.024523e-3 s
[acc] eval 3.125432e-3 s
[acc] eval 2.749373e-3 s
[acc] eval 2.580723e-3 s
[acc] eval 2.557487e-3 s
[acc] eval 2.673305e-3 s
[acc] eval 2.957145e-3 s
[acc] eval 2.720416e-3 s
[acc] eval 2.395715e-3 s
[acc] eval 2.790881e-3 s
[acc] eval 2.411642e-3 s
[acc] eval 2.653833e-3 s
[acc] eval 2.973014e-3 s
[acc] eval 2.720397e-3 s
[acc] eval 2.38825e-3 s
[acc] eval 2.418986e-3 s
[acc] eval 2.507294e-3 s
[acc] eval 2.752349e-3 s
[acc] eval 3.233669e-3 s
[acc] eval 0.169211244 s
[acc] compile 0.631029497 s
[acc] eval 4.5202207e-2 s
[acc] eval 0.681036389 s
[acc] eval 2.263769e-3 s
[acc] eval 5.22649e-4 s
[acc] eval 6.56051e-4 s
[acc] eval 4.397313e-3 s
[acc] eval 5.076266e-3 s
[acc] eval 1.774891e-3 s
[acc] eval 1.544331e-3 s
[acc] eval 1.219632e-3 s
[acc] eval 1.304387e-3 s
[acc] eval 1.373929e-3 s
[acc] eval 1.125979e-3 s
[acc] eval 1.642327e-3 s
[acc] eval 2.938291e-3 s
[acc] eval 3.928907e-3 s
[acc] eval 2.226361e-3 s
[acc] eval 2.438807e-3 s
[acc] eval 1.6874995e-2 s
[acc] eval 1.087831e-3 s
[acc] eval 1.034893e-3 s
[acc] eval 1.029995e-3 s
[acc] eval 1.017648e-3 s
[acc] eval 1.015723e-3 s
[acc] eval 1.195611e-3 s
[acc] eval 1.295004e-3 s
[acc] eval 1.136248e-3 s
[acc] eval 1.149156e-3 s
[acc] eval 1.121797e-3 s
[acc] eval 1.127754e-3 s
[acc] eval 1.077615e-3 s
[acc] eval 1.142233e-3 s
[acc] eval 1.099199e-3 s
[acc] eval 1.076849e-3 s
[acc] eval 1.173723e-3 s
[acc] eval 1.187527e-3 s
[acc] eval 6.607999e-2 s
[acc] eval 9.509648e-3 s
[acc] eval 2.090731e-3 s
[acc] eval 2.215184e-3 s
[acc] eval 2.028977e-3 s
[acc] eval 2.130155e-3 s
[acc] eval 1.951105e-3 s
[acc] eval 2.2613399e-2 s
[acc] eval 2.4798158e-2 s
[acc] eval 2.168751e-3 s
[acc] eval 2.179925e-3 s
[acc] eval 2.136436e-3 s
[acc] eval 2.214426e-3 s
[acc] eval 1.6480682e-2 s
[acc] eval 5.2526282e-2 s
