[acc] compile 1.5271705e-2 s
[acc] eval 2.042301595 s
[acc] compile 7.59701e-4 s
[acc] eval 6.834787e-2 s
[acc] compile 5.18696e-4 s
[acc] eval 6.6768488e-2 s
[acc] compile 6.1272e-4 s
[acc] eval 0.158706635 s
[acc] compile 5.11381e-4 s
[acc] eval 0.155929856 s
[acc] compile 5.36555e-4 s
[acc] eval 0.153444838 s
[acc] compile 4.94604e-4 s
[acc] eval 0.157348867 s
[acc] compile 5.1896e-4 s
[acc] eval 0.13788615 s
[acc] compile 3.16191e-4 s
[acc] eval 6.9232713e-2 s
[acc] compile 0.106482157 s
[acc] eval 1.9281558e-2 s
[acc] eval 3.7452135e-2 s
[acc] eval 3.517769e-3 s
[acc] eval 2.748255e-3 s
[acc] eval 2.435205e-3 s
[acc] eval 3.629787e-3 s
[acc] eval 3.225689e-3 s
[acc] eval 2.705368e-3 s
[acc] eval 2.54443e-3 s
[acc] eval 2.607636e-3 s
[acc] eval 2.89961e-3 s
[acc] eval 3.673015e-3 s
[acc] eval 3.223384e-3 s
[acc] eval 2.460641e-3 s
[acc] eval 2.519447e-3 s
[acc] eval 2.988144e-3 s
[acc] eval 4.03043e-3 s
[acc] eval 3.803838e-3 s
[acc] eval 3.00492e-3 s
[acc] eval 3.372069e-3 s
[acc] eval 0.22370828 s
[acc] compile 0.149791023 s
[acc] eval 2.7595457e-2 s
[acc] eval 0.181128818 s
[acc] compile 0.332883125 s
[acc] eval 3.2584323e-2 s
[acc] eval 0.372862656 s
[acc] compile 7.2426215e-2 s
[acc] eval 6.333556e-3 s
[acc] eval 3.198289e-3 s
[acc] eval 2.90676e-3 s
[acc] eval 2.979367e-3 s
[acc] eval 3.571042e-3 s
[acc] eval 3.576688e-3 s
[acc] eval 3.492388e-3 s
[acc] eval 9.464879e-3 s
[acc] eval 3.065696e-3 s
[acc] eval 2.694382e-3 s
[acc] eval 2.792071e-3 s
[acc] eval 2.026141e-3 s
[acc] eval 1.81595e-3 s
[acc] eval 2.075389e-3 s
[acc] eval 1.781549e-3 s
[acc] eval 1.962086e-3 s
[acc] eval 2.622425e-3 s
[acc] eval 2.444216e-3 s
[acc] eval 2.589596e-3 s
[acc] eval 2.616615e-3 s
[acc] eval 2.424233e-3 s
[acc] eval 1.854346e-3 s
[acc] eval 1.814359e-3 s
[acc] eval 1.777085e-3 s
[acc] eval 1.847698e-3 s
[acc] eval 1.995106e-3 s
[acc] eval 2.106006e-3 s
[acc] eval 1.858412e-3 s
[acc] eval 1.806335e-3 s
[acc] eval 1.893317e-3 s
[acc] eval 0.161024287 s
[acc] compile 0.497354815 s
[acc] eval 3.2877362e-2 s
[acc] eval 0.534174314 s
[acc] compile 0.109738453 s
[acc] eval 1.102028e-2 s
[acc] eval 2.660746e-3 s
[acc] eval 2.458797e-3 s
[acc] eval 3.559452e-3 s
[acc] eval 1.2769356e-2 s
[acc] eval 2.931529e-3 s
[acc] eval 2.9226e-3 s
[acc] eval 2.870259e-3 s
[acc] eval 3.421992e-3 s
[acc] eval 3.32542e-3 s
[acc] eval 3.010537e-3 s
[acc] eval 3.694135e-3 s
[acc] eval 0.171000083 s
[acc] compile 7.0107997e-2 s
[acc] eval 2.5096162e-2 s
[acc] eval 9.9340115e-2 s
[acc] compile 0.18221484 s
[acc] eval 1.9357847e-2 s
[acc] eval 0.206426451 s
[acc] compile 6.219283e-3 s
[acc] eval 6.772626e-3 s
[acc] eval 1.6403322e-2 s
[acc] compile 5.6329163e-2 s
[acc] eval 9.233065e-3 s
[acc] eval 6.8278565e-2 s
[acc] compile 4.0914e-3 s
[acc] eval 1.6571299e-2 s
[acc] eval 5.73089e-4 s
[acc] eval 5.614152e-3 s
[acc] eval 2.8454004e-2 s
[acc] compile 0.286057656 s
[acc] eval 4.0385516e-2 s
[acc] eval 0.331719505 s
[acc] compile 6.451521e-3 s
[acc] eval 1.3194547e-2 s
[acc] eval 2.2242436e-2 s
[acc] compile 7.6330697e-2 s
[acc] eval 7.418562e-3 s
[acc] eval 8.7521511e-2 s
[acc] compile 0.205354099 s
[acc] eval 2.2796385e-2 s
[acc] eval 0.23849889 s
[acc] compile 7.266402e-3 s
[acc] eval 1.4328691e-2 s
[acc] eval 2.5047488e-2 s
[acc] compile 0.343354502 s
[acc] eval 2.8379615e-2 s
[acc] eval 0.376617449 s
[acc] compile 2.714648e-3 s
[acc] eval 4.163892e-3 s
[acc] eval 7.30022e-4 s
[acc] eval 7.87522e-4 s
[acc] eval 9.49394e-3 s
[acc] compile 0.22125044 s
[acc] eval 1.6963348e-2 s
[acc] eval 0.252998186 s
[acc] compile 0.126960248 s
[acc] eval 2.0013316e-2 s
[acc] eval 0.151496646 s
[acc] compile 0.325069411 s
[acc] eval 3.7854851e-2 s
[acc] eval 4.337066e-3 s
[acc] eval 0.372026103 s
[acc] compile 6.7932666e-2 s
[acc] eval 1.9163311e-2 s
[acc] eval 4.572106e-3 s
[acc] eval 5.290633e-3 s
[acc] eval 4.331145e-3 s
[acc] eval 0.107347754 s
[acc] compile 0.121359228 s
[acc] eval 1.2404029e-2 s
[acc] eval 0.141040097 s
[acc] compile 0.142922761 s
[acc] eval 8.059329e-3 s
[acc] eval 0.162336709 s
[acc] compile 5.752054e-3 s
[acc] eval 7.621514e-3 s
[acc] eval 3.763798e-3 s
[acc] eval 3.582896e-3 s
[acc] eval 3.382551e-3 s
[acc] eval 4.223236e-3 s
[acc] eval 3.488866e-3 s
[acc] eval 2.865387e-3 s
[acc] eval 2.927857e-3 s
[acc] eval 3.211446e-3 s
[acc] eval 2.619004e-3 s
[acc] eval 1.1144679e-2 s
[acc] eval 2.110328e-3 s
[acc] eval 1.961109e-3 s
[acc] eval 1.715703e-3 s
[acc] eval 2.261885e-3 s
[acc] eval 2.050146e-3 s
[acc] eval 1.703622e-3 s
[acc] eval 2.475987e-3 s
[acc] eval 3.31399e-3 s
[acc] eval 4.246512e-3 s
[acc] eval 3.889586e-3 s
[acc] eval 2.585663e-3 s
[acc] eval 3.918481e-3 s
[acc] eval 3.945885e-3 s
[acc] eval 4.177863e-3 s
[acc] eval 0.103428872 s
[acc] compile 0.121307353 s
[acc] eval 1.3253124e-2 s
[acc] eval 0.138690221 s
[acc] compile 6.8920209e-2 s
[acc] eval 2.474836e-2 s
[acc] eval 0.105001708 s
[acc] compile 0.489019772 s
[acc] eval 1.6624391e-2 s
[acc] eval 0.512451261 s
[acc] compile 4.409715e-3 s
[acc] eval 5.99831e-3 s
[acc] eval 3.638204e-3 s
[acc] eval 1.845812e-3 s
[acc] eval 1.800134e-3 s
[acc] eval 1.794714e-3 s
[acc] eval 4.671172e-3 s
[acc] eval 3.74115e-3 s
[acc] eval 4.762196e-3 s
[acc] eval 4.686619e-3 s
[acc] eval 5.63268e-3 s
[acc] eval 2.088177e-3 s
[acc] eval 2.41955e-3 s
[acc] eval 5.1371737e-2 s
[acc] compile 7.7019343e-2 s
[acc] eval 7.266482e-3 s
[acc] eval 8.7099898e-2 s
[acc] compile 4.338284e-3 s
[acc] eval 6.576489e-3 s
[acc] eval 7.680039e-3 s
[acc] eval 2.0535e-3 s
[acc] eval 1.837089e-3 s
[acc] eval 1.737459e-3 s
[acc] eval 1.744621e-3 s
[acc] eval 1.60376e-3 s
[acc] eval 1.707706e-3 s
[acc] eval 1.865651e-3 s
[acc] eval 2.052547e-3 s
[acc] eval 2.121492e-3 s
[acc] eval 2.25738e-3 s
[acc] eval 2.654566e-3 s
[acc] eval 1.935366e-3 s
[acc] eval 2.574846e-3 s
[acc] eval 1.177734e-3 s
[acc] eval 1.223041e-3 s
[acc] eval 1.060172e-3 s
[acc] eval 1.1014e-3 s
[acc] eval 1.446494e-3 s
[acc] eval 1.421586e-3 s
[acc] eval 1.950191e-3 s
[acc] eval 1.465861e-3 s
[acc] eval 1.502248e-3 s
[acc] eval 1.430596e-3 s
[acc] eval 1.476625e-3 s
[acc] eval 1.58903e-3 s
[acc] eval 1.245954e-3 s
[acc] eval 1.196351e-3 s
[acc] eval 1.08255e-3 s
[acc] eval 7.0084996e-2 s
[acc] compile 4.047182e-3 s
[acc] eval 9.057872e-3 s
[acc] eval 1.375299e-3 s
[acc] eval 1.499001e-3 s
[acc] eval 2.176709e-3 s
[acc] eval 1.660363e-3 s
[acc] eval 2.381615e-3 s
[acc] eval 2.77254e-3 s
[acc] eval 2.612111e-3 s
[acc] eval 2.113868e-3 s
[acc] eval 1.825957e-3 s
[acc] eval 2.373092e-3 s
[acc] eval 1.938403e-3 s
[acc] eval 1.470509e-3 s
[acc] eval 1.866307e-3 s
[acc] eval 2.107507e-3 s
[acc] eval 1.915919e-3 s
[acc] eval 2.287633e-3 s
[acc] eval 2.401362e-3 s
[acc] eval 2.624216e-3 s
[acc] eval 5.5485794e-2 s
[acc] compile 8.4887794e-2 s
[acc] eval 1.263391e-2 s
[acc] eval 0.106057056 s
[acc] compile 6.4491343e-2 s
[acc] eval 1.163069e-2 s
[acc] eval 5.503267e-3 s
[acc] eval 1.209411e-3 s
[acc] eval 1.146493e-3 s
[acc] eval 1.14623e-3 s
[acc] eval 1.070141e-3 s
[acc] eval 1.01465e-3 s
[acc] eval 1.32021e-3 s
[acc] eval 1.322856e-3 s
[acc] eval 1.420757e-3 s
[acc] eval 1.344393e-3 s
[acc] eval 1.423713e-3 s
[acc] eval 1.148077e-3 s
[acc] eval 9.81062e-4 s
[acc] eval 1.024112e-3 s
[acc] eval 1.038361e-3 s
[acc] eval 8.92615e-4 s
[acc] eval 8.98678e-4 s
[acc] eval 9.41598e-4 s
[acc] eval 1.022973e-3 s
[acc] eval 1.388828e-3 s
[acc] eval 1.256922e-3 s
[acc] eval 1.047311e-3 s
[acc] eval 1.0209e-3 s
[acc] eval 1.200859e-3 s
[acc] eval 1.29559e-3 s
[acc] eval 1.201405e-3 s
[acc] eval 1.372553e-3 s
[acc] eval 9.75949e-4 s
[acc] eval 9.25779e-4 s
[acc] eval 0.118641266 s
[acc] compile 0.285984112 s
[acc] eval 2.5687299e-2 s
[acc] eval 2.0119883e-2 s
[acc] eval 8.592233e-3 s
[acc] eval 5.97466e-3 s
[acc] eval 5.722249e-3 s
[acc] eval 5.278076e-3 s
[acc] eval 5.648157e-3 s
[acc] eval 4.282668e-3 s
[acc] eval 4.86656e-3 s
[acc] eval 5.958572e-3 s
[acc] eval 4.446789e-3 s
[acc] eval 4.719685e-3 s
[acc] eval 6.447792e-3 s
[acc] eval 4.631529e-3 s
[acc] eval 5.764114e-3 s
[acc] eval 4.62163e-3 s
[acc] eval 1.2261604e-2 s
[acc] eval 5.141724e-3 s
[acc] eval 5.362226e-3 s
[acc] eval 4.975304e-3 s
[acc] eval 3.942679e-3 s
[acc] eval 4.43983e-3 s
[acc] eval 4.729877e-3 s
[acc] eval 5.575866e-3 s
[acc] eval 5.073717e-3 s
[acc] eval 4.608445e-3 s
[acc] eval 4.828526e-3 s
[acc] eval 4.122521e-3 s
[acc] eval 5.223869e-3 s
[acc] eval 5.949446e-3 s
[acc] eval 0.500122308 s
[acc] compile 7.55369e-4 s
[acc] eval 8.482404e-3 s
[acc] compile 6.4943436e-2 s
[acc] eval 2.7143189e-2 s
[acc] eval 3.430447e-3 s
[acc] eval 3.345262e-3 s
[acc] eval 3.376651e-3 s
[acc] eval 2.933682e-3 s
[acc] eval 2.955788e-3 s
[acc] eval 2.999986e-3 s
[acc] eval 3.17292e-3 s
[acc] eval 3.073927e-3 s
[acc] eval 3.349892e-3 s
[acc] eval 5.547629e-3 s
[acc] eval 3.955917e-3 s
[acc] eval 3.070872e-3 s
[acc] eval 2.938725e-3 s
[acc] eval 3.095899e-3 s
[acc] eval 4.428064e-3 s
[acc] eval 2.958829e-3 s
[acc] eval 2.733921e-3 s
[acc] eval 2.343649e-3 s
[acc] eval 2.40468e-3 s
[acc] eval 2.621403e-3 s
[acc] eval 4.57654e-3 s
[acc] eval 3.437894e-3 s
[acc] eval 3.206942e-3 s
[acc] eval 4.570555e-3 s
[acc] eval 5.695222e-3 s
[acc] eval 3.118371e-3 s
[acc] eval 2.879321e-3 s
[acc] eval 2.907692e-3 s
[acc] eval 5.277883e-3 s
[acc] eval 4.326648e-3 s
[acc] eval 3.936545e-3 s
[acc] eval 3.8636e-3 s
[acc] eval 3.908727e-3 s
[acc] eval 3.593591e-3 s
[acc] eval 0.220198282 s
[acc] compile 5.7822002e-2 s
[acc] eval 5.242945e-3 s
[acc] eval 2.215732e-3 s
[acc] eval 2.723165e-3 s
[acc] eval 7.305477e-3 s
[acc] eval 1.620616e-3 s
[acc] eval 1.558375e-3 s
[acc] eval 1.782637e-3 s
[acc] eval 2.729523e-3 s
[acc] eval 2.340184e-3 s
[acc] eval 1.845441e-3 s
[acc] eval 2.137223e-3 s
[acc] eval 1.826356e-3 s
[acc] eval 2.004272e-3 s
[acc] eval 1.861364e-3 s
[acc] eval 2.230773e-3 s
[acc] eval 2.612901e-3 s
[acc] eval 2.288698e-3 s
[acc] eval 2.327144e-3 s
[acc] eval 2.193571e-3 s
[acc] eval 2.129037e-3 s
[acc] eval 2.036247e-3 s
[acc] eval 2.928173e-3 s
[acc] eval 2.019728e-3 s
[acc] eval 1.806452e-3 s
[acc] eval 1.954406e-3 s
[acc] eval 2.481459e-3 s
[acc] eval 1.860716e-3 s
[acc] eval 1.848376e-3 s
[acc] eval 1.85841e-3 s
[acc] eval 2.69833e-3 s
[acc] eval 0.135499613 s
[acc] compile 3.39362e-4 s
[acc] eval 7.280439e-3 s
[acc] compile 0.290356667 s
[acc] eval 2.5516692e-2 s
[acc] eval 3.845985e-3 s
[acc] eval 5.407398e-3 s
[acc] eval 6.403104e-3 s
[acc] eval 3.021418e-3 s
[acc] eval 4.433392e-3 s
[acc] eval 4.375923e-3 s
[acc] eval 4.981368e-3 s
[acc] eval 2.811566e-3 s
[acc] eval 2.892153e-3 s
[acc] eval 2.924851e-3 s
[acc] eval 4.759815e-3 s
[acc] eval 9.992692e-3 s
[acc] eval 3.823723e-3 s
[acc] eval 3.975385e-3 s
[acc] eval 3.462895e-3 s
[acc] eval 3.465372e-3 s
[acc] eval 1.0686679e-2 s
[acc] eval 7.882044e-3 s
[acc] eval 9.952694e-3 s
[acc] eval 7.766445e-3 s
[acc] eval 4.538032e-3 s
[acc] eval 3.850925e-3 s
[acc] eval 4.644979e-3 s
[acc] eval 1.7779729e-2 s
[acc] eval 3.924399e-3 s
[acc] eval 3.910372e-3 s
[acc] eval 4.666071e-3 s
[acc] eval 1.9578661e-2 s
[acc] eval 1.3516803e-2 s
[acc] eval 8.804089e-3 s
[acc] eval 2.0439915e-2 s
[acc] eval 5.844807e-3 s
[acc] eval 4.756187e-3 s
[acc] eval 4.440014e-3 s
[acc] eval 5.037674e-3 s
[acc] eval 6.280823e-3 s
[acc] eval 5.192591e-3 s
[acc] eval 4.887331e-3 s
[acc] eval 0.576210341 s
[acc] compile 0.243658474 s
[acc] eval 3.4701323e-2 s
[acc] eval 0.283603156 s
[acc] compile 8.874728e-3 s
[acc] eval 1.3821037e-2 s
[acc] eval 2.6773104e-2 s
[acc] compile 0.27103627 s
[acc] eval 2.3431947e-2 s
[acc] eval 0.299139487 s
[acc] compile 0.277662962 s
[acc] eval 3.4927026e-2 s
[acc] eval 0.31858294 s
[acc] compile 0.357429073 s
[acc] eval 2.7854926e-2 s
[acc] eval 1.3059311e-2 s
[acc] eval 0.405719011 s
[acc] compile 5.0270863e-2 s
[acc] eval 9.052022e-3 s
[acc] eval 2.723504e-3 s
[acc] eval 2.493054e-3 s
[acc] eval 2.300791e-3 s
[acc] eval 2.517364e-3 s
[acc] eval 2.145623e-3 s
[acc] eval 2.283616e-3 s
[acc] eval 2.263977e-3 s
[acc] eval 1.2557419e-2 s
[acc] eval 2.712734e-3 s
[acc] eval 2.401775e-3 s
[acc] eval 1.95994e-3 s
[acc] eval 1.951753e-3 s
[acc] eval 1.855555e-3 s
[acc] eval 1.969901e-3 s
[acc] eval 2.121235e-3 s
[acc] eval 2.355951e-3 s
[acc] eval 1.944266e-3 s
[acc] eval 2.431851e-3 s
[acc] eval 2.372851e-3 s
[acc] eval 0.118088387 s
[acc] compile 0.262101995 s
[acc] eval 1.8760509e-2 s
[acc] eval 0.285143251 s
[acc] compile 6.065046e-3 s
[acc] eval 1.8032622e-2 s
[acc] eval 9.65924e-4 s
[acc] eval 1.430116e-3 s
[acc] eval 2.8700244e-2 s
[acc] compile 1.1321806e-2 s
[acc] eval 1.0175137e-2 s
[acc] eval 4.064632e-3 s
[acc] eval 4.180678e-3 s
[acc] eval 3.403855e-3 s
[acc] eval 2.499183e-3 s
[acc] eval 1.007087e-2 s
[acc] eval 1.277598e-3 s
[acc] eval 1.423397e-3 s
[acc] eval 1.198792e-3 s
[acc] eval 1.312446e-3 s
[acc] eval 1.265867e-3 s
[acc] eval 1.319117e-3 s
[acc] eval 1.251382e-3 s
[acc] eval 1.250925e-3 s
[acc] eval 1.954911e-3 s
[acc] eval 2.448703e-3 s
[acc] eval 6.4442514e-2 s
[acc] compile 7.645174e-3 s
[acc] eval 7.343654e-3 s
[acc] eval 2.711995e-3 s
[acc] eval 2.575442e-3 s
[acc] eval 2.940445e-3 s
[acc] eval 4.00783e-3 s
[acc] eval 3.029678e-3 s
[acc] eval 7.209446e-3 s
[acc] eval 4.1101737e-2 s
[acc] compile 0.197435927 s
[acc] eval 2.7665782e-2 s
[acc] eval 0.234928576 s
[acc] compile 4.915024e-3 s
[acc] eval 3.961905e-3 s
[acc] eval 5.93166e-4 s
[acc] eval 8.0965e-4 s
[acc] eval 1.1274106e-2 s
[acc] compile 5.650986e-3 s
[acc] eval 1.1717333e-2 s
[acc] eval 1.9763508e-2 s
[acc] compile 0.250176082 s
[acc] eval 2.9438888e-2 s
[acc] eval 0.284029451 s
[acc] compile 6.3418157e-2 s
[acc] eval 6.597999e-3 s
[acc] eval 7.3009805e-2 s
[acc] compile 0.115805572 s
[acc] eval 2.3323244e-2 s
[acc] eval 0.144151116 s
[acc] compile 4.6207123e-2 s
[acc] eval 7.821358e-3 s
[acc] eval 2.277745e-3 s
[acc] eval 2.047558e-3 s
[acc] eval 6.1356885e-2 s
[acc] compile 7.314628e-3 s
[acc] eval 7.790544e-3 s
[acc] eval 2.459313e-3 s
[acc] eval 2.253761e-3 s
[acc] eval 2.472325e-3 s
[acc] eval 2.105422e-3 s
[acc] eval 2.474085e-3 s
[acc] eval 2.887319e-3 s
[acc] eval 1.666025e-3 s
[acc] eval 8.84674e-3 s
[acc] eval 2.044601e-3 s
[acc] eval 2.372606e-3 s
[acc] eval 1.84189e-3 s
[acc] eval 1.243062e-3 s
[acc] eval 5.1211346e-2 s
[acc] compile 4.04062e-4 s
[acc] eval 1.103789e-2 s
[acc] compile 0.296329374 s
[acc] eval 3.3473835e-2 s
[acc] eval 4.011714e-3 s
[acc] eval 4.053892e-3 s
[acc] eval 4.782136e-3 s
[acc] eval 4.335092e-3 s
[acc] eval 4.635721e-3 s
[acc] eval 4.574242e-3 s
[acc] eval 4.309238e-3 s
[acc] eval 4.65703e-3 s
[acc] eval 4.698838e-3 s
[acc] eval 5.163339e-3 s
[acc] eval 4.57269e-3 s
[acc] eval 4.742989e-3 s
[acc] eval 4.333697e-3 s
[acc] eval 4.059559e-3 s
[acc] eval 4.070085e-3 s
[acc] eval 4.874234e-3 s
[acc] eval 1.1077627e-2 s
[acc] eval 4.327427e-3 s
[acc] eval 4.267975e-3 s
[acc] eval 4.443327e-3 s
[acc] eval 4.293811e-3 s
[acc] eval 4.674984e-3 s
[acc] eval 3.605566e-3 s
[acc] eval 3.984484e-3 s
[acc] eval 3.382943e-3 s
[acc] eval 3.410063e-3 s
[acc] eval 3.277571e-3 s
[acc] eval 9.366603e-3 s
[acc] eval 4.207729e-3 s
[acc] eval 0.475453707 s
[acc] compile 0.110750926 s
[acc] eval 2.0260474e-2 s
[acc] eval 8.370816e-3 s
[acc] eval 3.090523e-3 s
[acc] eval 3.368238e-3 s
[acc] eval 2.723986e-3 s
[acc] eval 2.494382e-3 s
[acc] eval 2.358717e-3 s
[acc] eval 2.641109e-3 s
[acc] eval 2.887923e-3 s
[acc] eval 2.409603e-3 s
[acc] eval 2.346703e-3 s
[acc] eval 2.35825e-3 s
[acc] eval 2.252647e-3 s
[acc] eval 2.359889e-3 s
[acc] eval 2.532917e-3 s
[acc] eval 2.518941e-3 s
[acc] eval 2.510718e-3 s
[acc] eval 2.385985e-3 s
[acc] eval 2.545181e-3 s
[acc] eval 2.557498e-3 s
[acc] eval 2.349894e-3 s
[acc] eval 2.23705e-3 s
[acc] eval 2.169154e-3 s
[acc] eval 2.623778e-3 s
[acc] eval 2.730621e-3 s
[acc] eval 2.585669e-3 s
[acc] eval 2.465058e-3 s
[acc] eval 2.585161e-3 s
[acc] eval 2.705722e-3 s
[acc] eval 2.485021e-3 s
[acc] eval 0.216122855 s
[acc] compile 6.5006571e-2 s
[acc] eval 1.8773794e-2 s
[acc] eval 8.8700761e-2 s
[acc] compile 6.96755e-3 s
[acc] eval 7.383867e-3 s
[acc] eval 1.499157e-3 s
[acc] eval 1.4119237e-2 s
[acc] eval 3.2015643e-2 s
[acc] compile 0.165159735 s
[acc] eval 1.965747e-2 s
[acc] eval 0.187040108 s
[acc] compile 8.2853857e-2 s
[acc] eval 1.4275914e-2 s
[acc] eval 0.107785353 s
[acc] compile 0.233379026 s
[acc] eval 1.9560297e-2 s
[acc] eval 0.261681618 s
[acc] compile 0.2105494 s
[acc] eval 2.0054297e-2 s
[acc] eval 0.243135179 s
[acc] compile 7.088966e-3 s
[acc] eval 1.067422e-2 s
[acc] eval 3.137443e-3 s
[acc] eval 3.049445e-3 s
[acc] eval 2.990472e-3 s
[acc] eval 2.778494e-3 s
[acc] eval 4.1457377e-2 s
[acc] compile 7.558993e-2 s
[acc] eval 1.7535472e-2 s
[acc] eval 0.103327066 s
[acc] compile 3.737938e-3 s
[acc] eval 6.51972e-3 s
[acc] eval 1.345832e-3 s
[acc] eval 9.27182e-4 s
[acc] eval 1.175922e-3 s
[acc] eval 1.424657e-3 s
[acc] eval 1.156753e-3 s
[acc] eval 9.50613e-4 s
[acc] eval 8.27799e-4 s
[acc] eval 1.122916e-3 s
[acc] eval 1.237135e-3 s
[acc] eval 1.688374e-3 s
[acc] eval 4.478874e-3 s
[acc] eval 2.79744e-3 s
[acc] eval 7.052626e-3 s
[acc] eval 6.471507e-3 s
[acc] eval 4.494403e-3 s
[acc] eval 4.454627e-3 s
[acc] eval 3.857803e-3 s
[acc] eval 4.22529e-3 s
[acc] eval 2.684502e-3 s
[acc] eval 1.6227216e-2 s
[acc] eval 2.866348e-3 s
[acc] eval 2.445698e-3 s
[acc] eval 2.375443e-3 s
[acc] eval 2.222846e-3 s
[acc] eval 2.054052e-3 s
[acc] eval 1.95761e-3 s
[acc] eval 2.203062e-3 s
[acc] eval 2.682574e-3 s
[acc] eval 2.027862e-3 s
[acc] eval 0.107660404 s
[acc] compile 0.337620813 s
[acc] eval 3.882457e-2 s
[acc] eval 0.382382721 s
[acc] compile 0.205439369 s
[acc] eval 3.5667535e-2 s
[acc] eval 0.258939257 s
[acc] compile 3.541618e-3 s
[acc] eval 4.778639e-3 s
[acc] eval 1.112494e-3 s
[acc] eval 8.7293e-4 s
[acc] eval 9.9233e-4 s
[acc] eval 1.2714941e-2 s
[acc] compile 5.056414e-3 s
[acc] eval 1.0313705e-2 s
[acc] eval 1.8074783e-2 s
[acc] compile 4.721422e-3 s
[acc] eval 7.988628e-3 s
[acc] eval 1.904643e-3 s
[acc] eval 1.672077e-3 s
[acc] eval 1.705096e-3 s
[acc] eval 1.140779e-3 s
[acc] eval 1.381324e-3 s
[acc] eval 1.650973e-3 s
[acc] eval 1.96616e-3 s
[acc] eval 2.067517e-3 s
[acc] eval 1.0613582e-2 s
[acc] eval 3.9869679e-2 s
[acc] compile 0.209055187 s
[acc] eval 2.5868498e-2 s
[acc] eval 0.247234966 s
[acc] compile 6.4148718e-2 s
[acc] eval 1.9430876e-2 s
[acc] eval 8.6737122e-2 s
[acc] compile 9.8360697e-2 s
[acc] eval 1.8794306e-2 s
[acc] eval 2.404226e-3 s
[acc] eval 2.546563e-3 s
[acc] eval 3.246924e-3 s
[acc] eval 3.6349e-3 s
[acc] eval 0.133060189 s
[acc] compile 0.185275328 s
[acc] eval 1.0805752e-2 s
[acc] eval 8.554606e-3 s
[acc] eval 2.2405092e-2 s
[acc] eval 6.516208e-3 s
[acc] eval 5.061003e-3 s
[acc] eval 4.665759e-3 s
[acc] eval 5.219411e-3 s
[acc] eval 4.248574e-3 s
[acc] eval 3.47203e-3 s
[acc] eval 2.750612e-3 s
[acc] eval 2.513984e-3 s
[acc] eval 2.469874e-3 s
[acc] eval 3.059286e-3 s
[acc] eval 2.54477e-3 s
[acc] eval 2.421973e-3 s
[acc] eval 4.170115e-3 s
[acc] eval 4.527348e-3 s
[acc] eval 4.045036e-3 s
[acc] eval 4.28386e-3 s
[acc] eval 4.547207e-3 s
[acc] eval 4.138368e-3 s
[acc] eval 4.41146e-3 s
[acc] eval 4.478071e-3 s
[acc] eval 4.382935e-3 s
[acc] eval 4.673705e-3 s
[acc] eval 4.600231e-3 s
[acc] eval 4.189567e-3 s
[acc] eval 4.089664e-3 s
[acc] eval 3.911644e-3 s
[acc] eval 4.04025e-3 s
[acc] eval 3.590286e-3 s
[acc] eval 4.355487e-3 s
[acc] eval 1.2754319e-2 s
[acc] eval 0.368365684 s
[acc] compile 7.149697e-3 s
[acc] eval 1.0414282e-2 s
[acc] eval 2.0790523e-2 s
[acc] compile 0.127334309 s
[acc] eval 2.7563091e-2 s
[acc] eval 0.158204457 s
[acc] compile 1.0038166e-2 s
[acc] eval 8.995091e-3 s
[acc] eval 3.139698e-3 s
[acc] eval 3.613245e-3 s
[acc] eval 3.905683e-3 s
[acc] eval 8.751645e-3 s
[acc] eval 4.670385e-3 s
[acc] eval 6.075453e-3 s
[acc] eval 6.264573e-3 s
[acc] eval 5.900799e-3 s
[acc] eval 7.854015e-3 s
[acc] eval 7.082637e-3 s
[acc] eval 9.036313e-3 s
[acc] eval 9.1522003e-2 s
[acc] compile 0.13178821 s
[acc] eval 2.9676983e-2 s
[acc] eval 0.166149698 s
[acc] compile 6.7089e-4 s
[acc] eval 1.5109812e-2 s
[acc] compile 4.590863e-3 s
[acc] eval 6.223338e-3 s
[acc] eval 7.33336e-4 s
[acc] eval 7.64524e-4 s
[acc] eval 1.3495577e-2 s
[acc] compile 6.5546787e-2 s
[acc] eval 7.572653e-3 s
[acc] eval 1.882976e-3 s
[acc] eval 1.974394e-3 s
[acc] eval 1.2896207e-2 s
[acc] eval 2.674787e-3 s
[acc] eval 2.886309e-3 s
[acc] eval 2.556673e-3 s
[acc] eval 2.27779e-3 s
[acc] eval 2.140403e-3 s
[acc] eval 2.009193e-3 s
[acc] eval 2.201862e-3 s
[acc] eval 1.682083e-3 s
[acc] eval 1.689788e-3 s
[acc] eval 1.807234e-3 s
[acc] eval 1.706699e-3 s
[acc] eval 1.587003e-3 s
[acc] eval 1.567394e-3 s
[acc] eval 1.41532e-3 s
[acc] eval 1.423798e-3 s
[acc] eval 1.45357e-3 s
[acc] eval 1.413225e-3 s
[acc] eval 1.392872e-3 s
[acc] eval 1.240854e-3 s
[acc] eval 1.346998e-3 s
[acc] eval 1.549993e-3 s
[acc] eval 1.361998e-3 s
[acc] eval 1.28142e-3 s
[acc] eval 1.270421e-3 s
[acc] eval 1.509568e-3 s
[acc] eval 1.673768e-3 s
[acc] eval 1.523507e-3 s
[acc] eval 1.630967e-3 s
[acc] eval 1.644303e-3 s
[acc] eval 1.526087e-3 s
[acc] eval 1.644253e-3 s
[acc] eval 1.848455e-3 s
[acc] eval 1.66262e-3 s
[acc] eval 1.476851e-3 s
[acc] eval 1.488625e-3 s
[acc] eval 1.494997e-3 s
[acc] eval 1.605811e-3 s
[acc] eval 1.527428e-3 s
[acc] eval 1.677902e-3 s
[acc] eval 1.607354e-3 s
[acc] eval 1.95753e-3 s
[acc] eval 2.438652e-3 s
[acc] eval 2.057402e-3 s
[acc] eval 1.761658e-3 s
[acc] eval 0.171289916 s
[acc] compile 0.366593032 s
[acc] eval 2.2995874e-2 s
[acc] eval 0.400872922 s
[acc] compile 0.166836192 s
[acc] eval 1.7461971e-2 s
[acc] eval 0.189004417 s
[acc] compile 5.056437e-2 s
[acc] eval 1.8735424e-2 s
[acc] eval 7.0765066e-2 s
[acc] compile 0.146164786 s
[acc] eval 2.9208621e-2 s
[acc] eval 0.183842188 s
[acc] compile 0.140016343 s
[acc] eval 2.2488041e-2 s
[acc] eval 8.643195e-3 s
[acc] eval 4.350337e-3 s
[acc] eval 2.939247e-3 s
[acc] eval 4.81654e-3 s
[acc] eval 3.634024e-3 s
[acc] eval 2.916313e-3 s
[acc] eval 3.318778e-3 s
[acc] eval 3.463814e-3 s
[acc] eval 3.195816e-3 s
[acc] eval 3.12021e-3 s
[acc] eval 3.762682e-3 s
[acc] eval 4.40739e-3 s
[acc] eval 4.12016e-3 s
[acc] eval 3.17234e-3 s
[acc] eval 3.635957e-3 s
[acc] eval 3.187504e-3 s
[acc] eval 4.074656e-3 s
[acc] eval 3.532292e-3 s
[acc] eval 3.285148e-3 s
[acc] eval 3.585672e-3 s
[acc] eval 3.419946e-3 s
[acc] eval 4.063116e-3 s
[acc] eval 3.832612e-3 s
[acc] eval 3.941796e-3 s
[acc] eval 3.844252e-3 s
[acc] eval 3.528026e-3 s
[acc] eval 5.33328e-3 s
[acc] eval 4.439772e-3 s
[acc] eval 4.06596e-3 s
[acc] eval 4.124303e-3 s
[acc] eval 4.077413e-3 s
[acc] eval 4.392302e-3 s
[acc] eval 4.905768e-3 s
[acc] eval 3.361455e-3 s
[acc] eval 3.089425e-3 s
[acc] eval 3.149295e-3 s
[acc] eval 3.853503e-3 s
[acc] eval 3.212248e-3 s
[acc] eval 3.17112e-3 s
[acc] eval 3.185811e-3 s
[acc] eval 2.896932e-3 s
[acc] eval 3.168929e-3 s
[acc] eval 2.960368e-3 s
[acc] eval 2.637993e-3 s
[acc] eval 2.57088e-3 s
[acc] eval 2.519333e-3 s
[acc] eval 3.009826e-3 s
[acc] eval 0.344819431 s
[acc] compile 8.0501303e-2 s
[acc] eval 1.235091e-2 s
[acc] eval 0.100767056 s
[acc] compile 0.488351617 s
[acc] eval 2.9356866e-2 s
[acc] eval 0.52343738 s
[acc] compile 0.243741619 s
[acc] eval 1.0764747e-2 s
[acc] eval 0.25978221 s
[acc] compile 0.460302322 s
[acc] eval 2.9187649e-2 s
[acc] eval 0.49614867 s
[acc] eval 3.101786e-3 s
[acc] eval 4.52862e-4 s
[acc] eval 6.56714e-4 s
[acc] eval 4.957484e-3 s
[acc] compile 4.326957e-3 s
[acc] eval 8.000681e-3 s
[acc] eval 1.5156895e-2 s
[acc] compile 4.884994e-3 s
[acc] eval 1.0656521e-2 s
[acc] eval 1.7982464e-2 s
[acc] compile 3.692682e-3 s
[acc] eval 4.38793e-3 s
[acc] eval 1.0217071e-2 s
[acc] compile 4.608608e-3 s
[acc] eval 1.1990802e-2 s
[acc] eval 2.186692e-3 s
[acc] eval 2.146125e-3 s
[acc] eval 2.3329006e-2 s
[acc] compile 4.115488e-3 s
[acc] eval 8.036621e-3 s
[acc] eval 3.123539e-3 s
[acc] eval 3.372247e-3 s
[acc] eval 3.292366e-3 s
[acc] eval 3.066887e-3 s
[acc] eval 3.055106e-3 s
[acc] eval 2.703483e-3 s
[acc] eval 2.336102e-3 s
[acc] eval 1.907186e-3 s
[acc] eval 1.833246e-3 s
[acc] eval 1.777423e-3 s
[acc] eval 2.271547e-3 s
[acc] eval 1.992294e-3 s
[acc] eval 1.883884e-3 s
[acc] eval 3.33321e-3 s
[acc] eval 2.848939e-3 s
[acc] eval 3.046714e-3 s
[acc] eval 2.699532e-3 s
[acc] eval 2.190172e-3 s
[acc] eval 1.843121e-3 s
[acc] eval 2.763874e-3 s
[acc] eval 6.8191535e-2 s
[acc] compile 2.3835416e-2 s
[acc] eval 1.6830513e-2 s
[acc] eval 4.4873356e-2 s
[acc] compile 1.049268e-3 s
[acc] eval 1.0068758e-2 s
[acc] compile 1.4941994e-2 s
[acc] eval 5.165447e-3 s
[acc] eval 6.22268e-4 s
[acc] eval 8.17294e-4 s
[acc] eval 2.2596678e-2 s
[acc] compile 3.572477e-3 s
[acc] eval 3.54855e-3 s
[acc] eval 1.429526e-3 s
[acc] eval 9.93371e-4 s
[acc] eval 1.771547e-3 s
[acc] eval 1.3433053e-2 s
[acc] compile 5.556935e-3 s
[acc] eval 1.2996966e-2 s
[acc] eval 8.026646e-3 s
[acc] eval 8.30469e-4 s
[acc] eval 1.283526e-3 s
[acc] eval 3.0952748e-2 s
[acc] compile 5.380316e-3 s
[acc] eval 5.393384e-3 s
[acc] eval 3.913368e-3 s
[acc] eval 4.073775e-3 s
[acc] eval 3.487218e-3 s
[acc] eval 1.447609e-3 s
[acc] eval 1.572635e-3 s
[acc] eval 1.456758e-3 s
[acc] eval 1.406872e-3 s
[acc] eval 1.510953e-3 s
[acc] eval 1.510433e-3 s
[acc] eval 1.522337e-3 s
[acc] eval 1.547031e-3 s
[acc] eval 3.7377478e-2 s
[acc] compile 0.195014881 s
[acc] eval 2.9588446e-2 s
[acc] eval 0.227861443 s
[acc] compile 4.319178e-3 s
[acc] eval 4.960575e-3 s
[acc] eval 1.71122e-3 s
[acc] eval 1.688559e-3 s
[acc] eval 2.032024e-3 s
[acc] eval 3.915229e-3 s
[acc] eval 1.899306e-3 s
[acc] eval 1.941281e-3 s
[acc] eval 2.152903e-3 s
[acc] eval 2.140996e-3 s
[acc] eval 1.784589e-3 s
[acc] eval 1.8690922e-2 s
[acc] eval 3.87167e-3 s
[acc] eval 3.209538e-3 s
[acc] eval 3.278101e-3 s
[acc] eval 2.719694e-3 s
[acc] eval 2.10471e-3 s
[acc] eval 2.591726e-3 s
[acc] eval 1.958021e-3 s
[acc] eval 1.535941e-3 s
[acc] eval 1.408966e-3 s
[acc] eval 1.368569e-3 s
[acc] eval 1.457905e-3 s
[acc] eval 1.460653e-3 s
[acc] eval 1.535889e-3 s
[acc] eval 1.465957e-3 s
[acc] eval 1.643004e-3 s
[acc] eval 1.480212e-3 s
[acc] eval 1.577053e-3 s
[acc] eval 1.402438e-3 s
[acc] eval 1.374869e-3 s
[acc] eval 9.0547498e-2 s
[acc] compile 3.726247e-3 s
[acc] eval 3.88364e-3 s
[acc] eval 1.295823e-3 s
[acc] eval 1.612918e-3 s
[acc] eval 1.2389743e-2 s
[acc] compile 0.214413228 s
[acc] eval 4.0210018e-2 s
[acc] eval 0.259751516 s
[acc] compile 6.69968e-3 s
[acc] eval 6.367255e-3 s
[acc] eval 7.818276e-3 s
[acc] eval 2.911639e-2 s
[acc] compile 7.71791e-4 s
[acc] eval 9.262338e-3 s
[acc] compile 1.0967906e-2 s
[acc] eval 1.1898527e-2 s
[acc] eval 3.929975e-3 s
[acc] eval 5.16874e-3 s
[acc] eval 3.933172e-3 s
[acc] eval 1.3346405e-2 s
[acc] eval 1.656082e-3 s
[acc] eval 5.4073635e-2 s
[acc] compile 0.123771435 s
[acc] eval 1.1179536e-2 s
[acc] eval 0.139812051 s
[acc] compile 7.1921429e-2 s
[acc] eval 3.4419549e-2 s
[acc] eval 0.109441511 s
[acc] compile 3.838188e-3 s
[acc] eval 9.782733e-3 s
[acc] eval 1.850998e-3 s
[acc] eval 9.44472e-4 s
[acc] eval 1.831647e-2 s
[acc] compile 7.768773e-3 s
[acc] eval 1.3202105e-2 s
[acc] eval 2.2690783e-2 s
[acc] compile 0.138662239 s
[acc] eval 2.597425e-2 s
[acc] eval 0.183689351 s
[acc] compile 1.455016e-2 s
[acc] eval 2.135023e-2 s
[acc] eval 1.14795e-2 s
[acc] eval 9.047527e-3 s
[acc] eval 1.8282132e-2 s
[acc] eval 4.73809e-3 s
[acc] eval 5.859477e-3 s
[acc] eval 5.566463e-3 s
[acc] eval 4.865835e-3 s
[acc] eval 5.397442e-3 s
[acc] eval 3.831599e-3 s
[acc] eval 3.475167e-3 s
[acc] eval 3.79485e-3 s
[acc] eval 0.118469437 s
[acc] compile 7.055565e-3 s
[acc] eval 1.628926e-2 s
[acc] eval 3.2771425e-2 s
[acc] compile 5.6495616e-2 s
[acc] eval 1.2961061e-2 s
[acc] eval 7.2616624e-2 s
[acc] compile 6.2496115e-2 s
[acc] eval 1.2580332e-2 s
[acc] eval 1.3617674e-2 s
[acc] eval 1.62021e-3 s
[acc] eval 1.549934e-3 s
[acc] eval 1.465669e-3 s
[acc] eval 1.314479e-3 s
[acc] eval 1.37281e-3 s
[acc] eval 1.724319e-3 s
[acc] eval 1.923091e-3 s
[acc] eval 2.277248e-3 s
[acc] eval 1.861191e-3 s
[acc] eval 1.525415e-3 s
[acc] eval 2.60424e-3 s
[acc] eval 2.757902e-3 s
[acc] eval 2.299077e-3 s
[acc] eval 2.045389e-3 s
[acc] eval 1.891725e-3 s
[acc] eval 1.503521e-3 s
[acc] eval 1.628374e-3 s
[acc] eval 2.373961e-3 s
[acc] eval 2.766117e-3 s
[acc] eval 0.129678455 s
[acc] compile 8.496569e-3 s
[acc] eval 1.9132624e-2 s
[acc] eval 3.5591802e-2 s
[acc] compile 9.552697e-3 s
[acc] eval 1.5340425e-2 s
[acc] eval 9.029299e-3 s
[acc] eval 8.22355e-4 s
[acc] eval 1.332088e-3 s
[acc] eval 3.8030884e-2 s
[acc] compile 4.733398e-3 s
[acc] eval 9.731635e-3 s
[acc] eval 1.8060433e-2 s
[acc] eval 4.4696635e-2 s
[acc] compile 4.372742e-3 s
[acc] eval 7.101037e-3 s
[acc] eval 2.735396e-3 s
[acc] eval 2.474885e-3 s
[acc] eval 2.626471e-3 s
[acc] eval 1.1917069e-2 s
[acc] eval 1.720114e-3 s
[acc] eval 1.93904e-3 s
[acc] eval 3.7805791e-2 s
[acc] compile 0.129175352 s
[acc] eval 1.8331961e-2 s
[acc] eval 4.568806e-3 s
[acc] eval 2.0345227e-2 s
[acc] eval 4.6248e-3 s
[acc] eval 4.224076e-3 s
[acc] eval 4.726875e-3 s
[acc] eval 4.228914e-3 s
[acc] eval 3.391895e-3 s
[acc] eval 2.667529e-3 s
[acc] eval 2.551941e-3 s
[acc] eval 4.375232e-3 s
[acc] eval 3.878351e-3 s
[acc] eval 3.131705e-3 s
[acc] eval 2.755522e-3 s
[acc] eval 3.611754e-3 s
[acc] eval 5.377648e-3 s
[acc] eval 3.556686e-3 s
[acc] eval 3.931659e-3 s
[acc] eval 3.762465e-3 s
[acc] eval 3.400486e-3 s
[acc] eval 3.06154e-3 s
[acc] eval 2.388242e-3 s
[acc] eval 2.207386e-3 s
[acc] eval 2.316622e-3 s
[acc] eval 2.358098e-3 s
[acc] eval 2.146276e-3 s
[acc] eval 2.446531e-3 s
[acc] eval 2.217421e-3 s
[acc] eval 2.48458e-3 s
[acc] eval 2.405071e-3 s
[acc] eval 0.267396957 s
[acc] compile 1.5871677e-2 s
[acc] eval 1.5513426e-2 s
[acc] eval 4.3801146e-2 s
[acc] compile 0.120800755 s
[acc] eval 1.4427163e-2 s
[acc] eval 0.138134807 s
[acc] compile 1.3278762e-2 s
[acc] eval 9.533521e-3 s
[acc] eval 2.6958626e-2 s
[acc] eval 1.3055747e-2 s
[acc] eval 1.6369447e-2 s
[acc] eval 1.057197e-2 s
[acc] eval 1.1012707e-2 s
[acc] eval 9.882887e-3 s
[acc] eval 0.118697429 s
[acc] compile 6.6633249e-2 s
[acc] eval 2.2137037e-2 s
[acc] eval 9.3596539e-2 s
[acc] compile 4.383597e-3 s
[acc] eval 1.1916934e-2 s
[acc] eval 9.20271e-4 s
[acc] eval 1.250675e-3 s
[acc] eval 2.0218838e-2 s
[acc] compile 6.044578e-2 s
[acc] eval 3.6197362e-2 s
[acc] eval 9.9298451e-2 s
[acc] compile 4.676844e-3 s
[acc] eval 6.075154e-3 s
[acc] eval 1.4233043e-2 s
[acc] compile 6.8768056e-2 s
[acc] eval 1.5840075e-2 s
[acc] eval 9.2800471e-2 s
[acc] compile 1.1023779e-2 s
[acc] eval 3.2709301e-2 s
[acc] eval 4.7268337e-2 s
[acc] compile 5.161561e-3 s
[acc] eval 7.11134e-3 s
[acc] eval 4.244054e-3 s
[acc] eval 5.324399e-3 s
[acc] eval 3.899038e-3 s
[acc] eval 3.23551e-3 s
[acc] eval 2.970797e-3 s
[acc] eval 4.130186e-3 s
[acc] eval 3.09277e-3 s
[acc] eval 1.3596396e-2 s
[acc] eval 3.008718e-3 s
[acc] eval 3.281708e-3 s
[acc] eval 2.660821e-3 s
[acc] eval 2.766628e-3 s
[acc] eval 2.670449e-3 s
[acc] eval 2.613285e-3 s
[acc] eval 3.258117e-3 s
[acc] eval 2.800261e-3 s
[acc] eval 2.630821e-3 s
[acc] eval 2.663696e-3 s
[acc] eval 2.422153e-3 s
[acc] eval 2.423257e-3 s
[acc] eval 2.71813e-3 s
[acc] eval 2.619678e-3 s
[acc] eval 1.880572e-3 s
[acc] eval 1.907279e-3 s
[acc] eval 2.084545e-3 s
[acc] eval 1.880958e-3 s
[acc] eval 2.016863e-3 s
[acc] eval 2.278747e-3 s
[acc] eval 2.282946e-3 s
[acc] eval 2.243146e-3 s
[acc] eval 0.114222634 s
[acc] compile 8.7872954e-2 s
[acc] eval 1.6610104e-2 s
[acc] eval 0.108387936 s
[acc] compile 7.070835e-3 s
[acc] eval 1.3896952e-2 s
[acc] eval 2.3950144e-2 s
[acc] compile 2.491171e-2 s
[acc] eval 2.0107011e-2 s
[acc] eval 5.0928431e-2 s
[acc] compile 1.14238e-2 s
[acc] eval 1.9914513e-2 s
[acc] eval 4.8273251e-2 s
[acc] compile 0.151850143 s
[acc] eval 3.8674007e-2 s
[acc] eval 0.19465812 s
[acc] compile 4.99579e-4 s
[acc] eval 1.3399368e-2 s
[acc] compile 1.1579453e-2 s
[acc] eval 1.8202759e-2 s
[acc] eval 5.755802e-3 s
[acc] eval 6.222805e-3 s
[acc] eval 1.7301486e-2 s
[acc] eval 3.550743e-3 s
[acc] eval 3.392636e-3 s
[acc] eval 2.829223e-3 s
[acc] eval 7.3637804e-2 s
[acc] compile 8.205726e-3 s
[acc] eval 1.494921e-2 s
[acc] eval 2.7283152e-2 s
[acc] compile 0.191241587 s
[acc] eval 2.939329e-2 s
[acc] eval 0.226465435 s
[acc] compile 0.180195641 s
[acc] eval 2.4611127e-2 s
[acc] eval 0.212057723 s
[acc] compile 7.2944023e-2 s
[acc] eval 2.3438952e-2 s
[acc] eval 0.101675586 s
[acc] compile 7.74162e-3 s
[acc] eval 5.40382e-3 s
[acc] eval 2.661778e-3 s
[acc] eval 3.528587e-3 s
[acc] eval 3.033705e-3 s
[acc] eval 2.427025e-3 s
[acc] eval 2.749709e-3 s
[acc] eval 3.711747e-3 s
[acc] eval 2.860067e-3 s
[acc] eval 1.919006e-3 s
[acc] eval 3.9616893e-2 s
[acc] compile 1.2479755e-2 s
[acc] eval 6.443084e-3 s
[acc] eval 3.640688e-3 s
[acc] eval 1.4361719e-2 s
[acc] eval 2.678457e-3 s
[acc] eval 2.475146e-3 s
[acc] eval 2.681084e-3 s
[acc] eval 2.500992e-3 s
[acc] eval 2.175885e-3 s
[acc] eval 2.687926e-3 s
[acc] eval 2.510862e-3 s
[acc] eval 2.423742e-3 s
[acc] eval 2.430392e-3 s
[acc] eval 2.221467e-3 s
[acc] eval 1.990487e-3 s
[acc] eval 2.03403e-3 s
[acc] eval 1.967773e-3 s
[acc] eval 2.393014e-3 s
[acc] eval 2.243495e-3 s
[acc] eval 2.527478e-3 s
[acc] eval 2.799895e-3 s
[acc] eval 2.109446e-3 s
[acc] eval 2.129313e-3 s
[acc] eval 1.934791e-3 s
[acc] eval 1.939889e-3 s
[acc] eval 2.117191e-3 s
[acc] eval 2.400818e-3 s
[acc] eval 2.446624e-3 s
[acc] eval 1.790039e-3 s
[acc] eval 2.378461e-3 s
[acc] eval 1.936433e-3 s
[acc] eval 0.106417754 s
[acc] compile 0.232116309 s
[acc] eval 3.7850375e-2 s
[acc] eval 0.276105152 s
[acc] compile 7.3682102e-2 s
[acc] eval 4.2577238e-2 s
[acc] eval 0.119253265 s
[acc] compile 0.279307832 s
[acc] eval 8.371664e-3 s
[acc] eval 0.293067777 s
[acc] compile 0.291493879 s
[acc] eval 3.7094324e-2 s
[acc] eval 0.333052596 s
[acc] compile 4.516514e-3 s
[acc] eval 7.704713e-3 s
[acc] eval 1.4651848e-2 s
[acc] compile 8.3039994e-2 s
[acc] eval 7.032501e-3 s
[acc] eval 9.3875303e-2 s
[acc] compile 8.649164e-2 s
[acc] eval 2.6248717e-2 s
[acc] eval 0.117273758 s
[acc] compile 1.0119774e-2 s
[acc] eval 2.2794336e-2 s
[acc] eval 4.0145731e-2 s
[acc] compile 7.0507593e-2 s
[acc] eval 7.099395e-3 s
[acc] eval 8.0445327e-2 s
[acc] compile 0.136282152 s
[acc] eval 1.5699453e-2 s
[acc] eval 4.625874e-3 s
[acc] eval 4.619971e-3 s
[acc] eval 5.945762e-3 s
[acc] eval 6.112018e-3 s
[acc] eval 3.695798e-3 s
[acc] eval 0.181598072 s
[acc] compile 0.255687821 s
[acc] eval 1.4645162e-2 s
[acc] eval 0.281394553 s
[acc] compile 0.155806992 s
[acc] eval 7.832289e-3 s
[acc] eval 0.167464404 s
[acc] compile 5.25542e-4 s
[acc] eval 1.66448e-2 s
[acc] compile 6.190997e-2 s
[acc] eval 8.084369e-3 s
[acc] eval 4.730015e-3 s
[acc] eval 4.497787e-3 s
[acc] eval 1.7741349e-2 s
[acc] eval 3.485925e-3 s
[acc] eval 3.987361e-3 s
[acc] eval 3.288014e-3 s
[acc] eval 3.18129e-3 s
[acc] eval 3.312747e-3 s
[acc] eval 3.352288e-3 s
[acc] eval 3.159147e-3 s
[acc] eval 2.543199e-3 s
[acc] eval 2.926975e-3 s
[acc] eval 2.952782e-3 s
[acc] eval 3.320174e-3 s
[acc] eval 3.620542e-3 s
[acc] eval 3.168113e-3 s
[acc] eval 2.691122e-3 s
[acc] eval 2.508004e-3 s
[acc] eval 3.982035e-3 s
[acc] eval 3.846817e-3 s
[acc] eval 3.594834e-3 s
[acc] eval 3.213585e-3 s
[acc] eval 3.31175e-3 s
[acc] eval 3.718755e-3 s
[acc] eval 3.783783e-3 s
[acc] eval 2.935775e-3 s
[acc] eval 3.080253e-3 s
[acc] eval 3.152403e-3 s
[acc] eval 4.103502e-3 s
[acc] eval 0.196471677 s
[acc] compile 1.1063804e-2 s
[acc] eval 1.8418886e-2 s
[acc] eval 4.1321069e-2 s
[acc] compile 0.142231533 s
[acc] eval 2.4540016e-2 s
[acc] eval 0.170337274 s
[acc] compile 6.0384366e-2 s
[acc] eval 1.931734e-2 s
[acc] eval 8.2120334e-2 s
[acc] compile 6.4474529e-2 s
[acc] eval 8.347417e-3 s
[acc] eval 7.5854474e-2 s
[acc] compile 5.268164e-2 s
[acc] eval 1.0638912e-2 s
[acc] eval 6.6857359e-2 s
[acc] compile 0.151364216 s
[acc] eval 3.7786855e-2 s
[acc] eval 0.193303259 s
[acc] compile 8.1317302e-2 s
[acc] eval 1.0959025e-2 s
[acc] eval 9.9203001e-2 s
[acc] compile 0.218741022 s
[acc] eval 1.4008006e-2 s
[acc] eval 0.247674611 s
[acc] compile 0.32022747 s
[acc] eval 1.380848e-2 s
[acc] eval 0.341891598 s
[acc] compile 9.616653e-3 s
[acc] eval 2.5067529e-2 s
[acc] eval 3.8676748e-2 s
[acc] compile 0.399887501 s
[acc] eval 3.048236e-2 s
[acc] eval 0.436004493 s
[acc] compile 7.5190386e-2 s
[acc] eval 3.8439386e-2 s
[acc] eval 0.117394579 s
[acc] compile 0.152663121 s
[acc] eval 1.0192345e-2 s
[acc] eval 0.168953205 s
[acc] compile 0.299581247 s
[acc] eval 1.7583526e-2 s
[acc] eval 0.323251004 s
[acc] compile 0.678337972 s
[acc] eval 3.5176737e-2 s
[acc] eval 0.73522093 s
[acc] compile 5.435108e-2 s
[acc] eval 6.131993e-3 s
[acc] eval 1.484733e-3 s
[acc] eval 1.983524e-3 s
[acc] eval 1.885132e-3 s
[acc] eval 1.598026e-3 s
[acc] eval 1.730727e-3 s
[acc] eval 1.290477e-3 s
[acc] eval 1.160638e-3 s
[acc] eval 9.56897e-4 s
[acc] eval 1.16711e-3 s
[acc] eval 1.294331e-3 s
[acc] eval 1.256337e-3 s
[acc] eval 1.367147e-3 s
[acc] eval 9.23371e-4 s
[acc] eval 1.135788e-3 s
[acc] eval 2.017926e-3 s
[acc] eval 1.1252802e-2 s
[acc] eval 2.051063e-3 s
[acc] eval 2.049812e-3 s
[acc] eval 2.059214e-3 s
[acc] eval 1.51441e-3 s
[acc] eval 1.524054e-3 s
[acc] eval 1.574716e-3 s
[acc] eval 1.637782e-3 s
[acc] eval 1.215321e-3 s
[acc] eval 1.348138e-3 s
[acc] eval 1.343384e-3 s
[acc] eval 1.189443e-3 s
[acc] eval 9.79054e-4 s
[acc] eval 1.064519e-3 s
[acc] eval 0.117608656 s
[acc] compile 5.454127e-3 s
[acc] eval 1.6682169e-2 s
[acc] eval 2.5198398e-2 s
[acc] compile 0.150308727 s
[acc] eval 3.3872477e-2 s
[acc] eval 0.191665537 s
[acc] compile 0.20338827 s
[acc] eval 2.0949593e-2 s
[acc] eval 0.22981283 s
[acc] compile 0.318574587 s
[acc] eval 3.3364992e-2 s
[acc] eval 0.356218581 s
[acc] compile 6.3632629e-2 s
[acc] eval 1.2281738e-2 s
[acc] eval 7.8528001e-2 s
[acc] compile 7.1086322e-2 s
[acc] eval 1.1448229e-2 s
[acc] eval 8.720454e-2 s
[acc] eval 1.3035704e-2 s
[acc] eval 2.5689905e-2 s
[acc] compile 2.892574e-3 s
[acc] eval 6.496486e-3 s
[acc] eval 1.0849623e-2 s
[acc] eval 5.052183e-3 s
[acc] eval 6.535006e-3 s
[acc] compile 5.2893733e-2 s
[acc] eval 5.339382e-3 s
[acc] eval 6.1143878e-2 s
[acc] compile 8.3412914e-2 s
[acc] eval 2.2106595e-2 s
[acc] eval 0.110177323 s
[acc] compile 8.749552e-2 s
[acc] eval 5.529248e-3 s
[acc] eval 9.5429604e-2 s
[acc] compile 0.104444952 s
[acc] eval 6.295235e-3 s
[acc] eval 0.113890539 s
[acc] compile 0.244152601 s
[acc] eval 2.9940237e-2 s
[acc] eval 0.278929148 s
[acc] compile 5.9532757e-2 s
[acc] eval 8.310304e-3 s
[acc] eval 7.1492082e-2 s
[acc] compile 0.155927638 s
[acc] eval 9.260534e-3 s
[acc] eval 0.169095427 s
[acc] compile 0.266411029 s
[acc] eval 3.1185325e-2 s
[acc] eval 0.301862232 s
[acc] compile 0.186185712 s
[acc] eval 1.0294073e-2 s
[acc] eval 0.203839355 s
[acc] compile 0.220112966 s
[acc] eval 2.9503588e-2 s
[acc] eval 0.254540607 s
[acc] compile 1.5925211e-2 s
[acc] eval 1.1042595e-2 s
[acc] eval 3.1812973e-2 s
[acc] compile 4.477904e-3 s
[acc] eval 5.145822e-3 s
[acc] eval 1.1284362e-2 s
[acc] compile 7.234318e-3 s
[acc] eval 5.766865e-3 s
[acc] eval 2.9131842e-2 s
[acc] compile 6.6036975e-2 s
[acc] eval 5.57498e-3 s
[acc] eval 7.4254487e-2 s
[acc] compile 0.371776308 s
[acc] eval 2.276032e-2 s
[acc] eval 0.411158082 s
[acc] compile 5.5823043e-2 s
[acc] eval 8.61698e-3 s
[acc] eval 6.8153381e-2 s
[acc] compile 5.078292e-3 s
[acc] eval 9.101053e-3 s
[acc] eval 1.7602361e-2 s
[acc] compile 0.173956528 s
[acc] eval 2.7979596e-2 s
[acc] eval 0.205680865 s
[acc] compile 0.16367012 s
[acc] eval 1.2215777e-2 s
[acc] eval 0.178915162 s
[acc] compile 0.238624333 s
[acc] eval 1.0012491e-2 s
[acc] eval 0.254926264 s
[acc] compile 1.7848543e-2 s
[acc] eval 5.050839e-3 s
[acc] eval 2.5113938e-2 s
[acc] compile 0.145053569 s
[acc] eval 1.404997e-2 s
[acc] eval 0.16554307 s
[acc] compile 0.28556766 s
[acc] eval 2.8963327e-2 s
[acc] eval 0.317172664 s
[acc] compile 0.117408836 s
[acc] eval 8.916048e-3 s
[acc] eval 0.13144667 s
[acc] compile 5.8736077e-2 s
[acc] eval 5.984561e-3 s
[acc] eval 6.8059307e-2 s
[acc] compile 0.437556595 s
[acc] eval 3.0436696e-2 s
[acc] eval 0.489915233 s
[acc] compile 0.454477607 s
[acc] eval 3.4050841e-2 s
[acc] eval 0.493141948 s
[acc] compile 0.118854578 s
[acc] eval 7.82564e-3 s
[acc] eval 0.129588367 s
[acc] compile 0.170486919 s
[acc] eval 2.4487069e-2 s
[acc] eval 2.397162e-3 s
[acc] eval 0.200362855 s
[acc] compile 1.4220149e-2 s
[acc] eval 2.8073582e-2 s
[acc] eval 4.6936932e-2 s
[acc] eval 1.9298244e-2 s
[acc] eval 2.291253e-2 s
[acc] compile 9.51097e-3 s
[acc] eval 8.117174e-3 s
[acc] eval 3.713431e-3 s
[acc] eval 4.574386e-3 s
[acc] eval 3.997557e-3 s
[acc] eval 1.9286907e-2 s
[acc] eval 3.391065e-3 s
[acc] eval 3.48755e-3 s
[acc] eval 3.145346e-3 s
[acc] eval 2.950694e-3 s
[acc] eval 2.772261e-3 s
[acc] eval 2.9518e-3 s
[acc] eval 3.799772e-3 s
[acc] eval 3.731493e-3 s
[acc] eval 2.940685e-3 s
[acc] eval 3.487792e-3 s
[acc] eval 2.978312e-3 s
[acc] eval 3.745433e-3 s
[acc] eval 3.206818e-3 s
[acc] eval 3.217944e-3 s
[acc] eval 2.566432e-3 s
[acc] eval 2.755788e-3 s
[acc] eval 3.424904e-3 s
[acc] eval 2.945776e-3 s
[acc] eval 2.990881e-3 s
[acc] eval 3.533237e-3 s
[acc] eval 3.778829e-3 s
[acc] eval 3.634237e-3 s
[acc] eval 1.5652313e-2 s
[acc] eval 3.64476e-3 s
[acc] eval 4.074477e-3 s
[acc] eval 3.453575e-3 s
[acc] eval 0.155392309 s
[acc] compile 0.448802791 s
[acc] eval 3.6671801e-2 s
[acc] eval 0.4902614 s
[acc] compile 5.722278e-3 s
[acc] eval 5.199391e-3 s
[acc] eval 1.758527e-3 s
[acc] eval 1.721733e-3 s
[acc] eval 2.048439e-3 s
[acc] eval 2.707575e-3 s
[acc] eval 3.165858e-3 s
[acc] eval 2.214945e-3 s
[acc] eval 1.971899e-3 s
[acc] eval 1.800218e-3 s
[acc] eval 3.1287173e-2 s
[acc] compile 9.5636343e-2 s
[acc] eval 1.0328881e-2 s
[acc] eval 1.8204322e-2 s
[acc] eval 2.665621e-3 s
[acc] eval 2.50604e-3 s
[acc] eval 2.412204e-3 s
[acc] eval 2.497304e-3 s
[acc] eval 2.324426e-3 s
[acc] eval 2.50825e-3 s
[acc] eval 2.793472e-3 s
[acc] eval 2.268833e-3 s
[acc] eval 2.056013e-3 s
[acc] eval 1.94871e-3 s
[acc] eval 1.906937e-3 s
[acc] eval 1.956359e-3 s
[acc] eval 0.155949497 s
[acc] eval 4.065487e-3 s
[acc] eval 2.115609e-3 s
[acc] eval 2.19216e-3 s
[acc] eval 3.638288e-3 s
[acc] eval 3.317388e-3 s
[acc] eval 3.021309e-3 s
[acc] eval 3.018009e-3 s
[acc] eval 1.3887997e-2 s
[acc] eval 2.657563e-3 s
[acc] eval 2.405334e-3 s
[acc] eval 3.299775e-3 s
[acc] eval 3.009196e-3 s
[acc] eval 2.988994e-3 s
[acc] eval 2.596992e-3 s
[acc] eval 2.627867e-3 s
[acc] eval 6.0290795e-2 s
[acc] compile 0.517214391 s
[acc] eval 2.7698267e-2 s
[acc] eval 1.6566934e-2 s
[acc] eval 5.386698e-3 s
[acc] eval 5.319757e-3 s
[acc] eval 5.216741e-3 s
[acc] eval 4.699323e-3 s
[acc] eval 4.779705e-3 s
[acc] eval 4.889001e-3 s
[acc] eval 4.963918e-3 s
[acc] eval 4.806762e-3 s
[acc] eval 4.130646e-3 s
[acc] eval 3.859323e-3 s
[acc] eval 3.35147e-3 s
[acc] eval 3.848942e-3 s
[acc] eval 4.531925e-3 s
[acc] eval 3.720761e-3 s
[acc] eval 3.906484e-3 s
[acc] eval 4.656822e-3 s
[acc] eval 4.954038e-3 s
[acc] eval 4.390393e-3 s
[acc] eval 1.6152008e-2 s
[acc] eval 3.988269e-3 s
[acc] eval 4.775399e-3 s
[acc] eval 5.05935e-3 s
[acc] eval 5.724876e-3 s
[acc] eval 4.03545e-3 s
[acc] eval 3.842472e-3 s
[acc] eval 4.20199e-3 s
[acc] eval 4.977083e-3 s
[acc] eval 3.624617e-3 s
[acc] eval 0.706822498 s
[acc] compile 6.0252879e-2 s
[acc] eval 1.4741057e-2 s
[acc] eval 1.4001895e-2 s
[acc] eval 4.129959e-3 s
[acc] eval 3.208669e-3 s
[acc] eval 3.575898e-3 s
[acc] eval 3.205852e-3 s
[acc] eval 3.893237e-3 s
[acc] eval 3.461236e-3 s
[acc] eval 3.272683e-3 s
[acc] eval 3.142506e-3 s
[acc] eval 2.781575e-3 s
[acc] eval 2.813997e-3 s
[acc] eval 2.320639e-3 s
[acc] eval 2.296717e-3 s
[acc] eval 2.303135e-3 s
[acc] eval 0.134579472 s
[acc] compile 3.6475e-3 s
[acc] eval 3.56758e-3 s
[acc] eval 1.251988e-3 s
[acc] eval 8.44073e-4 s
[acc] eval 1.052642e-3 s
[acc] eval 1.1607255e-2 s
[acc] compile 7.978793e-3 s
[acc] eval 1.8077042e-2 s
[acc] eval 4.440325e-3 s
[acc] eval 1.6497339e-2 s
[acc] eval 3.036744e-3 s
[acc] eval 2.549536e-3 s
[acc] eval 3.259931e-3 s
[acc] eval 3.33005e-3 s
[acc] eval 3.747146e-3 s
[acc] eval 3.564643e-3 s
[acc] eval 3.661531e-3 s
[acc] eval 3.759072e-3 s
[acc] eval 3.03558e-3 s
[acc] eval 2.656971e-3 s
[acc] eval 2.748824e-3 s
[acc] eval 2.568373e-3 s
[acc] eval 3.727092e-3 s
[acc] eval 3.893912e-3 s
[acc] eval 3.859497e-3 s
[acc] eval 2.203381e-3 s
[acc] eval 2.220741e-3 s
[acc] eval 4.071563e-3 s
[acc] eval 3.635481e-3 s
[acc] eval 3.245124e-3 s
[acc] eval 2.662729e-3 s
[acc] eval 0.119532385 s
[acc] compile 7.0353317e-2 s
[acc] eval 1.0026423e-2 s
[acc] eval 8.6245473e-2 s
[acc] compile 0.272778269 s
[acc] eval 4.0707707e-2 s
[acc] eval 3.85981e-3 s
[acc] eval 3.699175e-3 s
[acc] eval 4.436082e-3 s
[acc] eval 4.063185e-3 s
[acc] eval 4.533272e-3 s
[acc] eval 3.745108e-3 s
[acc] eval 3.705948e-3 s
[acc] eval 4.270516e-3 s
[acc] eval 4.834574e-3 s
[acc] eval 3.547196e-3 s
[acc] eval 3.416842e-3 s
[acc] eval 3.493358e-3 s
[acc] eval 4.415945e-3 s
[acc] eval 3.526424e-3 s
[acc] eval 3.149304e-3 s
[acc] eval 4.207825e-3 s
[acc] eval 4.776966e-3 s
[acc] eval 3.583175e-3 s
[acc] eval 3.677857e-3 s
[acc] eval 4.193198e-3 s
[acc] eval 4.937097e-3 s
[acc] eval 4.670023e-3 s
[acc] eval 4.917297e-3 s
[acc] eval 5.119543e-3 s
[acc] eval 4.877889e-3 s
[acc] eval 6.43571e-3 s
[acc] eval 2.2682451e-2 s
[acc] eval 4.404683e-3 s
[acc] eval 5.09151e-3 s
[acc] eval 3.739681e-3 s
[acc] eval 4.0445e-3 s
[acc] eval 5.300412e-3 s
[acc] eval 4.912969e-3 s
[acc] eval 4.81758e-3 s
[acc] eval 0.489284647 s
[acc] compile 0.254356953 s
[acc] eval 3.5278215e-2 s
[acc] eval 3.790942e-3 s
[acc] eval 0.306200642 s
[acc] compile 8.099939e-2 s
[acc] eval 9.116074e-3 s
[acc] eval 3.44037e-3 s
[acc] eval 5.020708e-3 s
[acc] eval 5.024436e-3 s
[acc] eval 4.614115e-3 s
[acc] eval 4.350482e-3 s
[acc] eval 4.879152e-3 s
[acc] eval 4.568819e-3 s
[acc] eval 1.5732619e-2 s
[acc] eval 4.302838e-3 s
[acc] eval 4.134823e-3 s
[acc] eval 4.471831e-3 s
[acc] eval 0.160373933 s
[acc] compile 0.180370402 s
[acc] eval 2.4572117e-2 s
[acc] eval 0.20967766 s
[acc] compile 8.443267e-3 s
[acc] eval 1.8108929e-2 s
[acc] eval 2.8168645e-2 s
[acc] compile 3.128717e-3 s
[acc] eval 4.754951e-3 s
[acc] eval 9.616918e-3 s
[acc] compile 5.2586669e-2 s
[acc] eval 4.790227e-3 s
[acc] eval 5.9249997e-2 s
[acc] compile 0.142601719 s
[acc] eval 7.571862e-3 s
[acc] eval 0.153356003 s
[acc] compile 0.158076855 s
[acc] eval 5.637278e-3 s
[acc] eval 0.165665928 s
[acc] compile 0.254750781 s
[acc] eval 3.4253465e-2 s
[acc] eval 0.306526775 s
[acc] eval 9.956971e-3 s
[acc] eval 1.311758e-2 s
[acc] compile 0.28233628 s
[acc] eval 3.4336784e-2 s
[acc] eval 0.320049858 s
[acc] compile 0.173995519 s
[acc] eval 8.648526e-3 s
[acc] eval 0.185866193 s
[acc] compile 7.436706e-2 s
[acc] eval 6.322879e-3 s
[acc] eval 9.49718e-2 s
[acc] compile 0.190073478 s
[acc] eval 1.0853285e-2 s
[acc] eval 0.205679096 s
[acc] compile 0.18253041 s
[acc] eval 1.9309278e-2 s
[acc] eval 0.206277891 s
[acc] eval 7.919875e-3 s
[acc] eval 1.2547867e-2 s
[acc] compile 0.120768456 s
[acc] eval 3.7603016e-2 s
[acc] eval 0.163674217 s
[acc] compile 6.481091e-3 s
[acc] eval 7.389129e-3 s
[acc] eval 1.301078e-3 s
[acc] eval 1.887691e-3 s
[acc] eval 1.9282898e-2 s
[acc] compile 7.5775929e-2 s
[acc] eval 1.1920071e-2 s
[acc] eval 9.2229341e-2 s
[acc] compile 0.311518919 s
[acc] eval 5.106941e-2 s
[acc] eval 0.367411267 s
[acc] compile 0.204921117 s
[acc] eval 1.1545472e-2 s
[acc] eval 0.221479427 s
[acc] compile 0.436479854 s
[acc] eval 1.3693689e-2 s
[acc] eval 0.47181437 s
[acc] compile 4.213407e-3 s
[acc] eval 7.975511e-3 s
[acc] eval 1.830898e-3 s
[acc] eval 1.922414e-3 s
[acc] eval 1.732274e-3 s
[acc] eval 1.876353e-3 s
[acc] eval 2.29897e-3 s
[acc] eval 2.984471e-3 s
[acc] eval 2.515802e-3 s
[acc] eval 2.516139e-3 s
[acc] eval 5.8702e-3 s
[acc] eval 7.026184e-3 s
[acc] eval 5.497834e-3 s
[acc] eval 1.895075e-2 s
[acc] eval 1.549451e-3 s
[acc] eval 1.448891e-3 s
[acc] eval 1.394886e-3 s
[acc] eval 1.381633e-3 s
[acc] eval 1.386637e-3 s
[acc] eval 1.453029e-3 s
[acc] eval 1.427063e-3 s
[acc] eval 1.287632e-3 s
[acc] eval 1.374593e-3 s
[acc] eval 1.279077e-3 s
[acc] eval 1.283389e-3 s
[acc] eval 1.363019e-3 s
[acc] eval 1.369101e-3 s
[acc] eval 1.162832e-3 s
[acc] eval 1.223509e-3 s
[acc] eval 1.247928e-3 s
[acc] eval 1.283662e-3 s
[acc] eval 1.522461e-3 s
[acc] eval 1.8921e-3 s
[acc] eval 2.511245e-3 s
[acc] eval 1.934104e-3 s
[acc] eval 1.824778e-3 s
[acc] eval 1.585556e-3 s
[acc] eval 0.105596772 s
[acc] eval 1.1641674e-2 s
[acc] eval 1.872197e-3 s
[acc] eval 1.458856e-3 s
[acc] eval 1.732844e-3 s
[acc] eval 1.657271e-3 s
[acc] eval 2.545358e-3 s
[acc] eval 1.3990011e-2 s
[acc] eval 2.200162e-3 s
[acc] eval 1.831978e-3 s
[acc] eval 2.063127e-3 s
[acc] eval 1.87287e-3 s
[acc] eval 1.784715e-3 s
[acc] eval 1.49066e-3 s
[acc] eval 1.406821e-3 s
[acc] eval 1.480115e-3 s
[acc] eval 1.507974e-3 s
[acc] eval 1.447218e-3 s
[acc] eval 1.693756e-3 s
[acc] eval 1.586872e-3 s
[acc] eval 1.545852e-3 s
[acc] eval 1.484081e-3 s
[acc] eval 1.553698e-3 s
[acc] eval 1.370357e-3 s
[acc] eval 1.348461e-3 s
[acc] eval 1.488115e-3 s
[acc] eval 1.456665e-3 s
[acc] eval 1.408392e-3 s
[acc] eval 1.333387e-3 s
[acc] eval 1.352643e-3 s
[acc] eval 1.19424e-3 s
[acc] eval 1.202775e-3 s
[acc] eval 1.351145e-3 s
[acc] eval 7.7607524e-2 s
[acc] compile 3.847955e-3 s
[acc] eval 8.465673e-3 s
[acc] eval 1.66182e-3 s
[acc] eval 1.580611e-3 s
[acc] eval 1.863795e-3 s
[acc] eval 2.309587e-3 s
[acc] eval 2.173467e-3 s
[acc] eval 2.201322e-2 s
[acc] eval 2.065363e-3 s
[acc] eval 1.873664e-3 s
[acc] eval 1.585273e-3 s
[acc] eval 1.755241e-3 s
[acc] eval 1.680455e-3 s
[acc] eval 5.5996658e-2 s
[acc] compile 0.187693854 s
[acc] eval 2.3141317e-2 s
[acc] eval 0.216132253 s
[acc] compile 1.074997e-3 s
[acc] eval 3.1005951e-2 s
[acc] compile 7.7867726e-2 s
[acc] eval 1.0883902e-2 s
[acc] eval 5.308692e-3 s
[acc] eval 4.163873e-3 s
[acc] eval 3.953993e-3 s
[acc] eval 5.447803e-3 s
[acc] eval 2.0752797e-2 s
[acc] eval 2.174763e-3 s
[acc] eval 2.020119e-3 s
[acc] eval 2.265472e-3 s
[acc] eval 2.338113e-3 s
[acc] eval 2.254489e-3 s
[acc] eval 2.062286e-3 s
[acc] eval 2.107447e-3 s
[acc] eval 2.486089e-3 s
[acc] eval 3.321005e-3 s
[acc] eval 2.430283e-3 s
[acc] eval 2.146901e-3 s
[acc] eval 1.938746e-3 s
[acc] eval 1.965208e-3 s
[acc] eval 1.861752e-3 s
[acc] eval 2.766777e-3 s
[acc] eval 2.520843e-3 s
[acc] eval 2.59554e-3 s
[acc] eval 2.551199e-3 s
[acc] eval 1.738946e-3 s
[acc] eval 1.90215e-3 s
[acc] eval 2.162422e-3 s
[acc] eval 3.107194e-3 s
[acc] eval 2.583921e-3 s
[acc] eval 2.692089e-3 s
[acc] eval 0.190069779 s
[acc] compile 0.247026267 s
[acc] eval 3.9722258e-2 s
[acc] eval 0.290695321 s
[acc] compile 0.217485192 s
[acc] eval 1.813243e-2 s
[acc] eval 5.955254e-3 s
[acc] eval 5.381067e-3 s
[acc] eval 4.150444e-3 s
[acc] eval 3.729101e-3 s
[acc] eval 3.300905e-3 s
[acc] eval 1.5228206e-2 s
[acc] eval 2.897487e-3 s
[acc] eval 3.099988e-3 s
[acc] eval 3.13443e-3 s
[acc] eval 2.377531e-3 s
[acc] eval 2.080347e-3 s
[acc] eval 2.057658e-3 s
[acc] eval 2.116617e-3 s
[acc] eval 2.275954e-3 s
[acc] eval 3.478344e-3 s
[acc] eval 2.48065e-3 s
[acc] eval 2.089977e-3 s
[acc] eval 2.288992e-3 s
[acc] eval 2.458488e-3 s
[acc] eval 1.968258e-3 s
[acc] eval 2.765651e-3 s
[acc] eval 2.719259e-3 s
[acc] eval 2.122261e-3 s
[acc] eval 2.03941e-3 s
[acc] eval 2.043484e-3 s
[acc] eval 2.050457e-3 s
[acc] eval 2.324528e-3 s
[acc] eval 2.041857e-3 s
[acc] eval 0.332921623 s
[acc] compile 5.523496e-3 s
[acc] eval 5.319933e-3 s
[acc] eval 1.2242939e-2 s
[acc] compile 0.120067369 s
[acc] eval 3.3123536e-2 s
[acc] eval 0.171599177 s
[acc] compile 0.581155373 s
[acc] eval 4.3277302e-2 s
[acc] eval 2.4298666e-2 s
[acc] eval 4.577408e-3 s
[acc] eval 7.353087e-3 s
[acc] eval 6.066057e-3 s
[acc] eval 5.040116e-3 s
[acc] eval 1.7236451e-2 s
[acc] eval 7.262277e-3 s
[acc] eval 6.207716e-3 s
[acc] eval 7.71026e-3 s
[acc] eval 1.9998051e-2 s
[acc] eval 5.065537e-3 s
[acc] eval 5.200296e-3 s
[acc] eval 4.867173e-3 s
[acc] eval 7.064341e-3 s
[acc] eval 1.6653261e-2 s
[acc] eval 5.291875e-3 s
[acc] eval 6.929765e-3 s
[acc] eval 8.624677e-3 s
[acc] eval 7.189986e-3 s
[acc] eval 1.9630377e-2 s
[acc] eval 7.495835e-3 s
[acc] eval 7.187923e-3 s
[acc] eval 6.489284e-3 s
[acc] eval 6.891245e-3 s
[acc] eval 1.8912807e-2 s
[acc] eval 5.243994e-3 s
[acc] eval 5.176217e-3 s
[acc] eval 5.409745e-3 s
[acc] eval 7.196332e-3 s
[acc] eval 0.90996627 s
[acc] compile 7.1647285e-2 s
[acc] eval 1.7648512e-2 s
[acc] eval 9.3417002e-2 s
[acc] compile 7.5817e-2 s
[acc] eval 3.7038863e-2 s
[acc] eval 4.476472e-3 s
[acc] eval 4.089437e-3 s
[acc] eval 3.587853e-3 s
[acc] eval 4.095382e-3 s
[acc] eval 4.474767e-3 s
[acc] eval 3.724943e-3 s
[acc] eval 3.812041e-3 s
[acc] eval 3.500406e-3 s
[acc] eval 2.87375e-3 s
[acc] eval 2.686171e-3 s
[acc] eval 2.433225e-3 s
[acc] eval 2.462056e-3 s
[acc] eval 2.411601e-3 s
[acc] eval 3.032557e-3 s
[acc] eval 2.6691e-3 s
[acc] eval 2.446131e-3 s
[acc] eval 2.42248e-3 s
[acc] eval 2.457616e-3 s
[acc] eval 2.468026e-3 s
[acc] eval 3.137415e-3 s
[acc] eval 2.787601e-3 s
[acc] eval 2.396564e-3 s
[acc] eval 2.542576e-3 s
[acc] eval 2.56548e-3 s
[acc] eval 2.484461e-3 s
[acc] eval 2.443265e-3 s
[acc] eval 2.653607e-3 s
[acc] eval 3.014321e-3 s
[acc] eval 2.872456e-3 s
[acc] eval 0.207426339 s
[acc] compile 0.13769598 s
[acc] eval 7.955305e-3 s
[acc] eval 0.152629296 s
[acc] compile 9.3379919e-2 s
[acc] eval 6.908795e-3 s
[acc] eval 5.062032e-3 s
[acc] eval 4.874062e-3 s
[acc] eval 5.602067e-3 s
[acc] eval 1.7500866e-2 s
[acc] eval 2.848697e-3 s
[acc] eval 2.832185e-3 s
[acc] eval 3.309942e-3 s
[acc] eval 3.216839e-3 s
[acc] eval 2.853984e-3 s
[acc] eval 2.761937e-3 s
[acc] eval 2.532644e-3 s
[acc] eval 2.666775e-3 s
[acc] eval 3.168252e-3 s
[acc] eval 2.353114e-3 s
[acc] eval 2.050714e-3 s
[acc] eval 1.924002e-3 s
[acc] eval 2.772993e-3 s
[acc] eval 0.17450464 s
[acc] compile 4.7138679e-2 s
[acc] eval 1.5666557e-2 s
[acc] eval 3.662826e-3 s
[acc] eval 3.883621e-3 s
[acc] eval 1.6628294e-2 s
[acc] eval 3.191451e-3 s
[acc] eval 3.119256e-3 s
[acc] eval 2.986813e-3 s
[acc] eval 2.712779e-3 s
[acc] eval 2.727691e-3 s
[acc] eval 2.506896e-3 s
[acc] eval 2.586505e-3 s
[acc] eval 2.486899e-3 s
[acc] eval 2.471436e-3 s
[acc] eval 0.115369137 s
[acc] compile 4.925655e-3 s
[acc] eval 4.485428e-3 s
[acc] eval 1.656652e-3 s
[acc] eval 1.910445e-3 s
[acc] eval 1.736202e-3 s
[acc] eval 1.359006e-3 s
[acc] eval 1.613382e-3 s
[acc] eval 2.120387e-3 s
[acc] eval 2.321529e-3 s
[acc] eval 1.896305e-3 s
[acc] eval 2.561648e-3 s
[acc] eval 2.30174e-3 s
[acc] eval 2.183663e-3 s
[acc] eval 3.4864604e-2 s
[acc] compile 1.2141618e-2 s
[acc] eval 3.2657124e-2 s
[acc] eval 3.580916e-3 s
[acc] eval 3.063314e-3 s
[acc] eval 2.91085e-3 s
[acc] eval 2.964424e-3 s
[acc] eval 3.973995e-3 s
[acc] eval 3.063196e-3 s
[acc] eval 3.035075e-3 s
[acc] eval 2.944712e-3 s
[acc] eval 3.065241e-3 s
[acc] eval 3.347913e-3 s
[acc] eval 3.229968e-3 s
[acc] eval 3.085789e-3 s
[acc] eval 3.211835e-3 s
[acc] eval 4.219907e-3 s
[acc] eval 2.671838e-3 s
[acc] eval 2.505796e-3 s
[acc] eval 2.357742e-3 s
[acc] eval 2.485217e-3 s
[acc] eval 2.709624e-3 s
[acc] eval 3.549628e-3 s
[acc] eval 2.768428e-3 s
[acc] eval 2.629199e-3 s
[acc] eval 2.516015e-3 s
[acc] eval 2.492359e-3 s
[acc] eval 3.308e-3 s
[acc] eval 3.285815e-3 s
[acc] eval 2.633102e-3 s
[acc] eval 2.35938e-3 s
[acc] eval 2.379532e-3 s
[acc] eval 0.138173397 s
[acc] compile 0.166164748 s
[acc] eval 2.2620656e-2 s
[acc] eval 0.194446583 s
[acc] compile 3.51075e-4 s
[acc] eval 6.096218e-3 s
[acc] compile 1.8372642e-2 s
[acc] eval 8.528267e-3 s
[acc] eval 1.691991e-3 s
[acc] eval 1.573448e-3 s
[acc] eval 1.538725e-3 s
[acc] eval 1.604673e-3 s
[acc] eval 1.541442e-3 s
[acc] eval 1.513121e-3 s
[acc] eval 1.671936e-3 s
[acc] eval 1.4748478e-2 s
[acc] eval 1.607904e-3 s
[acc] eval 1.598567e-3 s
[acc] eval 1.141019e-3 s
[acc] eval 1.406997e-3 s
[acc] eval 1.557953e-3 s
[acc] eval 1.638288e-3 s
[acc] eval 1.039932e-3 s
[acc] eval 9.37075e-4 s
[acc] eval 8.52846e-4 s
[acc] eval 9.84915e-4 s
[acc] eval 1.191168e-3 s
[acc] eval 1.107659e-3 s
[acc] eval 1.132526e-3 s
[acc] eval 1.118926e-3 s
[acc] eval 1.109331e-3 s
[acc] eval 1.058539e-3 s
[acc] eval 1.0407e-3 s
[acc] eval 1.138006e-3 s
[acc] eval 1.474531e-3 s
[acc] eval 1.645938e-3 s
[acc] eval 1.420666e-3 s
[acc] eval 1.382147e-3 s
[acc] eval 8.403715e-2 s
[acc] compile 6.0966572e-2 s
[acc] eval 1.559058e-2 s
[acc] eval 1.722344e-3 s
[acc] eval 1.527085e-3 s
[acc] eval 1.295738e-3 s
[acc] eval 1.385385e-3 s
[acc] eval 1.2996233e-2 s
[acc] eval 1.500535e-3 s
[acc] eval 1.638067e-3 s
[acc] eval 1.5898e-3 s
[acc] eval 1.896385e-3 s
[acc] eval 1.829717e-3 s
[acc] eval 1.812996e-3 s
[acc] eval 1.699624e-3 s
[acc] eval 1.217081e-3 s
[acc] eval 1.111758e-3 s
[acc] eval 1.095272e-3 s
[acc] eval 1.247234e-3 s
[acc] eval 1.293137e-3 s
[acc] eval 1.132533e-3 s
[acc] eval 1.165901e-3 s
[acc] eval 1.359372e-3 s
[acc] eval 1.632993e-3 s
[acc] eval 3.333676e-3 s
[acc] eval 1.200009e-3 s
[acc] eval 1.221858e-3 s
[acc] eval 1.163216e-3 s
[acc] eval 1.309218e-3 s
[acc] eval 1.142695e-3 s
[acc] eval 1.196863e-3 s
[acc] eval 1.172531e-3 s
[acc] eval 0.135475076 s
[acc] compile 4.167067e-3 s
[acc] eval 1.0492961e-2 s
[acc] eval 1.068037e-3 s
[acc] eval 1.176307e-3 s
[acc] eval 1.85738e-2 s
[acc] compile 0.137928403 s
[acc] eval 3.8064536e-2 s
[acc] eval 0.182379259 s
[acc] compile 5.446173e-3 s
[acc] eval 5.18479e-3 s
[acc] eval 1.531988e-3 s
[acc] eval 1.384937e-3 s
[acc] eval 1.17208e-3 s
[acc] eval 1.532563e-3 s
[acc] eval 1.660161e-3 s
[acc] eval 1.936422e-3 s
[acc] eval 2.863154e-3 s
[acc] eval 2.768123e-3 s
[acc] eval 1.984592e-3 s
[acc] eval 1.530781e-3 s
[acc] eval 1.680107e-3 s
[acc] eval 1.4640994e-2 s
[acc] eval 1.786169e-3 s
[acc] eval 2.311544e-3 s
[acc] eval 1.659004e-3 s
[acc] eval 1.412393e-3 s
[acc] eval 1.367319e-3 s
[acc] eval 1.293674e-3 s
[acc] eval 1.100746e-3 s
[acc] eval 9.3691e-4 s
[acc] eval 9.43536e-4 s
[acc] eval 8.87902e-4 s
[acc] eval 8.72468e-4 s
[acc] eval 8.13471e-4 s
[acc] eval 9.65856e-4 s
[acc] eval 1.194642e-3 s
[acc] eval 1.216413e-3 s
[acc] eval 1.108195e-3 s
[acc] eval 1.539012e-3 s
[acc] eval 7.0973231e-2 s
[acc] eval 1.168115e-2 s
[acc] eval 2.11742e-3 s
[acc] eval 1.623164e-3 s
[acc] eval 1.60028e-3 s
[acc] eval 1.547217e-3 s
[acc] eval 1.621996e-3 s
[acc] eval 1.546744e-3 s
[acc] eval 1.464672e-3 s
[acc] eval 1.5376641e-2 s
[acc] eval 1.71708e-3 s
[acc] eval 1.641783e-3 s
[acc] eval 1.617578e-3 s
[acc] eval 1.439482e-3 s
[acc] eval 1.506867e-3 s
[acc] eval 1.680319e-3 s
[acc] eval 1.611631e-3 s
[acc] eval 1.564504e-3 s
[acc] eval 1.691396e-3 s
[acc] eval 2.133751e-3 s
[acc] eval 1.721654e-3 s
[acc] eval 1.316359e-3 s
[acc] eval 1.249563e-3 s
[acc] eval 1.622804e-3 s
[acc] eval 1.482503e-3 s
[acc] eval 2.488288e-3 s
[acc] eval 1.460867e-3 s
[acc] eval 1.593182e-3 s
[acc] eval 1.675149e-3 s
[acc] eval 1.500962e-3 s
[acc] eval 1.21362e-3 s
[acc] eval 7.8461124e-2 s
[acc] compile 7.3791712e-2 s
[acc] eval 1.9746657e-2 s
[acc] eval 5.075243e-3 s
[acc] eval 6.040798e-3 s
[acc] eval 3.887084e-3 s
[acc] eval 1.5790532e-2 s
[acc] eval 2.530782e-3 s
[acc] eval 2.426657e-3 s
[acc] eval 2.205841e-3 s
[acc] eval 2.344212e-3 s
[acc] eval 2.340232e-3 s
[acc] eval 2.361268e-3 s
[acc] eval 2.767893e-3 s
[acc] eval 3.020613e-3 s
[acc] eval 2.577805e-3 s
[acc] eval 2.46851e-3 s
[acc] eval 2.637674e-3 s
[acc] eval 2.580701e-3 s
[acc] eval 2.566502e-3 s
[acc] eval 2.542187e-3 s
[acc] eval 2.560301e-3 s
[acc] eval 2.163062e-3 s
[acc] eval 2.163867e-3 s
[acc] eval 1.939877e-3 s
[acc] eval 2.406128e-3 s
[acc] eval 2.652856e-3 s
[acc] eval 2.422281e-3 s
[acc] eval 2.334583e-3 s
[acc] eval 2.180854e-3 s
[acc] eval 2.222694e-3 s
[acc] eval 2.479997e-3 s
[acc] eval 3.468469e-3 s
[acc] eval 3.361926e-3 s
[acc] eval 0.200083961 s
[acc] compile 0.290447645 s
[acc] eval 2.4970478e-2 s
[acc] eval 0.333460813 s
[acc] compile 4.93208e-3 s
[acc] eval 1.1606432e-2 s
[acc] eval 1.871053e-3 s
[acc] eval 2.18732e-3 s
[acc] eval 1.820446e-3 s
[acc] eval 2.970681e-3 s
[acc] eval 2.698404e-3 s
[acc] eval 1.867778e-3 s
[acc] eval 1.729267e-3 s
[acc] eval 1.6646587e-2 s
[acc] eval 1.673337e-3 s
[acc] eval 1.592929e-3 s
[acc] eval 1.561965e-3 s
[acc] eval 1.34639e-3 s
[acc] eval 1.297387e-3 s
[acc] eval 5.9282445e-2 s
[acc] compile 8.909129e-3 s
[acc] eval 1.5377033e-2 s
[acc] eval 2.232926e-3 s
[acc] eval 2.08325e-3 s
[acc] eval 1.577014e-3 s
[acc] eval 1.528661e-3 s
[acc] eval 1.3723483e-2 s
[acc] eval 1.33098e-3 s
[acc] eval 1.228679e-3 s
[acc] eval 1.150774e-3 s
[acc] eval 1.168528e-3 s
[acc] eval 1.233217e-3 s
[acc] eval 1.198002e-3 s
[acc] eval 1.367115e-3 s
[acc] eval 2.070276e-3 s
[acc] eval 1.94119e-3 s
[acc] eval 1.717592e-3 s
[acc] eval 1.521073e-3 s
[acc] eval 1.587526e-3 s
[acc] eval 1.561866e-3 s
[acc] eval 1.600144e-3 s
[acc] eval 1.489059e-3 s
[acc] eval 1.560283e-3 s
[acc] eval 7.4079491e-2 s
[acc] compile 0.413251398 s
[acc] eval 3.3194661e-2 s
[acc] eval 0.466662329 s
[acc] compile 0.20319808 s
[acc] eval 1.7962402e-2 s
[acc] eval 0.240311145 s
[acc] compile 0.267253155 s
[acc] eval 2.6590899e-2 s
[acc] eval 0.297450365 s
[acc] compile 0.289845895 s
[acc] eval 1.5252272e-2 s
[acc] eval 1.17016e-2 s
[acc] eval 1.1396249e-2 s
[acc] eval 2.1681004e-2 s
[acc] eval 1.0868478e-2 s
[acc] eval 1.0805669e-2 s
[acc] eval 8.809873e-3 s
[acc] eval 7.035957e-3 s
[acc] eval 1.3742765e-2 s
[acc] eval 6.877053e-3 s
[acc] eval 7.340015e-3 s
[acc] eval 3.796146e-3 s
[acc] eval 0.424170853 s
[acc] compile 1.0710678e-2 s
[acc] eval 8.027648e-3 s
[acc] eval 2.2950335e-2 s
[acc] compile 5.6825523e-2 s
[acc] eval 3.4072947e-2 s
[acc] eval 4.671157e-3 s
[acc] eval 4.076718e-3 s
[acc] eval 4.073514e-3 s
[acc] eval 4.976658e-3 s
[acc] eval 4.502976e-3 s
[acc] eval 3.919434e-3 s
[acc] eval 2.991415e-3 s
[acc] eval 2.542967e-3 s
[acc] eval 3.95531e-3 s
[acc] eval 3.031839e-3 s
[acc] eval 2.608034e-3 s
[acc] eval 1.965105e-3 s
[acc] eval 1.874711e-3 s
[acc] eval 1.951934e-3 s
[acc] eval 2.653763e-3 s
[acc] eval 0.147214746 s
[acc] compile 0.333173909 s
[acc] eval 2.9168641e-2 s
[acc] eval 0.368440616 s
[acc] compile 0.572559219 s
[acc] eval 2.7991628e-2 s
[acc] eval 0.606170312 s
[acc] compile 0.339614919 s
[acc] eval 1.1556834e-2 s
[acc] eval 0.356619016 s
[acc] compile 5.367082e-3 s
[acc] eval 1.8860396e-2 s
[acc] eval 2.6045955e-2 s
[acc] compile 0.212312168 s
[acc] eval 2.151694e-2 s
[acc] eval 0.241601531 s
[acc] eval 2.1634135e-2 s
[acc] eval 2.365875e-2 s
[acc] compile 0.309857348 s
[acc] eval 1.3682357e-2 s
[acc] eval 0.328943908 s
[acc] compile 1.8956893e-2 s
[acc] eval 3.7722926e-2 s
[acc] eval 6.1208585e-2 s
[acc] compile 1.7296296e-2 s
[acc] eval 1.346205e-2 s
[acc] eval 3.7561959e-2 s
[acc] eval 2.2239327e-2 s
[acc] eval 2.5820749e-2 s
[acc] compile 0.138669966 s
[acc] eval 8.450089e-3 s
[acc] eval 0.150875553 s
[acc] compile 7.1319282e-2 s
[acc] eval 7.199285e-3 s
[acc] eval 2.6377e-3 s
[acc] eval 8.431127e-2 s
[acc] compile 8.37066e-3 s
[acc] eval 8.541905e-3 s
[acc] eval 2.1562726e-2 s
[acc] compile 3.2321007e-2 s
[acc] eval 1.0426222e-2 s
[acc] eval 4.9627937e-2 s
[acc] compile 7.4345782e-2 s
[acc] eval 1.0004926e-2 s
[acc] eval 9.1280046e-2 s
[acc] eval 2.8541804e-2 s
[acc] eval 3.1098334e-2 s
[acc] eval 5.193415e-3 s
[acc] eval 7.749754e-3 s
[acc] eval 5.406816e-3 s
[acc] eval 8.162819e-3 s
[acc] compile 8.2591255e-2 s
[acc] eval 1.1241773e-2 s
[acc] eval 9.77317e-2 s
[acc] eval 3.0786853e-2 s
[acc] eval 3.384204e-2 s
[acc] compile 0.116316672 s
[acc] eval 1.2572165e-2 s
[acc] eval 4.863952e-3 s
[acc] eval 1.7470129e-2 s
[acc] eval 4.359111e-3 s
[acc] eval 4.534856e-3 s
[acc] eval 5.971392e-3 s
[acc] eval 7.009356e-3 s
[acc] eval 3.928631e-3 s
[acc] eval 4.69658e-3 s
[acc] eval 3.189528e-3 s
[acc] eval 3.048674e-3 s
[acc] eval 3.05467e-3 s
[acc] eval 0.196714486 s
[acc] compile 7.715508e-3 s
[acc] eval 1.9434703e-2 s
[acc] eval 3.0823262e-2 s
[acc] compile 0.288514895 s
[acc] eval 2.4698942e-2 s
[acc] eval 0.319084562 s
[acc] compile 0.183881016 s
[acc] eval 8.871113e-3 s
[acc] eval 0.198605761 s
[acc] compile 0.185878576 s
[acc] eval 1.1253824e-2 s
[acc] eval 0.202129749 s
[acc] compile 0.161141818 s
[acc] eval 2.0642864e-2 s
[acc] eval 0.199422269 s
[acc] compile 5.224638e-3 s
[acc] eval 7.463862e-3 s
[acc] eval 4.209745e-3 s
[acc] eval 3.497989e-3 s
[acc] eval 3.715798e-3 s
[acc] eval 3.56621e-3 s
[acc] eval 1.8315905e-2 s
[acc] eval 3.856657e-3 s
[acc] eval 3.804117e-3 s
[acc] eval 3.296479e-3 s
[acc] eval 3.580388e-3 s
[acc] eval 3.38409e-3 s
[acc] eval 3.034511e-3 s
[acc] eval 2.150373e-3 s
[acc] eval 2.101944e-3 s
[acc] eval 2.605168e-3 s
[acc] eval 2.494044e-3 s
[acc] eval 2.286831e-3 s
[acc] eval 2.291176e-3 s
[acc] eval 3.548995e-3 s
[acc] eval 3.408244e-3 s
[acc] eval 3.635848e-3 s
[acc] eval 2.215054e-3 s
[acc] eval 1.979096e-3 s
[acc] eval 2.107738e-3 s
[acc] eval 2.719062e-3 s
[acc] eval 2.3926e-3 s
[acc] eval 2.075313e-3 s
[acc] eval 1.997975e-3 s
[acc] eval 0.11151603 s
[acc] compile 0.246078341 s
[acc] eval 1.9213464e-2 s
[acc] eval 0.269833336 s
[acc] compile 1.153239e-3 s
[acc] eval 4.771174e-3 s
[acc] compile 7.1809113e-2 s
[acc] eval 9.978116e-3 s
[acc] eval 8.5954141e-2 s
[acc] eval 2.4826596e-2 s
[acc] eval 2.8662067e-2 s
[acc] compile 0.108027806 s
[acc] eval 1.8202164e-2 s
[acc] eval 0.13049409 s
[acc] compile 0.31177357 s
[acc] eval 4.4910958e-2 s
[acc] eval 0.361657416 s
[acc] compile 0.174224007 s
[acc] eval 2.2830903e-2 s
[acc] eval 0.202356514 s
[acc] compile 0.182819057 s
[acc] eval 2.1734188e-2 s
[acc] eval 0.207774568 s
[acc] compile 6.7874018e-2 s
[acc] eval 6.557495e-3 s
[acc] eval 7.760761e-2 s
[acc] compile 0.107998153 s
[acc] eval 1.3696707e-2 s
[acc] eval 0.144317759 s
[acc] compile 0.221589048 s
[acc] eval 1.0885679e-2 s
[acc] eval 9.331584e-3 s
[acc] eval 0.252328747 s
[acc] eval 3.8799356e-2 s
[acc] eval 4.2978759e-2 s
[acc] compile 6.224139e-3 s
[acc] eval 1.6531481e-2 s
[acc] eval 2.6669394e-2 s
[acc] compile 8.11255e-4 s
[acc] eval 2.706773e-2 s
[acc] compile 0.239375196 s
[acc] eval 1.3421891e-2 s
[acc] eval 6.488678e-3 s
[acc] eval 2.2430439e-2 s
[acc] eval 3.108442e-3 s
[acc] eval 2.971846e-3 s
[acc] eval 2.740546e-3 s
[acc] eval 2.640457e-3 s
[acc] eval 3.075638e-3 s
[acc] eval 2.723824e-3 s
[acc] eval 3.605313e-3 s
[acc] eval 2.980914e-3 s
[acc] eval 3.038158e-3 s
[acc] eval 2.961167e-3 s
[acc] eval 3.154621e-3 s
[acc] eval 2.941284e-3 s
[acc] eval 3.289196e-3 s
[acc] eval 2.835993e-3 s
[acc] eval 2.858905e-3 s
[acc] eval 3.302697e-3 s
[acc] eval 3.084275e-3 s
[acc] eval 3.199963e-3 s
[acc] eval 3.31265e-3 s
[acc] eval 3.324103e-3 s
[acc] eval 3.043588e-3 s
[acc] eval 3.580072e-3 s
[acc] eval 3.047965e-3 s
[acc] eval 3.098989e-3 s
[acc] eval 2.904992e-3 s
[acc] eval 2.735287e-3 s
[acc] eval 2.457166e-3 s
[acc] eval 0.370436053 s
[acc] compile 6.629233e-3 s
[acc] eval 5.176684e-3 s
[acc] eval 1.6632612e-2 s
[acc] eval 2.580507e-3 s
[acc] eval 2.358021e-3 s
[acc] eval 2.362597e-3 s
[acc] eval 2.306221e-3 s
[acc] eval 2.294649e-3 s
[acc] eval 2.09982e-3 s
[acc] eval 2.216918e-3 s
[acc] eval 2.175757e-3 s
[acc] eval 2.408111e-3 s
[acc] eval 2.175857e-3 s
[acc] eval 2.118968e-3 s
[acc] eval 2.109271e-3 s
[acc] eval 2.273242e-3 s
[acc] eval 2.156913e-3 s
[acc] eval 2.106995e-3 s
[acc] eval 2.108276e-3 s
[acc] eval 2.29489e-3 s
[acc] eval 2.384996e-3 s
[acc] eval 2.296949e-3 s
[acc] eval 2.427074e-3 s
[acc] eval 2.299931e-3 s
[acc] eval 2.208679e-3 s
[acc] eval 2.35198e-3 s
[acc] eval 2.686106e-3 s
[acc] eval 2.758399e-3 s
[acc] eval 2.472998e-3 s
[acc] eval 2.410384e-3 s
[acc] eval 2.316698e-3 s
[acc] eval 9.8114247e-2 s
[acc] compile 0.132301028 s
[acc] eval 2.6480908e-2 s
[acc] eval 3.625309e-3 s
[acc] eval 3.831763e-3 s
[acc] eval 1.6173305e-2 s
[acc] eval 2.89754e-3 s
[acc] eval 2.973654e-3 s
[acc] eval 2.370583e-3 s
[acc] eval 2.584373e-3 s
[acc] eval 2.45463e-3 s
[acc] eval 2.391475e-3 s
[acc] eval 2.25175e-3 s
[acc] eval 2.211016e-3 s
[acc] eval 2.271124e-3 s
[acc] eval 2.23582e-3 s
[acc] eval 2.511534e-3 s
[acc] eval 2.48563e-3 s
[acc] eval 2.410586e-3 s
[acc] eval 2.330566e-3 s
[acc] eval 2.526934e-3 s
[acc] eval 3.059103e-3 s
[acc] eval 2.784348e-3 s
[acc] eval 2.560705e-3 s
[acc] eval 2.488569e-3 s
[acc] eval 2.212384e-3 s
[acc] eval 2.274406e-3 s
[acc] eval 2.218247e-3 s
[acc] eval 2.240388e-3 s
[acc] eval 2.223841e-3 s
[acc] eval 2.210566e-3 s
[acc] eval 2.45811e-3 s
[acc] eval 2.849029e-3 s
[acc] eval 0.255611607 s
[acc] compile 0.198423179 s
[acc] eval 2.2482313e-2 s
[acc] eval 0.224231413 s
[acc] compile 4.13753e-3 s
[acc] eval 6.979747e-3 s
[acc] eval 1.9114363e-2 s
[acc] eval 1.099958e-3 s
[acc] eval 1.027962e-3 s
[acc] eval 9.95359e-4 s
[acc] eval 1.227717e-3 s
[acc] eval 1.241981e-3 s
[acc] eval 1.13738e-3 s
[acc] eval 9.66181e-4 s
[acc] eval 9.82627e-4 s
[acc] eval 9.30939e-4 s
[acc] eval 1.026591e-3 s
[acc] eval 1.043857e-3 s
[acc] eval 9.1868e-4 s
[acc] eval 9.62059e-4 s
[acc] eval 1.001077e-3 s
[acc] eval 9.15861e-4 s
[acc] eval 9.91384e-4 s
[acc] eval 1.011315e-3 s
[acc] eval 9.90478e-4 s
[acc] eval 1.162697e-3 s
[acc] eval 1.003075e-3 s
[acc] eval 9.65817e-4 s
[acc] eval 8.37121e-4 s
[acc] eval 7.94379e-4 s
[acc] eval 8.50926e-4 s
[acc] eval 9.61365e-4 s
[acc] eval 9.88374e-4 s
[acc] eval 1.074786e-3 s
[acc] eval 9.72087e-4 s
[acc] eval 6.1663754e-2 s
[acc] eval 1.922432e-3 s
[acc] eval 4.69508e-4 s
[acc] eval 7.14441e-4 s
[acc] eval 3.840782e-3 s
[acc] eval 3.656549e-3 s
[acc] eval 9.21885e-4 s
[acc] eval 7.54582e-4 s
[acc] eval 9.39614e-4 s
[acc] eval 7.380765e-3 s
[acc] compile 4.416131e-3 s
[acc] eval 7.315593e-3 s
[acc] eval 1.912784e-3 s
[acc] eval 1.874391e-3 s
[acc] eval 2.197442e-3 s
[acc] eval 1.5662734e-2 s
[acc] eval 3.5605719e-2 s
[acc] eval 7.844357e-3 s
[acc] eval 1.99674e-3 s
[acc] eval 2.202405e-3 s
[acc] eval 2.312523e-3 s
[acc] eval 2.316406e-3 s
[acc] eval 2.177576e-3 s
[acc] eval 3.6327283e-2 s
[acc] eval 7.481662e-3 s
[acc] eval 2.611106e-3 s
[acc] eval 2.588977e-3 s
[acc] eval 2.921664e-3 s
[acc] eval 1.6399609e-2 s
[acc] eval 1.918524e-3 s
[acc] eval 2.107341e-3 s
[acc] eval 2.663871e-3 s
[acc] eval 2.803323e-3 s
[acc] eval 2.933842e-3 s
[acc] eval 2.900764e-3 s
[acc] eval 3.164963e-3 s
[acc] eval 2.451351e-3 s
[acc] eval 2.373679e-3 s
[acc] eval 2.238927e-3 s
[acc] eval 2.161486e-3 s
[acc] eval 6.3427822e-2 s
[acc] compile 1.4902887e-2 s
[acc] eval 4.0332529e-2 s
[acc] eval 3.807416e-3 s
[acc] eval 3.645232e-3 s
[acc] eval 4.770417e-3 s
[acc] eval 4.918552e-3 s
[acc] eval 3.8104e-3 s
[acc] eval 3.457937e-3 s
[acc] eval 3.587452e-3 s
[acc] eval 4.574596e-3 s
[acc] eval 4.382531e-3 s
[acc] eval 3.348962e-3 s
[acc] eval 3.475958e-3 s
[acc] eval 3.350386e-3 s
[acc] eval 3.594904e-3 s
[acc] eval 3.592847e-3 s
[acc] eval 4.338251e-3 s
[acc] eval 4.728943e-3 s
[acc] eval 5.542711e-3 s
[acc] eval 4.736587e-3 s
[acc] eval 5.047298e-3 s
[acc] eval 5.910673e-3 s
[acc] eval 5.110398e-3 s
[acc] eval 5.183519e-3 s
[acc] eval 2.1916519e-2 s
[acc] eval 4.819692e-3 s
[acc] eval 4.640497e-3 s
[acc] eval 4.350773e-3 s
[acc] eval 4.272226e-3 s
[acc] eval 3.786738e-3 s
[acc] eval 3.740986e-3 s
[acc] eval 0.204154322 s
