[acc] compile 1.3517798e-2 s
[acc] eval 1.925343022 s
[acc] compile 3.38165e-4 s
[acc] eval 6.9127284e-2 s
[acc] compile 3.45041e-4 s
[acc] eval 6.7748466e-2 s
[acc] compile 6.3629e-4 s
[acc] eval 0.156476348 s
[acc] compile 5.3778e-4 s
[acc] eval 0.156675908 s
[acc] compile 5.61072e-4 s
[acc] eval 0.158222123 s
[acc] compile 5.77608e-4 s
[acc] eval 0.165095295 s
[acc] compile 3.31213e-4 s
[acc] eval 0.140358027 s
[acc] compile 3.30338e-4 s
[acc] eval 6.8478166e-2 s
[acc] compile 3.777633e-3 s
[acc] eval 9.702142e-3 s
[acc] eval 1.5464641e-2 s
[acc] compile 0.121749797 s
[acc] eval 4.423951e-2 s
[acc] eval 0.170902813 s
[acc] compile 0.335051129 s
[acc] eval 1.7496599e-2 s
[acc] eval 8.459893e-3 s
[acc] eval 1.326026e-2 s
[acc] eval 6.156712e-3 s
[acc] eval 5.183335e-3 s
[acc] eval 3.545588e-3 s
[acc] eval 2.860763e-3 s
[acc] eval 2.891872e-3 s
[acc] eval 2.987505e-3 s
[acc] eval 2.426659e-3 s
[acc] eval 2.540245e-3 s
[acc] eval 2.70637e-3 s
[acc] eval 2.999266e-3 s
[acc] eval 2.926457e-3 s
[acc] eval 2.434203e-3 s
[acc] eval 2.407314e-3 s
[acc] eval 2.34653e-3 s
[acc] eval 2.389328e-3 s
[acc] eval 2.386761e-3 s
[acc] eval 2.472503e-3 s
[acc] eval 2.830081e-3 s
[acc] eval 2.866139e-3 s
[acc] eval 2.768205e-3 s
[acc] eval 2.711342e-3 s
[acc] eval 2.642366e-3 s
[acc] eval 2.757851e-3 s
[acc] eval 2.709662e-3 s
[acc] eval 2.856568e-3 s
[acc] eval 3.126124e-3 s
[acc] eval 2.953156e-3 s
[acc] eval 2.890073e-3 s
[acc] eval 0.464221887 s
[acc] compile 0.137057012 s
[acc] eval 1.7510972e-2 s
[acc] eval 5.100958e-3 s
[acc] eval 3.416983e-3 s
[acc] eval 2.827599e-3 s
[acc] eval 2.46934e-3 s
[acc] eval 2.148584e-3 s
[acc] eval 2.204266e-3 s
[acc] eval 2.026609e-3 s
[acc] eval 1.518227e-3 s
[acc] eval 0.179781574 s
[acc] compile 8.07392e-4 s
[acc] eval 6.752958e-3 s
[acc] compile 0.143071688 s
[acc] eval 1.5949959e-2 s
[acc] eval 3.176088e-3 s
[acc] eval 0.16565897 s
[acc] compile 4.69997e-4 s
[acc] eval 3.634593e-3 s
[acc] compile 3.53276e-4 s
[acc] eval 9.749746e-3 s
[acc] compile 0.261705849 s
[acc] eval 1.5248221e-2 s
[acc] eval 0.279082133 s
[acc] compile 6.2452904e-2 s
[acc] eval 5.375135e-3 s
[acc] eval 7.0099508e-2 s
[acc] compile 6.538005e-2 s
[acc] eval 1.8271965e-2 s
[acc] eval 2.478362e-3 s
[acc] eval 2.651918e-3 s
[acc] eval 2.265823e-3 s
[acc] eval 2.244826e-3 s
[acc] eval 2.326323e-3 s
[acc] eval 2.162231e-3 s
[acc] eval 2.049943e-3 s
[acc] eval 1.94261e-3 s
[acc] eval 2.023528e-3 s
[acc] eval 1.843494e-3 s
[acc] eval 2.068539e-3 s
[acc] eval 2.571973e-3 s
[acc] eval 0.114844221 s
[acc] compile 5.770746e-3 s
[acc] eval 4.69556e-3 s
[acc] eval 2.434859e-3 s
[acc] eval 3.417336e-3 s
[acc] eval 3.486923e-3 s
[acc] eval 5.031604e-3 s
[acc] eval 5.099855e-3 s
[acc] eval 1.1652558e-2 s
[acc] eval 1.969708e-3 s
[acc] eval 1.448551e-3 s
[acc] eval 1.458507e-3 s
[acc] eval 1.179125e-3 s
[acc] eval 1.127739e-3 s
[acc] eval 1.309736e-3 s
[acc] eval 1.365739e-3 s
[acc] eval 1.455281e-3 s
[acc] eval 1.413435e-3 s
[acc] eval 1.425865e-3 s
[acc] eval 1.344099e-3 s
[acc] eval 1.27028e-3 s
[acc] eval 1.316408e-3 s
[acc] eval 1.194297e-3 s
[acc] eval 1.183941e-3 s
[acc] eval 1.217143e-3 s
[acc] eval 1.258884e-3 s
[acc] eval 1.531787e-3 s
[acc] eval 1.208404e-3 s
[acc] eval 1.133195e-3 s
[acc] eval 1.092337e-3 s
[acc] eval 1.086614e-3 s
[acc] eval 1.428448e-3 s
[acc] eval 7.6301618e-2 s
[acc] compile 4.731008e-3 s
[acc] eval 5.064159e-3 s
[acc] eval 2.250127e-3 s
[acc] eval 2.125222e-3 s
[acc] eval 1.792839e-3 s
[acc] eval 1.623187e-3 s
[acc] eval 1.673658e-3 s
[acc] eval 2.095227e-3 s
[acc] eval 7.279063e-3 s
[acc] eval 1.608998e-3 s
[acc] eval 1.479927e-3 s
[acc] eval 1.431785e-3 s
[acc] eval 1.441674e-3 s
[acc] eval 3.6675684e-2 s
[acc] compile 0.33010516 s
[acc] eval 2.3516604e-2 s
[acc] eval 0.358304053 s
[acc] compile 0.138833285 s
[acc] eval 9.294732e-3 s
[acc] eval 2.353259e-3 s
[acc] eval 2.635512e-3 s
[acc] eval 5.12803e-3 s
[acc] eval 8.929621e-3 s
[acc] eval 1.825706e-3 s
[acc] eval 1.64992e-3 s
[acc] eval 1.601262e-3 s
[acc] eval 1.589398e-3 s
[acc] eval 1.584881e-3 s
[acc] eval 1.540229e-3 s
[acc] eval 3.050692e-3 s
[acc] eval 2.1734e-3 s
[acc] eval 1.72523e-3 s
[acc] eval 1.617193e-3 s
[acc] eval 1.619718e-3 s
[acc] eval 3.889943e-3 s
[acc] eval 2.708975e-3 s
[acc] eval 0.196916813 s
[acc] compile 0.169396986 s
[acc] eval 1.7735565e-2 s
[acc] eval 0.192175619 s
[acc] compile 3.456757e-3 s
[acc] eval 7.885808e-3 s
[acc] eval 1.090099e-3 s
[acc] eval 5.9595e-4 s
[acc] eval 7.90191e-4 s
[acc] eval 1.4891393e-2 s
[acc] compile 3.416163e-3 s
[acc] eval 3.511268e-3 s
[acc] eval 1.136271e-3 s
[acc] eval 1.454943e-3 s
[acc] eval 1.0881598e-2 s
[acc] compile 0.213613546 s
[acc] eval 1.4495924e-2 s
[acc] eval 0.232879252 s
[acc] compile 0.113815731 s
[acc] eval 2.2768154e-2 s
[acc] eval 0.140816801 s
[acc] compile 0.281493869 s
[acc] eval 2.8555755e-2 s
[acc] eval 0.314123319 s
[acc] compile 0.289672635 s
[acc] eval 1.6139773e-2 s
[acc] eval 5.653288e-3 s
[acc] eval 1.329152e-2 s
[acc] eval 4.360295e-3 s
[acc] eval 4.344374e-3 s
[acc] eval 4.516917e-3 s
[acc] eval 3.349022e-3 s
[acc] eval 3.72064e-3 s
[acc] eval 3.413968e-3 s
[acc] eval 3.439166e-3 s
[acc] eval 3.486245e-3 s
[acc] eval 3.281198e-3 s
[acc] eval 3.273593e-3 s
[acc] eval 3.221508e-3 s
[acc] eval 4.04517e-3 s
[acc] eval 4.429754e-3 s
[acc] eval 3.280117e-3 s
[acc] eval 1.1171272e-2 s
[acc] eval 3.500388e-3 s
[acc] eval 3.1411e-3 s
[acc] eval 3.387196e-3 s
[acc] eval 3.147336e-3 s
[acc] eval 3.047968e-3 s
[acc] eval 3.102656e-3 s
[acc] eval 3.055059e-3 s
[acc] eval 3.296197e-3 s
[acc] eval 3.142502e-3 s
[acc] eval 3.482086e-3 s
[acc] eval 6.797064e-3 s
[acc] eval 3.25239e-3 s
[acc] eval 3.076236e-3 s
[acc] eval 0.439594457 s
[acc] compile 5.5969119e-2 s
[acc] eval 7.51005e-3 s
[acc] eval 2.734315e-3 s
[acc] eval 2.418081e-3 s
[acc] eval 5.764008e-3 s
[acc] eval 1.294502e-3 s
[acc] eval 1.270579e-3 s
[acc] eval 9.54244e-4 s
[acc] eval 9.14133e-4 s
[acc] eval 8.61108e-4 s
[acc] eval 7.76481e-4 s
[acc] eval 7.6623e-4 s
[acc] eval 7.7598e-4 s
[acc] eval 7.52836e-4 s
[acc] eval 7.46693e-4 s
[acc] eval 7.54684e-4 s
[acc] eval 1.018553e-3 s
[acc] eval 8.64499e-4 s
[acc] eval 9.37162e-4 s
[acc] eval 9.542e-4 s
[acc] eval 1.901815e-3 s
[acc] eval 1.401517e-3 s
[acc] eval 8.31121e-4 s
[acc] eval 8.14064e-4 s
[acc] eval 7.96296e-4 s
[acc] eval 7.41098e-4 s
[acc] eval 7.65803e-4 s
[acc] eval 7.44707e-4 s
[acc] eval 7.71129e-4 s
[acc] eval 7.73968e-4 s
[acc] eval 7.74628e-4 s
[acc] eval 7.99104e-4 s
[acc] eval 0.102547077 s
[acc] compile 4.9635495e-2 s
[acc] eval 1.1942317e-2 s
[acc] eval 1.351547e-3 s
[acc] eval 1.338876e-3 s
[acc] eval 1.317151e-3 s
[acc] eval 1.316074e-3 s
[acc] eval 4.864299e-3 s
[acc] eval 1.008384e-3 s
[acc] eval 1.138091e-3 s
[acc] eval 1.055308e-3 s
[acc] eval 1.015526e-3 s
[acc] eval 9.43361e-4 s
[acc] eval 1.021113e-3 s
[acc] eval 9.58097e-4 s
[acc] eval 9.83408e-4 s
[acc] eval 9.38999e-4 s
[acc] eval 9.77506e-4 s
[acc] eval 9.69817e-4 s
[acc] eval 9.6229e-4 s
[acc] eval 9.5409e-4 s
[acc] eval 9.24257e-4 s
[acc] eval 9.02607e-4 s
[acc] eval 9.44672e-4 s
[acc] eval 1.037404e-3 s
[acc] eval 1.12418e-3 s
[acc] eval 9.7188e-4 s
[acc] eval 9.45959e-4 s
[acc] eval 9.64785e-4 s
[acc] eval 9.54144e-4 s
[acc] eval 9.59086e-4 s
[acc] eval 9.48583e-4 s
[acc] eval 9.03894e-4 s
[acc] eval 9.07585e-4 s
[acc] eval 9.58216e-4 s
[acc] eval 0.101811555 s
[acc] compile 0.128719929 s
[acc] eval 1.3565058e-2 s
[acc] eval 2.45955e-3 s
[acc] eval 5.958035e-3 s
[acc] eval 2.10217e-3 s
[acc] eval 2.275739e-3 s
[acc] eval 2.167679e-3 s
[acc] eval 1.9531e-3 s
[acc] eval 1.912905e-3 s
[acc] eval 1.977796e-3 s
[acc] eval 2.085234e-3 s
[acc] eval 2.096678e-3 s
[acc] eval 1.928913e-3 s
[acc] eval 0.173180625 s
[acc] compile 0.218887493 s
[acc] eval 1.5994241e-2 s
[acc] eval 8.694591e-3 s
[acc] eval 4.122502e-3 s
[acc] eval 3.431084e-3 s
[acc] eval 3.3165e-3 s
[acc] eval 3.844557e-3 s
[acc] eval 4.520356e-3 s
[acc] eval 4.414691e-3 s
[acc] eval 3.463684e-3 s
[acc] eval 3.632503e-3 s
[acc] eval 3.497774e-3 s
[acc] eval 3.380295e-3 s
[acc] eval 0.285729063 s
[acc] compile 8.499255e-3 s
[acc] eval 7.575696e-3 s
[acc] eval 1.96952e-2 s
[acc] compile 7.892202e-3 s
[acc] eval 2.85865e-3 s
[acc] eval 1.1675068e-2 s
[acc] compile 5.222892e-3 s
[acc] eval 4.945969e-3 s
[acc] eval 1.2780388e-2 s
[acc] compile 0.201474489 s
[acc] eval 2.3977937e-2 s
[acc] eval 3.470578e-3 s
[acc] eval 3.09529e-3 s
[acc] eval 3.34448e-3 s
[acc] eval 3.293466e-3 s
[acc] eval 3.174986e-3 s
[acc] eval 0.24669585 s
[acc] compile 8.09262e-4 s
[acc] eval 7.15497e-3 s
[acc] compile 5.4677691e-2 s
[acc] eval 6.957288e-3 s
[acc] eval 6.4285583e-2 s
[acc] compile 0.451006571 s
[acc] eval 2.0927724e-2 s
[acc] eval 0.478134393 s
[acc] compile 0.396254899 s
[acc] eval 1.7956518e-2 s
[acc] eval 0.419001902 s
[acc] compile 0.233601858 s
[acc] eval 2.1817517e-2 s
[acc] eval 0.261637663 s
[acc] compile 0.127392638 s
[acc] eval 7.945837e-3 s
[acc] eval 4.176495e-3 s
[acc] eval 4.569699e-3 s
[acc] eval 4.130269e-3 s
[acc] eval 1.2075393e-2 s
[acc] eval 4.246382e-3 s
[acc] eval 3.136119e-3 s
[acc] eval 2.777225e-3 s
[acc] eval 3.027859e-3 s
[acc] eval 3.271593e-3 s
[acc] eval 3.226844e-3 s
[acc] eval 2.908766e-3 s
[acc] eval 2.785831e-3 s
[acc] eval 3.127701e-3 s
[acc] eval 2.895512e-3 s
[acc] eval 2.765577e-3 s
[acc] eval 2.733831e-3 s
[acc] eval 2.905895e-3 s
[acc] eval 2.978395e-3 s
[acc] eval 2.843944e-3 s
[acc] eval 2.742499e-3 s
[acc] eval 3.416808e-3 s
[acc] eval 2.900473e-3 s
[acc] eval 2.820405e-3 s
[acc] eval 2.810393e-3 s
[acc] eval 2.78904e-3 s
[acc] eval 3.131822e-3 s
[acc] eval 2.784852e-3 s
[acc] eval 2.777647e-3 s
[acc] eval 2.792874e-3 s
[acc] eval 0.241667193 s
[acc] compile 0.292029619 s
[acc] eval 1.2576438e-2 s
[acc] eval 1.1419669e-2 s
[acc] eval 5.45992e-3 s
[acc] eval 5.620438e-3 s
[acc] eval 4.767688e-3 s
[acc] eval 3.373834e-3 s
[acc] eval 4.204195e-3 s
[acc] eval 3.050332e-3 s
[acc] eval 3.329989e-3 s
[acc] eval 3.202666e-3 s
[acc] eval 3.002513e-3 s
[acc] eval 2.866081e-3 s
[acc] eval 0.359181103 s
[acc] compile 1.1576237e-2 s
[acc] eval 4.763814e-3 s
[acc] eval 5.303064e-3 s
[acc] eval 2.597641e-3 s
[acc] eval 2.464424e-3 s
[acc] eval 2.186349e-3 s
[acc] eval 2.121866e-3 s
[acc] eval 1.971629e-3 s
[acc] eval 2.156224e-3 s
[acc] eval 2.032538e-3 s
[acc] eval 2.156908e-3 s
[acc] eval 2.428049e-3 s
[acc] eval 2.261168e-3 s
[acc] eval 2.264263e-3 s
[acc] eval 2.104325e-3 s
[acc] eval 2.209108e-3 s
[acc] eval 2.095104e-3 s
[acc] eval 2.109806e-3 s
[acc] eval 2.269876e-3 s
[acc] eval 1.589167e-3 s
[acc] eval 1.29523e-3 s
[acc] eval 1.31915e-3 s
[acc] eval 1.326588e-3 s
[acc] eval 1.242258e-3 s
[acc] eval 1.262413e-3 s
[acc] eval 1.228758e-3 s
[acc] eval 1.2172e-3 s
[acc] eval 1.191599e-3 s
[acc] eval 1.190763e-3 s
[acc] eval 1.170117e-3 s
[acc] eval 1.149644e-3 s
[acc] eval 1.168315e-3 s
[acc] eval 7.7434973e-2 s
[acc] compile 0.152506294 s
[acc] eval 9.916966e-3 s
[acc] eval 0.16611539 s
[acc] compile 4.32823e-3 s
[acc] eval 8.901596e-3 s
[acc] eval 4.601627e-3 s
[acc] eval 1.9938297e-2 s
[acc] compile 0.234259557 s
[acc] eval 2.0094417e-2 s
[acc] eval 0.259938846 s
[acc] compile 5.5801e-4 s
[acc] eval 1.3668871e-2 s
[acc] compile 5.04786e-4 s
[acc] eval 7.447112e-3 s
[acc] compile 0.196476123 s
[acc] eval 1.9161635e-2 s
[acc] eval 0.225718726 s
[acc] compile 0.218654649 s
[acc] eval 2.4224484e-2 s
[acc] eval 0.247084153 s
[acc] compile 0.106018046 s
[acc] eval 9.940395e-3 s
[acc] eval 2.367713e-3 s
[acc] eval 2.33216e-3 s
[acc] eval 2.459017e-3 s
[acc] eval 5.705353e-3 s
[acc] eval 1.647161e-3 s
[acc] eval 1.539429e-3 s
[acc] eval 1.488574e-3 s
[acc] eval 1.609273e-3 s
[acc] eval 1.544116e-3 s
[acc] eval 1.615285e-3 s
[acc] eval 1.546732e-3 s
[acc] eval 2.178822e-3 s
[acc] eval 2.092881e-3 s
[acc] eval 0.14748591 s
[acc] compile 8.061668e-3 s
[acc] eval 7.212622e-3 s
[acc] eval 1.8280775e-2 s
[acc] compile 0.183482506 s
[acc] eval 1.7178801e-2 s
[acc] eval 2.14119e-3 s
[acc] eval 1.833667e-3 s
[acc] eval 1.809583e-3 s
[acc] eval 1.727339e-3 s
[acc] eval 1.736755e-3 s
[acc] eval 1.56152e-3 s
[acc] eval 1.549853e-3 s
[acc] eval 2.596522e-3 s
[acc] eval 2.185551e-3 s
[acc] eval 2.11093e-3 s
[acc] eval 1.956549e-3 s
[acc] eval 1.75009e-3 s
[acc] eval 1.638533e-3 s
[acc] eval 1.511658e-3 s
[acc] eval 1.543916e-3 s
[acc] eval 2.321589e-3 s
[acc] eval 1.913982e-3 s
[acc] eval 1.585038e-3 s
[acc] eval 1.595108e-3 s
[acc] eval 1.549032e-3 s
[acc] eval 1.549261e-3 s
[acc] eval 1.536782e-3 s
[acc] eval 1.528153e-3 s
[acc] eval 1.507482e-3 s
[acc] eval 1.522259e-3 s
[acc] eval 1.572178e-3 s
[acc] eval 1.603684e-3 s
[acc] eval 1.536622e-3 s
[acc] eval 1.569501e-3 s
[acc] eval 1.519081e-3 s
[acc] eval 1.501115e-3 s
[acc] eval 0.258357157 s
[acc] compile 0.132666716 s
[acc] eval 1.132197e-2 s
[acc] eval 5.626027e-3 s
[acc] eval 6.715933e-3 s
[acc] eval 2.5386435e-2 s
[acc] eval 6.831417e-3 s
[acc] eval 6.598528e-3 s
[acc] eval 4.143005e-3 s
[acc] eval 3.699427e-3 s
[acc] eval 2.939963e-3 s
[acc] eval 2.765848e-3 s
[acc] eval 2.397601e-3 s
[acc] eval 2.295956e-3 s
[acc] eval 0.21850285 s
[acc] compile 7.69182e-4 s
[acc] eval 4.548507e-3 s
[acc] compile 0.475278432 s
[acc] eval 2.6816166e-2 s
[acc] eval 0.507967213 s
[acc] compile 0.115295207 s
[acc] eval 1.4431718e-2 s
[acc] eval 0.135939457 s
[acc] compile 0.552769166 s
[acc] eval 3.2221701e-2 s
[acc] eval 0.590470204 s
[acc] compile 6.8872466e-2 s
[acc] eval 7.907273e-3 s
[acc] eval 8.1731211e-2 s
[acc] compile 3.851773e-3 s
[acc] eval 5.270029e-3 s
[acc] eval 1.1691354e-2 s
[acc] compile 6.429293e-3 s
[acc] eval 1.0027938e-2 s
[acc] eval 2.1674635e-2 s
[acc] compile 1.1792825e-2 s
[acc] eval 1.5416898e-2 s
[acc] eval 2.366554e-3 s
[acc] eval 2.199512e-3 s
[acc] eval 2.376015e-3 s
[acc] eval 2.395835e-3 s
[acc] eval 2.41128e-3 s
[acc] eval 2.061281e-3 s
[acc] eval 2.308897e-3 s
[acc] eval 2.359274e-3 s
[acc] eval 2.486252e-3 s
[acc] eval 2.535592e-3 s
[acc] eval 2.131309e-3 s
[acc] eval 1.776033e-3 s
[acc] eval 1.756591e-3 s
[acc] eval 1.735924e-3 s
[acc] eval 1.662505e-3 s
[acc] eval 1.722889e-3 s
[acc] eval 1.654094e-3 s
[acc] eval 1.650682e-3 s
[acc] eval 1.668808e-3 s
[acc] eval 2.030633e-3 s
[acc] eval 2.810692e-3 s
[acc] eval 1.735161e-3 s
[acc] eval 1.721951e-3 s
[acc] eval 1.683858e-3 s
[acc] eval 1.741781e-3 s
[acc] eval 1.635275e-3 s
[acc] eval 1.657286e-3 s
[acc] eval 1.672483e-3 s
[acc] eval 1.628182e-3 s
[acc] eval 8.8839254e-2 s
[acc] compile 3.857628e-3 s
[acc] eval 5.21926e-3 s
[acc] eval 1.1024758e-2 s
[acc] compile 7.250149e-2 s
[acc] eval 6.231058e-3 s
[acc] eval 2.44717e-3 s
[acc] eval 2.478007e-3 s
[acc] eval 2.543541e-3 s
[acc] eval 2.439854e-3 s
[acc] eval 2.241754e-3 s
[acc] eval 1.0526237e-2 s
[acc] eval 2.07023e-3 s
[acc] eval 1.709306e-3 s
[acc] eval 1.702287e-3 s
[acc] eval 1.713405e-3 s
[acc] eval 1.687403e-3 s
[acc] eval 1.878585e-3 s
[acc] eval 1.755179e-3 s
[acc] eval 3.003069e-3 s
[acc] eval 1.767803e-3 s
[acc] eval 1.690324e-3 s
[acc] eval 1.694593e-3 s
[acc] eval 1.662682e-3 s
[acc] eval 2.011064e-3 s
[acc] eval 1.76409e-3 s
[acc] eval 1.665538e-3 s
[acc] eval 1.722808e-3 s
[acc] eval 1.739591e-3 s
[acc] eval 1.782831e-3 s
[acc] eval 1.69001e-3 s
[acc] eval 1.687508e-3 s
[acc] eval 1.650159e-3 s
[acc] eval 2.976434e-3 s
[acc] eval 0.147822213 s
[acc] compile 0.111801683 s
[acc] eval 6.737731e-3 s
[acc] eval 3.050036e-3 s
[acc] eval 2.996791e-3 s
[acc] eval 2.946164e-3 s
[acc] eval 9.188692e-3 s
[acc] eval 2.780392e-3 s
[acc] eval 2.21554e-3 s
[acc] eval 2.118591e-3 s
[acc] eval 1.807152e-3 s
[acc] eval 2.552533e-3 s
[acc] eval 2.208423e-3 s
[acc] eval 2.086177e-3 s
[acc] eval 1.297203e-3 s
[acc] eval 1.065415e-3 s
[acc] eval 1.074135e-3 s
[acc] eval 1.050682e-3 s
[acc] eval 1.043792e-3 s
[acc] eval 1.050051e-3 s
[acc] eval 1.019244e-3 s
[acc] eval 1.046275e-3 s
[acc] eval 1.029967e-3 s
[acc] eval 1.7529e-3 s
[acc] eval 2.25776e-3 s
[acc] eval 2.207756e-3 s
[acc] eval 2.170104e-3 s
[acc] eval 1.801388e-3 s
[acc] eval 1.160007e-3 s
[acc] eval 1.035184e-3 s
[acc] eval 1.076062e-3 s
[acc] eval 1.070596e-3 s
[acc] eval 0.180189674 s
[acc] compile 6.6054234e-2 s
[acc] eval 5.698483e-3 s
[acc] eval 7.28709e-4 s
[acc] eval 1.153819e-3 s
[acc] eval 1.382584e-3 s
[acc] eval 1.246058e-3 s
[acc] eval 1.246011e-3 s
[acc] eval 1.530443e-3 s
[acc] eval 8.1161924e-2 s
[acc] compile 6.4805509e-2 s
[acc] eval 1.5239169e-2 s
[acc] eval 8.3242579e-2 s
[acc] compile 0.210470317 s
[acc] eval 2.0838622e-2 s
[acc] eval 0.239249876 s
[acc] compile 0.111802423 s
[acc] eval 1.644448e-2 s
[acc] eval 0.129783702 s
[acc] compile 7.7153287e-2 s
[acc] eval 2.1654527e-2 s
[acc] eval 0.102156261 s
[acc] compile 4.084621e-3 s
[acc] eval 5.171473e-3 s
[acc] eval 1.037616e-2 s
[acc] compile 9.402911e-3 s
[acc] eval 9.335937e-3 s
[acc] eval 8.261444e-3 s
[acc] eval 6.786412e-3 s
[acc] eval 6.813625e-3 s
[acc] eval 5.251136e-3 s
[acc] eval 1.443532e-2 s
[acc] eval 5.208658e-3 s
[acc] eval 3.89381e-3 s
[acc] eval 7.3235105e-2 s
[acc] compile 1.0328142e-2 s
[acc] eval 8.797287e-3 s
[acc] eval 5.596979e-3 s
[acc] eval 4.55533e-3 s
[acc] eval 1.1736227e-2 s
[acc] eval 4.7136325e-2 s
[acc] compile 0.302861952 s
[acc] eval 2.7472982e-2 s
[acc] eval 0.340161044 s
[acc] compile 7.4073521e-2 s
[acc] eval 2.9259543e-2 s
[acc] eval 0.110183366 s
[acc] compile 1.425513e-2 s
[acc] eval 7.297371e-3 s
[acc] eval 2.4719435e-2 s
[acc] compile 7.1065748e-2 s
[acc] eval 2.263722e-2 s
[acc] eval 9.9073419e-2 s
[acc] compile 7.487206e-3 s
[acc] eval 2.4693446e-2 s
[acc] eval 3.4731754e-2 s
[acc] compile 0.546322789 s
[acc] eval 2.8476462e-2 s
[acc] eval 0.580117705 s
[acc] compile 3.183188e-3 s
[acc] eval 4.757105e-3 s
[acc] eval 1.0482265e-2 s
[acc] compile 5.9099e-3 s
[acc] eval 9.046041e-3 s
[acc] eval 2.18692e-3 s
[acc] eval 1.860815e-3 s
[acc] eval 2.1729976e-2 s
[acc] compile 5.6715404e-2 s
[acc] eval 9.987341e-3 s
[acc] eval 6.8011107e-2 s
[acc] compile 7.5300773e-2 s
[acc] eval 2.2073266e-2 s
[acc] eval 3.413387e-3 s
[acc] eval 5.129742e-3 s
[acc] eval 4.155563e-3 s
[acc] eval 3.825022e-3 s
[acc] eval 3.264007e-3 s
[acc] eval 3.273634e-3 s
[acc] eval 3.217967e-3 s
[acc] eval 9.00498e-3 s
[acc] eval 9.854041e-3 s
[acc] eval 6.681311e-3 s
[acc] eval 4.014536e-3 s
[acc] eval 3.448878e-3 s
[acc] eval 3.166288e-3 s
[acc] eval 3.092662e-3 s
[acc] eval 2.878958e-3 s
[acc] eval 3.253201e-3 s
[acc] eval 2.933235e-3 s
[acc] eval 0.177634592 s
[acc] compile 0.121995823 s
[acc] eval 1.1855298e-2 s
[acc] eval 0.142302309 s
[acc] compile 0.186800732 s
[acc] eval 8.523509e-3 s
[acc] eval 4.375915e-3 s
[acc] eval 1.2625873e-2 s
[acc] eval 4.637363e-3 s
[acc] eval 4.814132e-3 s
[acc] eval 4.169242e-3 s
[acc] eval 4.117343e-3 s
[acc] eval 2.75947e-3 s
[acc] eval 2.557342e-3 s
[acc] eval 2.232985e-3 s
[acc] eval 2.163833e-3 s
[acc] eval 2.106491e-3 s
[acc] eval 0.247199897 s
[acc] compile 0.195485011 s
[acc] eval 2.2457683e-2 s
[acc] eval 3.2245862e-2 s
[acc] eval 1.9781881e-2 s
[acc] eval 8.709347e-3 s
[acc] eval 4.514758e-3 s
[acc] eval 5.345584e-3 s
[acc] eval 5.624935e-3 s
[acc] eval 4.251188e-3 s
[acc] eval 4.18105e-3 s
[acc] eval 4.592301e-3 s
[acc] eval 4.751646e-3 s
[acc] eval 4.27336e-3 s
[acc] eval 0.322807952 s
[acc] compile 0.255543865 s
[acc] eval 2.3284489e-2 s
[acc] eval 0.282485498 s
[acc] compile 5.81e-4 s
[acc] eval 6.103693e-3 s
[acc] compile 4.74547e-4 s
[acc] eval 3.776234e-3 s
[acc] compile 0.231638729 s
[acc] eval 2.2802444e-2 s
[acc] eval 0.260505686 s
[acc] compile 8.2865655e-2 s
[acc] eval 9.966833e-3 s
[acc] eval 9.7663109e-2 s
[acc] compile 5.218407e-3 s
[acc] eval 6.377053e-3 s
[acc] eval 1.3011174e-2 s
[acc] compile 0.501255591 s
[acc] eval 2.5187158e-2 s
[acc] eval 0.530733991 s
[acc] compile 8.72505e-3 s
[acc] eval 8.67906e-3 s
[acc] eval 2.0644224e-2 s
[acc] compile 0.331536071 s
[acc] eval 2.0999509e-2 s
[acc] eval 0.359025224 s
[acc] compile 2.98225e-3 s
[acc] eval 2.983743e-3 s
[acc] eval 5.684571e-3 s
[acc] eval 5.81524e-4 s
[acc] eval 7.75657e-4 s
[acc] eval 1.3952186e-2 s
[acc] compile 4.280514e-3 s
[acc] eval 2.948983e-3 s
[acc] eval 7.93749e-4 s
[acc] eval 8.12981e-4 s
[acc] eval 9.916919e-3 s
[acc] compile 0.135784897 s
[acc] eval 5.877281e-3 s
[acc] eval 0.143959525 s
[acc] compile 0.17341035 s
[acc] eval 1.565478e-2 s
[acc] eval 0.192521837 s
[acc] compile 2.916817e-3 s
[acc] eval 2.89626e-3 s
[acc] eval 6.47492e-4 s
[acc] eval 5.12329e-4 s
[acc] eval 7.958831e-3 s
[acc] compile 4.594667e-2 s
[acc] eval 7.660914e-3 s
[acc] eval 1.767018e-3 s
[acc] eval 1.65567e-3 s
[acc] eval 5.9308403e-2 s
[acc] compile 5.369721e-3 s
[acc] eval 5.582801e-3 s
[acc] eval 1.319792e-2 s
[acc] compile 8.835876e-3 s
[acc] eval 1.1936471e-2 s
[acc] eval 2.3194547e-2 s
[acc] compile 5.590483e-3 s
[acc] eval 6.581978e-3 s
[acc] eval 3.263063e-3 s
[acc] eval 3.067773e-3 s
[acc] eval 2.532229e-3 s
[acc] eval 2.318451e-3 s
[acc] eval 2.166023e-3 s
[acc] eval 2.093697e-3 s
[acc] eval 1.939556e-3 s
[acc] eval 3.2422689e-2 s
[acc] compile 5.49895e-4 s
[acc] eval 1.2227563e-2 s
[acc] compile 5.9308568e-2 s
[acc] eval 1.0953935e-2 s
[acc] eval 7.4673508e-2 s
[acc] compile 0.15696498 s
[acc] eval 1.6965819e-2 s
[acc] eval 3.550297e-3 s
[acc] eval 3.04935e-3 s
[acc] eval 3.06503e-3 s
[acc] eval 3.104057e-3 s
[acc] eval 2.727653e-3 s
[acc] eval 2.270671e-3 s
[acc] eval 2.183973e-3 s
[acc] eval 2.165489e-3 s
[acc] eval 2.161365e-3 s
[acc] eval 2.127066e-3 s
[acc] eval 2.108946e-3 s
[acc] eval 2.6601e-3 s
[acc] eval 3.271484e-3 s
[acc] eval 2.666198e-3 s
[acc] eval 2.563333e-3 s
[acc] eval 2.169979e-3 s
[acc] eval 2.180598e-3 s
[acc] eval 2.138832e-3 s
[acc] eval 2.187775e-3 s
[acc] eval 2.215004e-3 s
[acc] eval 2.122686e-3 s
[acc] eval 2.140647e-3 s
[acc] eval 2.147836e-3 s
[acc] eval 2.090843e-3 s
[acc] eval 2.114104e-3 s
[acc] eval 2.208044e-3 s
[acc] eval 2.219869e-3 s
[acc] eval 2.146609e-3 s
[acc] eval 2.154135e-3 s
[acc] eval 0.248807323 s
[acc] compile 3.92024e-4 s
[acc] eval 4.060609e-3 s
[acc] compile 0.108336863 s
[acc] eval 5.632404e-3 s
[acc] eval 0.117244548 s
[acc] compile 0.228646878 s
[acc] eval 2.6514778e-2 s
[acc] eval 0.259539605 s
[acc] compile 6.9391653e-2 s
[acc] eval 4.993903e-3 s
[acc] eval 7.6834615e-2 s
[acc] compile 0.19792182 s
[acc] eval 2.1504298e-2 s
[acc] eval 0.222760595 s
[acc] compile 6.442781e-3 s
[acc] eval 9.43917e-3 s
[acc] eval 9.19542e-4 s
[acc] eval 1.78118e-3 s
[acc] eval 2.0884448e-2 s
[acc] compile 8.54456e-3 s
[acc] eval 6.336464e-3 s
[acc] eval 1.86661e-3 s
[acc] eval 1.570158e-3 s
[acc] eval 2.0960606e-2 s
[acc] compile 1.1025236e-2 s
[acc] eval 6.455614e-3 s
[acc] eval 1.171358e-2 s
[acc] eval 2.009359e-3 s
[acc] eval 2.021082e-3 s
[acc] eval 1.435507e-3 s
[acc] eval 1.476189e-3 s
[acc] eval 1.045125e-3 s
[acc] eval 1.195881e-3 s
[acc] eval 1.112158e-3 s
[acc] eval 8.83668e-4 s
[acc] eval 8.99002e-4 s
[acc] eval 8.58586e-4 s
[acc] eval 1.972412e-3 s
[acc] eval 4.7311406e-2 s
[acc] compile 7.3528947e-2 s
[acc] eval 9.00999e-3 s
[acc] eval 2.474598e-3 s
[acc] eval 2.135259e-3 s
[acc] eval 1.992309e-3 s
[acc] eval 1.815063e-3 s
[acc] eval 7.062878e-3 s
[acc] eval 3.176142e-3 s
[acc] eval 2.673243e-3 s
[acc] eval 2.851782e-3 s
[acc] eval 2.64521e-3 s
[acc] eval 2.11369e-3 s
[acc] eval 1.643921e-3 s
[acc] eval 1.501744e-3 s
[acc] eval 1.368109e-3 s
[acc] eval 1.322328e-3 s
[acc] eval 1.293373e-3 s
[acc] eval 1.302854e-3 s
[acc] eval 1.392305e-3 s
[acc] eval 1.466216e-3 s
[acc] eval 1.568768e-3 s
[acc] eval 1.309027e-3 s
[acc] eval 1.206982e-3 s
[acc] eval 1.16004e-3 s
[acc] eval 1.193638e-3 s
[acc] eval 1.145983e-3 s
[acc] eval 1.522081e-3 s
[acc] eval 1.424406e-3 s
[acc] eval 1.380046e-3 s
[acc] eval 0.140237438 s
[acc] compile 0.51411155 s
[acc] eval 3.0564229e-2 s
[acc] eval 0.549968612 s
[acc] compile 4.12115e-3 s
[acc] eval 6.506063e-3 s
[acc] eval 2.74883e-3 s
[acc] eval 3.62221e-3 s
[acc] eval 3.264801e-3 s
[acc] eval 3.088737e-3 s
[acc] eval 4.053824e-3 s
[acc] eval 3.5445097e-2 s
[acc] compile 6.152179e-3 s
[acc] eval 2.5884634e-2 s
[acc] eval 1.0325587e-2 s
[acc] eval 1.314536e-3 s
[acc] eval 4.5558656e-2 s
[acc] compile 6.41454e-4 s
[acc] eval 6.353259e-3 s
[acc] compile 0.189965331 s
[acc] eval 1.1535959e-2 s
[acc] eval 5.048575e-3 s
[acc] eval 6.150922e-3 s
[acc] eval 6.381212e-3 s
[acc] eval 9.069235e-3 s
[acc] eval 2.287053e-3 s
[acc] eval 3.932569e-3 s
[acc] eval 3.65188e-3 s
[acc] eval 2.003185e-3 s
[acc] eval 1.93884e-3 s
[acc] eval 1.823225e-3 s
[acc] eval 2.069853e-3 s
[acc] eval 2.552176e-3 s
[acc] eval 3.922006e-3 s
[acc] eval 1.625375e-3 s
[acc] eval 1.616124e-3 s
[acc] eval 1.397874e-3 s
[acc] eval 1.770455e-3 s
[acc] eval 1.452473e-3 s
[acc] eval 2.875455e-3 s
[acc] eval 2.606714e-3 s
[acc] eval 2.74278e-3 s
[acc] eval 2.722267e-3 s
[acc] eval 1.79544e-3 s
[acc] eval 1.563425e-3 s
[acc] eval 1.483134e-3 s
[acc] eval 1.509116e-3 s
[acc] eval 1.510904e-3 s
[acc] eval 2.449417e-3 s
[acc] eval 1.674968e-3 s
[acc] eval 0.290736754 s
[acc] compile 5.4452962e-2 s
[acc] eval 3.4604162e-2 s
[acc] eval 9.8365649e-2 s
[acc] compile 8.611519e-3 s
[acc] eval 1.0942104e-2 s
[acc] eval 2.4295362e-2 s
[acc] compile 0.313900635 s
[acc] eval 2.7325071e-2 s
[acc] eval 0.345084736 s
[acc] compile 7.3034581e-2 s
[acc] eval 2.5366633e-2 s
[acc] eval 0.112805041 s
[acc] compile 4.376571e-3 s
[acc] eval 8.542633e-3 s
[acc] eval 5.944476e-3 s
[acc] eval 5.832347e-3 s
[acc] eval 4.368723e-3 s
[acc] eval 5.118497e-3 s
[acc] eval 5.536732e-3 s
[acc] eval 5.54273e-3 s
[acc] eval 1.9706804e-2 s
[acc] eval 5.525881e-3 s
[acc] eval 5.639553e-3 s
[acc] eval 5.5661e-3 s
[acc] eval 5.671099e-3 s
[acc] eval 6.618489e-3 s
[acc] eval 4.243447e-3 s
[acc] eval 2.77145e-3 s
[acc] eval 2.618634e-3 s
[acc] eval 2.494528e-3 s
[acc] eval 2.198126e-3 s
[acc] eval 2.70983e-3 s
[acc] eval 2.652397e-3 s
[acc] eval 2.480169e-3 s
[acc] eval 2.622997e-3 s
[acc] eval 2.897004e-3 s
[acc] eval 3.153367e-3 s
[acc] eval 2.914861e-3 s
[acc] eval 2.365837e-3 s
[acc] eval 1.595011e-3 s
[acc] eval 1.334415e-3 s
[acc] eval 1.374695e-3 s
[acc] eval 0.14095916 s
[acc] compile 4.22467e-3 s
[acc] eval 7.297888e-3 s
[acc] eval 1.515562e-3 s
[acc] eval 1.386801e-3 s
[acc] eval 1.339322e-3 s
[acc] eval 1.347165e-3 s
[acc] eval 5.424193e-3 s
[acc] eval 2.207881e-3 s
[acc] eval 1.506723e-3 s
[acc] eval 1.439496e-3 s
[acc] eval 1.171379e-3 s
[acc] eval 1.221364e-3 s
[acc] eval 1.397357e-3 s
[acc] eval 2.023589e-3 s
[acc] eval 1.355115e-3 s
[acc] eval 9.80063e-4 s
[acc] eval 3.8388882e-2 s
[acc] compile 5.987492e-3 s
[acc] eval 1.1170121e-2 s
[acc] eval 2.290676e-3 s
[acc] eval 2.609255e-3 s
[acc] eval 5.302468e-3 s
[acc] eval 1.698466e-3 s
[acc] eval 1.4881e-3 s
[acc] eval 1.338007e-3 s
[acc] eval 1.321681e-3 s
[acc] eval 1.314568e-3 s
[acc] eval 1.295543e-3 s
[acc] eval 1.256878e-3 s
[acc] eval 1.294873e-3 s
[acc] eval 1.244595e-3 s
[acc] eval 1.321676e-3 s
[acc] eval 1.288595e-3 s
[acc] eval 1.242359e-3 s
[acc] eval 1.259693e-3 s
[acc] eval 1.211685e-3 s
[acc] eval 1.332892e-3 s
[acc] eval 1.292753e-3 s
[acc] eval 1.288124e-3 s
[acc] eval 1.296101e-3 s
[acc] eval 1.295876e-3 s
[acc] eval 1.257501e-3 s
[acc] eval 1.241504e-3 s
[acc] eval 1.293313e-3 s
[acc] eval 1.210804e-3 s
[acc] eval 1.217548e-3 s
[acc] eval 1.283446e-3 s
[acc] eval 1.233095e-3 s
[acc] eval 6.7427882e-2 s
[acc] compile 6.276861e-3 s
[acc] eval 4.78971e-3 s
[acc] eval 1.876325e-3 s
[acc] eval 1.925809e-3 s
[acc] eval 6.381842e-3 s
[acc] eval 2.041239e-3 s
[acc] eval 1.294856e-3 s
[acc] eval 1.27841e-3 s
[acc] eval 1.288659e-3 s
[acc] eval 1.268623e-3 s
[acc] eval 1.277213e-3 s
[acc] eval 1.243191e-3 s
[acc] eval 1.568076e-3 s
[acc] eval 1.570215e-3 s
[acc] eval 1.387898e-3 s
[acc] eval 1.283517e-3 s
[acc] eval 1.254721e-3 s
[acc] eval 1.246982e-3 s
[acc] eval 1.215463e-3 s
[acc] eval 4.4532414e-2 s
[acc] compile 3.727799e-3 s
[acc] eval 6.564438e-3 s
[acc] eval 8.94605e-4 s
[acc] eval 7.62367e-4 s
[acc] eval 1.35112e-2 s
[acc] compile 4.140132e-3 s
[acc] eval 8.14217e-3 s
[acc] eval 1.273215e-3 s
[acc] eval 1.27294e-3 s
[acc] eval 4.268182e-3 s
[acc] eval 8.75709e-4 s
[acc] eval 7.7185e-4 s
[acc] eval 7.47542e-4 s
[acc] eval 7.27038e-4 s
[acc] eval 7.18392e-4 s
[acc] eval 6.814e-4 s
[acc] eval 2.5103388e-2 s
[acc] compile 3.720766e-3 s
[acc] eval 4.498406e-3 s
[acc] eval 1.361335e-3 s
[acc] eval 1.445932e-3 s
[acc] eval 1.560461e-3 s
[acc] eval 1.870031e-3 s
[acc] eval 1.631229e-3 s
[acc] eval 2.3692417e-2 s
[acc] compile 7.248749e-3 s
[acc] eval 1.0791917e-2 s
[acc] eval 1.951216e-3 s
[acc] eval 1.944413e-3 s
[acc] eval 5.56302e-3 s
[acc] eval 2.321074e-3 s
[acc] eval 2.395933e-3 s
[acc] eval 2.241932e-3 s
[acc] eval 2.053237e-3 s
[acc] eval 2.203081e-3 s
[acc] eval 2.274858e-3 s
[acc] eval 1.816844e-3 s
[acc] eval 1.774845e-3 s
[acc] eval 2.400558e-3 s
[acc] eval 2.248486e-3 s
[acc] eval 2.192974e-3 s
[acc] eval 2.587669e-3 s
[acc] eval 1.336418e-3 s
[acc] eval 1.260953e-3 s
[acc] eval 1.24956e-3 s
[acc] eval 1.232896e-3 s
[acc] eval 1.164729e-3 s
[acc] eval 1.216565e-3 s
[acc] eval 1.138926e-3 s
[acc] eval 1.167415e-3 s
[acc] eval 1.17924e-3 s
[acc] eval 1.194253e-3 s
[acc] eval 6.9615858e-2 s
[acc] compile 0.109713396 s
[acc] eval 1.1497519e-2 s
[acc] eval 2.293903e-3 s
[acc] eval 6.544957e-3 s
[acc] eval 2.486129e-3 s
[acc] eval 1.795724e-3 s
[acc] eval 1.758808e-3 s
[acc] eval 1.595934e-3 s
[acc] eval 1.703511e-3 s
[acc] eval 1.704963e-3 s
[acc] eval 1.687163e-3 s
[acc] eval 1.635389e-3 s
[acc] eval 1.581285e-3 s
[acc] eval 1.567552e-3 s
[acc] eval 1.541214e-3 s
[acc] eval 1.556873e-3 s
[acc] eval 1.547233e-3 s
[acc] eval 1.539202e-3 s
[acc] eval 1.702733e-3 s
[acc] eval 1.602547e-3 s
[acc] eval 1.599537e-3 s
[acc] eval 1.57031e-3 s
[acc] eval 1.591793e-3 s
[acc] eval 1.580096e-3 s
[acc] eval 2.824154e-3 s
[acc] eval 2.000293e-3 s
[acc] eval 1.593957e-3 s
[acc] eval 1.548656e-3 s
[acc] eval 2.361769e-3 s
[acc] eval 1.863233e-3 s
[acc] eval 1.709135e-3 s
[acc] eval 1.689104e-3 s
[acc] eval 1.881424e-3 s
[acc] eval 1.603203e-3 s
[acc] eval 1.644568e-3 s
[acc] eval 0.188398594 s
[acc] compile 0.221709915 s
[acc] eval 1.1012131e-2 s
[acc] eval 0.240184766 s
[acc] compile 0.350603498 s
[acc] eval 1.915411e-2 s
[acc] eval 0.380101334 s
[acc] compile 4.323786e-3 s
[acc] eval 3.699885e-3 s
[acc] eval 9.307052e-3 s
[acc] compile 5.5025993e-2 s
[acc] eval 4.325343e-3 s
[acc] eval 1.088285e-3 s
[acc] eval 9.03722e-4 s
[acc] eval 6.3130148e-2 s
[acc] compile 0.129608073 s
[acc] eval 1.5183736e-2 s
[acc] eval 0.152036975 s
[acc] compile 0.134510093 s
[acc] eval 1.090661e-2 s
[acc] eval 7.8719e-3 s
[acc] eval 3.216273e-3 s
[acc] eval 2.832423e-3 s
[acc] eval 2.466421e-3 s
[acc] eval 1.985251e-3 s
[acc] eval 1.768322e-3 s
[acc] eval 1.730493e-3 s
[acc] eval 1.758192e-3 s
[acc] eval 1.726024e-3 s
[acc] eval 1.666854e-3 s
[acc] eval 2.015962e-3 s
[acc] eval 1.849395e-3 s
[acc] eval 0.179696485 s
[acc] compile 0.185362997 s
[acc] eval 1.4674349e-2 s
[acc] eval 0.207737892 s
[acc] compile 0.158630645 s
[acc] eval 9.506875e-3 s
[acc] eval 6.85985e-3 s
[acc] eval 8.493205e-3 s
[acc] eval 2.478942e-3 s
[acc] eval 2.495991e-3 s
[acc] eval 3.42144e-3 s
[acc] eval 4.418121e-3 s
[acc] eval 3.733745e-3 s
[acc] eval 2.464773e-3 s
[acc] eval 2.426119e-3 s
[acc] eval 2.493012e-3 s
[acc] eval 2.715974e-3 s
[acc] eval 2.435543e-3 s
[acc] eval 2.523858e-3 s
[acc] eval 2.446044e-3 s
[acc] eval 0.222610228 s
[acc] compile 7.820886e-3 s
[acc] eval 7.719867e-3 s
[acc] eval 2.1375157e-2 s
[acc] compile 0.125278007 s
[acc] eval 9.731615e-3 s
[acc] eval 2.667332e-3 s
[acc] eval 2.390983e-3 s
[acc] eval 6.554938e-3 s
[acc] eval 1.789166e-3 s
[acc] eval 1.661421e-3 s
[acc] eval 1.631816e-3 s
[acc] eval 1.454128e-3 s
[acc] eval 1.608082e-3 s
[acc] eval 1.261865e-3 s
[acc] eval 0.158781427 s
[acc] compile 1.1271395e-2 s
[acc] eval 1.3650686e-2 s
[acc] eval 2.242593e-3 s
[acc] eval 1.978495e-3 s
[acc] eval 6.003848e-3 s
[acc] eval 3.395315e-3 s
[acc] eval 3.182761e-3 s
[acc] eval 2.855261e-3 s
[acc] eval 2.204733e-3 s
[acc] eval 1.892309e-3 s
[acc] eval 1.845539e-3 s
[acc] eval 2.33137e-3 s
[acc] eval 5.581599e-3 s
[acc] eval 6.3482775e-2 s
[acc] compile 7.830012e-3 s
[acc] eval 1.249099e-2 s
[acc] eval 3.96746e-3 s
[acc] eval 3.177399e-3 s
[acc] eval 2.750705e-3 s
[acc] eval 2.621734e-3 s
[acc] eval 8.452896e-3 s
[acc] eval 1.891627e-3 s
[acc] eval 1.669959e-3 s
[acc] eval 1.290659e-3 s
[acc] eval 1.310486e-3 s
[acc] eval 1.323627e-3 s
[acc] eval 1.223792e-3 s
[acc] eval 1.595523e-3 s
[acc] eval 1.472208e-3 s
[acc] eval 2.910863e-3 s
[acc] eval 2.845652e-3 s
[acc] eval 2.701246e-3 s
[acc] eval 2.283487e-3 s
[acc] eval 1.459776e-3 s
[acc] eval 1.34734e-3 s
[acc] eval 1.33152e-3 s
[acc] eval 1.366456e-3 s
[acc] eval 1.254566e-3 s
[acc] eval 1.345146e-3 s
[acc] eval 1.365703e-3 s
[acc] eval 1.259984e-3 s
[acc] eval 7.8334769e-2 s
[acc] compile 8.642765e-3 s
[acc] eval 1.1262279e-2 s
[acc] eval 1.670707e-3 s
[acc] eval 1.71047e-3 s
[acc] eval 2.3717e-3 s
[acc] eval 2.325073e-3 s
[acc] eval 5.54381e-3 s
[acc] eval 2.725861e-3 s
[acc] eval 2.413796e-3 s
[acc] eval 1.76297e-3 s
[acc] eval 1.141083e-3 s
[acc] eval 9.69203e-4 s
[acc] eval 9.25104e-4 s
[acc] eval 2.079994e-3 s
[acc] eval 1.802923e-3 s
[acc] eval 1.827733e-3 s
[acc] eval 2.046795e-3 s
[acc] eval 1.885391e-3 s
[acc] eval 2.045331e-3 s
[acc] eval 1.94267e-3 s
[acc] eval 1.855106e-3 s
[acc] eval 2.050054e-3 s
[acc] eval 2.390312e-3 s
[acc] eval 2.932087e-3 s
[acc] eval 2.334501e-3 s
[acc] eval 2.192187e-3 s
[acc] eval 1.191201e-3 s
[acc] eval 1.215344e-3 s
[acc] eval 1.235275e-3 s
[acc] eval 1.282154e-3 s
[acc] eval 1.659456e-3 s
[acc] eval 8.2201785e-2 s
[acc] compile 4.78884e-4 s
[acc] eval 5.874707e-3 s
[acc] compile 0.199344913 s
[acc] eval 2.258983e-2 s
[acc] eval 0.224503962 s
[acc] compile 4.861675e-3 s
[acc] eval 8.105695e-3 s
[acc] eval 5.597007e-3 s
[acc] eval 3.780013e-3 s
[acc] eval 4.723649e-3 s
[acc] eval 3.473872e-3 s
[acc] eval 2.871897e-3 s
[acc] eval 4.354482e-3 s
[acc] eval 1.0762448e-2 s
[acc] eval 4.276542e-3 s
[acc] eval 3.350114e-3 s
[acc] eval 3.390848e-3 s
[acc] eval 3.302033e-3 s
[acc] eval 3.649206e-3 s
[acc] eval 2.260946e-3 s
[acc] eval 2.392423e-3 s
[acc] eval 3.165041e-3 s
[acc] eval 2.357744e-3 s
[acc] eval 2.724916e-3 s
[acc] eval 3.443497e-3 s
[acc] eval 2.191092e-3 s
[acc] eval 2.031977e-3 s
[acc] eval 2.167905e-3 s
[acc] eval 2.147124e-3 s
[acc] eval 2.176364e-3 s
[acc] eval 2.313167e-3 s
[acc] eval 2.388036e-3 s
[acc] eval 3.209862e-3 s
[acc] eval 2.564237e-3 s
[acc] eval 2.331432e-3 s
[acc] eval 2.30608e-3 s
[acc] eval 2.393437e-3 s
[acc] eval 2.280899e-3 s
[acc] eval 3.179363e-3 s
[acc] eval 0.121828241 s
[acc] compile 0.127634687 s
[acc] eval 9.938001e-3 s
[acc] eval 3.307121e-3 s
[acc] eval 2.348443e-3 s
[acc] eval 7.641874e-3 s
[acc] eval 2.92876e-3 s
[acc] eval 3.313969e-3 s
[acc] eval 1.968848e-3 s
[acc] eval 1.4487e-3 s
[acc] eval 1.3992e-3 s
[acc] eval 1.361135e-3 s
[acc] eval 1.366386e-3 s
[acc] eval 1.389651e-3 s
[acc] eval 1.363143e-3 s
[acc] eval 1.423144e-3 s
[acc] eval 1.433067e-3 s
[acc] eval 1.718828e-3 s
[acc] eval 1.477967e-3 s
[acc] eval 1.573202e-3 s
[acc] eval 1.334256e-3 s
[acc] eval 1.402603e-3 s
[acc] eval 1.330407e-3 s
[acc] eval 1.314344e-3 s
[acc] eval 1.37069e-3 s
[acc] eval 1.332524e-3 s
[acc] eval 1.727315e-3 s
[acc] eval 0.1883629 s
[acc] compile 4.128234e-3 s
[acc] eval 5.445461e-3 s
[acc] eval 1.144362e-2 s
[acc] compile 5.4410449e-2 s
[acc] eval 1.9843976e-2 s
[acc] eval 4.062907e-3 s
[acc] eval 5.103666e-3 s
[acc] eval 4.845871e-3 s
[acc] eval 3.287954e-3 s
[acc] eval 2.470964e-3 s
[acc] eval 2.940273e-3 s
[acc] eval 2.666367e-3 s
[acc] eval 2.724708e-3 s
[acc] eval 2.79241e-3 s
[acc] eval 2.333109e-3 s
[acc] eval 1.977446e-3 s
[acc] eval 1.893812e-3 s
[acc] eval 2.010199e-3 s
[acc] eval 1.73953e-3 s
[acc] eval 1.746604e-3 s
[acc] eval 1.860744e-3 s
[acc] eval 1.361829e-3 s
[acc] eval 1.34643e-3 s
[acc] eval 1.333067e-3 s
[acc] eval 1.315211e-3 s
[acc] eval 0.128260501 s
[acc] compile 0.116292452 s
[acc] eval 1.6259424e-2 s
[acc] eval 2.382481e-3 s
[acc] eval 2.055305e-3 s
[acc] eval 6.543946e-3 s
[acc] eval 3.481502e-3 s
[acc] eval 2.34726e-3 s
[acc] eval 2.323659e-3 s
[acc] eval 2.4593e-3 s
[acc] eval 2.264836e-3 s
[acc] eval 2.28897e-3 s
[acc] eval 2.446038e-3 s
[acc] eval 2.241973e-3 s
[acc] eval 0.167005892 s
[acc] compile 0.290254471 s
[acc] eval 2.5370781e-2 s
[acc] eval 0.324014342 s
[acc] compile 1.2710505e-2 s
[acc] eval 1.886592e-2 s
[acc] eval 5.075947e-3 s
[acc] eval 4.852583e-3 s
[acc] eval 4.836375e-3 s
[acc] eval 5.208551e-3 s
[acc] eval 6.088119e-3 s
[acc] eval 3.831657e-3 s
[acc] eval 3.41425e-3 s
[acc] eval 2.938504e-3 s
[acc] eval 2.359724e-3 s
[acc] eval 1.897511e-3 s
[acc] eval 1.928232e-3 s
[acc] eval 1.864468e-3 s
[acc] eval 1.753003e-3 s
[acc] eval 1.563145e-3 s
[acc] eval 1.730398e-3 s
[acc] eval 2.187384e-3 s
[acc] eval 2.028805e-3 s
[acc] eval 1.930636e-3 s
[acc] eval 2.096171e-3 s
[acc] eval 1.615528e-3 s
[acc] eval 1.633358e-3 s
[acc] eval 9.768679e-2 s
[acc] compile 6.334457e-3 s
[acc] eval 9.703367e-3 s
[acc] eval 1.9356857e-2 s
[acc] compile 0.184828899 s
[acc] eval 9.25345e-3 s
[acc] eval 2.007238e-3 s
[acc] eval 1.892028e-3 s
[acc] eval 6.953035e-3 s
[acc] eval 1.484368e-3 s
[acc] eval 1.257514e-3 s
[acc] eval 1.113554e-3 s
[acc] eval 1.057133e-3 s
[acc] eval 1.043687e-3 s
[acc] eval 9.93674e-4 s
[acc] eval 1.013589e-3 s
[acc] eval 1.324161e-3 s
[acc] eval 0.216709107 s
[acc] compile 0.60450318 s
[acc] eval 3.5104615e-2 s
[acc] eval 0.649384894 s
[acc] compile 7.7051545e-2 s
[acc] eval 8.881556e-3 s
[acc] eval 2.914998e-3 s
[acc] eval 2.791283e-3 s
[acc] eval 2.973515e-3 s
[acc] eval 2.164802e-3 s
[acc] eval 2.130333e-3 s
[acc] eval 8.230545e-3 s
[acc] eval 2.300108e-3 s
[acc] eval 2.240206e-3 s
[acc] eval 1.855341e-3 s
[acc] eval 1.211421e-3 s
[acc] eval 1.109155e-3 s
[acc] eval 0.119528804 s
[acc] compile 0.111515215 s
[acc] eval 2.743672e-2 s
[acc] eval 0.14346634 s
[acc] compile 0.662188153 s
[acc] eval 2.9328762e-2 s
[acc] eval 0.702526747 s
[acc] compile 1.9147873e-2 s
[acc] eval 2.2770423e-2 s
[acc] eval 4.6152577e-2 s
[acc] compile 2.084833e-2 s
[acc] eval 1.2964192e-2 s
[acc] eval 7.061103e-3 s
[acc] eval 4.167138e-3 s
[acc] eval 3.249664e-3 s
[acc] eval 3.465788e-3 s
[acc] eval 3.837734e-3 s
[acc] eval 3.670722e-3 s
[acc] eval 6.3004055e-2 s
[acc] compile 0.107865181 s
[acc] eval 1.6496037e-2 s
[acc] eval 0.13809612 s
[acc] compile 1.361148e-2 s
[acc] eval 1.0987222e-2 s
[acc] eval 4.609033e-3 s
[acc] eval 4.716413e-3 s
[acc] eval 4.274463e-3 s
[acc] eval 1.023858e-2 s
[acc] eval 1.979374e-3 s
[acc] eval 1.848943e-3 s
[acc] eval 1.770469e-3 s
[acc] eval 1.937433e-3 s
[acc] eval 1.466955e-3 s
[acc] eval 2.749168e-3 s
[acc] eval 2.666814e-3 s
[acc] eval 2.611357e-3 s
[acc] eval 1.840244e-3 s
[acc] eval 2.726012e-3 s
[acc] eval 2.083905e-3 s
[acc] eval 1.550257e-3 s
[acc] eval 1.598644e-3 s
[acc] eval 1.562708e-3 s
[acc] eval 8.0661466e-2 s
[acc] compile 0.105320843 s
[acc] eval 1.4929915e-2 s
[acc] eval 0.121820863 s
[acc] compile 1.624295e-2 s
[acc] eval 2.6442204e-2 s
[acc] eval 4.6323427e-2 s
[acc] compile 0.125249009 s
[acc] eval 8.952614e-3 s
[acc] eval 0.140735183 s
[acc] compile 1.2525291e-2 s
[acc] eval 1.9404247e-2 s
[acc] eval 4.2527703e-2 s
[acc] compile 0.426762311 s
[acc] eval 1.2564125e-2 s
[acc] eval 0.457771145 s
[acc] compile 0.238309895 s
[acc] eval 9.07504e-3 s
[acc] eval 0.251287241 s
[acc] compile 0.113441844 s
[acc] eval 9.832159e-3 s
[acc] eval 0.127066843 s
[acc] compile 1.3699408e-2 s
[acc] eval 7.336571e-3 s
[acc] eval 3.620538e-3 s
[acc] eval 7.029165e-3 s
[acc] eval 2.538827e-3 s
[acc] eval 2.163397e-3 s
[acc] eval 2.14003e-3 s
[acc] eval 1.832197e-3 s
[acc] eval 1.837328e-3 s
[acc] eval 2.176603e-3 s
[acc] eval 2.230471e-3 s
[acc] eval 2.49911e-3 s
[acc] eval 2.1301e-3 s
[acc] eval 2.281536e-3 s
[acc] eval 2.177307e-3 s
[acc] eval 2.12498e-3 s
[acc] eval 1.989005e-3 s
[acc] eval 2.058811e-3 s
[acc] eval 2.415665e-3 s
[acc] eval 3.141062e-3 s
[acc] eval 3.070897e-3 s
[acc] eval 7.620467e-2 s
[acc] compile 2.2514779e-2 s
[acc] eval 2.9702659e-2 s
[acc] eval 5.7432003e-2 s
[acc] compile 7.4885712e-2 s
[acc] eval 1.9069702e-2 s
[acc] eval 4.055257e-3 s
[acc] eval 6.765812e-3 s
[acc] eval 1.2958466e-2 s
[acc] eval 3.083656e-3 s
[acc] eval 2.452756e-3 s
[acc] eval 2.326192e-3 s
[acc] eval 2.171006e-3 s
[acc] eval 2.122582e-3 s
[acc] eval 2.312665e-3 s
[acc] eval 2.552076e-3 s
[acc] eval 3.176275e-3 s
[acc] eval 4.072561e-3 s
[acc] eval 3.953622e-3 s
[acc] eval 5.629734e-3 s
[acc] eval 5.019433e-3 s
[acc] eval 4.001259e-3 s
[acc] eval 3.519184e-3 s
[acc] eval 3.184636e-3 s
[acc] eval 2.916884e-3 s
[acc] eval 2.54062e-3 s
[acc] eval 2.666934e-3 s
[acc] eval 2.482646e-3 s
[acc] eval 2.185669e-3 s
[acc] eval 2.230984e-3 s
[acc] eval 2.269088e-3 s
[acc] eval 2.374583e-3 s
[acc] eval 2.346802e-3 s
[acc] eval 3.421195e-3 s
[acc] eval 3.199733e-3 s
[acc] eval 0.203710323 s
[acc] compile 1.272234e-2 s
[acc] eval 2.0406427e-2 s
[acc] eval 3.8732075e-2 s
[acc] compile 1.9694891e-2 s
[acc] eval 2.3018647e-2 s
[acc] eval 5.3414263e-2 s
[acc] compile 7.0118893e-2 s
[acc] eval 1.0338312e-2 s
[acc] eval 8.761679e-2 s
[acc] compile 0.407514267 s
[acc] eval 3.3343499e-2 s
[acc] eval 0.445010894 s
[acc] compile 1.1336971e-2 s
[acc] eval 1.3380855e-2 s
[acc] eval 2.807562e-3 s
[acc] eval 3.413234e-3 s
[acc] eval 3.123289e-3 s
[acc] eval 4.319695e-3 s
[acc] eval 3.874593e-3 s
[acc] eval 3.784181e-3 s
[acc] eval 9.754782e-3 s
[acc] eval 2.326338e-3 s
[acc] eval 2.007942e-3 s
[acc] eval 6.3975298e-2 s
[acc] compile 6.0279572e-2 s
[acc] eval 1.0136162e-2 s
[acc] eval 5.021078e-3 s
[acc] eval 4.088415e-3 s
[acc] eval 8.506145e-3 s
[acc] eval 2.087939e-3 s
[acc] eval 1.534462e-3 s
[acc] eval 1.498506e-3 s
[acc] eval 1.389944e-3 s
[acc] eval 1.478941e-3 s
[acc] eval 1.541059e-3 s
[acc] eval 1.838836e-3 s
[acc] eval 1.459762e-3 s
[acc] eval 1.516203e-3 s
[acc] eval 1.432883e-3 s
[acc] eval 1.378867e-3 s
[acc] eval 1.335689e-3 s
[acc] eval 1.419722e-3 s
[acc] eval 1.466411e-3 s
[acc] eval 1.345722e-3 s
[acc] eval 1.770573e-3 s
[acc] eval 1.747843e-3 s
[acc] eval 1.785256e-3 s
[acc] eval 1.480317e-3 s
[acc] eval 1.298273e-3 s
[acc] eval 1.307561e-3 s
[acc] eval 1.330772e-3 s
[acc] eval 1.440411e-3 s
[acc] eval 1.346743e-3 s
[acc] eval 0.1287402 s
[acc] compile 0.165440037 s
[acc] eval 1.6784329e-2 s
[acc] eval 8.380602e-3 s
[acc] eval 4.432434e-3 s
[acc] eval 3.956663e-3 s
[acc] eval 2.670928e-3 s
[acc] eval 2.4413e-3 s
[acc] eval 2.71171e-3 s
[acc] eval 3.147086e-3 s
[acc] eval 4.278703e-3 s
[acc] eval 2.405312e-3 s
[acc] eval 2.381016e-3 s
[acc] eval 2.723556e-3 s
[acc] eval 2.775128e-3 s
[acc] eval 2.683038e-3 s
[acc] eval 2.542623e-3 s
[acc] eval 2.360769e-3 s
[acc] eval 2.664844e-3 s
[acc] eval 2.613439e-3 s
[acc] eval 2.411413e-3 s
[acc] eval 2.677552e-3 s
[acc] eval 2.578874e-3 s
[acc] eval 2.553809e-3 s
[acc] eval 2.926648e-3 s
[acc] eval 8.474712e-3 s
[acc] eval 2.753078e-3 s
[acc] eval 2.52489e-3 s
[acc] eval 2.608705e-3 s
[acc] eval 2.624782e-3 s
[acc] eval 2.703579e-3 s
[acc] eval 2.537542e-3 s
[acc] eval 0.280392527 s
[acc] compile 0.107563792 s
[acc] eval 1.4532726e-2 s
[acc] eval 2.319013e-3 s
[acc] eval 2.021338e-3 s
[acc] eval 1.884294e-3 s
[acc] eval 2.086514e-3 s
[acc] eval 1.976076e-3 s
[acc] eval 1.938219e-3 s
[acc] eval 1.673484e-3 s
[acc] eval 1.763481e-3 s
[acc] eval 1.752722e-3 s
[acc] eval 1.762177e-3 s
[acc] eval 1.699872e-3 s
[acc] eval 1.722502e-3 s
[acc] eval 1.72732e-3 s
[acc] eval 1.712342e-3 s
[acc] eval 1.800537e-3 s
[acc] eval 1.794361e-3 s
[acc] eval 1.844282e-3 s
[acc] eval 2.365479e-3 s
[acc] eval 2.377918e-3 s
[acc] eval 2.158537e-3 s
[acc] eval 1.94632e-3 s
[acc] eval 2.111936e-3 s
[acc] eval 2.31843e-3 s
[acc] eval 1.971844e-3 s
[acc] eval 1.875163e-3 s
[acc] eval 1.70162e-3 s
[acc] eval 1.666319e-3 s
[acc] eval 0.178692412 s
[acc] compile 5.1296086e-2 s
[acc] eval 1.5934221e-2 s
[acc] eval 7.4119748e-2 s
[acc] compile 5.4209918e-2 s
[acc] eval 1.3615169e-2 s
[acc] eval 2.778617e-3 s
[acc] eval 9.557409e-3 s
[acc] eval 2.033906e-3 s
[acc] eval 1.918096e-3 s
[acc] eval 1.92329e-3 s
[acc] eval 2.012428e-3 s
[acc] eval 2.390441e-3 s
[acc] eval 2.194909e-3 s
[acc] eval 1.917338e-3 s
[acc] eval 1.890127e-3 s
[acc] eval 1.840941e-3 s
[acc] eval 1.854262e-3 s
[acc] eval 1.985474e-3 s
[acc] eval 2.306045e-3 s
[acc] eval 2.161046e-3 s
[acc] eval 2.178755e-3 s
[acc] eval 1.849915e-3 s
[acc] eval 1.797943e-3 s
[acc] eval 0.117080239 s
[acc] compile 0.12173438 s
[acc] eval 1.8503233e-2 s
[acc] eval 0.143242222 s
[acc] compile 0.129174634 s
[acc] eval 1.7455656e-2 s
[acc] eval 3.361629e-3 s
[acc] eval 1.1775407e-2 s
[acc] eval 2.336971e-3 s
[acc] eval 2.165288e-3 s
[acc] eval 2.239921e-3 s
[acc] eval 2.208651e-3 s
[acc] eval 2.276496e-3 s
[acc] eval 2.136364e-3 s
[acc] eval 2.158433e-3 s
[acc] eval 2.211185e-3 s
[acc] eval 2.15629e-3 s
[acc] eval 2.264668e-3 s
[acc] eval 2.29188e-3 s
[acc] eval 2.214162e-3 s
[acc] eval 2.189657e-3 s
[acc] eval 3.493287e-3 s
[acc] eval 2.592576e-3 s
[acc] eval 2.295729e-3 s
[acc] eval 2.427705e-3 s
[acc] eval 2.296705e-3 s
[acc] eval 2.196214e-3 s
[acc] eval 2.209043e-3 s
[acc] eval 2.383419e-3 s
[acc] eval 4.14051e-3 s
[acc] eval 3.190847e-3 s
[acc] eval 9.239373e-3 s
[acc] eval 2.541586e-3 s
[acc] eval 3.049518e-3 s
[acc] eval 4.055504e-3 s
[acc] eval 2.631969e-3 s
[acc] eval 0.244788743 s
[acc] compile 6.7992051e-2 s
[acc] eval 1.5289568e-2 s
[acc] eval 9.0777829e-2 s
[acc] compile 0.314749114 s
[acc] eval 2.6632497e-2 s
[acc] eval 0.350989511 s
[acc] compile 4.260278e-3 s
[acc] eval 4.33125e-3 s
[acc] eval 1.0334103e-2 s
[acc] compile 0.121829371 s
[acc] eval 2.1592322e-2 s
[acc] eval 0.146637798 s
[acc] compile 0.131250734 s
[acc] eval 8.763281e-3 s
[acc] eval 0.142923164 s
[acc] compile 4.16086e-3 s
[acc] eval 3.460685e-3 s
[acc] eval 5.38049e-4 s
[acc] eval 8.3878e-4 s
[acc] eval 9.976943e-3 s
[acc] compile 6.4997202e-2 s
[acc] eval 2.2521001e-2 s
[acc] eval 8.9108836e-2 s
[acc] compile 2.944227e-3 s
[acc] eval 3.393653e-3 s
[acc] eval 4.35459e-4 s
[acc] eval 5.52848e-4 s
[acc] eval 7.993899e-3 s
[acc] compile 6.635193e-3 s
[acc] eval 1.3757298e-2 s
[acc] eval 2.31661e-2 s
[acc] compile 7.034153e-3 s
[acc] eval 4.656631e-3 s
[acc] eval 6.80049e-4 s
[acc] eval 9.40441e-4 s
[acc] eval 1.4471042e-2 s
[acc] compile 0.207837328 s
[acc] eval 2.0749774e-2 s
[acc] eval 0.231960978 s
[acc] compile 0.255964859 s
[acc] eval 1.0630406e-2 s
[acc] eval 0.270026589 s
[acc] compile 0.11239251 s
[acc] eval 1.5200395e-2 s
[acc] eval 4.680348e-3 s
[acc] eval 1.1649796e-2 s
[acc] eval 3.269067e-3 s
[acc] eval 2.821161e-3 s
[acc] eval 2.661267e-3 s
[acc] eval 2.658343e-3 s
[acc] eval 2.612423e-3 s
[acc] eval 2.593604e-3 s
[acc] eval 2.623521e-3 s
[acc] eval 2.629551e-3 s
[acc] eval 2.622374e-3 s
[acc] eval 0.17213706 s
[acc] compile 7.82924e-3 s
[acc] eval 5.7802e-3 s
[acc] eval 1.565399e-2 s
[acc] compile 0.120410143 s
[acc] eval 9.772581e-3 s
[acc] eval 0.1354532 s
[acc] compile 0.378892058 s
[acc] eval 1.5656821e-2 s
[acc] eval 0.401846819 s
[acc] compile 0.136431646 s
[acc] eval 2.0483199e-2 s
[acc] eval 0.158604848 s
[acc] compile 7.5722942e-2 s
[acc] eval 2.0255065e-2 s
[acc] eval 5.491348e-3 s
[acc] eval 1.2866834e-2 s
[acc] eval 5.033297e-3 s
[acc] eval 3.793536e-3 s
[acc] eval 2.918946e-3 s
[acc] eval 2.391514e-3 s
[acc] eval 2.159592e-3 s
[acc] eval 2.592012e-3 s
[acc] eval 2.515375e-3 s
[acc] eval 2.407896e-3 s
[acc] eval 2.463401e-3 s
[acc] eval 3.337625e-3 s
[acc] eval 2.159573e-3 s
[acc] eval 2.333551e-3 s
[acc] eval 2.064917e-3 s
[acc] eval 2.07313e-3 s
[acc] eval 1.897207e-3 s
[acc] eval 1.903684e-3 s
[acc] eval 1.890614e-3 s
[acc] eval 1.869965e-3 s
[acc] eval 1.940819e-3 s
[acc] eval 1.9637e-3 s
[acc] eval 1.915118e-3 s
[acc] eval 2.014144e-3 s
[acc] eval 1.857859e-3 s
[acc] eval 1.902502e-3 s
[acc] eval 1.787865e-3 s
[acc] eval 1.857625e-3 s
[acc] eval 1.896373e-3 s
[acc] eval 1.869743e-3 s
[acc] eval 0.184087211 s
[acc] compile 4.410391e-3 s
[acc] eval 4.320391e-3 s
[acc] eval 7.52157e-4 s
[acc] eval 7.4586e-4 s
[acc] eval 7.26535e-4 s
[acc] eval 6.23938e-4 s
[acc] eval 1.2690946e-2 s
[acc] compile 3.946692e-3 s
[acc] eval 3.852415e-3 s
[acc] eval 1.416756e-3 s
[acc] eval 1.400053e-3 s
[acc] eval 6.206005e-3 s
[acc] eval 9.41756e-4 s
[acc] eval 9.38862e-4 s
[acc] eval 9.20831e-4 s
[acc] eval 1.164531e-3 s
[acc] eval 1.115546e-3 s
[acc] eval 1.60893e-3 s
[acc] eval 1.692822e-3 s
[acc] eval 8.58824e-4 s
[acc] eval 8.53858e-4 s
[acc] eval 8.22645e-4 s
[acc] eval 8.63359e-4 s
[acc] eval 8.5295e-4 s
[acc] eval 1.118296e-3 s
[acc] eval 8.60896e-4 s
[acc] eval 1.122806e-3 s
[acc] eval 1.072973e-3 s
[acc] eval 1.499502e-3 s
[acc] eval 1.64363e-3 s
[acc] eval 9.27374e-4 s
[acc] eval 8.93225e-4 s
[acc] eval 8.67641e-4 s
[acc] eval 8.55661e-4 s
[acc] eval 8.31278e-4 s
[acc] eval 8.61214e-4 s
[acc] eval 8.50876e-4 s
[acc] eval 4.5431509e-2 s
[acc] compile 0.450423687 s
[acc] eval 2.0426657e-2 s
[acc] eval 0.483369789 s
[acc] compile 7.2778545e-2 s
[acc] eval 4.316565e-3 s
[acc] eval 1.747776e-3 s
[acc] eval 1.744566e-3 s
[acc] eval 1.682479e-3 s
[acc] eval 4.926285e-3 s
[acc] eval 1.1576273e-2 s
[acc] eval 1.715225e-3 s
[acc] eval 1.42523e-3 s
[acc] eval 1.389419e-3 s
[acc] eval 1.554647e-3 s
[acc] eval 1.603463e-3 s
[acc] eval 2.710478e-3 s
[acc] eval 2.426505e-3 s
[acc] eval 2.501534e-3 s
[acc] eval 2.171513e-3 s
[acc] eval 2.613888e-3 s
[acc] eval 2.341996e-3 s
[acc] eval 2.05318e-3 s
[acc] eval 1.847346e-3 s
[acc] eval 1.777442e-3 s
[acc] eval 1.636202e-3 s
[acc] eval 1.8413e-3 s
[acc] eval 1.593927e-3 s
[acc] eval 1.607229e-3 s
[acc] eval 1.654744e-3 s
[acc] eval 1.569561e-3 s
[acc] eval 1.548704e-3 s
[acc] eval 1.451702e-3 s
[acc] eval 1.860353e-3 s
[acc] eval 2.851648e-3 s
[acc] eval 0.150133951 s
[acc] compile 7.5732682e-2 s
[acc] eval 1.6946487e-2 s
[acc] eval 9.280365e-3 s
[acc] eval 0.118217227 s
[acc] compile 7.5156528e-2 s
[acc] eval 1.780075e-2 s
[acc] eval 2.38468e-3 s
[acc] eval 2.11098e-3 s
[acc] eval 9.9779169e-2 s
[acc] compile 1.4795223e-2 s
[acc] eval 7.346165e-3 s
[acc] eval 7.192237e-3 s
[acc] eval 1.5040898e-2 s
[acc] eval 3.292919e-3 s
[acc] eval 2.517393e-3 s
[acc] eval 3.31919e-3 s
[acc] eval 3.873425e-3 s
[acc] eval 4.472002e-3 s
[acc] eval 3.33421e-3 s
[acc] eval 2.885773e-3 s
[acc] eval 2.673169e-3 s
[acc] eval 2.419313e-3 s
[acc] eval 2.627124e-3 s
[acc] eval 2.867492e-3 s
[acc] eval 2.196328e-3 s
[acc] eval 2.186645e-3 s
[acc] eval 2.289191e-3 s
[acc] eval 2.172007e-3 s
[acc] eval 2.044648e-3 s
[acc] eval 2.186416e-3 s
[acc] eval 2.293195e-3 s
[acc] eval 2.320911e-3 s
[acc] eval 2.148367e-3 s
[acc] eval 2.037316e-3 s
[acc] eval 1.956452e-3 s
[acc] eval 1.952867e-3 s
[acc] eval 1.947399e-3 s
[acc] eval 1.902217e-3 s
[acc] eval 1.938291e-3 s
[acc] eval 1.925376e-3 s
[acc] eval 0.118549526 s
[acc] compile 0.206408697 s
[acc] eval 1.4188664e-2 s
[acc] eval 9.905267e-3 s
[acc] eval 6.710839e-3 s
[acc] eval 5.382514e-3 s
[acc] eval 4.66727e-3 s
[acc] eval 3.931225e-3 s
[acc] eval 3.299016e-3 s
[acc] eval 3.089009e-3 s
[acc] eval 3.557314e-3 s
[acc] eval 3.050007e-3 s
[acc] eval 3.037607e-3 s
[acc] eval 3.07735e-3 s
[acc] eval 3.708091e-3 s
[acc] eval 3.420118e-3 s
[acc] eval 3.327863e-3 s
[acc] eval 3.439262e-3 s
[acc] eval 3.272332e-3 s
[acc] eval 3.276877e-3 s
[acc] eval 3.181777e-3 s
[acc] eval 3.311806e-3 s
[acc] eval 3.215728e-3 s
[acc] eval 3.331677e-3 s
[acc] eval 3.194228e-3 s
[acc] eval 3.315052e-3 s
[acc] eval 3.309239e-3 s
[acc] eval 3.325208e-3 s
[acc] eval 3.351281e-3 s
[acc] eval 2.960599e-3 s
[acc] eval 2.447631e-3 s
[acc] eval 2.566716e-3 s
[acc] eval 0.334961633 s
[acc] compile 7.4960632e-2 s
[acc] eval 9.62385e-3 s
[acc] eval 8.9318494e-2 s
[acc] compile 0.23708383 s
[acc] eval 2.8014356e-2 s
[acc] eval 0.278471237 s
[acc] compile 0.122919043 s
[acc] eval 7.142578e-3 s
[acc] eval 1.0856025e-2 s
[acc] eval 7.701482e-3 s
[acc] eval 6.912296e-3 s
[acc] eval 6.095791e-3 s
[acc] eval 3.901502e-3 s
[acc] eval 4.690193e-3 s
[acc] eval 4.708967e-3 s
[acc] eval 4.939545e-3 s
[acc] eval 3.881091e-3 s
[acc] eval 3.114495e-3 s
[acc] eval 2.652485e-3 s
[acc] eval 2.512421e-3 s
[acc] eval 2.583381e-3 s
[acc] eval 2.59619e-3 s
[acc] eval 2.512972e-3 s
[acc] eval 2.561223e-3 s
[acc] eval 4.190686e-3 s
[acc] eval 3.879858e-3 s
[acc] eval 4.447184e-3 s
[acc] eval 3.957458e-3 s
[acc] eval 2.93473e-3 s
[acc] eval 2.55084e-3 s
[acc] eval 2.531176e-3 s
[acc] eval 3.234282e-3 s
[acc] eval 2.628872e-3 s
[acc] eval 2.566777e-3 s
[acc] eval 2.508317e-3 s
[acc] eval 2.489916e-3 s
[acc] eval 4.792422e-3 s
[acc] eval 4.151294e-3 s
[acc] eval 0.256313741 s
[acc] compile 0.288025663 s
[acc] eval 2.9249566e-2 s
[acc] eval 0.321874099 s
[acc] compile 0.325914447 s
[acc] eval 2.0107396e-2 s
[acc] eval 0.354187334 s
[acc] compile 0.399468385 s
[acc] eval 1.2639677e-2 s
[acc] eval 3.536074e-3 s
[acc] eval 2.998421e-3 s
[acc] eval 8.917554e-3 s
[acc] eval 2.515953e-3 s
[acc] eval 2.599303e-3 s
[acc] eval 2.464093e-3 s
[acc] eval 2.616183e-3 s
[acc] eval 2.280755e-3 s
[acc] eval 2.169166e-3 s
[acc] eval 2.161294e-3 s
[acc] eval 2.128598e-3 s
[acc] eval 2.069182e-3 s
[acc] eval 1.965688e-3 s
[acc] eval 2.162852e-3 s
[acc] eval 1.852892e-3 s
[acc] eval 1.863366e-3 s
[acc] eval 1.890471e-3 s
[acc] eval 1.803759e-3 s
[acc] eval 1.805868e-3 s
[acc] eval 1.791056e-3 s
[acc] eval 1.846345e-3 s
[acc] eval 1.818233e-3 s
[acc] eval 1.810103e-3 s
[acc] eval 1.797785e-3 s
[acc] eval 2.003936e-3 s
[acc] eval 2.018988e-3 s
[acc] eval 1.95317e-3 s
[acc] eval 1.882708e-3 s
[acc] eval 1.911796e-3 s
[acc] eval 1.908162e-3 s
[acc] eval 0.487274772 s
[acc] compile 7.4281917e-2 s
[acc] eval 2.3123008e-2 s
[acc] eval 6.46487e-3 s
[acc] eval 5.933926e-3 s
[acc] eval 6.056849e-3 s
[acc] eval 6.152454e-3 s
[acc] eval 6.091646e-3 s
[acc] eval 6.281e-3 s
[acc] eval 6.836548e-3 s
[acc] eval 4.802876e-3 s
[acc] eval 6.316918e-3 s
[acc] eval 5.085289e-3 s
[acc] eval 5.38237e-3 s
[acc] eval 5.801768e-3 s
[acc] eval 1.2230364e-2 s
[acc] eval 3.970448e-3 s
[acc] eval 3.850132e-3 s
[acc] eval 3.883304e-3 s
[acc] eval 4.378356e-3 s
[acc] eval 3.954896e-3 s
[acc] eval 4.700859e-3 s
[acc] eval 4.077155e-3 s
[acc] eval 8.383195e-3 s
[acc] eval 4.180331e-3 s
[acc] eval 4.279888e-3 s
[acc] eval 3.874286e-3 s
[acc] eval 3.954221e-3 s
[acc] eval 3.783851e-3 s
[acc] eval 4.185491e-3 s
[acc] eval 5.564921e-3 s
[acc] eval 0.259256245 s
[acc] compile 0.194736209 s
[acc] eval 2.0154259e-2 s
[acc] eval 0.216937878 s
[acc] compile 4.629593e-3 s
[acc] eval 6.523308e-3 s
[acc] eval 5.957698e-3 s
[acc] eval 2.289352e-3 s
[acc] eval 2.034697e-3 s
[acc] eval 2.031181e-3 s
[acc] eval 2.022331e-3 s
[acc] eval 2.310277e-3 s
[acc] eval 2.609427e-3 s
[acc] eval 2.961331e-3 s
[acc] eval 2.81689e-3 s
[acc] eval 2.911526e-3 s
[acc] eval 2.920404e-3 s
[acc] eval 4.7261212e-2 s
[acc] compile 0.252250479 s
[acc] eval 1.0881455e-2 s
[acc] eval 4.623963e-3 s
[acc] eval 8.537669e-3 s
[acc] eval 5.048231e-3 s
[acc] eval 3.684648e-3 s
[acc] eval 3.939307e-3 s
[acc] eval 4.152247e-3 s
[acc] eval 4.503458e-3 s
[acc] eval 3.85366e-3 s
[acc] eval 3.614405e-3 s
[acc] eval 5.246768e-3 s
[acc] eval 3.825853e-3 s
[acc] eval 0.31966097 s
[acc] compile 6.22231e-3 s
[acc] eval 6.857268e-3 s
[acc] eval 3.598116e-3 s
[acc] eval 3.256293e-3 s
[acc] eval 2.948061e-3 s
[acc] eval 2.766586e-3 s
[acc] eval 3.141139e-3 s
[acc] eval 3.230025e-3 s
[acc] eval 2.579484e-3 s
[acc] eval 2.550443e-3 s
[acc] eval 2.782236e-3 s
[acc] eval 2.958223e-3 s
[acc] eval 2.621657e-3 s
[acc] eval 4.9655361e-2 s
[acc] compile 8.3697584e-2 s
[acc] eval 9.984311e-3 s
[acc] eval 3.588735e-3 s
[acc] eval 3.264452e-3 s
[acc] eval 3.478563e-3 s
[acc] eval 9.098461e-3 s
[acc] eval 2.949217e-3 s
[acc] eval 3.3115e-3 s
[acc] eval 2.961052e-3 s
[acc] eval 3.40685e-3 s
[acc] eval 2.814041e-3 s
[acc] eval 2.82322e-3 s
[acc] eval 3.103615e-3 s
[acc] eval 0.13938636 s
[acc] compile 7.600703e-3 s
[acc] eval 1.5670464e-2 s
[acc] eval 1.736226e-3 s
[acc] eval 1.445013e-3 s
[acc] eval 1.216296e-3 s
[acc] eval 3.0077202e-2 s
[acc] compile 8.871597e-3 s
[acc] eval 1.989431e-2 s
[acc] eval 3.256986e-3 s
[acc] eval 2.889007e-3 s
[acc] eval 3.34215e-3 s
[acc] eval 2.984485e-3 s
[acc] eval 2.770207e-3 s
[acc] eval 2.814994e-3 s
[acc] eval 2.965369e-3 s
[acc] eval 3.399574e-3 s
[acc] eval 2.775039e-3 s
[acc] eval 2.836314e-3 s
[acc] eval 2.719798e-3 s
[acc] eval 6.5214084e-2 s
[acc] compile 0.176444109 s
[acc] eval 1.3216766e-2 s
[acc] eval 6.583709e-3 s
[acc] eval 5.083419e-3 s
[acc] eval 5.101447e-3 s
[acc] eval 7.18789e-3 s
[acc] eval 1.2818621e-2 s
[acc] eval 3.198805e-3 s
[acc] eval 2.802149e-3 s
[acc] eval 2.747739e-3 s
[acc] eval 3.757738e-3 s
[acc] eval 3.041898e-3 s
[acc] eval 2.960818e-3 s
[acc] eval 0.250310896 s
[acc] compile 0.263315216 s
[acc] eval 2.5971914e-2 s
[acc] eval 8.591996e-3 s
[acc] eval 3.447178e-3 s
[acc] eval 3.43053e-3 s
[acc] eval 3.020359e-3 s
[acc] eval 3.201064e-3 s
[acc] eval 3.139003e-3 s
[acc] eval 3.226119e-3 s
[acc] eval 3.322514e-3 s
[acc] eval 3.5205e-3 s
[acc] eval 3.18829e-3 s
[acc] eval 3.108139e-3 s
[acc] eval 3.341291e-3 s
[acc] eval 3.669609e-3 s
[acc] eval 3.213564e-3 s
[acc] eval 3.039379e-3 s
[acc] eval 3.186115e-3 s
[acc] eval 3.279453e-3 s
[acc] eval 3.645243e-3 s
[acc] eval 3.02931e-3 s
[acc] eval 3.177926e-3 s
[acc] eval 2.929375e-3 s
[acc] eval 3.147934e-3 s
[acc] eval 3.370877e-3 s
[acc] eval 2.96474e-3 s
[acc] eval 3.078051e-3 s
[acc] eval 3.105483e-3 s
[acc] eval 0.387968392 s
[acc] compile 0.219934559 s
[acc] eval 1.0107184e-2 s
[acc] eval 1.2517336e-2 s
[acc] eval 7.628301e-3 s
[acc] eval 7.063697e-3 s
[acc] eval 4.87406e-3 s
[acc] eval 3.827829e-3 s
[acc] eval 3.181899e-3 s
[acc] eval 3.065646e-3 s
[acc] eval 3.225169e-3 s
[acc] eval 3.237893e-3 s
[acc] eval 3.304299e-3 s
[acc] eval 3.231944e-3 s
[acc] eval 0.29036132 s
[acc] compile 0.264111035 s
[acc] eval 2.1276776e-2 s
[acc] eval 0.289385215 s
[acc] compile 0.20649839 s
[acc] eval 1.2827192e-2 s
[acc] eval 7.54813e-3 s
[acc] eval 1.0461203e-2 s
[acc] eval 5.001333e-3 s
[acc] eval 5.320516e-3 s
[acc] eval 4.680295e-3 s
[acc] eval 3.80668e-3 s
[acc] eval 4.09142e-3 s
[acc] eval 5.416952e-3 s
[acc] eval 5.795182e-3 s
[acc] eval 4.801961e-3 s
[acc] eval 5.187243e-3 s
[acc] eval 0.28641098 s
[acc] compile 0.186793126 s
[acc] eval 1.8715303e-2 s
[acc] eval 0.214122777 s
[acc] compile 6.751336e-3 s
[acc] eval 4.771911e-3 s
[acc] eval 2.105037e-3 s
[acc] eval 2.071729e-3 s
[acc] eval 2.087292e-3 s
[acc] eval 2.042184e-3 s
[acc] eval 2.188971e-3 s
[acc] eval 2.602953e-3 s
[acc] eval 9.947757e-3 s
[acc] eval 2.043369e-3 s
[acc] eval 1.663743e-3 s
[acc] eval 2.786463e-3 s
[acc] eval 1.682898e-3 s
[acc] eval 4.5816487e-2 s
[acc] compile 6.7743007e-2 s
[acc] eval 1.5326395e-2 s
[acc] eval 9.640896e-3 s
[acc] eval 4.315332e-3 s
[acc] eval 4.999434e-3 s
[acc] eval 4.138312e-3 s
[acc] eval 3.330794e-3 s
[acc] eval 2.89546e-3 s
[acc] eval 3.411135e-3 s
[acc] eval 3.839962e-3 s
[acc] eval 2.675656e-3 s
[acc] eval 2.188581e-3 s
[acc] eval 2.101441e-3 s
[acc] eval 2.090783e-3 s
[acc] eval 3.310256e-3 s
[acc] eval 2.203282e-3 s
[acc] eval 2.206221e-3 s
[acc] eval 1.845685e-3 s
[acc] eval 1.785991e-3 s
[acc] eval 1.82223e-3 s
[acc] eval 1.796176e-3 s
[acc] eval 1.786827e-3 s
[acc] eval 1.814527e-3 s
[acc] eval 1.799758e-3 s
[acc] eval 1.798191e-3 s
[acc] eval 2.243062e-3 s
[acc] eval 3.208487e-3 s
[acc] eval 3.042591e-3 s
[acc] eval 2.922649e-3 s
[acc] eval 2.961529e-3 s
[acc] eval 1.948411e-3 s
[acc] eval 0.172435315 s
[acc] compile 6.705067e-3 s
[acc] eval 9.299148e-3 s
[acc] eval 2.597983e-3 s
[acc] eval 5.934136e-3 s
[acc] eval 3.461914e-3 s
[acc] eval 1.935584e-3 s
[acc] eval 1.806324e-3 s
[acc] eval 1.767525e-3 s
[acc] eval 1.810781e-3 s
[acc] eval 1.78018e-3 s
[acc] eval 1.788957e-3 s
[acc] eval 1.760343e-3 s
[acc] eval 1.769462e-3 s
[acc] eval 1.82725e-3 s
[acc] eval 1.829375e-3 s
[acc] eval 1.858995e-3 s
[acc] eval 1.77145e-3 s
[acc] eval 1.750417e-3 s
[acc] eval 1.774387e-3 s
[acc] eval 1.752344e-3 s
[acc] eval 1.808457e-3 s
[acc] eval 1.751585e-3 s
[acc] eval 1.735241e-3 s
[acc] eval 1.731647e-3 s
[acc] eval 2.30433e-3 s
[acc] eval 2.30032e-3 s
[acc] eval 2.108931e-3 s
[acc] eval 1.984543e-3 s
[acc] eval 1.808121e-3 s
[acc] eval 1.956864e-3 s
[acc] eval 1.968545e-3 s
[acc] eval 1.912684e-3 s
[acc] eval 8.3262212e-2 s
[acc] compile 0.180092456 s
[acc] eval 1.7875231e-2 s
[acc] eval 0.206088179 s
[acc] compile 0.261951668 s
[acc] eval 1.8171042e-2 s
[acc] eval 0.291364419 s
[acc] compile 0.118381166 s
[acc] eval 9.244195e-3 s
[acc] eval 2.208784e-3 s
[acc] eval 2.010233e-3 s
[acc] eval 1.796491e-3 s
[acc] eval 1.795666e-3 s
[acc] eval 6.18294e-3 s
[acc] eval 1.416195e-3 s
[acc] eval 1.225458e-3 s
[acc] eval 1.223151e-3 s
[acc] eval 1.027943e-3 s
[acc] eval 9.3414e-4 s
[acc] eval 9.62694e-4 s
[acc] eval 8.98424e-4 s
[acc] eval 9.26619e-4 s
[acc] eval 9.41897e-4 s
[acc] eval 9.08059e-4 s
[acc] eval 9.27272e-4 s
[acc] eval 9.13478e-4 s
[acc] eval 9.15284e-4 s
[acc] eval 9.37528e-4 s
[acc] eval 1.02044e-3 s
[acc] eval 9.45196e-4 s
[acc] eval 9.89348e-4 s
[acc] eval 9.57155e-4 s
[acc] eval 9.44022e-4 s
[acc] eval 9.23942e-4 s
[acc] eval 9.2785e-4 s
[acc] eval 9.72516e-4 s
[acc] eval 9.22669e-4 s
[acc] eval 9.80835e-4 s
[acc] eval 0.170605219 s
[acc] compile 6.2386174e-2 s
[acc] eval 1.0596318e-2 s
[acc] eval 2.639154e-3 s
[acc] eval 2.325983e-3 s
[acc] eval 2.257607e-3 s
[acc] eval 1.842696e-3 s
[acc] eval 6.971597e-3 s
[acc] eval 2.018017e-3 s
[acc] eval 1.947235e-3 s
[acc] eval 1.726487e-3 s
[acc] eval 1.412795e-3 s
[acc] eval 1.398218e-3 s
[acc] eval 1.197118e-3 s
[acc] eval 1.511587e-3 s
[acc] eval 2.067244e-3 s
[acc] eval 1.24192e-3 s
[acc] eval 1.1343e-3 s
[acc] eval 9.95497e-4 s
[acc] eval 9.79819e-4 s
[acc] eval 1.087987e-3 s
[acc] eval 1.100443e-3 s
[acc] eval 9.60213e-4 s
[acc] eval 1.008131e-3 s
[acc] eval 8.51865e-4 s
[acc] eval 8.40048e-4 s
[acc] eval 8.42646e-4 s
[acc] eval 8.61504e-4 s
[acc] eval 1.131654e-3 s
[acc] eval 1.635071e-3 s
[acc] eval 1.480721e-3 s
[acc] eval 1.619523e-3 s
[acc] eval 1.624066e-3 s
[acc] eval 0.125947264 s
[acc] compile 5.5642501e-2 s
[acc] eval 2.6953298e-2 s
[acc] eval 8.5844583e-2 s
[acc] compile 0.235653791 s
[acc] eval 2.3512235e-2 s
[acc] eval 0.265623061 s
[acc] compile 0.430304834 s
[acc] eval 3.5650861e-2 s
[acc] eval 0.474678009 s
[acc] compile 0.213546722 s
[acc] eval 1.9827588e-2 s
[acc] eval 1.0106497e-2 s
[acc] eval 3.320767e-3 s
[acc] eval 2.71753e-3 s
[acc] eval 7.399113e-3 s
[acc] eval 6.891052e-3 s
[acc] eval 6.941627e-3 s
[acc] eval 3.517966e-3 s
[acc] eval 2.950079e-3 s
[acc] eval 2.85037e-3 s
[acc] eval 2.604595e-3 s
[acc] eval 2.809555e-3 s
[acc] eval 2.657244e-3 s
[acc] eval 6.081774e-3 s
[acc] eval 8.818807e-3 s
[acc] eval 8.219023e-3 s
[acc] eval 8.434714e-3 s
[acc] eval 8.689004e-3 s
[acc] eval 7.567578e-3 s
[acc] eval 6.950476e-3 s
[acc] eval 0.349030633 s
[acc] compile 0.359757442 s
[acc] eval 2.979883e-2 s
[acc] eval 3.062169e-3 s
[acc] eval 3.506191e-3 s
[acc] eval 2.945361e-3 s
[acc] eval 3.344148e-3 s
[acc] eval 3.181151e-3 s
[acc] eval 3.094179e-3 s
[acc] eval 4.503914e-3 s
[acc] eval 2.955026e-3 s
[acc] eval 3.070838e-3 s
[acc] eval 3.152434e-3 s
[acc] eval 3.03483e-3 s
[acc] eval 2.977334e-3 s
[acc] eval 2.7431e-3 s
[acc] eval 2.724826e-3 s
[acc] eval 2.787248e-3 s
[acc] eval 3.110671e-3 s
[acc] eval 3.202455e-3 s
[acc] eval 3.824247e-3 s
[acc] eval 3.880092e-3 s
[acc] eval 3.922455e-3 s
[acc] eval 3.375297e-3 s
[acc] eval 3.724681e-3 s
[acc] eval 4.3839e-3 s
[acc] eval 3.665605e-3 s
[acc] eval 3.339686e-3 s
[acc] eval 3.12488e-3 s
[acc] eval 0.484756938 s
[acc] compile 0.355208728 s
[acc] eval 2.3756209e-2 s
[acc] eval 0.384740003 s
[acc] compile 5.1780241e-2 s
[acc] eval 6.422512e-3 s
[acc] eval 5.9470416e-2 s
[acc] compile 0.296574274 s
[acc] eval 2.0530878e-2 s
[acc] eval 1.2170643e-2 s
[acc] eval 0.334602392 s
[acc] compile 0.30335847 s
[acc] eval 1.0210254e-2 s
[acc] eval 3.899315e-3 s
[acc] eval 0.322795701 s
[acc] compile 0.136212064 s
[acc] eval 6.354492e-3 s
[acc] eval 3.49841e-3 s
[acc] eval 0.150559551 s
[acc] compile 1.8878847e-2 s
[acc] eval 1.4658849e-2 s
[acc] eval 4.2419512e-2 s
[acc] compile 7.0410866e-2 s
[acc] eval 1.97266e-2 s
[acc] eval 9.5814089e-2 s
[acc] compile 1.7313665e-2 s
[acc] eval 1.7889173e-2 s
[acc] eval 4.4696677e-2 s
[acc] compile 0.118800693 s
[acc] eval 2.8434273e-2 s
[acc] eval 0.150902105 s
[acc] compile 6.8473618e-2 s
[acc] eval 6.859017e-3 s
[acc] eval 4.497145e-3 s
[acc] eval 3.811664e-3 s
[acc] eval 3.155428e-3 s
[acc] eval 1.2635104e-2 s
[acc] eval 2.093571e-3 s
[acc] eval 1.937438e-3 s
[acc] eval 1.922485e-3 s
[acc] eval 1.884868e-3 s
[acc] eval 1.922197e-3 s
[acc] eval 1.894524e-3 s
[acc] eval 2.22146e-3 s
[acc] eval 2.278466e-3 s
[acc] eval 2.093296e-3 s
[acc] eval 0.121365017 s
[acc] compile 2.566063e-3 s
[acc] eval 2.674497e-3 s
[acc] eval 4.27864e-4 s
[acc] eval 4.71957e-4 s
[acc] eval 6.843622e-3 s
[acc] compile 3.624702e-3 s
[acc] eval 4.315669e-3 s
[acc] eval 3.52268e-4 s
[acc] eval 5.88979e-4 s
[acc] eval 9.819684e-3 s
[acc] compile 6.1252149e-2 s
[acc] eval 2.6266283e-2 s
[acc] eval 4.713282e-3 s
[acc] eval 8.174563e-3 s
[acc] eval 6.265516e-3 s
[acc] eval 7.635533e-3 s
[acc] eval 5.214342e-3 s
[acc] eval 4.810193e-3 s
[acc] eval 3.811532e-3 s
[acc] eval 2.96793e-3 s
[acc] eval 2.409787e-3 s
[acc] eval 2.191387e-3 s
[acc] eval 2.736864e-3 s
[acc] eval 0.144786236 s
[acc] compile 7.874102e-3 s
[acc] eval 5.874604e-3 s
[acc] eval 1.919851e-3 s
[acc] eval 2.1206e-3 s
[acc] eval 4.075608e-3 s
[acc] eval 2.817789e-3 s
[acc] eval 1.0948037e-2 s
[acc] eval 2.009214e-3 s
[acc] eval 1.343313e-3 s
[acc] eval 1.482875e-3 s
[acc] eval 1.245503e-3 s
[acc] eval 1.245123e-3 s
[acc] eval 1.366712e-3 s
[acc] eval 1.296286e-3 s
[acc] eval 1.252487e-3 s
[acc] eval 1.240655e-3 s
[acc] eval 1.910945e-3 s
[acc] eval 2.268031e-3 s
[acc] eval 1.591436e-3 s
[acc] eval 1.262101e-3 s
[acc] eval 1.220949e-3 s
[acc] eval 1.219782e-3 s
[acc] eval 1.250953e-3 s
[acc] eval 1.190778e-3 s
[acc] eval 1.163911e-3 s
[acc] eval 1.126512e-3 s
[acc] eval 2.552252e-3 s
[acc] eval 1.366863e-3 s
[acc] eval 1.382234e-3 s
[acc] eval 1.333493e-3 s
[acc] eval 1.289389e-3 s
[acc] eval 7.4446071e-2 s
[acc] compile 5.487541e-3 s
[acc] eval 1.1406485e-2 s
[acc] eval 2.050124e-3 s
[acc] eval 2.103863e-3 s
[acc] eval 6.909534e-3 s
[acc] eval 1.986199e-3 s
[acc] eval 1.904195e-3 s
[acc] eval 1.918791e-3 s
[acc] eval 1.64629e-3 s
[acc] eval 1.65727e-3 s
[acc] eval 1.440646e-3 s
[acc] eval 1.318012e-3 s
[acc] eval 1.242347e-3 s
[acc] eval 1.258947e-3 s
[acc] eval 1.737202e-3 s
[acc] eval 1.41765e-3 s
[acc] eval 1.735976e-3 s
[acc] eval 1.515651e-3 s
[acc] eval 1.394722e-3 s
[acc] eval 1.36983e-3 s
[acc] eval 1.553056e-3 s
[acc] eval 1.564971e-3 s
[acc] eval 1.54117e-3 s
[acc] eval 1.282969e-3 s
[acc] eval 1.253034e-3 s
[acc] eval 1.235035e-3 s
[acc] eval 1.569339e-3 s
[acc] eval 1.653406e-3 s
[acc] eval 1.633949e-3 s
[acc] eval 1.550151e-3 s
[acc] eval 1.285837e-3 s
[acc] eval 7.2493372e-2 s
[acc] compile 0.26580581 s
[acc] eval 2.3602351e-2 s
[acc] eval 0.298757611 s
[acc] compile 7.813542e-3 s
[acc] eval 9.197876e-3 s
[acc] eval 3.760085e-3 s
[acc] eval 3.14604e-3 s
[acc] eval 2.809196e-3 s
[acc] eval 9.347629e-3 s
[acc] eval 2.099239e-3 s
[acc] eval 1.863779e-3 s
[acc] eval 1.733332e-3 s
[acc] eval 1.774357e-3 s
[acc] eval 1.857203e-3 s
[acc] eval 1.806482e-3 s
[acc] eval 1.785184e-3 s
[acc] eval 1.768695e-3 s
[acc] eval 1.689405e-3 s
[acc] eval 1.739502e-3 s
[acc] eval 1.861797e-3 s
[acc] eval 1.674459e-3 s
[acc] eval 1.633096e-3 s
[acc] eval 1.763425e-3 s
[acc] eval 1.580538e-3 s
[acc] eval 2.512351e-3 s
[acc] eval 2.412003e-3 s
[acc] eval 1.648202e-3 s
[acc] eval 2.681122e-3 s
[acc] eval 2.634284e-3 s
[acc] eval 2.64784e-3 s
[acc] eval 2.565556e-3 s
[acc] eval 2.033441e-3 s
[acc] eval 1.679061e-3 s
[acc] eval 1.655695e-3 s
[acc] eval 1.642605e-3 s
[acc] eval 1.64146e-3 s
[acc] eval 1.774968e-3 s
[acc] eval 1.788667e-3 s
[acc] eval 1.707586e-3 s
[acc] eval 1.653497e-3 s
[acc] eval 1.63661e-3 s
[acc] eval 1.623568e-3 s
[acc] eval 1.627159e-3 s
[acc] eval 0.106235419 s
[acc] compile 6.088262e-3 s
[acc] eval 1.0958782e-2 s
[acc] eval 2.093745e-3 s
[acc] eval 5.668361e-3 s
[acc] eval 1.717945e-3 s
[acc] eval 1.661371e-3 s
[acc] eval 1.642459e-3 s
[acc] eval 1.626454e-3 s
[acc] eval 1.649564e-3 s
[acc] eval 1.700591e-3 s
[acc] eval 1.79762e-3 s
[acc] eval 1.709832e-3 s
[acc] eval 1.64165e-3 s
[acc] eval 1.715412e-3 s
[acc] eval 1.652921e-3 s
[acc] eval 1.642297e-3 s
[acc] eval 1.631755e-3 s
[acc] eval 1.608049e-3 s
[acc] eval 1.61795e-3 s
[acc] eval 1.773964e-3 s
[acc] eval 1.776763e-3 s
[acc] eval 1.686871e-3 s
[acc] eval 1.646079e-3 s
[acc] eval 1.622164e-3 s
[acc] eval 1.624421e-3 s
[acc] eval 6.3388349e-2 s
[acc] compile 4.634856e-3 s
[acc] eval 4.31254e-3 s
[acc] eval 1.545049e-3 s
[acc] eval 1.535357e-3 s
[acc] eval 1.90346e-3 s
[acc] eval 2.263096e-3 s
[acc] eval 1.632997e-3 s
[acc] eval 1.246943e-3 s
[acc] eval 1.164593e-3 s
[acc] eval 1.16787e-3 s
[acc] eval 1.143503e-3 s
[acc] eval 1.25692e-3 s
[acc] eval 1.205103e-3 s
[acc] eval 1.182961e-3 s
[acc] eval 5.907581e-3 s
[acc] eval 1.252792e-3 s
[acc] eval 1.136014e-3 s
[acc] eval 1.094884e-3 s
[acc] eval 1.057671e-3 s
[acc] eval 1.03979e-3 s
[acc] eval 4.0447007e-2 s
[acc] compile 5.4168131e-2 s
[acc] eval 1.2247379e-2 s
[acc] eval 2.913263e-3 s
[acc] eval 6.1181e-3 s
[acc] eval 2.535006e-3 s
[acc] eval 3.914322e-3 s
[acc] eval 3.625703e-3 s
[acc] eval 3.063796e-3 s
[acc] eval 2.90375e-3 s
[acc] eval 3.609005e-3 s
[acc] eval 3.860168e-3 s
[acc] eval 2.978589e-3 s
[acc] eval 2.59538e-3 s
[acc] eval 0.108863669 s
[acc] compile 1.1338228e-2 s
[acc] eval 1.0237606e-2 s
[acc] eval 6.228849e-3 s
[acc] eval 2.915549e-3 s
[acc] eval 2.507798e-3 s
[acc] eval 2.105446e-3 s
[acc] eval 2.263787e-3 s
[acc] eval 2.109507e-3 s
[acc] eval 2.150999e-3 s
[acc] eval 2.242587e-3 s
[acc] eval 2.461932e-3 s
[acc] eval 2.11009e-3 s
[acc] eval 2.036158e-3 s
[acc] eval 2.089078e-3 s
[acc] eval 1.937012e-3 s
[acc] eval 2.017307e-3 s
[acc] eval 2.059945e-3 s
[acc] eval 2.961551e-3 s
[acc] eval 2.931702e-3 s
[acc] eval 2.907876e-3 s
[acc] eval 2.631123e-3 s
[acc] eval 2.177472e-3 s
[acc] eval 2.128661e-3 s
[acc] eval 2.667654e-3 s
[acc] eval 2.336528e-3 s
[acc] eval 5.183499e-3 s
[acc] eval 2.096424e-3 s
[acc] eval 2.394959e-3 s
[acc] eval 2.530834e-3 s
[acc] eval 2.789622e-3 s
[acc] eval 2.580941e-3 s
[acc] eval 2.420902e-3 s
[acc] eval 2.573837e-3 s
[acc] eval 0.108122044 s
[acc] compile 0.331632085 s
[acc] eval 2.1554513e-2 s
[acc] eval 0.358482709 s
[acc] compile 0.139223292 s
[acc] eval 5.824316e-3 s
[acc] eval 4.328964e-3 s
[acc] eval 3.701442e-3 s
[acc] eval 1.4549256e-2 s
[acc] eval 3.568353e-3 s
[acc] eval 3.229856e-3 s
[acc] eval 2.647653e-3 s
[acc] eval 2.528815e-3 s
[acc] eval 2.327707e-3 s
[acc] eval 1.79296e-3 s
[acc] eval 1.783547e-3 s
[acc] eval 2.205426e-3 s
[acc] eval 2.114913e-3 s
[acc] eval 2.116709e-3 s
[acc] eval 1.868486e-3 s
[acc] eval 1.709686e-3 s
[acc] eval 1.69046e-3 s
[acc] eval 1.537754e-3 s
[acc] eval 1.725278e-3 s
[acc] eval 2.104507e-3 s
[acc] eval 1.628293e-3 s
[acc] eval 1.793822e-3 s
[acc] eval 1.647421e-3 s
[acc] eval 1.650188e-3 s
[acc] eval 1.597506e-3 s
[acc] eval 1.602792e-3 s
[acc] eval 1.70148e-3 s
[acc] eval 1.621922e-3 s
[acc] eval 1.516531e-3 s
[acc] eval 1.66463e-3 s
[acc] eval 1.946682e-3 s
[acc] eval 0.227982032 s
[acc] compile 6.8768115e-2 s
[acc] eval 1.9830196e-2 s
[acc] eval 9.2871687e-2 s
[acc] compile 5.24433e-4 s
[acc] eval 1.3540256e-2 s
[acc] compile 0.396333467 s
[acc] eval 2.677051e-2 s
[acc] eval 2.4670258e-2 s
[acc] eval 1.2132216e-2 s
[acc] eval 3.41581e-3 s
[acc] eval 3.256771e-3 s
[acc] eval 3.087258e-3 s
[acc] eval 3.545706e-3 s
[acc] eval 3.473516e-3 s
[acc] eval 2.976369e-3 s
[acc] eval 3.210424e-3 s
[acc] eval 3.439074e-3 s
[acc] eval 3.244728e-3 s
[acc] eval 8.600647e-3 s
[acc] eval 2.959018e-3 s
[acc] eval 4.171765e-3 s
[acc] eval 4.87264e-3 s
[acc] eval 3.135905e-3 s
[acc] eval 3.144452e-3 s
[acc] eval 4.062708e-3 s
[acc] eval 5.372869e-3 s
[acc] eval 5.022129e-3 s
[acc] eval 6.422181e-3 s
[acc] eval 1.1136861e-2 s
[acc] eval 3.392548e-3 s
[acc] eval 3.126648e-3 s
[acc] eval 3.376634e-3 s
[acc] eval 4.010548e-3 s
[acc] eval 3.231724e-3 s
[acc] eval 3.113943e-3 s
[acc] eval 3.1756e-3 s
[acc] eval 0.579728103 s
[acc] compile 0.186820687 s
[acc] eval 3.1200665e-2 s
[acc] eval 0.222763691 s
[acc] compile 0.145198011 s
[acc] eval 1.3912265e-2 s
[acc] eval 0.1622143 s
[acc] compile 8.14766e-4 s
[acc] eval 5.125417e-3 s
[acc] compile 9.577581e-3 s
[acc] eval 1.9454097e-2 s
[acc] eval 1.100753e-3 s
[acc] eval 1.120219e-3 s
[acc] eval 1.008608e-3 s
[acc] eval 8.60073e-4 s
[acc] eval 8.33115e-4 s
[acc] eval 8.12196e-4 s
[acc] eval 8.0753e-4 s
[acc] eval 7.64199e-4 s
[acc] eval 7.00545e-4 s
[acc] eval 6.55774e-4 s
[acc] eval 6.77764e-4 s
[acc] eval 4.0666132e-2 s
[acc] compile 3.786706e-3 s
[acc] eval 5.331401e-3 s
[acc] eval 1.285535e-3 s
[acc] eval 1.987876e-3 s
[acc] eval 1.215819e-3 s
[acc] eval 1.203495e-3 s
[acc] eval 1.230316e-3 s
[acc] eval 1.760785e-3 s
[acc] eval 1.671673e-3 s
[acc] eval 1.664003e-3 s
[acc] eval 1.598091e-3 s
[acc] eval 1.506932e-3 s
[acc] eval 8.646723e-3 s
[acc] eval 3.6212075e-2 s
[acc] compile 5.175722e-3 s
[acc] eval 2.3175499e-2 s
[acc] eval 3.1373018e-2 s
[acc] compile 0.114768923 s
[acc] eval 2.4836507e-2 s
[acc] eval 0.143150443 s
[acc] compile 6.250805e-3 s
[acc] eval 9.156682e-3 s
[acc] eval 2.5501682e-2 s
[acc] compile 1.3878963e-2 s
[acc] eval 3.0092241e-2 s
[acc] eval 4.7004362e-2 s
[acc] compile 5.950675e-3 s
[acc] eval 5.025022e-3 s
[acc] eval 1.3253236e-2 s
[acc] compile 0.245630571 s
[acc] eval 2.397689e-2 s
[acc] eval 0.273133903 s
[acc] compile 1.8409421e-2 s
[acc] eval 1.7529943e-2 s
[acc] eval 4.1714336e-2 s
[acc] compile 0.126402013 s
[acc] eval 2.7866383e-2 s
[acc] eval 0.158418862 s
[acc] compile 0.257516658 s
[acc] eval 1.1912626e-2 s
[acc] eval 0.274519084 s
[acc] compile 0.169698925 s
[acc] eval 2.7713005e-2 s
[acc] eval 0.202154261 s
[acc] compile 0.251392507 s
[acc] eval 2.8111573e-2 s
[acc] eval 0.284089201 s
[acc] compile 1.4445022e-2 s
[acc] eval 2.2375326e-2 s
[acc] eval 3.935257e-2 s
[acc] compile 0.262556528 s
[acc] eval 1.8221468e-2 s
[acc] eval 0.290057558 s
[acc] compile 0.187493104 s
[acc] eval 9.207134e-3 s
[acc] eval 1.7189845e-2 s
[acc] eval 4.001398e-3 s
[acc] eval 3.701356e-3 s
[acc] eval 4.830521e-3 s
[acc] eval 4.724463e-3 s
[acc] eval 4.339901e-3 s
[acc] eval 3.12207e-3 s
[acc] eval 2.249255e-3 s
[acc] eval 2.288421e-3 s
[acc] eval 2.653686e-3 s
[acc] eval 2.488089e-3 s
[acc] eval 3.193301e-3 s
[acc] eval 3.362535e-3 s
[acc] eval 2.818006e-3 s
[acc] eval 2.411944e-3 s
[acc] eval 2.105639e-3 s
[acc] eval 2.19625e-3 s
[acc] eval 2.358097e-3 s
[acc] eval 2.185059e-3 s
[acc] eval 1.996428e-3 s
[acc] eval 2.481354e-3 s
[acc] eval 3.681513e-3 s
[acc] eval 3.81644e-3 s
[acc] eval 3.383192e-3 s
[acc] eval 3.039425e-3 s
[acc] eval 3.33884e-3 s
[acc] eval 2.567354e-3 s
[acc] eval 2.002836e-3 s
[acc] eval 2.179201e-3 s
[acc] eval 2.01699e-3 s
[acc] eval 0.305938894 s
[acc] compile 7.79906e-4 s
[acc] eval 5.018303e-3 s
[acc] compile 0.331229626 s
[acc] eval 1.7973789e-2 s
[acc] eval 5.454085e-3 s
[acc] eval 1.4453654e-2 s
[acc] eval 3.578953e-3 s
[acc] eval 2.969033e-3 s
[acc] eval 3.290482e-3 s
[acc] eval 3.536282e-3 s
[acc] eval 3.695697e-3 s
[acc] eval 2.996451e-3 s
[acc] eval 2.369914e-3 s
[acc] eval 1.835432e-3 s
[acc] eval 1.64835e-3 s
[acc] eval 1.746372e-3 s
[acc] eval 2.179108e-3 s
[acc] eval 1.962366e-3 s
[acc] eval 1.667361e-3 s
[acc] eval 0.40697831 s
[acc] compile 0.204322141 s
[acc] eval 9.142439e-3 s
[acc] eval 1.1001763e-2 s
[acc] eval 6.691816e-3 s
[acc] eval 3.307129e-3 s
[acc] eval 3.457145e-3 s
[acc] eval 3.381298e-3 s
[acc] eval 3.521815e-3 s
[acc] eval 3.113643e-3 s
[acc] eval 3.117702e-3 s
[acc] eval 3.236571e-3 s
[acc] eval 3.211565e-3 s
[acc] eval 3.239295e-3 s
[acc] eval 3.162006e-3 s
[acc] eval 3.071449e-3 s
[acc] eval 3.247593e-3 s
[acc] eval 3.452014e-3 s
[acc] eval 3.337833e-3 s
[acc] eval 3.23723e-3 s
[acc] eval 3.083154e-3 s
[acc] eval 3.142536e-3 s
[acc] eval 3.247303e-3 s
[acc] eval 3.125493e-3 s
[acc] eval 3.19879e-3 s
[acc] eval 3.215125e-3 s
[acc] eval 3.14369e-3 s
[acc] eval 3.514647e-3 s
[acc] eval 3.746727e-3 s
[acc] eval 4.212266e-3 s
[acc] eval 1.142456e-2 s
[acc] eval 3.854346e-3 s
[acc] eval 0.336231163 s
[acc] compile 8.661213e-2 s
[acc] eval 8.612818e-3 s
[acc] eval 1.012221e-3 s
[acc] eval 7.67e-4 s
[acc] eval 1.115582e-3 s
[acc] eval 7.07876e-4 s
[acc] eval 9.03672e-4 s
[acc] eval 8.47674e-4 s
[acc] eval 1.57801e-3 s
[acc] eval 1.48073e-3 s
[acc] eval 1.465194e-3 s
[acc] eval 1.299763e-3 s
[acc] eval 1.574814e-3 s
[acc] eval 1.069616e-3 s
[acc] eval 1.112764e-3 s
[acc] eval 6.52092e-4 s
[acc] eval 5.701954e-3 s
[acc] eval 1.332252e-3 s
[acc] eval 1.033265e-3 s
[acc] eval 8.80913e-4 s
[acc] eval 9.46339e-4 s
[acc] eval 7.53498e-4 s
[acc] eval 7.0006e-4 s
[acc] eval 7.23527e-4 s
[acc] eval 6.9786e-4 s
[acc] eval 6.56881e-4 s
[acc] eval 7.04613e-4 s
[acc] eval 6.93385e-4 s
[acc] eval 7.53884e-4 s
[acc] eval 8.3683e-4 s
[acc] eval 7.13085e-4 s
[acc] eval 0.131821658 s
[acc] compile 4.236546e-3 s
[acc] eval 7.437094e-3 s
[acc] eval 1.3245809e-2 s
[acc] compile 0.196810884 s
[acc] eval 1.9775197e-2 s
[acc] eval 0.221433005 s
[acc] compile 7.0870733e-2 s
[acc] eval 1.6478565e-2 s
[acc] eval 9.0189082e-2 s
[acc] compile 0.27917141 s
[acc] eval 2.9311788e-2 s
[acc] eval 0.312379652 s
[acc] compile 8.076348e-3 s
[acc] eval 8.658889e-3 s
[acc] eval 2.0469651e-2 s
[acc] compile 0.205461508 s
[acc] eval 2.8056169e-2 s
[acc] eval 0.236992256 s
[acc] compile 0.112641006 s
[acc] eval 5.55157e-3 s
[acc] eval 2.751151e-3 s
[acc] eval 3.0243e-3 s
[acc] eval 2.840375e-3 s
[acc] eval 0.130223039 s
[acc] compile 0.130500456 s
[acc] eval 1.2288884e-2 s
[acc] eval 1.8718918e-2 s
[acc] eval 4.011756e-3 s
[acc] eval 2.6430329e-2 s
[acc] eval 5.043423e-3 s
[acc] eval 5.496222e-3 s
[acc] eval 0.208520244 s
[acc] compile 8.222284e-3 s
[acc] eval 3.697829e-3 s
[acc] eval 1.275116e-3 s
[acc] eval 1.175856e-3 s
[acc] eval 1.930977e-3 s
[acc] eval 1.8542729e-2 s
[acc] compile 0.140120514 s
[acc] eval 6.375955e-3 s
[acc] eval 7.839441e-3 s
[acc] eval 2.793685e-3 s
[acc] eval 2.47015e-3 s
[acc] eval 2.465897e-3 s
[acc] eval 2.351711e-3 s
[acc] eval 0.167367913 s
[acc] compile 0.200219394 s
[acc] eval 1.5280022e-2 s
[acc] eval 0.220837762 s
[acc] compile 0.148311882 s
[acc] eval 8.704064e-3 s
[acc] eval 3.754976e-3 s
[acc] eval 3.396795e-3 s
[acc] eval 3.099887e-3 s
[acc] eval 2.915325e-3 s
[acc] eval 9.140833e-3 s
[acc] eval 0.182907596 s
[acc] compile 1.3833311e-2 s
[acc] eval 1.4080379e-2 s
[acc] eval 3.368563e-3 s
[acc] eval 2.766317e-3 s
[acc] eval 6.27717e-3 s
[acc] eval 2.255874e-3 s
[acc] eval 2.038124e-3 s
[acc] eval 1.932249e-3 s
[acc] eval 4.9822697e-2 s
[acc] compile 0.117105553 s
[acc] eval 1.5826191e-2 s
[acc] eval 0.143223202 s
[acc] compile 0.297259707 s
[acc] eval 1.6342997e-2 s
[acc] eval 0.323659284 s
[acc] compile 1.0403263e-2 s
[acc] eval 1.4852388e-2 s
[acc] eval 3.0753283e-2 s
[acc] compile 1.4544493e-2 s
[acc] eval 1.4700848e-2 s
[acc] eval 3.8482651e-2 s
[acc] compile 1.255639e-2 s
[acc] eval 1.5743492e-2 s
[acc] eval 3.8193018e-2 s
[acc] compile 0.338523755 s
[acc] eval 2.2613221e-2 s
[acc] eval 0.365708535 s
[acc] compile 1.3297034e-2 s
[acc] eval 9.415347e-3 s
[acc] eval 2.8664575e-2 s
[acc] compile 1.7510186e-2 s
[acc] eval 2.0362996e-2 s
[acc] eval 4.121347e-3 s
[acc] eval 3.099205e-3 s
[acc] eval 2.788096e-3 s
[acc] eval 2.812185e-3 s
[acc] eval 3.295507e-3 s
[acc] eval 2.886302e-3 s
[acc] eval 2.383746e-3 s
[acc] eval 2.300318e-3 s
[acc] eval 2.462511e-3 s
[acc] eval 2.765405e-3 s
[acc] eval 8.954643e-3 s
[acc] eval 2.793105e-3 s
[acc] eval 2.691472e-3 s
[acc] eval 2.667112e-3 s
[acc] eval 2.755617e-3 s
[acc] eval 2.879727e-3 s
[acc] eval 2.836125e-3 s
[acc] eval 2.677347e-3 s
[acc] eval 2.386711e-3 s
[acc] eval 2.846141e-3 s
[acc] eval 2.97628e-3 s
[acc] eval 2.875138e-3 s
[acc] eval 2.846128e-3 s
[acc] eval 2.808489e-3 s
[acc] eval 2.745991e-3 s
[acc] eval 2.690228e-3 s
[acc] eval 2.604082e-3 s
[acc] eval 1.187348e-2 s
[acc] eval 3.173216e-3 s
[acc] eval 0.141300732 s
[acc] compile 1.1131142e-2 s
[acc] eval 7.861807e-3 s
[acc] eval 3.478859e-3 s
[acc] eval 3.298276e-3 s
[acc] eval 7.090963e-3 s
[acc] eval 1.5710499e-2 s
[acc] eval 2.52063e-3 s
[acc] eval 2.23691e-3 s
[acc] eval 2.174047e-3 s
[acc] eval 2.142902e-3 s
[acc] eval 2.093877e-3 s
[acc] eval 2.111583e-3 s
[acc] eval 2.147661e-3 s
[acc] eval 2.287126e-3 s
[acc] eval 2.849711e-3 s
[acc] eval 2.66707e-3 s
[acc] eval 2.728556e-3 s
[acc] eval 2.662102e-3 s
[acc] eval 2.702328e-3 s
[acc] eval 2.491318e-3 s
[acc] eval 2.548488e-3 s
[acc] eval 2.395711e-3 s
[acc] eval 2.53693e-3 s
[acc] eval 2.5158e-3 s
[acc] eval 2.620107e-3 s
[acc] eval 2.642351e-3 s
[acc] eval 2.391356e-3 s
[acc] eval 2.453201e-3 s
[acc] eval 2.434038e-3 s
[acc] eval 2.429708e-3 s
[acc] eval 2.381323e-3 s
[acc] eval 0.114749561 s
[acc] compile 0.231860005 s
[acc] eval 1.8715108e-2 s
[acc] eval 0.260715638 s
[acc] compile 0.189201572 s
[acc] eval 1.9659972e-2 s
[acc] eval 0.222310906 s
[acc] compile 0.202643122 s
[acc] eval 2.1293351e-2 s
[acc] eval 0.22766498 s
[acc] compile 5.336068e-3 s
[acc] eval 1.147043e-2 s
[acc] eval 2.472705e-3 s
[acc] eval 2.699061e-3 s
[acc] eval 2.531175e-3 s
[acc] eval 1.681451e-3 s
[acc] eval 1.774817e-3 s
[acc] eval 5.535233e-3 s
[acc] eval 1.281368e-3 s
[acc] eval 9.66098e-4 s
[acc] eval 8.59389e-4 s
[acc] eval 1.009797e-3 s
[acc] eval 8.42237e-4 s
[acc] eval 8.19636e-4 s
[acc] eval 8.62522e-4 s
[acc] eval 8.78558e-4 s
[acc] eval 8.33287e-4 s
[acc] eval 8.69333e-4 s
[acc] eval 9.03082e-4 s
[acc] eval 1.132674e-3 s
[acc] eval 1.068017e-3 s
[acc] eval 1.004543e-3 s
[acc] eval 1.019589e-3 s
[acc] eval 9.47553e-4 s
[acc] eval 8.57152e-4 s
[acc] eval 9.20169e-4 s
[acc] eval 8.18879e-4 s
[acc] eval 8.16111e-4 s
[acc] eval 8.02769e-4 s
[acc] eval 8.17582e-4 s
[acc] eval 8.06546e-4 s
[acc] eval 5.8056433e-2 s
[acc] compile 0.249309325 s
[acc] eval 3.096681e-2 s
[acc] eval 0.289400438 s
[acc] compile 0.125074149 s
[acc] eval 8.252949e-3 s
[acc] eval 3.95429e-3 s
[acc] eval 4.330148e-3 s
[acc] eval 3.893812e-3 s
[acc] eval 1.0167657e-2 s
[acc] eval 4.421269e-3 s
[acc] eval 4.639433e-3 s
[acc] eval 4.180969e-3 s
[acc] eval 3.511549e-3 s
[acc] eval 3.05217e-3 s
[acc] eval 3.215873e-3 s
[acc] eval 4.348945e-3 s
[acc] eval 3.894807e-3 s
[acc] eval 3.521834e-3 s
[acc] eval 3.526011e-3 s
[acc] eval 3.676226e-3 s
[acc] eval 3.732334e-3 s
[acc] eval 1.935137e-3 s
[acc] eval 1.665648e-3 s
[acc] eval 1.780578e-3 s
[acc] eval 2.436971e-3 s
[acc] eval 2.726687e-3 s
[acc] eval 2.192653e-3 s
[acc] eval 2.005362e-3 s
[acc] eval 1.795224e-3 s
[acc] eval 1.732472e-3 s
[acc] eval 1.723928e-3 s
[acc] eval 1.592141e-3 s
[acc] eval 1.503069e-3 s
[acc] eval 3.240809e-3 s
[acc] eval 1.70279e-3 s
[acc] eval 1.616043e-3 s
[acc] eval 1.631289e-3 s
[acc] eval 1.474305e-3 s
[acc] eval 1.428169e-3 s
[acc] eval 1.572889e-3 s
[acc] eval 1.64285e-3 s
[acc] eval 1.541533e-3 s
[acc] eval 0.246054013 s
[acc] compile 0.170995039 s
[acc] eval 1.7772948e-2 s
[acc] eval 8.974185e-3 s
[acc] eval 4.978696e-3 s
[acc] eval 4.543588e-3 s
[acc] eval 4.069859e-3 s
[acc] eval 3.50067e-3 s
[acc] eval 2.217527e-3 s
[acc] eval 2.121479e-3 s
[acc] eval 2.985378e-3 s
[acc] eval 2.072487e-3 s
[acc] eval 0.227547764 s
[acc] compile 0.315758303 s
[acc] eval 1.0334485e-2 s
[acc] eval 0.329017499 s
[acc] compile 0.344590763 s
[acc] eval 2.2308773e-2 s
[acc] eval 0.381432077 s
[acc] compile 0.375035573 s
[acc] eval 2.6075308e-2 s
[acc] eval 0.413515664 s
[acc] compile 0.384814501 s
[acc] eval 3.7538171e-2 s
[acc] eval 0.429591715 s
[acc] compile 0.148955675 s
[acc] eval 1.0621182e-2 s
[acc] eval 0.166048996 s
[acc] compile 0.136259565 s
[acc] eval 1.6974186e-2 s
[acc] eval 2.562967e-3 s
[acc] eval 2.503445e-3 s
[acc] eval 2.443105e-3 s
[acc] eval 2.475149e-3 s
[acc] eval 3.350147e-3 s
[acc] eval 2.979377e-3 s
[acc] eval 2.940058e-3 s
[acc] eval 2.707978e-3 s
[acc] eval 0.179066848 s
[acc] compile 0.214203551 s
[acc] eval 2.7249822e-2 s
[acc] eval 5.776146e-3 s
[acc] eval 8.192656e-3 s
[acc] eval 2.3633524e-2 s
[acc] eval 3.595917e-3 s
[acc] eval 3.447574e-3 s
[acc] eval 3.639902e-3 s
[acc] eval 3.679283e-3 s
[acc] eval 3.442642e-3 s
[acc] eval 3.458911e-3 s
[acc] eval 3.437958e-3 s
[acc] eval 3.709763e-3 s
[acc] eval 3.457486e-3 s
[acc] eval 4.160885e-3 s
[acc] eval 4.226655e-3 s
[acc] eval 4.555534e-3 s
[acc] eval 4.343372e-3 s
[acc] eval 4.300897e-3 s
[acc] eval 4.256137e-3 s
[acc] eval 0.342348487 s
[acc] compile 0.196369232 s
[acc] eval 1.4589982e-2 s
[acc] eval 0.215057972 s
[acc] compile 0.181682136 s
[acc] eval 1.9549403e-2 s
[acc] eval 0.204927451 s
[acc] compile 1.208911e-3 s
[acc] eval 1.7351295e-2 s
[acc] compile 1.3143427e-2 s
[acc] eval 1.850374e-2 s
[acc] eval 4.4884319e-2 s
[acc] compile 0.139794037 s
[acc] eval 8.109745e-3 s
[acc] eval 4.889553e-3 s
[acc] eval 6.235454e-3 s
[acc] eval 1.1597015e-2 s
[acc] eval 5.571406e-3 s
[acc] eval 4.82241e-3 s
[acc] eval 3.611241e-3 s
[acc] eval 3.537148e-3 s
[acc] eval 3.654013e-3 s
[acc] eval 3.431901e-3 s
[acc] eval 3.442556e-3 s
[acc] eval 3.350722e-3 s
[acc] eval 3.606613e-3 s
[acc] eval 3.502574e-3 s
[acc] eval 3.625172e-3 s
[acc] eval 3.479522e-3 s
[acc] eval 3.365367e-3 s
[acc] eval 3.388652e-3 s
[acc] eval 3.913821e-3 s
[acc] eval 5.465739e-3 s
[acc] eval 0.23876912 s
[acc] compile 7.06366e-3 s
[acc] eval 8.388458e-3 s
[acc] eval 2.655175e-3 s
[acc] eval 2.497889e-3 s
[acc] eval 2.9543777e-2 s
[acc] compile 1.3658746e-2 s
[acc] eval 2.4703358e-2 s
[acc] eval 4.4176586e-2 s
[acc] compile 0.128386964 s
[acc] eval 1.2971994e-2 s
[acc] eval 4.916725e-3 s
[acc] eval 9.869708e-3 s
[acc] eval 3.779703e-3 s
[acc] eval 4.122566e-3 s
[acc] eval 3.284718e-3 s
[acc] eval 3.05823e-3 s
[acc] eval 3.069466e-3 s
[acc] eval 3.802896e-3 s
[acc] eval 4.293329e-3 s
[acc] eval 3.391159e-3 s
[acc] eval 3.131312e-3 s
[acc] eval 0.193549415 s
[acc] compile 0.242654579 s
[acc] eval 1.5602877e-2 s
[acc] eval 0.26713333 s
[acc] compile 4.656432e-3 s
[acc] eval 3.211843e-3 s
[acc] eval 9.205739e-3 s
[acc] compile 0.123367504 s
[acc] eval 1.0602878e-2 s
[acc] eval 0.138681794 s
[acc] compile 1.2137932e-2 s
[acc] eval 4.570853e-3 s
[acc] eval 1.9036061e-2 s
[acc] compile 7.84594e-3 s
[acc] eval 1.3295051e-2 s
[acc] eval 2.9164117e-2 s
[acc] compile 6.2171548e-2 s
[acc] eval 5.492963e-3 s
[acc] eval 6.9277961e-2 s
[acc] compile 3.965347e-3 s
[acc] eval 9.9608e-3 s
[acc] eval 1.5366204e-2 s
[acc] compile 0.179697877 s
[acc] eval 2.2770594e-2 s
[acc] eval 0.213911765 s
[acc] compile 9.151636e-3 s
[acc] eval 1.465785e-2 s
[acc] eval 2.8493243e-2 s
[acc] compile 1.4024242e-2 s
[acc] eval 2.4342951e-2 s
[acc] eval 4.3119435e-2 s
[acc] compile 0.353194546 s
[acc] eval 2.3173117e-2 s
[acc] eval 3.309451e-3 s
[acc] eval 9.212803e-3 s
[acc] eval 3.288066e-3 s
[acc] eval 2.994874e-3 s
[acc] eval 3.417401e-3 s
[acc] eval 2.692091e-3 s
[acc] eval 2.468833e-3 s
[acc] eval 2.44063e-3 s
[acc] eval 2.351805e-3 s
[acc] eval 2.365687e-3 s
[acc] eval 2.316709e-3 s
[acc] eval 0.419014014 s
[acc] compile 0.129553691 s
[acc] eval 1.9614884e-2 s
[acc] eval 0.154248298 s
[acc] compile 7.447562e-3 s
[acc] eval 2.3370502e-2 s
[acc] eval 3.8756385e-2 s
[acc] compile 7.9718546e-2 s
[acc] eval 9.938454e-3 s
[acc] eval 9.3801886e-2 s
[acc] compile 0.18681245 s
[acc] eval 1.7608651e-2 s
[acc] eval 0.2161644 s
[acc] compile 3.382999e-3 s
[acc] eval 4.325678e-3 s
[acc] eval 7.00771e-4 s
[acc] eval 4.36186e-4 s
[acc] eval 9.802483e-3 s
[acc] compile 0.187642671 s
[acc] eval 1.3417499e-2 s
[acc] eval 0.208830134 s
[acc] compile 1.6269018e-2 s
[acc] eval 6.934546e-3 s
[acc] eval 2.6962274e-2 s
[acc] compile 5.9399964e-2 s
[acc] eval 1.8067153e-2 s
[acc] eval 8.053815e-2 s
[acc] compile 0.149069292 s
[acc] eval 1.4158914e-2 s
[acc] eval 0.170538823 s
[acc] compile 2.0396114e-2 s
[acc] eval 3.1599397e-2 s
[acc] eval 5.9905956e-2 s
[acc] compile 5.9903795e-2 s
[acc] eval 1.3275715e-2 s
[acc] eval 7.7803428e-2 s
[acc] compile 0.132234372 s
[acc] eval 3.3926544e-2 s
[acc] eval 3.288623e-3 s
[acc] eval 2.759867e-3 s
[acc] eval 3.005051e-3 s
[acc] eval 2.851556e-3 s
[acc] eval 2.881672e-3 s
[acc] eval 2.710475e-3 s
[acc] eval 4.99659e-3 s
[acc] eval 4.982901e-3 s
[acc] eval 2.844096e-3 s
[acc] eval 3.343185e-3 s
[acc] eval 2.689722e-3 s
[acc] eval 2.655644e-3 s
[acc] eval 2.894665e-3 s
[acc] eval 2.742768e-3 s
[acc] eval 2.78597e-3 s
[acc] eval 4.114628e-3 s
[acc] eval 4.759959e-3 s
[acc] eval 4.990571e-3 s
[acc] eval 4.75288e-3 s
[acc] eval 4.731214e-3 s
[acc] eval 4.709724e-3 s
[acc] eval 3.004276e-3 s
[acc] eval 2.643125e-3 s
[acc] eval 2.690524e-3 s
[acc] eval 2.715134e-3 s
[acc] eval 2.737891e-3 s
[acc] eval 2.588309e-3 s
[acc] eval 3.019183e-3 s
[acc] eval 2.755441e-3 s
[acc] eval 0.269996641 s
[acc] compile 8.382398e-3 s
[acc] eval 2.8618548e-2 s
[acc] eval 4.4650238e-2 s
[acc] compile 7.0000711e-2 s
[acc] eval 8.896886e-3 s
[acc] eval 8.2922763e-2 s
[acc] compile 7.8320921e-2 s
[acc] eval 7.295671e-3 s
[acc] eval 1.2662768e-2 s
[acc] eval 2.722357e-3 s
[acc] eval 2.756578e-3 s
[acc] eval 2.229649e-3 s
[acc] eval 2.319345e-3 s
[acc] eval 1.573521e-3 s
[acc] eval 1.353235e-3 s
[acc] eval 1.225823e-3 s
[acc] eval 1.263005e-3 s
[acc] eval 1.433292e-3 s
[acc] eval 1.181346e-3 s
[acc] eval 1.165686e-3 s
[acc] eval 1.116184e-3 s
[acc] eval 1.600346e-3 s
[acc] eval 1.147002e-3 s
[acc] eval 1.09163e-3 s
[acc] eval 0.125992588 s
[acc] compile 0.412908825 s
[acc] eval 1.1137436e-2 s
[acc] eval 0.435816829 s
[acc] compile 2.715537e-3 s
[acc] eval 2.329241e-3 s
[acc] eval 4.96481e-4 s
[acc] eval 5.03852e-4 s
[acc] eval 6.759464e-3 s
[acc] compile 5.722293e-3 s
[acc] eval 6.519794e-3 s
[acc] eval 2.545876e-3 s
[acc] eval 3.673275e-3 s
[acc] eval 2.981099e-3 s
[acc] eval 2.898634e-3 s
[acc] eval 9.051556e-3 s
[acc] eval 3.6795759e-2 s
[acc] compile 8.214663e-3 s
[acc] eval 1.5574367e-2 s
[acc] eval 6.6511e-3 s
[acc] eval 3.308111e-3 s
[acc] eval 2.663446e-3 s
[acc] eval 3.107412e-3 s
[acc] eval 2.821187e-3 s
[acc] eval 2.478859e-3 s
[acc] eval 2.478715e-3 s
[acc] eval 2.627444e-3 s
[acc] eval 2.39384e-3 s
[acc] eval 2.338124e-3 s
[acc] eval 2.147616e-3 s
[acc] eval 2.570937e-3 s
[acc] eval 2.598597e-3 s
[acc] eval 2.28901e-3 s
[acc] eval 2.606925e-3 s
[acc] eval 2.189838e-3 s
[acc] eval 2.178837e-3 s
[acc] eval 2.321427e-3 s
[acc] eval 2.616529e-3 s
[acc] eval 2.49414e-3 s
[acc] eval 2.095013e-3 s
[acc] eval 2.136155e-3 s
[acc] eval 2.649766e-3 s
[acc] eval 2.370716e-3 s
[acc] eval 3.000491e-3 s
[acc] eval 2.818958e-3 s
[acc] eval 2.513231e-3 s
[acc] eval 3.095806e-3 s
[acc] eval 2.545977e-3 s
[acc] eval 2.142266e-3 s
[acc] eval 0.110555352 s
[acc] compile 6.4998909e-2 s
[acc] eval 1.9572264e-2 s
[acc] eval 3.883964e-3 s
[acc] eval 2.899928e-3 s
[acc] eval 2.748104e-3 s
[acc] eval 2.645197e-3 s
[acc] eval 2.409697e-3 s
[acc] eval 3.56819e-3 s
[acc] eval 3.624618e-3 s
[acc] eval 2.527646e-3 s
[acc] eval 2.482069e-3 s
[acc] eval 2.362045e-3 s
[acc] eval 2.435018e-3 s
[acc] eval 2.465485e-3 s
[acc] eval 2.521631e-3 s
[acc] eval 2.390641e-3 s
[acc] eval 2.779349e-3 s
[acc] eval 2.739872e-3 s
[acc] eval 2.759035e-3 s
[acc] eval 2.777233e-3 s
[acc] eval 2.521244e-3 s
[acc] eval 2.758981e-3 s
[acc] eval 2.587957e-3 s
[acc] eval 2.540472e-3 s
[acc] eval 2.899087e-3 s
[acc] eval 2.395492e-3 s
[acc] eval 2.778761e-3 s
[acc] eval 2.62113e-3 s
[acc] eval 2.732862e-3 s
[acc] eval 2.83252e-3 s
[acc] eval 2.835979e-3 s
[acc] eval 0.171238361 s
