[acc] compile 1.5288851e-2 s
[acc] eval 2.010652007 s
[acc] compile 6.13039e-4 s
[acc] eval 7.1534814e-2 s
[acc] compile 5.19529e-4 s
[acc] eval 8.2007916e-2 s
[acc] compile 5.60668e-4 s
[acc] eval 0.215239243 s
[acc] compile 4.86642e-4 s
[acc] eval 0.155146324 s
[acc] compile 7.87492e-4 s
[acc] eval 0.177545691 s
[acc] compile 5.64334e-4 s
[acc] eval 0.241093269 s
[acc] compile 7.60258e-4 s
[acc] eval 0.175993236 s
[acc] compile 3.43977e-4 s
[acc] eval 7.5088695e-2 s
[acc] compile 4.417569e-3 s
[acc] eval 1.3820358e-2 s
[acc] eval 3.519331e-3 s
[acc] eval 4.625247e-3 s
[acc] eval 3.908526e-3 s
[acc] eval 3.913933e-3 s
[acc] eval 3.9959946e-2 s
[acc] eval 1.753689e-3 s
[acc] eval 1.319806e-3 s
[acc] eval 8.0156818e-2 s
[acc] compile 3.498846e-3 s
[acc] eval 3.727778e-3 s
[acc] eval 5.95181e-4 s
[acc] eval 1.596345e-3 s
[acc] eval 1.0857977e-2 s
[acc] compile 6.8293164e-2 s
[acc] eval 2.8121731e-2 s
[acc] eval 9.9934647e-2 s
[acc] compile 7.76162e-4 s
[acc] eval 1.1964782e-2 s
[acc] compile 0.17801885 s
[acc] eval 2.7050504e-2 s
[acc] eval 0.21496151 s
[acc] compile 5.28202e-3 s
[acc] eval 1.8070615e-2 s
[acc] eval 2.5684434e-2 s
[acc] compile 0.127044283 s
[acc] eval 3.6834178e-2 s
[acc] eval 0.175808033 s
[acc] compile 5.821146e-3 s
[acc] eval 1.1582915e-2 s
[acc] eval 1.9973809e-2 s
[acc] compile 0.360915969 s
[acc] eval 2.4975343e-2 s
[acc] eval 0.399008098 s
[acc] compile 0.515131904 s
[acc] eval 3.048669e-2 s
[acc] eval 0.5529828 s
[acc] compile 0.500943304 s
[acc] eval 3.9062353e-2 s
[acc] eval 0.557844874 s
[acc] compile 0.144411637 s
[acc] eval 1.3751679e-2 s
[acc] eval 0.166018974 s
[acc] compile 7.9825307e-2 s
[acc] eval 8.54226e-3 s
[acc] eval 9.2146167e-2 s
[acc] compile 0.202874467 s
[acc] eval 3.0303739e-2 s
[acc] eval 0.238671369 s
[acc] compile 0.18170276 s
[acc] eval 1.1364304e-2 s
[acc] eval 0.199814924 s
[acc] compile 0.175240682 s
[acc] eval 1.3660883e-2 s
[acc] eval 4.630742e-3 s
[acc] eval 5.175797e-3 s
[acc] eval 4.090444e-3 s
[acc] eval 3.590869e-3 s
[acc] eval 3.346039e-3 s
[acc] eval 3.402043e-3 s
[acc] eval 2.813427e-3 s
[acc] eval 3.052088e-3 s
[acc] eval 5.138697e-3 s
[acc] eval 3.703072e-3 s
[acc] eval 3.093847e-3 s
[acc] eval 3.139225e-3 s
[acc] eval 2.877437e-3 s
[acc] eval 3.591052e-3 s
[acc] eval 3.213669e-3 s
[acc] eval 2.629069e-3 s
[acc] eval 3.760993e-3 s
[acc] eval 4.221022e-3 s
[acc] eval 5.836493e-3 s
[acc] eval 5.08098e-3 s
[acc] eval 4.326179e-3 s
[acc] eval 4.238437e-3 s
[acc] eval 4.368218e-3 s
[acc] eval 3.96053e-3 s
[acc] eval 5.155945e-3 s
[acc] eval 5.421347e-3 s
[acc] eval 3.393891e-3 s
[acc] eval 0.310132913 s
[acc] compile 0.328364161 s
[acc] eval 2.7376083e-2 s
[acc] eval 0.360324482 s
[acc] compile 0.372621608 s
[acc] eval 1.522265e-2 s
[acc] eval 9.087021e-3 s
[acc] eval 7.813376e-3 s
[acc] eval 3.739771e-3 s
[acc] eval 5.078555e-3 s
[acc] eval 4.04007e-3 s
[acc] eval 3.214009e-3 s
[acc] eval 3.201961e-3 s
[acc] eval 4.252794e-3 s
[acc] eval 4.074677e-3 s
[acc] eval 5.189262e-3 s
[acc] eval 3.369491e-3 s
[acc] eval 3.426209e-3 s
[acc] eval 3.342473e-3 s
[acc] eval 3.245765e-3 s
[acc] eval 5.833931e-3 s
[acc] eval 4.925829e-3 s
[acc] eval 4.892329e-3 s
[acc] eval 5.871792e-3 s
[acc] eval 4.852296e-3 s
[acc] eval 7.405616e-3 s
[acc] eval 3.680629e-3 s
[acc] eval 3.800945e-3 s
[acc] eval 1.059266e-2 s
[acc] eval 4.775049e-3 s
[acc] eval 4.971984e-3 s
[acc] eval 5.310005e-3 s
[acc] eval 5.305097e-3 s
[acc] eval 5.072187e-3 s
[acc] eval 4.330148e-3 s
[acc] eval 3.991132e-3 s
[acc] eval 3.914752e-3 s
[acc] eval 4.596216e-3 s
[acc] eval 4.587152e-3 s
[acc] eval 5.226979e-3 s
[acc] eval 6.251251e-3 s
[acc] eval 5.118012e-3 s
[acc] eval 5.603379e-3 s
[acc] eval 1.007685e-2 s
[acc] eval 4.768374e-3 s
[acc] eval 5.167993e-3 s
[acc] eval 5.092686e-3 s
[acc] eval 5.013771e-3 s
[acc] eval 0.617145375 s
[acc] compile 0.489563678 s
[acc] eval 3.3483392e-2 s
[acc] eval 0.527187786 s
[acc] compile 9.0615267e-2 s
[acc] eval 1.0980794e-2 s
[acc] eval 0.103329523 s
[acc] compile 8.6699e-4 s
[acc] eval 3.7084263e-2 s
[acc] compile 1.65686e-2 s
[acc] eval 1.057522e-2 s
[acc] eval 3.2564727e-2 s
[acc] compile 5.7939561e-2 s
[acc] eval 9.267487e-3 s
[acc] eval 3.575259e-3 s
[acc] eval 1.001784e-2 s
[acc] eval 3.687625e-3 s
[acc] eval 4.163228e-3 s
[acc] eval 3.648961e-3 s
[acc] eval 2.761929e-3 s
[acc] eval 2.626178e-3 s
[acc] eval 2.210137e-3 s
[acc] eval 2.708296e-3 s
[acc] eval 2.687597e-3 s
[acc] eval 1.894763e-3 s
[acc] eval 2.411603e-3 s
[acc] eval 1.900477e-3 s
[acc] eval 2.303183e-3 s
[acc] eval 2.080233e-3 s
[acc] eval 0.120614911 s
[acc] compile 0.240333532 s
[acc] eval 2.1100421e-2 s
[acc] eval 0.275200749 s
[acc] compile 9.957721e-3 s
[acc] eval 8.983359e-3 s
[acc] eval 2.2591828e-2 s
[acc] compile 0.171506126 s
[acc] eval 1.0217989e-2 s
[acc] eval 0.184187963 s
[acc] compile 6.8488866e-2 s
[acc] eval 8.095395e-3 s
[acc] eval 3.631078e-3 s
[acc] eval 1.0118519e-2 s
[acc] eval 3.812125e-3 s
[acc] eval 2.891992e-3 s
[acc] eval 3.070319e-3 s
[acc] eval 2.64132e-3 s
[acc] eval 2.496597e-3 s
[acc] eval 2.480221e-3 s
[acc] eval 2.438348e-3 s
[acc] eval 2.967884e-3 s
[acc] eval 2.844146e-3 s
[acc] eval 2.747676e-3 s
[acc] eval 2.830949e-3 s
[acc] eval 0.126448847 s
[acc] compile 4.441945e-3 s
[acc] eval 8.573772e-3 s
[acc] eval 6.63738e-4 s
[acc] eval 8.0536e-4 s
[acc] eval 1.5507998e-2 s
[acc] compile 5.091913e-3 s
[acc] eval 1.6506466e-2 s
[acc] eval 2.4933544e-2 s
[acc] compile 4.403781e-3 s
[acc] eval 5.040552e-3 s
[acc] eval 1.502952e-3 s
[acc] eval 1.432588e-3 s
[acc] eval 1.598653e-3 s
[acc] eval 2.149943e-3 s
[acc] eval 1.961851e-3 s
[acc] eval 1.830754e-3 s
[acc] eval 2.018213e-3 s
[acc] eval 1.692591e-3 s
[acc] eval 2.187275e-3 s
[acc] eval 7.127607e-3 s
[acc] eval 1.296933e-3 s
[acc] eval 1.481622e-3 s
[acc] eval 1.434165e-3 s
[acc] eval 1.468863e-3 s
[acc] eval 1.59071e-3 s
[acc] eval 1.306051e-3 s
[acc] eval 1.1439e-3 s
[acc] eval 1.205267e-3 s
[acc] eval 1.121588e-3 s
[acc] eval 1.14641e-3 s
[acc] eval 1.188263e-3 s
[acc] eval 1.215357e-3 s
[acc] eval 1.21102e-3 s
[acc] eval 1.397915e-3 s
[acc] eval 1.457166e-3 s
[acc] eval 1.535776e-3 s
[acc] eval 1.571447e-3 s
[acc] eval 1.372547e-3 s
[acc] eval 1.338012e-3 s
[acc] eval 6.3787483e-2 s
[acc] compile 5.631864e-3 s
[acc] eval 1.3223499e-2 s
[acc] eval 2.2010953e-2 s
[acc] compile 0.356263161 s
[acc] eval 4.2434323e-2 s
[acc] eval 6.003022e-3 s
[acc] eval 5.664804e-3 s
[acc] eval 4.071739e-3 s
[acc] eval 4.273936e-3 s
[acc] eval 3.790144e-3 s
[acc] eval 3.441718e-3 s
[acc] eval 3.600496e-3 s
[acc] eval 4.983154e-3 s
[acc] eval 3.098473e-3 s
[acc] eval 2.832312e-3 s
[acc] eval 2.887849e-3 s
[acc] eval 2.839733e-3 s
[acc] eval 3.665901e-3 s
[acc] eval 3.551458e-3 s
[acc] eval 5.097307e-3 s
[acc] eval 1.2138435e-2 s
[acc] eval 3.053959e-3 s
[acc] eval 2.528704e-3 s
[acc] eval 3.440875e-3 s
[acc] eval 3.004323e-3 s
[acc] eval 3.412522e-3 s
[acc] eval 3.146943e-3 s
[acc] eval 2.76797e-3 s
[acc] eval 3.409694e-3 s
[acc] eval 4.327619e-3 s
[acc] eval 8.619913e-3 s
[acc] eval 3.465793e-3 s
[acc] eval 3.340381e-3 s
[acc] eval 2.829402e-3 s
[acc] eval 0.525687636 s
[acc] compile 3.804335e-3 s
[acc] eval 1.1249494e-2 s
[acc] eval 1.6223661e-2 s
[acc] compile 6.455786e-3 s
[acc] eval 1.642315e-2 s
[acc] eval 2.739994e-3 s
[acc] eval 2.796633e-3 s
[acc] eval 3.79809e-3 s
[acc] eval 2.80696e-3 s
[acc] eval 2.794892e-3 s
[acc] eval 2.396978e-3 s
[acc] eval 2.522865e-3 s
[acc] eval 3.017311e-3 s
[acc] eval 3.065471e-3 s
[acc] eval 3.176033e-3 s
[acc] eval 2.549161e-3 s
[acc] eval 2.161403e-3 s
[acc] eval 2.480499e-3 s
[acc] eval 2.384685e-3 s
[acc] eval 2.496897e-3 s
[acc] eval 2.376603e-3 s
[acc] eval 2.775822e-3 s
[acc] eval 3.229477e-3 s
[acc] eval 2.383714e-3 s
[acc] eval 7.9535549e-2 s
[acc] compile 0.160116461 s
[acc] eval 2.7708766e-2 s
[acc] eval 0.192917167 s
[acc] compile 5.474691e-3 s
[acc] eval 1.1774366e-2 s
[acc] eval 1.9439385e-2 s
[acc] compile 0.19982353 s
[acc] eval 2.8253742e-2 s
[acc] eval 0.233876082 s
[acc] compile 0.26526809 s
[acc] eval 2.8882785e-2 s
[acc] eval 0.299363551 s
[acc] compile 0.112901891 s
[acc] eval 1.1611534e-2 s
[acc] eval 4.94686e-3 s
[acc] eval 5.490656e-3 s
[acc] eval 1.2450712e-2 s
[acc] eval 5.136318e-3 s
[acc] eval 5.486344e-3 s
[acc] eval 4.997741e-3 s
[acc] eval 5.077735e-3 s
[acc] eval 4.976014e-3 s
[acc] eval 3.806116e-3 s
[acc] eval 3.711109e-3 s
[acc] eval 3.575933e-3 s
[acc] eval 3.846464e-3 s
[acc] eval 3.591764e-3 s
[acc] eval 3.956552e-3 s
[acc] eval 3.884768e-3 s
[acc] eval 4.345722e-3 s
[acc] eval 3.937297e-3 s
[acc] eval 3.403536e-3 s
[acc] eval 0.216983946 s
[acc] compile 0.165078093 s
[acc] eval 2.7007418e-2 s
[acc] eval 0.197349777 s
[acc] compile 0.224891058 s
[acc] eval 1.1348661e-2 s
[acc] eval 0.243397214 s
[acc] compile 8.1137278e-2 s
[acc] eval 1.4200447e-2 s
[acc] eval 9.878799e-2 s
[acc] compile 0.277122382 s
[acc] eval 1.2148715e-2 s
[acc] eval 0.294455928 s
[acc] compile 6.1854156e-2 s
[acc] eval 1.1014368e-2 s
[acc] eval 7.5601237e-2 s
[acc] compile 4.708252e-3 s
[acc] eval 5.981881e-3 s
[acc] eval 1.2114514e-2 s
[acc] compile 5.8409306e-2 s
[acc] eval 7.132926e-3 s
[acc] eval 2.263921e-3 s
[acc] eval 8.028758e-3 s
[acc] eval 3.052088e-3 s
[acc] eval 2.492817e-3 s
[acc] eval 2.143794e-3 s
[acc] eval 2.487233e-3 s
[acc] eval 2.987403e-3 s
[acc] eval 3.14314e-3 s
[acc] eval 3.370146e-3 s
[acc] eval 3.326145e-3 s
[acc] eval 2.98911e-3 s
[acc] eval 2.404919e-3 s
[acc] eval 2.49028e-3 s
[acc] eval 2.16886e-3 s
[acc] eval 1.974124e-3 s
[acc] eval 2.133866e-3 s
[acc] eval 2.028362e-3 s
[acc] eval 2.195069e-3 s
[acc] eval 2.326443e-3 s
[acc] eval 2.051302e-3 s
[acc] eval 2.075917e-3 s
[acc] eval 2.049683e-3 s
[acc] eval 2.039857e-3 s
[acc] eval 2.044226e-3 s
[acc] eval 2.182626e-3 s
[acc] eval 2.177962e-3 s
[acc] eval 2.356136e-3 s
[acc] eval 2.379286e-3 s
[acc] eval 2.170643e-3 s
[acc] eval 0.147101453 s
[acc] compile 0.117026769 s
[acc] eval 9.18433e-3 s
[acc] eval 0.129871139 s
[acc] compile 0.349368815 s
[acc] eval 2.8161215e-2 s
[acc] eval 0.381195626 s
[acc] compile 6.581587e-3 s
[acc] eval 5.176896e-3 s
[acc] eval 2.413562e-3 s
[acc] eval 3.020116e-3 s
[acc] eval 3.061208e-3 s
[acc] eval 2.470816e-3 s
[acc] eval 2.713427e-3 s
[acc] eval 1.3468869e-2 s
[acc] eval 3.474316e-3 s
[acc] eval 2.393799e-3 s
[acc] eval 2.439307e-3 s
[acc] eval 4.015196e-3 s
[acc] eval 2.088041e-3 s
[acc] eval 2.205636e-3 s
[acc] eval 2.355248e-3 s
[acc] eval 2.498384e-3 s
[acc] eval 2.657727e-3 s
[acc] eval 3.704737e-3 s
[acc] eval 2.93169e-3 s
[acc] eval 2.983781e-3 s
[acc] eval 2.884496e-3 s
[acc] eval 3.234159e-3 s
[acc] eval 5.680317e-3 s
[acc] eval 2.225296e-3 s
[acc] eval 1.8537e-3 s
[acc] eval 1.782722e-3 s
[acc] eval 1.79961e-3 s
[acc] eval 2.902417e-3 s
[acc] eval 3.561281e-3 s
[acc] eval 2.833832e-3 s
[acc] eval 2.535677e-3 s
[acc] eval 2.192394e-3 s
[acc] eval 2.164062e-3 s
[acc] eval 2.505077e-3 s
[acc] eval 2.083328e-3 s
[acc] eval 0.119974663 s
[acc] compile 0.170726212 s
[acc] eval 1.4503611e-2 s
[acc] eval 0.190035914 s
[acc] compile 0.2511129 s
[acc] eval 3.368307e-2 s
[acc] eval 0.289147623 s
[acc] compile 0.101647104 s
[acc] eval 9.742784e-3 s
[acc] eval 0.115061284 s
[acc] compile 6.7448673e-2 s
[acc] eval 6.795626e-3 s
[acc] eval 8.9882e-3 s
[acc] eval 3.53342e-3 s
[acc] eval 2.662891e-3 s
[acc] eval 2.530329e-3 s
[acc] eval 1.919655e-3 s
[acc] eval 2.351677e-3 s
[acc] eval 2.348691e-3 s
[acc] eval 3.12394e-3 s
[acc] eval 2.350558e-3 s
[acc] eval 2.345134e-3 s
[acc] eval 2.244219e-3 s
[acc] eval 2.371717e-3 s
[acc] eval 2.247416e-3 s
[acc] eval 2.14242e-3 s
[acc] eval 2.244276e-3 s
[acc] eval 2.191244e-3 s
[acc] eval 2.111936e-3 s
[acc] eval 2.637741e-3 s
[acc] eval 2.538841e-3 s
[acc] eval 2.575008e-3 s
[acc] eval 2.389542e-3 s
[acc] eval 2.294399e-3 s
[acc] eval 2.446288e-3 s
[acc] eval 2.810417e-3 s
[acc] eval 2.415972e-3 s
[acc] eval 2.082302e-3 s
[acc] eval 2.320948e-3 s
[acc] eval 2.039039e-3 s
[acc] eval 2.267286e-3 s
[acc] eval 0.156680786 s
[acc] compile 0.14713253 s
[acc] eval 9.680546e-3 s
[acc] eval 0.159859208 s
[acc] compile 0.550848456 s
[acc] eval 2.7454172e-2 s
[acc] eval 0.582637288 s
[acc] compile 0.329732671 s
[acc] eval 1.9402337e-2 s
[acc] eval 0.354528707 s
[acc] compile 0.175106163 s
[acc] eval 1.1958784e-2 s
[acc] eval 3.07127e-3 s
[acc] eval 2.881779e-3 s
[acc] eval 3.383278e-3 s
[acc] eval 3.695768e-3 s
[acc] eval 2.092044e-3 s
[acc] eval 1.801801e-3 s
[acc] eval 2.118789e-3 s
[acc] eval 2.017978e-3 s
[acc] eval 2.603655e-3 s
[acc] eval 2.460957e-3 s
[acc] eval 2.155982e-3 s
[acc] eval 0.218288725 s
[acc] compile 0.468245348 s
[acc] eval 1.3038377e-2 s
[acc] eval 0.486701438 s
[acc] compile 0.167782202 s
[acc] eval 7.867615e-3 s
[acc] eval 0.178512353 s
[acc] compile 0.113895962 s
[acc] eval 2.4338727e-2 s
[acc] eval 0.14110435 s
[acc] compile 9.34021e-4 s
[acc] eval 9.637724e-3 s
[acc] compile 9.822506e-3 s
[acc] eval 6.200011e-3 s
[acc] eval 1.8618421e-2 s
[acc] compile 0.104868859 s
[acc] eval 1.168011e-2 s
[acc] eval 0.119671399 s
[acc] compile 7.2896585e-2 s
[acc] eval 1.2073002e-2 s
[acc] eval 8.9117559e-2 s
[acc] compile 5.02074e-4 s
[acc] eval 1.4233844e-2 s
[acc] compile 0.240863813 s
[acc] eval 2.4873631e-2 s
[acc] eval 0.275537225 s
[acc] compile 0.523252354 s
[acc] eval 2.8093705e-2 s
[acc] eval 0.55680697 s
[acc] compile 0.225220155 s
[acc] eval 1.794033e-2 s
[acc] eval 0.252892596 s
[acc] compile 0.132497996 s
[acc] eval 9.404251e-3 s
[acc] eval 4.573991e-3 s
[acc] eval 3.587742e-3 s
[acc] eval 4.609848e-3 s
[acc] eval 3.092965e-3 s
[acc] eval 1.0238013e-2 s
[acc] eval 3.625409e-3 s
[acc] eval 2.905728e-3 s
[acc] eval 2.522381e-3 s
[acc] eval 2.018125e-3 s
[acc] eval 2.819357e-3 s
[acc] eval 2.188422e-3 s
[acc] eval 0.188308836 s
[acc] compile 6.8867201e-2 s
[acc] eval 2.5927444e-2 s
[acc] eval 5.385658e-3 s
[acc] eval 1.0545782e-2 s
[acc] eval 2.746067e-3 s
[acc] eval 2.374245e-3 s
[acc] eval 2.384948e-3 s
[acc] eval 2.134987e-3 s
[acc] eval 2.112675e-3 s
[acc] eval 1.960853e-3 s
[acc] eval 2.101394e-3 s
[acc] eval 2.109883e-3 s
[acc] eval 1.950505e-3 s
[acc] eval 2.16331e-3 s
[acc] eval 2.476258e-3 s
[acc] eval 3.235335e-3 s
[acc] eval 2.58121e-3 s
[acc] eval 2.40533e-3 s
[acc] eval 2.395509e-3 s
[acc] eval 2.586666e-3 s
[acc] eval 2.536289e-3 s
[acc] eval 3.00202e-3 s
[acc] eval 2.517187e-3 s
[acc] eval 1.842943e-3 s
[acc] eval 3.452064e-3 s
[acc] eval 2.372826e-3 s
[acc] eval 2.794818e-3 s
[acc] eval 2.815985e-3 s
[acc] eval 1.819955e-3 s
[acc] eval 1.598275e-3 s
[acc] eval 1.503524e-3 s
[acc] eval 1.520979e-3 s
[acc] eval 0.180742543 s
[acc] compile 0.121864563 s
[acc] eval 1.7330589e-2 s
[acc] eval 0.1421292 s
[acc] compile 9.165519e-3 s
[acc] eval 5.976229e-3 s
[acc] eval 1.843156e-3 s
[acc] eval 2.067785e-3 s
[acc] eval 1.782268e-3 s
[acc] eval 2.515283e-3 s
[acc] eval 2.698125e-3 s
[acc] eval 2.225027e-3 s
[acc] eval 6.961606e-3 s
[acc] eval 1.794017e-3 s
[acc] eval 1.631427e-3 s
[acc] eval 1.63828e-3 s
[acc] eval 2.066103e-3 s
[acc] eval 1.931228e-3 s
[acc] eval 1.680874e-3 s
[acc] eval 4.8984984e-2 s
[acc] compile 3.120546e-3 s
[acc] eval 5.296115e-3 s
[acc] eval 1.207671e-3 s
[acc] eval 8.82941e-4 s
[acc] eval 1.1960681e-2 s
[acc] compile 0.128089383 s
[acc] eval 2.2356181e-2 s
[acc] eval 0.154301664 s
[acc] compile 0.110277551 s
[acc] eval 6.119217e-3 s
[acc] eval 0.119702389 s
[acc] compile 5.130707e-3 s
[acc] eval 8.595431e-3 s
[acc] eval 2.2879105e-2 s
[acc] compile 0.240393181 s
[acc] eval 2.6977012e-2 s
[acc] eval 0.284379166 s
[acc] compile 0.274519123 s
[acc] eval 3.3477031e-2 s
[acc] eval 0.311519623 s
[acc] compile 0.174629262 s
[acc] eval 8.252859e-3 s
[acc] eval 3.691027e-3 s
[acc] eval 3.223738e-3 s
[acc] eval 3.169136e-3 s
[acc] eval 2.897411e-3 s
[acc] eval 6.706772e-3 s
[acc] eval 2.688102e-3 s
[acc] eval 2.900793e-3 s
[acc] eval 2.791006e-3 s
[acc] eval 2.386694e-3 s
[acc] eval 3.146415e-3 s
[acc] eval 2.665175e-3 s
[acc] eval 3.607396e-3 s
[acc] eval 3.426265e-3 s
[acc] eval 0.230052597 s
[acc] compile 5.832352e-3 s
[acc] eval 6.276785e-3 s
[acc] eval 2.9508e-3 s
[acc] eval 2.697966e-3 s
[acc] eval 2.824904e-3 s
[acc] eval 3.093033e-3 s
[acc] eval 3.202525e-3 s
[acc] eval 2.941092e-3 s
[acc] eval 7.754002e-3 s
[acc] eval 2.660241e-3 s
[acc] eval 2.559219e-3 s
[acc] eval 2.58073e-3 s
[acc] eval 2.390752e-3 s
[acc] eval 2.226174e-3 s
[acc] eval 2.264051e-3 s
[acc] eval 5.6491236e-2 s
[acc] compile 7.397718e-3 s
[acc] eval 1.0675121e-2 s
[acc] eval 2.0426086e-2 s
[acc] compile 4.453218e-3 s
[acc] eval 1.6147529e-2 s
[acc] eval 7.6509e-4 s
[acc] eval 1.092076e-3 s
[acc] eval 2.3663515e-2 s
[acc] compile 6.807053e-3 s
[acc] eval 1.1446397e-2 s
[acc] eval 1.627099e-3 s
[acc] eval 1.586588e-3 s
[acc] eval 1.529222e-3 s
[acc] eval 1.537858e-3 s
[acc] eval 1.775765e-3 s
[acc] eval 1.592452e-3 s
[acc] eval 1.560455e-3 s
[acc] eval 7.377219e-3 s
[acc] eval 1.180816e-3 s
[acc] eval 9.94864e-4 s
[acc] eval 1.096506e-3 s
[acc] eval 1.163402e-3 s
[acc] eval 9.89885e-4 s
[acc] eval 1.011454e-3 s
[acc] eval 1.194873e-3 s
[acc] eval 1.137363e-3 s
[acc] eval 1.070808e-3 s
[acc] eval 1.078466e-3 s
[acc] eval 1.126396e-3 s
[acc] eval 1.225404e-3 s
[acc] eval 1.248409e-3 s
[acc] eval 1.143067e-3 s
[acc] eval 1.05697e-3 s
[acc] eval 9.57367e-4 s
[acc] eval 9.4238e-4 s
[acc] eval 9.53577e-4 s
[acc] eval 9.00072e-4 s
[acc] eval 1.045535e-3 s
[acc] eval 9.37263e-4 s
[acc] eval 6.2929174e-2 s
[acc] compile 0.161058484 s
[acc] eval 2.0849627e-2 s
[acc] eval 0.190065452 s
[acc] compile 6.1578094e-2 s
[acc] eval 1.2749588e-2 s
[acc] eval 3.470884e-3 s
[acc] eval 9.981589e-3 s
[acc] eval 4.211288e-3 s
[acc] eval 4.031993e-3 s
[acc] eval 4.082778e-3 s
[acc] eval 3.992035e-3 s
[acc] eval 3.994951e-3 s
[acc] eval 4.409386e-3 s
[acc] eval 3.950326e-3 s
[acc] eval 3.407388e-3 s
[acc] eval 3.074859e-3 s
[acc] eval 3.018912e-3 s
[acc] eval 4.411604e-3 s
[acc] eval 6.431247e-3 s
[acc] eval 3.243421e-3 s
[acc] eval 2.754159e-3 s
[acc] eval 3.096022e-3 s
[acc] eval 3.083336e-3 s
[acc] eval 3.113711e-3 s
[acc] eval 3.82405e-3 s
[acc] eval 3.550412e-3 s
[acc] eval 2.589688e-3 s
[acc] eval 2.594943e-3 s
[acc] eval 3.669387e-3 s
[acc] eval 3.164631e-3 s
[acc] eval 2.97834e-3 s
[acc] eval 3.263173e-3 s
[acc] eval 3.28466e-3 s
[acc] eval 4.768239e-3 s
[acc] eval 0.193937875 s
[acc] compile 5.837871e-2 s
[acc] eval 1.805631e-2 s
[acc] eval 8.6373683e-2 s
[acc] compile 9.1125313e-2 s
[acc] eval 8.571251e-3 s
[acc] eval 3.406457e-3 s
[acc] eval 2.202557e-3 s
[acc] eval 0.107830332 s
[acc] compile 8.9423595e-2 s
[acc] eval 2.1615852e-2 s
[acc] eval 3.101809e-3 s
[acc] eval 3.007384e-3 s
[acc] eval 0.120827235 s
[acc] compile 6.693261e-3 s
[acc] eval 1.2033211e-2 s
[acc] eval 3.335953e-3 s
[acc] eval 2.980328e-3 s
[acc] eval 3.860469e-3 s
[acc] eval 1.3694369e-2 s
[acc] eval 2.626369e-3 s
[acc] eval 2.472726e-3 s
[acc] eval 2.266886e-3 s
[acc] eval 2.317072e-3 s
[acc] eval 2.216704e-3 s
[acc] eval 1.798285e-3 s
[acc] eval 1.833749e-3 s
[acc] eval 1.947644e-3 s
[acc] eval 1.875854e-3 s
[acc] eval 2.440303e-3 s
[acc] eval 2.345099e-3 s
[acc] eval 7.0298797e-2 s
[acc] compile 9.82208e-2 s
[acc] eval 1.3558181e-2 s
[acc] eval 2.984865e-3 s
[acc] eval 7.056086e-3 s
[acc] eval 2.689516e-3 s
[acc] eval 2.935944e-3 s
[acc] eval 2.739466e-3 s
[acc] eval 2.82318e-3 s
[acc] eval 2.553678e-3 s
[acc] eval 2.473101e-3 s
[acc] eval 3.643541e-3 s
[acc] eval 3.332944e-3 s
[acc] eval 2.934542e-3 s
[acc] eval 2.499066e-3 s
[acc] eval 2.203008e-3 s
[acc] eval 2.472329e-3 s
[acc] eval 3.282728e-3 s
[acc] eval 2.59253e-3 s
[acc] eval 2.717524e-3 s
[acc] eval 2.931285e-3 s
[acc] eval 2.979823e-3 s
[acc] eval 2.65942e-3 s
[acc] eval 2.936212e-3 s
[acc] eval 1.970355e-3 s
[acc] eval 2.261208e-3 s
[acc] eval 2.058848e-3 s
[acc] eval 1.97531e-3 s
[acc] eval 2.196515e-3 s
[acc] eval 1.910199e-3 s
[acc] eval 2.066094e-3 s
[acc] eval 2.054103e-3 s
[acc] eval 0.197198135 s
[acc] compile 0.224923248 s
[acc] eval 3.5053665e-2 s
[acc] eval 0.264805586 s
[acc] compile 1.080049e-2 s
[acc] eval 8.236137e-3 s
[acc] eval 2.1255013e-2 s
[acc] compile 0.123996462 s
[acc] eval 1.2193848e-2 s
[acc] eval 0.138275524 s
[acc] compile 6.8463275e-2 s
[acc] eval 1.6882559e-2 s
[acc] eval 7.855968e-3 s
[acc] eval 1.728389e-3 s
[acc] eval 1.846918e-3 s
[acc] eval 9.8808432e-2 s
[acc] compile 0.103682222 s
[acc] eval 1.6059634e-2 s
[acc] eval 0.124692127 s
[acc] compile 0.157658303 s
[acc] eval 1.5245229e-2 s
[acc] eval 3.91353e-3 s
[acc] eval 3.123709e-3 s
[acc] eval 3.586334e-3 s
[acc] eval 3.640206e-3 s
[acc] eval 4.112797e-3 s
[acc] eval 4.757994e-3 s
[acc] eval 3.319594e-3 s
[acc] eval 3.209196e-3 s
[acc] eval 4.21104e-3 s
[acc] eval 3.515733e-3 s
[acc] eval 2.958269e-3 s
[acc] eval 0.217725094 s
[acc] compile 2.625009e-3 s
[acc] eval 3.825769e-3 s
[acc] eval 7.23271e-4 s
[acc] eval 1.027191e-3 s
[acc] eval 9.291731e-3 s
[acc] compile 3.227258e-3 s
[acc] eval 4.261936e-3 s
[acc] eval 1.098814e-3 s
[acc] eval 7.99664e-4 s
[acc] eval 1.0905611e-2 s
[acc] compile 3.438954e-3 s
[acc] eval 6.551237e-3 s
[acc] eval 1.161328e-2 s
[acc] compile 0.386823849 s
[acc] eval 2.9347983e-2 s
[acc] eval 0.419742167 s
[acc] compile 3.526842e-3 s
[acc] eval 4.550876e-3 s
[acc] eval 1.504231e-3 s
[acc] eval 9.112e-4 s
[acc] eval 1.111932e-3 s
[acc] eval 8.81127e-4 s
[acc] eval 9.81498e-4 s
[acc] eval 1.011325e-3 s
[acc] eval 1.184549e-3 s
[acc] eval 1.920833e-3 s
[acc] eval 1.843176e-3 s
[acc] eval 1.222273e-3 s
[acc] eval 1.143172e-3 s
[acc] eval 8.2402e-4 s
[acc] eval 9.39111e-4 s
[acc] eval 8.53659e-4 s
[acc] eval 1.057078e-3 s
[acc] eval 9.68716e-4 s
[acc] eval 8.28202e-4 s
[acc] eval 9.15304e-4 s
[acc] eval 7.37979e-4 s
[acc] eval 9.06759e-4 s
[acc] eval 1.249371e-3 s
[acc] eval 2.107607e-3 s
[acc] eval 1.633612e-3 s
[acc] eval 1.36456e-3 s
[acc] eval 1.551353e-3 s
[acc] eval 1.438247e-3 s
[acc] eval 1.490061e-3 s
[acc] eval 1.480664e-3 s
[acc] eval 1.323524e-3 s
[acc] eval 4.9042356e-2 s
[acc] compile 7.063663e-3 s
[acc] eval 4.40098e-3 s
[acc] eval 8.432128e-3 s
[acc] eval 2.206014e-3 s
[acc] eval 2.2538e-3 s
[acc] eval 3.309839e-3 s
[acc] eval 3.381825e-3 s
[acc] eval 1.672238e-3 s
[acc] eval 1.769636e-3 s
[acc] eval 1.660476e-3 s
[acc] eval 1.651514e-3 s
[acc] eval 1.26647e-3 s
[acc] eval 1.560069e-3 s
[acc] eval 2.355959e-3 s
[acc] eval 1.861445e-3 s
[acc] eval 2.219119e-3 s
[acc] eval 1.975891e-3 s
[acc] eval 1.686859e-3 s
[acc] eval 2.186955e-3 s
[acc] eval 1.39544e-3 s
[acc] eval 1.868807e-3 s
[acc] eval 1.742303e-3 s
[acc] eval 1.630804e-3 s
[acc] eval 1.565382e-3 s
[acc] eval 1.616904e-3 s
[acc] eval 1.716483e-3 s
[acc] eval 1.821207e-3 s
[acc] eval 1.670359e-3 s
[acc] eval 1.749786e-3 s
[acc] eval 1.865708e-3 s
[acc] eval 1.799964e-3 s
[acc] eval 7.9545753e-2 s
[acc] compile 8.38083e-4 s
[acc] eval 7.779305e-3 s
[acc] compile 6.87374e-4 s
[acc] eval 7.199321e-3 s
[acc] compile 7.96352e-4 s
[acc] eval 1.1252293e-2 s
[acc] compile 1.019116e-3 s
[acc] eval 2.8570933e-2 s
[acc] compile 5.123112e-3 s
[acc] eval 5.413246e-3 s
[acc] eval 1.294925e-3 s
[acc] eval 1.233724e-3 s
[acc] eval 1.4601138e-2 s
[acc] compile 4.52796e-3 s
[acc] eval 1.0571188e-2 s
[acc] eval 1.7439096e-2 s
[acc] compile 4.4793177e-2 s
[acc] eval 5.93343e-3 s
[acc] eval 5.4049042e-2 s
[acc] compile 3.421031e-3 s
[acc] eval 6.763296e-3 s
[acc] eval 1.177809e-3 s
[acc] eval 1.44717e-3 s
[acc] eval 1.4978525e-2 s
[acc] compile 0.127272142 s
[acc] eval 1.0814588e-2 s
[acc] eval 0.141198662 s
[acc] compile 5.672488e-3 s
[acc] eval 1.0648703e-2 s
[acc] eval 1.836775e-3 s
[acc] eval 1.958683e-3 s
[acc] eval 2.19698e-3 s
[acc] eval 2.576319e-3 s
[acc] eval 2.8551562e-2 s
[acc] compile 6.8194826e-2 s
[acc] eval 1.1117214e-2 s
[acc] eval 8.4232705e-2 s
[acc] compile 0.128931303 s
[acc] eval 1.0204195e-2 s
[acc] eval 0.15552933 s
[acc] compile 7.12133e-4 s
[acc] eval 2.3098713e-2 s
[acc] compile 0.108891881 s
[acc] eval 4.5980566e-2 s
[acc] eval 0.159439238 s
[acc] compile 6.0573241e-2 s
[acc] eval 1.0989717e-2 s
[acc] eval 7.4344088e-2 s
[acc] compile 5.625812e-3 s
[acc] eval 5.869968e-3 s
[acc] eval 2.224215e-3 s
[acc] eval 2.274648e-3 s
[acc] eval 1.75741e-3 s
[acc] eval 1.530745e-3 s
[acc] eval 1.528061e-3 s
[acc] eval 1.540043e-3 s
[acc] eval 7.583395e-3 s
[acc] eval 1.334523e-3 s
[acc] eval 1.229757e-3 s
[acc] eval 1.247619e-3 s
[acc] eval 1.153828e-3 s
[acc] eval 1.432035e-3 s
[acc] eval 1.165836e-3 s
[acc] eval 1.430655e-3 s
[acc] eval 1.659864e-3 s
[acc] eval 1.937881e-3 s
[acc] eval 1.689075e-3 s
[acc] eval 1.5557e-3 s
[acc] eval 1.202201e-3 s
[acc] eval 1.194469e-3 s
[acc] eval 1.319625e-3 s
[acc] eval 1.242828e-3 s
[acc] eval 1.32361e-3 s
[acc] eval 1.266428e-3 s
[acc] eval 1.54387e-3 s
[acc] eval 1.404213e-3 s
[acc] eval 1.440457e-3 s
[acc] eval 1.244722e-3 s
[acc] eval 1.22206e-3 s
[acc] eval 6.454089e-2 s
[acc] compile 8.47503e-3 s
[acc] eval 8.094808e-3 s
[acc] eval 2.0395981e-2 s
[acc] compile 4.5212748e-2 s
[acc] eval 1.768597e-2 s
[acc] eval 7.0743974e-2 s
[acc] compile 5.07314e-4 s
[acc] eval 5.021657e-3 s
[acc] compile 7.5962715e-2 s
[acc] eval 1.1284861e-2 s
[acc] eval 9.3647787e-2 s
[acc] compile 0.251754338 s
[acc] eval 2.4397702e-2 s
[acc] eval 0.279752425 s
[acc] compile 5.2473286e-2 s
[acc] eval 7.609308e-3 s
[acc] eval 2.497799e-3 s
[acc] eval 2.707186e-3 s
[acc] eval 6.7871243e-2 s
[acc] compile 4.62066e-3 s
[acc] eval 6.701868e-3 s
[acc] eval 3.066583e-3 s
[acc] eval 2.282377e-3 s
[acc] eval 1.730949e-3 s
[acc] eval 1.449746e-3 s
[acc] eval 2.037784e-3 s
[acc] eval 2.086741e-3 s
[acc] eval 2.843551e-3 s
[acc] eval 2.092139e-3 s
[acc] eval 1.835009e-3 s
[acc] eval 1.724426e-3 s
[acc] eval 1.555797e-3 s
[acc] eval 1.688742e-3 s
[acc] eval 1.159383e-3 s
[acc] eval 1.271308e-3 s
[acc] eval 1.338309e-3 s
[acc] eval 1.170351e-3 s
[acc] eval 1.005385e-3 s
[acc] eval 7.73443e-3 s
[acc] eval 1.046802e-3 s
[acc] eval 1.075325e-3 s
[acc] eval 1.127266e-3 s
[acc] eval 2.178835e-3 s
[acc] eval 1.641379e-3 s
[acc] eval 1.344354e-3 s
[acc] eval 9.4361e-4 s
[acc] eval 8.98199e-4 s
[acc] eval 9.26584e-4 s
[acc] eval 9.08763e-4 s
[acc] eval 9.13986e-4 s
[acc] eval 6.6605578e-2 s
[acc] compile 7.819866e-2 s
[acc] eval 2.2859552e-2 s
[acc] eval 0.10419416 s
[acc] compile 0.108843489 s
[acc] eval 3.9519825e-2 s
[acc] eval 0.155850114 s
[acc] compile 7.5185382e-2 s
[acc] eval 1.6469445e-2 s
[acc] eval 9.595941e-2 s
[acc] compile 4.989648e-3 s
[acc] eval 6.995831e-3 s
[acc] eval 3.265327e-3 s
[acc] eval 2.934077e-3 s
[acc] eval 2.9560561e-2 s
[acc] compile 4.750657e-3 s
[acc] eval 1.0133941e-2 s
[acc] eval 1.78743e-3 s
[acc] eval 1.889407e-3 s
[acc] eval 1.932222e-3 s
[acc] eval 1.958028e-3 s
[acc] eval 1.968889e-3 s
[acc] eval 3.432701e-3 s
[acc] eval 9.931327e-3 s
[acc] eval 1.692434e-3 s
[acc] eval 1.681414e-3 s
[acc] eval 2.172781e-3 s
[acc] eval 1.5941e-3 s
[acc] eval 1.564516e-3 s
[acc] eval 1.846911e-3 s
[acc] eval 1.559665e-3 s
[acc] eval 1.648927e-3 s
[acc] eval 1.39894e-3 s
[acc] eval 1.623815e-3 s
[acc] eval 1.658916e-3 s
[acc] eval 1.565653e-3 s
[acc] eval 1.454434e-3 s
[acc] eval 1.539741e-3 s
[acc] eval 1.452173e-3 s
[acc] eval 1.37337e-3 s
[acc] eval 1.417876e-3 s
[acc] eval 1.405963e-3 s
[acc] eval 1.417828e-3 s
[acc] eval 1.489352e-3 s
[acc] eval 1.88345e-3 s
[acc] eval 2.008929e-3 s
[acc] eval 7.7621174e-2 s
[acc] compile 4.027507e-3 s
[acc] eval 1.0029644e-2 s
[acc] eval 1.860892e-3 s
[acc] eval 1.707716e-3 s
[acc] eval 2.430008e-3 s
[acc] eval 6.315585e-3 s
[acc] eval 2.8633107e-2 s
[acc] compile 0.116114437 s
[acc] eval 1.8497932e-2 s
[acc] eval 0.137312422 s
[acc] compile 7.113998e-3 s
[acc] eval 1.3303912e-2 s
[acc] eval 1.403226e-3 s
[acc] eval 1.580684e-3 s
[acc] eval 1.862016e-3 s
[acc] eval 2.726193e-3 s
[acc] eval 1.800897e-3 s
[acc] eval 1.638755e-3 s
[acc] eval 1.869937e-3 s
[acc] eval 1.583886e-3 s
[acc] eval 1.564569e-3 s
[acc] eval 1.537398e-3 s
[acc] eval 1.485582e-3 s
[acc] eval 1.261708e-3 s
[acc] eval 1.205066e-3 s
[acc] eval 1.305416e-3 s
[acc] eval 1.235126e-3 s
[acc] eval 1.23602e-3 s
[acc] eval 1.281485e-3 s
[acc] eval 1.262834e-3 s
[acc] eval 1.452697e-3 s
[acc] eval 1.481582e-3 s
[acc] eval 1.480203e-3 s
[acc] eval 1.80771e-3 s
[acc] eval 1.346504e-3 s
[acc] eval 1.33606e-3 s
[acc] eval 1.25469e-3 s
[acc] eval 1.261924e-3 s
[acc] eval 1.237476e-3 s
[acc] eval 1.278573e-3 s
[acc] eval 1.292778e-3 s
[acc] eval 1.304021e-3 s
[acc] eval 6.8991279e-2 s
[acc] compile 6.0516324e-2 s
[acc] eval 1.1121564e-2 s
[acc] eval 7.4555938e-2 s
[acc] compile 4.361303e-3 s
[acc] eval 7.432295e-3 s
[acc] eval 1.3257482e-2 s
[acc] compile 6.4891133e-2 s
[acc] eval 6.350733e-3 s
[acc] eval 7.738519e-3 s
[acc] eval 2.104591e-3 s
[acc] eval 1.852116e-3 s
[acc] eval 1.878863e-3 s
[acc] eval 2.099669e-3 s
[acc] eval 2.342982e-3 s
[acc] eval 2.436209e-3 s
[acc] eval 3.202828e-3 s
[acc] eval 1.812431e-3 s
[acc] eval 1.236342e-3 s
[acc] eval 1.240058e-3 s
[acc] eval 1.140924e-3 s
[acc] eval 9.95919e-4 s
[acc] eval 1.28094e-3 s
[acc] eval 1.546566e-3 s
[acc] eval 0.107516461 s
[acc] compile 5.14031e-2 s
[acc] eval 7.366445e-3 s
[acc] eval 6.156072e-2 s
[acc] compile 7.303491e-3 s
[acc] eval 1.0465017e-2 s
[acc] eval 8.883186e-3 s
[acc] eval 3.7759533e-2 s
[acc] compile 0.18176274 s
[acc] eval 2.9769004e-2 s
[acc] eval 4.087659e-3 s
[acc] eval 2.843233e-3 s
[acc] eval 2.681815e-3 s
[acc] eval 2.038649e-3 s
[acc] eval 1.684634e-3 s
[acc] eval 1.627528e-3 s
[acc] eval 1.547946e-3 s
[acc] eval 1.356156e-3 s
[acc] eval 1.35777e-3 s
[acc] eval 1.335102e-3 s
[acc] eval 1.369056e-3 s
[acc] eval 1.410929e-3 s
[acc] eval 1.634177e-3 s
[acc] eval 0.241167729 s
[acc] compile 4.90202e-3 s
[acc] eval 6.80478e-3 s
[acc] eval 3.472815e-3 s
[acc] eval 2.87274e-3 s
[acc] eval 3.062638e-3 s
[acc] eval 2.270002e-3 s
[acc] eval 2.262288e-3 s
[acc] eval 9.770876e-3 s
[acc] eval 1.751639e-3 s
[acc] eval 1.667996e-3 s
[acc] eval 1.548314e-3 s
[acc] eval 1.61852e-3 s
[acc] eval 1.85541e-3 s
[acc] eval 1.808934e-3 s
[acc] eval 1.690923e-3 s
[acc] eval 1.597532e-3 s
[acc] eval 1.522808e-3 s
[acc] eval 1.503655e-3 s
[acc] eval 1.513245e-3 s
[acc] eval 1.479201e-3 s
[acc] eval 1.446544e-3 s
[acc] eval 2.234402e-3 s
[acc] eval 3.417336e-3 s
[acc] eval 2.480092e-3 s
[acc] eval 2.488087e-3 s
[acc] eval 2.437384e-3 s
[acc] eval 2.837328e-3 s
[acc] eval 2.217701e-3 s
[acc] eval 2.182077e-3 s
[acc] eval 2.143141e-3 s
[acc] eval 1.855866e-3 s
[acc] eval 8.5264939e-2 s
[acc] compile 0.276599603 s
[acc] eval 3.6459183e-2 s
[acc] eval 1.2268695e-2 s
[acc] eval 3.259438e-3 s
[acc] eval 3.146482e-3 s
[acc] eval 5.046521e-3 s
[acc] eval 2.929742e-3 s
[acc] eval 2.770695e-3 s
[acc] eval 2.746435e-3 s
[acc] eval 2.707656e-3 s
[acc] eval 2.809501e-3 s
[acc] eval 2.788266e-3 s
[acc] eval 2.888176e-3 s
[acc] eval 2.882635e-3 s
[acc] eval 3.865976e-3 s
[acc] eval 3.212969e-3 s
[acc] eval 3.013763e-3 s
[acc] eval 2.697477e-3 s
[acc] eval 2.777651e-3 s
[acc] eval 3.413147e-3 s
[acc] eval 3.050203e-3 s
[acc] eval 2.945991e-3 s
[acc] eval 2.894695e-3 s
[acc] eval 2.913279e-3 s
[acc] eval 3.731703e-3 s
[acc] eval 3.236375e-3 s
[acc] eval 3.011395e-3 s
[acc] eval 2.813829e-3 s
[acc] eval 3.244572e-3 s
[acc] eval 3.699925e-3 s
[acc] eval 3.213234e-3 s
[acc] eval 2.919296e-3 s
[acc] eval 2.770114e-3 s
[acc] eval 0.428121401 s
[acc] compile 0.102182585 s
[acc] eval 1.0966619e-2 s
[acc] eval 0.120681487 s
[acc] compile 9.66579e-4 s
[acc] eval 7.221328e-3 s
[acc] compile 0.242926424 s
[acc] eval 8.760429e-3 s
[acc] eval 1.761817e-3 s
[acc] eval 1.728487e-3 s
[acc] eval 8.071606e-3 s
[acc] eval 1.695494e-3 s
[acc] eval 1.440589e-3 s
[acc] eval 1.361038e-3 s
[acc] eval 1.530647e-3 s
[acc] eval 1.388465e-3 s
[acc] eval 1.360935e-3 s
[acc] eval 1.445607e-3 s
[acc] eval 1.611757e-3 s
[acc] eval 1.717876e-3 s
[acc] eval 1.325492e-3 s
[acc] eval 1.406999e-3 s
[acc] eval 1.353997e-3 s
[acc] eval 1.451648e-3 s
[acc] eval 1.243432e-3 s
[acc] eval 1.299524e-3 s
[acc] eval 1.318867e-3 s
[acc] eval 1.303957e-3 s
[acc] eval 1.422513e-3 s
[acc] eval 1.864732e-3 s
[acc] eval 1.83009e-3 s
[acc] eval 1.44303e-3 s
[acc] eval 0.297518275 s
[acc] compile 0.428352541 s
[acc] eval 3.5150212e-2 s
[acc] eval 2.580507e-3 s
[acc] eval 2.500206e-3 s
[acc] eval 2.361755e-3 s
[acc] eval 2.446307e-3 s
[acc] eval 3.662105e-3 s
[acc] eval 3.578876e-3 s
[acc] eval 3.48788e-3 s
[acc] eval 3.416067e-3 s
[acc] eval 3.254928e-3 s
[acc] eval 3.082869e-3 s
[acc] eval 3.167702e-3 s
[acc] eval 3.253449e-3 s
[acc] eval 3.621082e-3 s
[acc] eval 3.328383e-3 s
[acc] eval 3.196437e-3 s
[acc] eval 3.286097e-3 s
[acc] eval 4.372281e-3 s
[acc] eval 4.388768e-3 s
[acc] eval 3.963986e-3 s
[acc] eval 3.993213e-3 s
[acc] eval 4.24589e-3 s
[acc] eval 4.290169e-3 s
[acc] eval 4.215512e-3 s
[acc] eval 3.651854e-3 s
[acc] eval 4.339142e-3 s
[acc] eval 3.395298e-3 s
[acc] eval 3.670411e-3 s
[acc] eval 3.444323e-3 s
[acc] eval 4.27551e-3 s
[acc] eval 0.574980827 s
[acc] compile 5.9319991e-2 s
[acc] eval 2.7390763e-2 s
[acc] eval 9.0380382e-2 s
[acc] compile 8.444061e-3 s
[acc] eval 2.0103909e-2 s
[acc] eval 3.3424099e-2 s
[acc] compile 4.577213e-3 s
[acc] eval 6.312576e-3 s
[acc] eval 1.639982e-3 s
[acc] eval 1.386096e-3 s
[acc] eval 1.597135e-2 s
[acc] compile 8.8078709e-2 s
[acc] eval 1.8814254e-2 s
[acc] eval 3.689031e-3 s
[acc] eval 1.1606024e-2 s
[acc] eval 2.752956e-3 s
[acc] eval 2.752262e-3 s
[acc] eval 3.106096e-3 s
[acc] eval 2.878638e-3 s
[acc] eval 3.084432e-3 s
[acc] eval 4.083377e-3 s
[acc] eval 2.963106e-3 s
[acc] eval 2.783536e-3 s
[acc] eval 2.963766e-3 s
[acc] eval 2.981743e-3 s
[acc] eval 2.804022e-3 s
[acc] eval 2.921618e-3 s
[acc] eval 2.583152e-3 s
[acc] eval 2.572035e-3 s
[acc] eval 2.501265e-3 s
[acc] eval 2.876734e-3 s
[acc] eval 2.915031e-3 s
[acc] eval 2.785219e-3 s
[acc] eval 2.824198e-3 s
[acc] eval 2.665924e-3 s
[acc] eval 2.618231e-3 s
[acc] eval 3.368311e-3 s
[acc] eval 3.159125e-3 s
[acc] eval 2.942863e-3 s
[acc] eval 2.976421e-3 s
[acc] eval 2.953234e-3 s
[acc] eval 2.692488e-3 s
[acc] eval 0.206727361 s
[acc] compile 0.181721796 s
[acc] eval 1.8399151e-2 s
[acc] eval 0.204372876 s
[acc] compile 0.350370411 s
[acc] eval 1.6601294e-2 s
[acc] eval 0.372547319 s
[acc] compile 6.5897639e-2 s
[acc] eval 2.3233104e-2 s
[acc] eval 9.9121682e-2 s
[acc] compile 8.90667e-4 s
[acc] eval 9.938651e-3 s
[acc] compile 0.137738338 s
[acc] eval 6.163574e-3 s
[acc] eval 6.81975e-3 s
[acc] eval 3.514495e-3 s
[acc] eval 2.943631e-3 s
[acc] eval 2.377375e-3 s
[acc] eval 2.522414e-3 s
[acc] eval 3.674773e-3 s
[acc] eval 6.485869e-3 s
[acc] eval 8.000774e-3 s
[acc] eval 5.04002e-3 s
[acc] eval 2.585881e-3 s
[acc] eval 2.354887e-3 s
[acc] eval 2.151023e-3 s
[acc] eval 1.836277e-3 s
[acc] eval 2.012419e-3 s
[acc] eval 3.900706e-3 s
[acc] eval 1.3127085e-2 s
[acc] eval 1.1004048e-2 s
[acc] eval 1.2850162e-2 s
[acc] eval 2.920611e-3 s
[acc] eval 2.384641e-3 s
[acc] eval 5.859473e-3 s
[acc] eval 2.355942e-3 s
[acc] eval 2.132068e-3 s
[acc] eval 2.185369e-3 s
[acc] eval 1.0542406e-2 s
[acc] eval 4.757376e-3 s
[acc] eval 1.0352673e-2 s
[acc] eval 5.914894e-3 s
[acc] eval 6.934656e-3 s
[acc] eval 0.304648044 s
[acc] compile 1.6610936e-2 s
[acc] eval 2.6495701e-2 s
[acc] eval 5.3685152e-2 s
[acc] compile 1.4721211e-2 s
[acc] eval 8.715114e-3 s
[acc] eval 2.7846801e-2 s
[acc] compile 8.730041e-3 s
[acc] eval 4.219314e-3 s
[acc] eval 6.26284e-4 s
[acc] eval 7.80309e-4 s
[acc] eval 1.5395623e-2 s
[acc] compile 8.051515e-3 s
[acc] eval 1.3642985e-2 s
[acc] eval 2.9902169e-2 s
[acc] compile 5.882974e-3 s
[acc] eval 1.1657714e-2 s
[acc] eval 1.915108e-3 s
[acc] eval 1.946416e-3 s
[acc] eval 2.400557e-2 s
[acc] compile 7.5524595e-2 s
[acc] eval 1.2251639e-2 s
[acc] eval 9.1533767e-2 s
[acc] compile 1.0259681e-2 s
[acc] eval 9.2005e-3 s
[acc] eval 2.215079e-2 s
[acc] compile 1.1587495e-2 s
[acc] eval 1.9981864e-2 s
[acc] eval 3.461555e-2 s
[acc] compile 7.5861998e-2 s
[acc] eval 6.838263e-3 s
[acc] eval 8.6801407e-2 s
[acc] compile 0.13465969 s
[acc] eval 3.2090724e-2 s
[acc] eval 8.353845e-3 s
[acc] eval 5.464403e-3 s
[acc] eval 6.333912e-3 s
[acc] eval 4.521433e-3 s
[acc] eval 5.252772e-3 s
[acc] eval 4.317575e-3 s
[acc] eval 4.162375e-3 s
[acc] eval 3.818891e-3 s
[acc] eval 4.634642e-3 s
[acc] eval 3.649333e-3 s
[acc] eval 3.531821e-3 s
[acc] eval 3.502419e-3 s
[acc] eval 4.258732e-3 s
[acc] eval 4.338443e-3 s
[acc] eval 3.765291e-3 s
[acc] eval 3.709738e-3 s
[acc] eval 3.751173e-3 s
[acc] eval 3.982381e-3 s
[acc] eval 3.171985e-3 s
[acc] eval 3.017149e-3 s
[acc] eval 3.043742e-3 s
[acc] eval 4.345388e-3 s
[acc] eval 3.753574e-3 s
[acc] eval 3.629492e-3 s
[acc] eval 4.059896e-3 s
[acc] eval 4.547699e-3 s
[acc] eval 3.757767e-3 s
[acc] eval 3.712218e-3 s
[acc] eval 4.821545e-3 s
[acc] eval 4.037818e-3 s
[acc] eval 3.859219e-3 s
[acc] eval 5.22431e-3 s
[acc] eval 1.2402902e-2 s
[acc] eval 0.32468199 s
[acc] compile 8.1252e-4 s
[acc] eval 1.4045718e-2 s
[acc] compile 0.268430923 s
[acc] eval 2.4019505e-2 s
[acc] eval 0.297509619 s
[acc] compile 4.792028e-3 s
[acc] eval 6.322505e-3 s
[acc] eval 1.727243e-3 s
[acc] eval 1.816427e-3 s
[acc] eval 1.90318e-3 s
[acc] eval 1.642653e-3 s
[acc] eval 1.670605e-3 s
[acc] eval 1.486299e-3 s
[acc] eval 1.478774e-3 s
[acc] eval 2.068878e-3 s
[acc] eval 1.702299e-3 s
[acc] eval 7.965373e-3 s
[acc] eval 3.7592222e-2 s
[acc] compile 1.4481142e-2 s
[acc] eval 2.6523382e-2 s
[acc] eval 9.878418e-3 s
[acc] eval 4.459214e-3 s
[acc] eval 3.872973e-3 s
[acc] eval 3.614691e-3 s
[acc] eval 3.003777e-3 s
[acc] eval 3.193609e-3 s
[acc] eval 3.189903e-3 s
[acc] eval 3.096515e-3 s
[acc] eval 4.129237e-3 s
[acc] eval 3.432086e-3 s
[acc] eval 3.357027e-3 s
[acc] eval 3.088143e-3 s
[acc] eval 3.232416e-3 s
[acc] eval 3.506674e-3 s
[acc] eval 3.365043e-3 s
[acc] eval 3.35548e-3 s
[acc] eval 3.531648e-3 s
[acc] eval 4.368738e-3 s
[acc] eval 3.92528e-3 s
[acc] eval 2.751574e-3 s
[acc] eval 2.850553e-3 s
[acc] eval 3.193276e-3 s
[acc] eval 3.441281e-3 s
[acc] eval 2.930612e-3 s
[acc] eval 2.816302e-3 s
[acc] eval 2.846083e-3 s
[acc] eval 3.241578e-3 s
[acc] eval 3.164477e-3 s
[acc] eval 3.040521e-3 s
[acc] eval 3.502375e-3 s
[acc] eval 3.622803e-3 s
[acc] eval 3.556309e-3 s
[acc] eval 0.163116117 s
[acc] compile 0.121097099 s
[acc] eval 7.908685e-3 s
[acc] eval 0.132898584 s
[acc] compile 0.136867365 s
[acc] eval 1.4692602e-2 s
[acc] eval 5.567515e-3 s
[acc] eval 6.002001e-3 s
[acc] eval 5.900483e-3 s
[acc] eval 9.769574e-3 s
[acc] eval 3.840791e-3 s
[acc] eval 2.980277e-3 s
[acc] eval 2.670514e-3 s
[acc] eval 2.300645e-3 s
[acc] eval 2.006732e-3 s
[acc] eval 2.671055e-3 s
[acc] eval 3.060444e-3 s
[acc] eval 0.202693288 s
[acc] compile 0.373816904 s
[acc] eval 2.6358955e-2 s
[acc] eval 0.403823596 s
[acc] compile 8.0126564e-2 s
[acc] eval 7.579566e-3 s
[acc] eval 9.3385997e-2 s
[acc] compile 1.5623223e-2 s
[acc] eval 1.7089981e-2 s
[acc] eval 3.797515e-3 s
[acc] eval 3.411218e-3 s
[acc] eval 4.414318e-3 s
[acc] eval 5.197967e-3 s
[acc] eval 3.827348e-3 s
[acc] eval 3.146522e-3 s
[acc] eval 6.3203639e-2 s
[acc] compile 0.214707828 s
[acc] eval 1.3448712e-2 s
[acc] eval 6.305632e-3 s
[acc] eval 4.542489e-3 s
[acc] eval 5.155112e-3 s
[acc] eval 3.806897e-3 s
[acc] eval 1.0381973e-2 s
[acc] eval 2.105306e-3 s
[acc] eval 2.35301e-3 s
[acc] eval 2.672544e-3 s
[acc] eval 2.330176e-3 s
[acc] eval 2.300709e-3 s
[acc] eval 2.241186e-3 s
[acc] eval 1.886777e-3 s
[acc] eval 1.664845e-3 s
[acc] eval 1.94942e-3 s
[acc] eval 1.652388e-3 s
[acc] eval 1.748504e-3 s
[acc] eval 1.685539e-3 s
[acc] eval 2.204487e-3 s
[acc] eval 2.161193e-3 s
[acc] eval 0.291540763 s
[acc] compile 5.377525e-3 s
[acc] eval 7.715916e-3 s
[acc] eval 1.6093212e-2 s
[acc] compile 4.580257e-3 s
[acc] eval 1.4284579e-2 s
[acc] eval 1.30284e-3 s
[acc] eval 1.317039e-3 s
[acc] eval 2.6880801e-2 s
[acc] compile 1.284939e-2 s
[acc] eval 1.5677265e-2 s
[acc] eval 4.1196e-3 s
[acc] eval 1.0903538e-2 s
[acc] eval 3.397467e-3 s
[acc] eval 3.438741e-3 s
[acc] eval 4.225762e-3 s
[acc] eval 4.706868e-3 s
[acc] eval 3.051548e-3 s
[acc] eval 3.244662e-3 s
[acc] eval 3.90728e-3 s
[acc] eval 4.22943e-3 s
[acc] eval 3.403837e-3 s
[acc] eval 3.347203e-3 s
[acc] eval 3.643836e-3 s
[acc] eval 4.002624e-3 s
[acc] eval 3.617493e-3 s
[acc] eval 3.344274e-3 s
[acc] eval 3.301635e-3 s
[acc] eval 3.384912e-3 s
[acc] eval 3.401764e-3 s
[acc] eval 3.337625e-3 s
[acc] eval 3.281581e-3 s
[acc] eval 4.16488e-3 s
[acc] eval 3.476191e-3 s
[acc] eval 3.446421e-3 s
[acc] eval 3.711792e-3 s
[acc] eval 4.960406e-3 s
[acc] eval 9.385909e-3 s
[acc] eval 5.078092e-3 s
[acc] eval 4.28831e-3 s
[acc] eval 0.158198255 s
[acc] compile 8.2935132e-2 s
[acc] eval 2.6360905e-2 s
[acc] eval 0.113811892 s
[acc] compile 0.362075518 s
[acc] eval 2.3922833e-2 s
[acc] eval 0.390815755 s
[acc] compile 0.126710674 s
[acc] eval 1.2297835e-2 s
[acc] eval 0.148345758 s
[acc] compile 4.082957e-3 s
[acc] eval 5.273024e-3 s
[acc] eval 1.0189855e-2 s
[acc] compile 0.139409087 s
[acc] eval 2.0204997e-2 s
[acc] eval 0.172079117 s
[acc] compile 2.2181354e-2 s
[acc] eval 3.8283014e-2 s
[acc] eval 7.028628e-2 s
[acc] compile 7.893044e-3 s
[acc] eval 1.2918779e-2 s
[acc] eval 2.663872e-3 s
[acc] eval 3.649331e-3 s
[acc] eval 3.038632e-2 s
[acc] compile 0.132348081 s
[acc] eval 2.5715356e-2 s
[acc] eval 0.162202493 s
[acc] compile 7.90516e-4 s
[acc] eval 7.570915e-3 s
[acc] compile 0.211604626 s
[acc] eval 1.2699454e-2 s
[acc] eval 2.288091e-3 s
[acc] eval 3.479094e-3 s
[acc] eval 3.899628e-3 s
[acc] eval 0.237527421 s
[acc] compile 4.08271e-4 s
[acc] eval 4.056385e-3 s
[acc] compile 4.54457e-4 s
[acc] eval 2.2186587e-2 s
[acc] compile 6.62169e-3 s
[acc] eval 3.1033759e-2 s
[acc] eval 4.8511503e-2 s
[acc] compile 1.292304e-3 s
[acc] eval 2.7393736e-2 s
[acc] compile 0.329685273 s
[acc] eval 4.2459303e-2 s
[acc] eval 0.381400312 s
[acc] compile 9.24629e-4 s
[acc] eval 1.9494367e-2 s
[acc] compile 9.260331e-3 s
[acc] eval 7.204733e-3 s
[acc] eval 4.356547e-3 s
[acc] eval 4.400502e-3 s
[acc] eval 1.0152326e-2 s
[acc] eval 3.373729e-3 s
[acc] eval 3.564338e-3 s
[acc] eval 3.213268e-3 s
[acc] eval 3.253773e-3 s
[acc] eval 3.008685e-3 s
[acc] eval 2.893984e-3 s
[acc] eval 2.274277e-3 s
[acc] eval 1.654391e-3 s
[acc] eval 1.440869e-3 s
[acc] eval 1.259942e-3 s
[acc] eval 1.22627e-3 s
[acc] eval 1.108608e-3 s
[acc] eval 1.155528e-3 s
[acc] eval 1.221128e-3 s
[acc] eval 1.506357e-3 s
[acc] eval 1.182748e-3 s
[acc] eval 1.091436e-3 s
[acc] eval 1.129889e-3 s
[acc] eval 1.420687e-3 s
[acc] eval 1.230121e-3 s
[acc] eval 1.141555e-3 s
[acc] eval 1.278203e-3 s
[acc] eval 1.714779e-3 s
[acc] eval 1.970801e-3 s
[acc] eval 2.082649e-3 s
[acc] eval 1.883145e-3 s
[acc] eval 9.0749173e-2 s
[acc] compile 5.503265e-2 s
[acc] eval 1.7010781e-2 s
[acc] eval 7.4298103e-2 s
[acc] compile 8.439084e-3 s
[acc] eval 2.091544e-2 s
[acc] eval 7.247474e-3 s
[acc] eval 2.295285e-3 s
[acc] eval 2.341187e-3 s
[acc] eval 1.917942e-3 s
[acc] eval 3.051659e-3 s
[acc] eval 2.317053e-3 s
[acc] eval 1.621298e-3 s
[acc] eval 1.817717e-3 s
[acc] eval 1.555828e-3 s
[acc] eval 1.219854e-3 s
[acc] eval 1.114769e-3 s
[acc] eval 5.9885153e-2 s
[acc] compile 0.184286648 s
[acc] eval 2.7736184e-2 s
[acc] eval 0.221830226 s
[acc] compile 1.5570513e-2 s
[acc] eval 2.0050103e-2 s
[acc] eval 4.6562161e-2 s
[acc] compile 1.2957884e-2 s
[acc] eval 2.1405769e-2 s
[acc] eval 4.4249731e-2 s
[acc] compile 4.249846e-3 s
[acc] eval 2.1933097e-2 s
[acc] eval 2.8729785e-2 s
[acc] compile 1.1077668e-2 s
[acc] eval 2.3309446e-2 s
[acc] eval 3.83417e-2 s
[acc] compile 0.404359109 s
[acc] eval 2.5082496e-2 s
[acc] eval 0.436105966 s
[acc] compile 0.190393018 s
[acc] eval 1.3248906e-2 s
[acc] eval 0.218274956 s
[acc] compile 4.790756e-3 s
[acc] eval 3.662636e-3 s
[acc] eval 8.3899e-4 s
[acc] eval 7.35906e-4 s
[acc] eval 1.276703e-3 s
[acc] eval 1.295298e-2 s
[acc] compile 0.573523555 s
[acc] eval 3.6720199e-2 s
[acc] eval 0.616895128 s
[acc] compile 0.40676406 s
[acc] eval 1.5180149e-2 s
[acc] eval 0.44506484 s
[acc] compile 0.610952322 s
[acc] eval 3.5187862e-2 s
[acc] eval 0.66397741 s
[acc] compile 8.164055e-3 s
[acc] eval 8.05005e-3 s
[acc] eval 1.981861e-2 s
[acc] compile 5.253746e-3 s
[acc] eval 1.1783987e-2 s
[acc] eval 1.1864722e-2 s
[acc] eval 1.3597993e-2 s
[acc] eval 1.0812744e-2 s
[acc] eval 1.0253553e-2 s
[acc] eval 7.1696618e-2 s
[acc] compile 6.190918e-3 s
[acc] eval 6.092502e-3 s
[acc] eval 1.5404745e-2 s
[acc] compile 4.928277e-3 s
[acc] eval 9.025571e-3 s
[acc] eval 2.0827905e-2 s
[acc] eval 9.914761e-3 s
[acc] eval 5.306849e-3 s
[acc] eval 8.333765e-3 s
[acc] eval 7.3050221e-2 s
[acc] compile 9.242592e-3 s
[acc] eval 1.5397124e-2 s
[acc] eval 6.357683e-3 s
[acc] eval 5.726284e-3 s
[acc] eval 2.0357661e-2 s
[acc] eval 5.39065e-3 s
[acc] eval 3.994375e-3 s
[acc] eval 3.484693e-3 s
[acc] eval 3.234341e-3 s
[acc] eval 3.980208e-3 s
[acc] eval 3.38855e-3 s
[acc] eval 3.285447e-3 s
[acc] eval 3.306259e-3 s
[acc] eval 3.3818e-3 s
[acc] eval 3.607483e-3 s
[acc] eval 3.151407e-3 s
[acc] eval 3.120788e-3 s
[acc] eval 3.191289e-3 s
[acc] eval 2.241275e-3 s
[acc] eval 2.12594e-3 s
[acc] eval 1.985618e-3 s
[acc] eval 2.172422e-3 s
[acc] eval 2.462527e-3 s
[acc] eval 2.361357e-3 s
[acc] eval 2.047163e-3 s
[acc] eval 2.072133e-3 s
[acc] eval 2.73209e-3 s
[acc] eval 2.537719e-3 s
[acc] eval 2.912268e-3 s
[acc] eval 3.197107e-3 s
[acc] eval 2.650184e-3 s
[acc] eval 0.140534394 s
[acc] compile 8.0681732e-2 s
[acc] eval 2.9557024e-2 s
[acc] eval 1.5291547e-2 s
[acc] eval 5.552142e-3 s
[acc] eval 6.138288e-3 s
[acc] eval 4.354439e-3 s
[acc] eval 4.747107e-3 s
[acc] eval 3.553088e-3 s
[acc] eval 4.196746e-3 s
[acc] eval 4.374741e-3 s
[acc] eval 5.197274e-3 s
[acc] eval 5.053455e-3 s
[acc] eval 4.749609e-3 s
[acc] eval 4.276349e-3 s
[acc] eval 4.981117e-3 s
[acc] eval 3.677534e-3 s
[acc] eval 4.26024e-3 s
[acc] eval 4.471361e-3 s
[acc] eval 5.104798e-3 s
[acc] eval 3.90041e-3 s
[acc] eval 3.53612e-3 s
[acc] eval 4.918936e-3 s
[acc] eval 4.351573e-3 s
[acc] eval 4.347386e-3 s
[acc] eval 6.94727e-3 s
[acc] eval 1.03005e-2 s
[acc] eval 4.521335e-3 s
[acc] eval 5.792501e-3 s
[acc] eval 7.595292e-3 s
[acc] eval 3.65693e-3 s
[acc] eval 4.290919e-3 s
[acc] eval 5.678198e-3 s
[acc] eval 3.848378e-3 s
[acc] eval 3.686552e-3 s
[acc] eval 4.146379e-3 s
[acc] eval 0.291700399 s
[acc] compile 6.162041e-2 s
[acc] eval 2.2535431e-2 s
[acc] eval 4.367978e-3 s
[acc] eval 2.781726e-3 s
[acc] eval 2.664804e-3 s
[acc] eval 2.737637e-3 s
[acc] eval 4.317817e-3 s
[acc] eval 2.671579e-3 s
[acc] eval 2.542526e-3 s
[acc] eval 2.497269e-3 s
[acc] eval 2.53037e-3 s
[acc] eval 2.790397e-3 s
[acc] eval 2.667143e-3 s
[acc] eval 2.786782e-3 s
[acc] eval 2.649619e-3 s
[acc] eval 2.782328e-3 s
[acc] eval 2.598905e-3 s
[acc] eval 2.957516e-3 s
[acc] eval 2.615247e-3 s
[acc] eval 2.781214e-3 s
[acc] eval 2.821642e-3 s
[acc] eval 3.612353e-3 s
[acc] eval 2.181435e-3 s
[acc] eval 2.088631e-3 s
[acc] eval 2.009576e-3 s
[acc] eval 2.077729e-3 s
[acc] eval 2.124106e-3 s
[acc] eval 3.167576e-3 s
[acc] eval 3.049724e-3 s
[acc] eval 2.890787e-3 s
[acc] eval 2.837006e-3 s
[acc] eval 0.172892688 s
[acc] compile 0.118080522 s
[acc] eval 2.0965682e-2 s
[acc] eval 4.107904e-3 s
[acc] eval 1.1398302e-2 s
[acc] eval 4.004835e-3 s
[acc] eval 2.925804e-3 s
[acc] eval 2.919205e-3 s
[acc] eval 3.289672e-3 s
[acc] eval 3.831222e-3 s
[acc] eval 3.075839e-3 s
[acc] eval 3.16097e-3 s
[acc] eval 3.367275e-3 s
[acc] eval 3.797932e-3 s
[acc] eval 3.943924e-3 s
[acc] eval 3.732233e-3 s
[acc] eval 3.819903e-3 s
[acc] eval 4.690925e-3 s
[acc] eval 3.68344e-3 s
[acc] eval 3.504265e-3 s
[acc] eval 4.51122e-3 s
[acc] eval 5.36693e-3 s
[acc] eval 4.663549e-3 s
[acc] eval 4.962209e-3 s
[acc] eval 3.353375e-3 s
[acc] eval 3.998906e-3 s
[acc] eval 4.126113e-3 s
[acc] eval 1.1607646e-2 s
[acc] eval 3.805942e-3 s
[acc] eval 4.389852e-3 s
[acc] eval 3.284625e-3 s
[acc] eval 3.052591e-3 s
[acc] eval 0.272298475 s
[acc] compile 0.120374633 s
[acc] eval 1.5136297e-2 s
[acc] eval 0.138848054 s
[acc] compile 1.5343306e-2 s
[acc] eval 1.9503209e-2 s
[acc] eval 1.0323331e-2 s
[acc] eval 4.939909e-3 s
[acc] eval 3.589305e-3 s
[acc] eval 3.384349e-3 s
[acc] eval 2.890044e-3 s
[acc] eval 3.300282e-3 s
[acc] eval 4.72992e-3 s
[acc] eval 4.177202e-3 s
[acc] eval 4.066248e-3 s
[acc] eval 5.400497e-3 s
[acc] eval 3.997912e-3 s
[acc] eval 3.827843e-3 s
[acc] eval 3.383207e-3 s
[acc] eval 3.285659e-3 s
[acc] eval 3.34578e-3 s
[acc] eval 4.458477e-3 s
[acc] eval 4.134667e-3 s
[acc] eval 3.677656e-3 s
[acc] eval 3.369277e-3 s
[acc] eval 4.060971e-3 s
[acc] eval 4.461166e-3 s
[acc] eval 7.621955e-3 s
[acc] eval 5.470014e-3 s
[acc] eval 4.58767e-3 s
[acc] eval 5.317376e-3 s
[acc] eval 6.408565e-3 s
[acc] eval 4.093591e-3 s
[acc] eval 3.670349e-3 s
[acc] eval 4.615827e-3 s
[acc] eval 3.882697e-3 s
[acc] eval 0.177357868 s
[acc] compile 0.237479232 s
[acc] eval 2.4599137e-2 s
[acc] eval 2.61525e-3 s
[acc] eval 2.759548e-3 s
[acc] eval 3.094479e-3 s
[acc] eval 2.619483e-3 s
[acc] eval 2.281896e-3 s
[acc] eval 2.64685e-3 s
[acc] eval 1.950866e-3 s
[acc] eval 1.985689e-3 s
[acc] eval 1.942388e-3 s
[acc] eval 2.012645e-3 s
[acc] eval 1.914563e-3 s
[acc] eval 0.290906545 s
[acc] compile 1.1985837e-2 s
[acc] eval 1.0803572e-2 s
[acc] eval 5.746275e-3 s
[acc] eval 1.0837166e-2 s
[acc] eval 5.406515e-3 s
[acc] eval 4.267415e-3 s
[acc] eval 4.164456e-3 s
[acc] eval 5.050701e-3 s
[acc] eval 4.368879e-3 s
[acc] eval 3.45706e-3 s
[acc] eval 5.213466e-3 s
[acc] eval 4.263899e-3 s
[acc] eval 3.639951e-3 s
[acc] eval 3.535812e-3 s
[acc] eval 3.577312e-3 s
[acc] eval 3.439295e-3 s
[acc] eval 3.684811e-3 s
[acc] eval 5.392299e-3 s
[acc] eval 3.802778e-3 s
[acc] eval 3.423673e-3 s
[acc] eval 3.764924e-3 s
[acc] eval 4.393e-3 s
[acc] eval 3.887933e-3 s
[acc] eval 3.880837e-3 s
[acc] eval 4.05574e-3 s
[acc] eval 4.654458e-3 s
[acc] eval 3.42901e-3 s
[acc] eval 3.598951e-3 s
[acc] eval 6.412351e-3 s
[acc] eval 1.1246134e-2 s
[acc] eval 1.7734197e-2 s
[acc] eval 0.180245324 s
[acc] compile 5.686867e-3 s
[acc] eval 1.0256966e-2 s
[acc] eval 1.8518306e-2 s
[acc] compile 7.300039e-3 s
[acc] eval 1.8018474e-2 s
[acc] eval 2.9576625e-2 s
[acc] compile 3.633939e-3 s
[acc] eval 6.422136e-3 s
[acc] eval 1.2343857e-2 s
[acc] compile 7.553522e-3 s
[acc] eval 5.674853e-3 s
[acc] eval 1.5418927e-2 s
[acc] compile 5.178322e-3 s
[acc] eval 6.345887e-3 s
[acc] eval 2.0462153e-2 s
[acc] compile 0.323575951 s
[acc] eval 2.4168046e-2 s
[acc] eval 0.358799999 s
[acc] compile 1.1117897e-2 s
[acc] eval 2.0408303e-2 s
[acc] eval 3.6442184e-2 s
[acc] compile 0.332903641 s
[acc] eval 2.3494282e-2 s
[acc] eval 0.370809791 s
[acc] compile 0.178951081 s
[acc] eval 1.0190867e-2 s
[acc] eval 0.193559381 s
[acc] compile 1.4544897e-2 s
[acc] eval 3.2865476e-2 s
[acc] eval 5.1534006e-2 s
[acc] compile 9.8778153e-2 s
[acc] eval 1.2410611e-2 s
[acc] eval 0.11820359 s
[acc] compile 0.137554842 s
[acc] eval 4.0658815e-2 s
[acc] eval 0.182022527 s
[acc] compile 0.181544249 s
[acc] eval 1.3505557e-2 s
[acc] eval 0.198099574 s
[acc] compile 8.0706936e-2 s
[acc] eval 8.123215e-3 s
[acc] eval 9.4471861e-2 s
[acc] compile 0.115268228 s
[acc] eval 2.2973657e-2 s
[acc] eval 4.472888e-3 s
[acc] eval 5.212882e-3 s
[acc] eval 5.17036e-3 s
[acc] eval 3.49256e-3 s
[acc] eval 3.370053e-3 s
[acc] eval 5.050479e-3 s
[acc] eval 4.972749e-3 s
[acc] eval 4.514822e-3 s
[acc] eval 5.323049e-3 s
[acc] eval 4.511938e-3 s
[acc] eval 4.639671e-3 s
[acc] eval 4.483487e-3 s
[acc] eval 5.186095e-3 s
[acc] eval 5.032886e-3 s
[acc] eval 6.338029e-3 s
[acc] eval 5.805055e-3 s
[acc] eval 4.32747e-3 s
[acc] eval 5.248126e-3 s
[acc] eval 4.439745e-3 s
[acc] eval 4.747796e-3 s
[acc] eval 5.271742e-3 s
[acc] eval 4.778131e-3 s
[acc] eval 6.727926e-3 s
[acc] eval 4.455209e-3 s
[acc] eval 4.064183e-3 s
[acc] eval 3.551767e-3 s
[acc] eval 4.078185e-3 s
[acc] eval 3.944288e-3 s
[acc] eval 3.448897e-3 s
[acc] eval 3.750432e-3 s
[acc] eval 3.614599e-3 s
[acc] eval 3.625624e-3 s
[acc] eval 3.536634e-3 s
[acc] eval 4.946207e-3 s
[acc] eval 6.187947e-3 s
[acc] eval 3.940376e-3 s
[acc] eval 4.397697e-3 s
[acc] eval 5.49593e-3 s
[acc] eval 4.830071e-3 s
[acc] eval 5.102944e-3 s
[acc] eval 0.341987095 s
[acc] compile 0.352118506 s
[acc] eval 1.5506922e-2 s
[acc] eval 0.378006555 s
[acc] compile 5.934058e-3 s
[acc] eval 1.4458001e-2 s
[acc] eval 2.2287982e-2 s
[acc] compile 0.26480352 s
[acc] eval 3.7082623e-2 s
[acc] eval 0.305845041 s
[acc] compile 7.1839804e-2 s
[acc] eval 1.1337349e-2 s
[acc] eval 2.945328e-3 s
[acc] eval 8.8928713e-2 s
[acc] compile 3.794711e-3 s
[acc] eval 4.551211e-3 s
[acc] eval 1.467077e-3 s
[acc] eval 1.167772e-3 s
[acc] eval 1.339183e-3 s
[acc] eval 1.3762109e-2 s
[acc] compile 5.4205e-4 s
[acc] eval 2.7377431e-2 s
[acc] compile 0.375798849 s
[acc] eval 3.021967e-2 s
[acc] eval 0.411892106 s
[acc] compile 1.6677064e-2 s
[acc] eval 5.371958e-3 s
[acc] eval 1.005565e-3 s
[acc] eval 7.82744e-4 s
[acc] eval 8.64902e-4 s
[acc] eval 7.21381e-4 s
[acc] eval 8.56496e-4 s
[acc] eval 9.10141e-4 s
[acc] eval 7.3783e-4 s
[acc] eval 9.29497e-4 s
[acc] eval 8.31456e-4 s
[acc] eval 1.107471e-3 s
[acc] eval 1.360432e-3 s
[acc] eval 1.759175e-3 s
[acc] eval 1.389755e-3 s
[acc] eval 1.062874e-3 s
[acc] eval 1.206043e-3 s
[acc] eval 1.171855e-3 s
[acc] eval 8.83372e-4 s
[acc] eval 9.9868e-4 s
[acc] eval 8.00376e-4 s
[acc] eval 9.48431e-4 s
[acc] eval 9.67458e-4 s
[acc] eval 8.309269e-3 s
[acc] eval 1.076108e-3 s
[acc] eval 1.256788e-3 s
[acc] eval 1.184916e-3 s
[acc] eval 1.06923e-3 s
[acc] eval 1.105347e-3 s
[acc] eval 1.181148e-3 s
[acc] eval 9.94967e-4 s
[acc] eval 6.2812352e-2 s
[acc] compile 3.600333e-3 s
[acc] eval 6.811967e-3 s
[acc] eval 1.214945e-2 s
[acc] compile 0.404209564 s
[acc] eval 4.3317271e-2 s
[acc] eval 0.453231267 s
[acc] compile 0.130499421 s
[acc] eval 6.64761e-3 s
[acc] eval 0.14182375 s
[acc] compile 0.265961749 s
[acc] eval 3.3244892e-2 s
[acc] eval 0.303658896 s
[acc] compile 1.084652e-2 s
[acc] eval 1.4129263e-2 s
[acc] eval 3.2126795e-2 s
[acc] compile 1.0127491e-2 s
[acc] eval 2.3282775e-2 s
[acc] eval 3.7163137e-2 s
[acc] compile 9.16445e-3 s
[acc] eval 9.355259e-3 s
[acc] eval 1.8509547e-2 s
[acc] eval 1.5197701e-2 s
[acc] eval 1.5523705e-2 s
[acc] eval 9.823802e-3 s
[acc] eval 3.501447e-3 s
[acc] eval 3.756524e-3 s
[acc] eval 5.125219e-3 s
[acc] eval 3.813323e-3 s
[acc] eval 3.371559e-3 s
[acc] eval 2.684737e-3 s
[acc] eval 4.261981e-3 s
[acc] eval 2.029707e-3 s
[acc] eval 1.818266e-3 s
[acc] eval 2.020401e-3 s
[acc] eval 1.825791e-3 s
[acc] eval 0.117075617 s
[acc] compile 0.127062949 s
[acc] eval 1.0264368e-2 s
[acc] eval 0.141922347 s
[acc] compile 0.120685284 s
[acc] eval 3.1209743e-2 s
[acc] eval 0.156541549 s
[acc] compile 0.170448047 s
[acc] eval 8.456253e-3 s
[acc] eval 0.18343533 s
[acc] compile 6.893603e-3 s
[acc] eval 1.5075699e-2 s
[acc] eval 3.699547e-3 s
[acc] eval 8.814602e-3 s
[acc] eval 3.503513e-3 s
[acc] eval 5.106563e-3 s
[acc] eval 3.790882e-3 s
[acc] eval 3.010981e-3 s
[acc] eval 2.727483e-3 s
[acc] eval 2.504886e-3 s
[acc] eval 4.169512e-3 s
[acc] eval 2.808215e-3 s
[acc] eval 2.684592e-3 s
[acc] eval 2.714469e-3 s
[acc] eval 3.078326e-3 s
[acc] eval 3.380566e-3 s
[acc] eval 7.9410659e-2 s
[acc] compile 0.211999917 s
[acc] eval 1.2671695e-2 s
[acc] eval 0.228958151 s
[acc] compile 0.170002125 s
[acc] eval 1.5374675e-2 s
[acc] eval 5.170499e-3 s
[acc] eval 3.79055e-3 s
[acc] eval 5.452499e-3 s
[acc] eval 3.63855e-3 s
[acc] eval 2.57713e-3 s
[acc] eval 2.044114e-3 s
[acc] eval 2.019854e-3 s
[acc] eval 3.164729e-3 s
[acc] eval 4.169124e-3 s
[acc] eval 3.284226e-3 s
[acc] eval 2.404312e-3 s
[acc] eval 3.192884e-3 s
[acc] eval 3.736154e-3 s
[acc] eval 3.510597e-3 s
[acc] eval 2.553914e-3 s
[acc] eval 2.415603e-3 s
[acc] eval 2.562056e-3 s
[acc] eval 3.743725e-3 s
[acc] eval 2.492469e-3 s
[acc] eval 2.327555e-3 s
[acc] eval 2.812025e-3 s
[acc] eval 2.686169e-3 s
[acc] eval 2.870121e-3 s
[acc] eval 2.954646e-3 s
[acc] eval 2.78467e-3 s
[acc] eval 2.219602e-3 s
[acc] eval 2.971252e-3 s
[acc] eval 2.417389e-3 s
[acc] eval 2.389548e-3 s
[acc] eval 2.483962e-3 s
[acc] eval 2.479997e-3 s
[acc] eval 2.559413e-3 s
[acc] eval 2.359159e-3 s
[acc] eval 3.283833e-3 s
[acc] eval 3.358199e-3 s
[acc] eval 0.298039802 s
[acc] compile 0.185733411 s
[acc] eval 1.2470366e-2 s
[acc] eval 0.203621909 s
[acc] compile 0.302203864 s
[acc] eval 1.6275366e-2 s
[acc] eval 0.324604357 s
[acc] compile 0.201156874 s
[acc] eval 3.8197463e-2 s
[acc] eval 0.245511996 s
[acc] compile 7.5436822e-2 s
[acc] eval 2.0841831e-2 s
[acc] eval 2.41125e-3 s
[acc] eval 2.232793e-3 s
[acc] eval 2.16104e-3 s
[acc] eval 1.925367e-3 s
[acc] eval 2.097573e-3 s
[acc] eval 3.204219e-3 s
[acc] eval 2.360749e-3 s
[acc] eval 2.114502e-3 s
[acc] eval 2.063637e-3 s
[acc] eval 2.327549e-3 s
[acc] eval 2.080125e-3 s
[acc] eval 3.192407e-3 s
[acc] eval 2.589411e-3 s
[acc] eval 2.166323e-3 s
[acc] eval 2.044211e-3 s
[acc] eval 1.786531e-3 s
[acc] eval 1.912434e-3 s
[acc] eval 1.996987e-3 s
[acc] eval 1.962534e-3 s
[acc] eval 2.528104e-3 s
[acc] eval 1.976934e-3 s
[acc] eval 2.017305e-3 s
[acc] eval 2.018245e-3 s
[acc] eval 2.011765e-3 s
[acc] eval 2.13445e-3 s
[acc] eval 2.15711e-3 s
[acc] eval 2.138723e-3 s
[acc] eval 1.990324e-3 s
[acc] eval 2.127668e-3 s
[acc] eval 0.165124369 s
[acc] compile 0.243375835 s
[acc] eval 2.3041715e-2 s
[acc] eval 0.273047452 s
[acc] compile 0.185286184 s
[acc] eval 2.7801345e-2 s
[acc] eval 0.216956404 s
[acc] compile 0.302105605 s
[acc] eval 3.6235682e-2 s
[acc] eval 0.346527676 s
[acc] compile 0.648731278 s
[acc] eval 2.8460234e-2 s
[acc] eval 0.685452965 s
[acc] compile 8.431568e-3 s
[acc] eval 6.096351e-3 s
[acc] eval 2.389011e-3 s
[acc] eval 3.834077e-3 s
[acc] eval 3.469872e-3 s
[acc] eval 3.474425e-3 s
[acc] eval 1.1843467e-2 s
[acc] eval 1.6686e-3 s
[acc] eval 1.423387e-3 s
[acc] eval 1.719856e-3 s
[acc] eval 1.92642e-3 s
[acc] eval 2.186992e-3 s
[acc] eval 1.724507e-3 s
[acc] eval 1.704252e-3 s
[acc] eval 1.711541e-3 s
[acc] eval 1.914597e-3 s
[acc] eval 1.858291e-3 s
[acc] eval 2.018506e-3 s
[acc] eval 2.164706e-3 s
[acc] eval 2.435488e-3 s
[acc] eval 1.609246e-3 s
[acc] eval 1.078218e-3 s
[acc] eval 1.108375e-3 s
[acc] eval 1.15698e-3 s
[acc] eval 1.109815e-3 s
[acc] eval 1.830623e-3 s
[acc] eval 1.197836e-3 s
[acc] eval 1.413117e-3 s
[acc] eval 1.675225e-3 s
[acc] eval 1.805779e-3 s
[acc] eval 1.284763e-3 s
[acc] eval 8.298492e-2 s
[acc] compile 4.139127e-3 s
[acc] eval 4.895183e-3 s
[acc] eval 1.861329e-3 s
[acc] eval 2.658726e-3 s
[acc] eval 1.535406e-3 s
[acc] eval 1.68241e-3 s
[acc] eval 1.528605e-3 s
[acc] eval 1.45533e-3 s
[acc] eval 1.585228e-3 s
[acc] eval 1.526948e-3 s
[acc] eval 9.865495e-3 s
[acc] eval 1.480268e-3 s
[acc] eval 1.359757e-3 s
[acc] eval 1.53901e-3 s
[acc] eval 1.487317e-3 s
[acc] eval 1.556918e-3 s
[acc] eval 1.2264e-3 s
[acc] eval 1.351461e-3 s
[acc] eval 1.454674e-3 s
[acc] eval 1.29427e-3 s
[acc] eval 8.78578e-4 s
[acc] eval 9.01623e-4 s
[acc] eval 1.025808e-3 s
[acc] eval 1.39209e-3 s
[acc] eval 1.520472e-3 s
[acc] eval 1.437856e-3 s
[acc] eval 1.37729e-3 s
[acc] eval 1.495598e-3 s
[acc] eval 1.588221e-3 s
[acc] eval 1.502405e-3 s
[acc] eval 1.528938e-3 s
[acc] eval 6.4801544e-2 s
[acc] compile 0.134088948 s
[acc] eval 2.6725439e-2 s
[acc] eval 8.249754e-3 s
[acc] eval 5.435593e-3 s
[acc] eval 4.360913e-3 s
[acc] eval 3.561831e-3 s
[acc] eval 3.264101e-3 s
[acc] eval 4.495056e-3 s
[acc] eval 3.990032e-3 s
[acc] eval 3.652496e-3 s
[acc] eval 3.647303e-3 s
[acc] eval 3.815165e-3 s
[acc] eval 2.59375e-3 s
[acc] eval 0.212188674 s
[acc] compile 8.855635e-3 s
[acc] eval 1.5928497e-2 s
[acc] eval 2.905578e-3 s
[acc] eval 6.863337e-3 s
[acc] eval 2.594691e-3 s
[acc] eval 2.592738e-3 s
[acc] eval 2.410068e-3 s
[acc] eval 2.522949e-3 s
[acc] eval 2.259195e-3 s
[acc] eval 2.368789e-3 s
[acc] eval 3.490419e-3 s
[acc] eval 3.51704e-3 s
[acc] eval 2.419093e-3 s
[acc] eval 6.2239984e-2 s
[acc] compile 0.291051372 s
[acc] eval 2.0954262e-2 s
[acc] eval 0.320095348 s
[acc] compile 1.7843903e-2 s
[acc] eval 1.7363644e-2 s
[acc] eval 3.9063738e-2 s
[acc] compile 0.12118528 s
[acc] eval 1.642777e-2 s
[acc] eval 7.016857e-3 s
[acc] eval 1.0349067e-2 s
[acc] eval 1.1273505e-2 s
[acc] eval 1.1763526e-2 s
[acc] eval 1.1448052e-2 s
[acc] eval 3.776007e-3 s
[acc] eval 3.890259e-3 s
[acc] eval 1.262743e-2 s
[acc] eval 1.1764311e-2 s
[acc] eval 8.72201e-3 s
[acc] eval 6.933927e-3 s
[acc] eval 2.881747e-3 s
[acc] eval 5.390244e-3 s
[acc] eval 9.175615e-3 s
[acc] eval 6.906871e-3 s
[acc] eval 2.614291e-3 s
[acc] eval 2.717887e-3 s
[acc] eval 2.590608e-3 s
[acc] eval 5.310199e-3 s
[acc] eval 3.031127e-3 s
[acc] eval 0.288213547 s
[acc] compile 0.242373023 s
[acc] eval 3.7384118e-2 s
[acc] eval 0.285311588 s
[acc] compile 1.681701e-2 s
[acc] eval 3.771762e-3 s
[acc] eval 9.55609e-4 s
[acc] eval 8.18683e-4 s
[acc] eval 1.189188e-3 s
[acc] eval 2.4881247e-2 s
[acc] compile 5.32455e-3 s
[acc] eval 6.893508e-3 s
[acc] eval 3.321969e-3 s
[acc] eval 2.362352e-3 s
[acc] eval 2.456273e-3 s
[acc] eval 9.711214e-3 s
[acc] eval 2.126273e-3 s
[acc] eval 2.406587e-3 s
[acc] eval 2.322096e-3 s
[acc] eval 2.197556e-3 s
[acc] eval 2.71649e-3 s
[acc] eval 3.54082e-3 s
[acc] eval 2.185559e-3 s
[acc] eval 1.656218e-3 s
[acc] eval 1.554247e-3 s
[acc] eval 1.661998e-3 s
[acc] eval 1.236333e-3 s
[acc] eval 1.268809e-3 s
[acc] eval 5.8441716e-2 s
[acc] compile 6.5019196e-2 s
[acc] eval 1.8505456e-2 s
[acc] eval 1.0422238e-2 s
[acc] eval 3.937301e-3 s
[acc] eval 3.777326e-3 s
[acc] eval 4.578216e-3 s
[acc] eval 4.739512e-3 s
[acc] eval 3.862738e-3 s
[acc] eval 3.86297e-3 s
[acc] eval 3.65564e-3 s
[acc] eval 3.656883e-3 s
[acc] eval 3.310435e-3 s
[acc] eval 3.265228e-3 s
[acc] eval 3.555738e-3 s
[acc] eval 4.01708e-3 s
[acc] eval 4.019647e-3 s
[acc] eval 3.807215e-3 s
[acc] eval 4.123173e-3 s
[acc] eval 4.71414e-3 s
[acc] eval 3.43314e-3 s
[acc] eval 3.410422e-3 s
[acc] eval 3.811162e-3 s
[acc] eval 4.164101e-3 s
[acc] eval 3.735294e-3 s
[acc] eval 3.517512e-3 s
[acc] eval 3.983177e-3 s
[acc] eval 4.451314e-3 s
[acc] eval 3.750896e-3 s
[acc] eval 3.55118e-3 s
[acc] eval 3.940234e-3 s
[acc] eval 4.707787e-3 s
[acc] eval 0.210543731 s
[acc] compile 0.138575864 s
[acc] eval 1.8067994e-2 s
[acc] eval 4.119199e-3 s
[acc] eval 5.437378e-3 s
[acc] eval 3.732914e-3 s
[acc] eval 3.164413e-3 s
[acc] eval 2.733541e-3 s
[acc] eval 3.384399e-3 s
[acc] eval 3.668753e-3 s
[acc] eval 2.786946e-3 s
[acc] eval 3.001688e-3 s
[acc] eval 3.16407e-3 s
[acc] eval 2.632613e-3 s
[acc] eval 2.574304e-3 s
[acc] eval 3.535671e-3 s
[acc] eval 3.475249e-3 s
[acc] eval 3.251875e-3 s
[acc] eval 2.813272e-3 s
[acc] eval 2.600726e-3 s
[acc] eval 2.565983e-3 s
[acc] eval 2.454224e-3 s
[acc] eval 2.99335e-3 s
[acc] eval 3.520269e-3 s
[acc] eval 2.522736e-3 s
[acc] eval 2.580352e-3 s
[acc] eval 2.516382e-3 s
[acc] eval 3.072406e-3 s
[acc] eval 3.345551e-3 s
[acc] eval 2.704793e-3 s
[acc] eval 2.521576e-3 s
[acc] eval 2.414787e-3 s
[acc] eval 0.252889466 s
[acc] compile 0.175254803 s
[acc] eval 3.5918205e-2 s
[acc] eval 0.214473988 s
[acc] compile 1.0414346e-2 s
[acc] eval 9.700224e-3 s
[acc] eval 2.4513106e-2 s
[acc] compile 6.727385e-3 s
[acc] eval 3.5605372e-2 s
[acc] eval 2.984905e-3 s
[acc] eval 4.9435158e-2 s
[acc] compile 0.119836029 s
[acc] eval 1.395338e-2 s
[acc] eval 0.146694835 s
[acc] compile 6.182025e-3 s
[acc] eval 1.028574e-2 s
[acc] eval 1.9066255e-2 s
[acc] compile 6.84602e-3 s
[acc] eval 5.793591e-3 s
[acc] eval 3.432256e-3 s
[acc] eval 1.0369264e-2 s
[acc] eval 3.191836e-3 s
[acc] eval 3.758185e-3 s
[acc] eval 3.922054e-3 s
[acc] eval 2.850419e-3 s
[acc] eval 2.643564e-3 s
[acc] eval 3.173635e-3 s
[acc] eval 3.484669e-3 s
[acc] eval 4.552114e-3 s
[acc] eval 2.827438e-3 s
[acc] eval 2.537301e-3 s
[acc] eval 2.361916e-3 s
[acc] eval 2.309405e-3 s
[acc] eval 2.644557e-3 s
[acc] eval 2.894255e-3 s
[acc] eval 2.359991e-3 s
[acc] eval 2.21658e-3 s
[acc] eval 2.424709e-3 s
[acc] eval 2.95644e-3 s
[acc] eval 2.927025e-3 s
[acc] eval 2.531673e-3 s
[acc] eval 2.061098e-3 s
[acc] eval 2.059768e-3 s
[acc] eval 1.597212e-3 s
[acc] eval 1.796438e-3 s
[acc] eval 1.605545e-3 s
[acc] eval 1.476159e-3 s
[acc] eval 1.510715e-3 s
[acc] eval 1.541303e-3 s
[acc] eval 1.740936e-3 s
[acc] eval 0.105046121 s
[acc] compile 0.182880971 s
[acc] eval 1.5098859e-2 s
[acc] eval 0.205469887 s
[acc] compile 7.2919103e-2 s
[acc] eval 7.699898e-3 s
[acc] eval 8.6681222e-2 s
[acc] compile 7.6490655e-2 s
[acc] eval 2.2296285e-2 s
[acc] eval 0.104124578 s
[acc] compile 7.62916e-2 s
[acc] eval 1.3664245e-2 s
[acc] eval 9.6663748e-2 s
[acc] compile 0.125752384 s
[acc] eval 1.9137707e-2 s
[acc] eval 0.147646314 s
[acc] compile 0.118017743 s
[acc] eval 2.134787e-2 s
[acc] eval 4.332237e-3 s
[acc] eval 4.005159e-3 s
[acc] eval 5.819471e-3 s
[acc] eval 5.814122e-3 s
[acc] eval 3.976076e-3 s
[acc] eval 4.256838e-3 s
[acc] eval 2.2759649e-2 s
[acc] eval 3.912976e-3 s
[acc] eval 4.373419e-3 s
[acc] eval 4.618805e-3 s
[acc] eval 4.346241e-3 s
[acc] eval 0.213792196 s
[acc] compile 0.146247807 s
[acc] eval 2.8110411e-2 s
[acc] eval 3.207962e-3 s
[acc] eval 8.154239e-3 s
[acc] eval 2.343635e-3 s
[acc] eval 2.304481e-3 s
[acc] eval 2.235474e-3 s
[acc] eval 2.130354e-3 s
[acc] eval 2.481784e-3 s
[acc] eval 4.030945e-3 s
[acc] eval 2.871815e-3 s
[acc] eval 3.039818e-3 s
[acc] eval 2.889959e-3 s
[acc] eval 0.213579241 s
[acc] compile 0.131899771 s
[acc] eval 1.0096512e-2 s
[acc] eval 0.149361914 s
[acc] compile 7.1942404e-2 s
[acc] eval 2.4690057e-2 s
[acc] eval 0.101050924 s
[acc] compile 0.338612128 s
[acc] eval 2.0000254e-2 s
[acc] eval 0.363642312 s
[acc] compile 5.678483e-3 s
[acc] eval 4.230383e-3 s
[acc] eval 6.09842e-4 s
[acc] eval 8.30071e-4 s
[acc] eval 1.2602371e-2 s
[acc] compile 0.239190593 s
[acc] eval 3.6736e-2 s
[acc] eval 0.287894875 s
[acc] compile 1.1017285e-2 s
[acc] eval 2.5300503e-2 s
[acc] eval 3.66267e-3 s
[acc] eval 3.494807e-3 s
[acc] eval 4.6900628e-2 s
[acc] compile 0.516509318 s
[acc] eval 4.3719435e-2 s
[acc] eval 0.577626641 s
[acc] compile 0.336856363 s
[acc] eval 2.7063978e-2 s
[acc] eval 0.371119503 s
[acc] compile 9.794583e-3 s
[acc] eval 3.772395e-3 s
[acc] eval 1.5198071e-2 s
[acc] compile 0.310150541 s
[acc] eval 3.2003892e-2 s
[acc] eval 3.689865e-3 s
[acc] eval 4.878294e-3 s
[acc] eval 4.271145e-3 s
[acc] eval 4.402834e-3 s
[acc] eval 4.929767e-3 s
[acc] eval 4.884573e-3 s
[acc] eval 4.828423e-3 s
[acc] eval 4.499978e-3 s
[acc] eval 5.000187e-3 s
[acc] eval 4.099361e-3 s
[acc] eval 4.223217e-3 s
[acc] eval 0.397648611 s
[acc] compile 0.242368152 s
[acc] eval 1.1566772e-2 s
[acc] eval 1.2183032e-2 s
[acc] eval 6.892033e-3 s
[acc] eval 4.638626e-3 s
[acc] eval 4.95762e-3 s
[acc] eval 0.288274723 s
[acc] compile 0.718857199 s
[acc] eval 3.851986e-2 s
[acc] eval 0.765027392 s
[acc] compile 0.133289807 s
[acc] eval 1.04259e-2 s
[acc] eval 4.720576e-3 s
[acc] eval 1.9019341e-2 s
[acc] eval 6.546112e-3 s
[acc] eval 6.130342e-3 s
[acc] eval 4.498298e-3 s
[acc] eval 4.041807e-3 s
[acc] eval 3.670799e-3 s
[acc] eval 3.537843e-3 s
[acc] eval 4.639767e-3 s
[acc] eval 4.374064e-3 s
[acc] eval 4.057294e-3 s
[acc] eval 4.112272e-3 s
[acc] eval 4.615189e-3 s
[acc] eval 4.311565e-3 s
[acc] eval 3.202972e-3 s
[acc] eval 3.483007e-3 s
[acc] eval 3.530932e-3 s
[acc] eval 3.512482e-3 s
[acc] eval 3.254999e-3 s
[acc] eval 3.200766e-3 s
[acc] eval 3.174071e-3 s
[acc] eval 3.492125e-3 s
[acc] eval 3.680502e-3 s
[acc] eval 0.259014076 s
[acc] compile 0.172926367 s
[acc] eval 1.0680403e-2 s
[acc] eval 0.187012336 s
[acc] compile 0.186982204 s
[acc] eval 9.265746e-3 s
[acc] eval 0.207294036 s
[acc] compile 0.186214442 s
[acc] eval 1.4165764e-2 s
[acc] eval 0.20400487 s
[acc] compile 6.848751e-2 s
[acc] eval 8.604949e-3 s
[acc] eval 8.0470777e-2 s
[acc] compile 9.358816e-3 s
[acc] eval 1.6061403e-2 s
[acc] eval 2.724021e-3 s
[acc] eval 2.343648e-3 s
[acc] eval 2.183457e-3 s
[acc] eval 2.049029e-3 s
[acc] eval 1.82074e-3 s
[acc] eval 1.724488e-3 s
[acc] eval 1.800532e-3 s
[acc] eval 1.627621e-3 s
[acc] eval 1.729828e-3 s
[acc] eval 1.489863e-3 s
[acc] eval 1.546082e-3 s
[acc] eval 1.593303e-3 s
[acc] eval 1.643826e-3 s
[acc] eval 1.63313e-3 s
[acc] eval 1.607912e-3 s
[acc] eval 1.448771e-3 s
[acc] eval 1.728978e-3 s
[acc] eval 1.616107e-3 s
[acc] eval 1.254038e-3 s
[acc] eval 1.113905e-3 s
[acc] eval 1.282659e-3 s
[acc] eval 1.220509e-3 s
[acc] eval 1.325195e-3 s
[acc] eval 1.238719e-3 s
[acc] eval 1.194757e-3 s
[acc] eval 1.180561e-3 s
[acc] eval 1.251115e-3 s
[acc] eval 1.356939e-3 s
[acc] eval 1.474524e-3 s
[acc] eval 7.5639933e-2 s
[acc] compile 0.109916103 s
[acc] eval 1.1722027e-2 s
[acc] eval 4.793871e-3 s
[acc] eval 4.137529e-3 s
[acc] eval 8.708657e-3 s
[acc] eval 3.863274e-3 s
[acc] eval 4.077034e-3 s
[acc] eval 3.64962e-3 s
[acc] eval 4.733247e-3 s
[acc] eval 4.197241e-3 s
[acc] eval 3.205681e-3 s
[acc] eval 2.784681e-3 s
[acc] eval 2.73077e-3 s
[acc] eval 0.173268638 s
[acc] compile 3.646323e-3 s
[acc] eval 1.2391768e-2 s
[acc] eval 1.9421764e-2 s
[acc] compile 9.360685e-3 s
[acc] eval 1.5094156e-2 s
[acc] eval 2.7328989e-2 s
[acc] compile 0.126540611 s
[acc] eval 3.4610607e-2 s
[acc] eval 0.166886688 s
[acc] compile 1.7381423e-2 s
[acc] eval 1.5858624e-2 s
[acc] eval 3.7344899e-2 s
[acc] compile 5.299382e-2 s
[acc] eval 3.5007861e-2 s
[acc] eval 8.9997527e-2 s
[acc] compile 6.1292675e-2 s
[acc] eval 2.1769332e-2 s
[acc] eval 8.716921e-2 s
[acc] compile 4.6809834e-2 s
[acc] eval 1.5211005e-2 s
[acc] eval 6.4572265e-2 s
[acc] compile 0.119404303 s
[acc] eval 1.2691e-2 s
[acc] eval 3.382356e-3 s
[acc] eval 3.517584e-3 s
[acc] eval 3.442475e-3 s
[acc] eval 3.29829e-3 s
[acc] eval 2.690714e-3 s
[acc] eval 3.787492e-3 s
[acc] eval 2.566065e-3 s
[acc] eval 2.17297e-3 s
[acc] eval 2.190755e-3 s
[acc] eval 8.778427e-3 s
[acc] eval 0.171548715 s
[acc] compile 5.8673974e-2 s
[acc] eval 2.8188894e-2 s
[acc] eval 9.1441473e-2 s
[acc] compile 2.0289193e-2 s
[acc] eval 2.8178316e-2 s
[acc] eval 6.4148611e-2 s
[acc] compile 0.133458036 s
[acc] eval 2.0122629e-2 s
[acc] eval 0.163945363 s
[acc] compile 7.016916e-2 s
[acc] eval 1.1496486e-2 s
[acc] eval 8.4004446e-2 s
[acc] compile 6.8498825e-2 s
[acc] eval 1.8362248e-2 s
[acc] eval 8.9589302e-2 s
[acc] compile 5.620099e-3 s
[acc] eval 7.495798e-3 s
[acc] eval 1.6419034e-2 s
[acc] compile 8.4704992e-2 s
[acc] eval 2.2543712e-2 s
[acc] eval 0.116052356 s
[acc] compile 0.435234813 s
[acc] eval 3.7766349e-2 s
[acc] eval 0.497828199 s
[acc] compile 0.135285634 s
[acc] eval 2.6967219e-2 s
[acc] eval 0.173898005 s
[acc] compile 8.6665743e-2 s
[acc] eval 2.5903143e-2 s
[acc] eval 0.118938915 s
[acc] compile 1.3416761e-2 s
[acc] eval 1.3399016e-2 s
[acc] eval 2.8917427e-2 s
[acc] compile 5.874929e-3 s
[acc] eval 2.0320099e-2 s
[acc] eval 3.6672745e-2 s
[acc] compile 6.055929e-3 s
[acc] eval 1.4694439e-2 s
[acc] eval 2.3112687e-2 s
[acc] compile 5.580919e-3 s
[acc] eval 1.9982848e-2 s
[acc] eval 2.9450963e-2 s
[acc] compile 6.7844332e-2 s
[acc] eval 1.5447695e-2 s
[acc] eval 8.6888647e-2 s
[acc] compile 1.6636851e-2 s
[acc] eval 2.2525085e-2 s
[acc] eval 4.5042322e-2 s
[acc] compile 6.613054e-3 s
[acc] eval 1.8596397e-2 s
[acc] eval 3.0128011e-2 s
[acc] compile 0.143901189 s
[acc] eval 2.1807562e-2 s
[acc] eval 0.17560971 s
[acc] compile 0.305679609 s
[acc] eval 3.6212763e-2 s
[acc] eval 4.216385e-3 s
[acc] eval 4.620016e-3 s
[acc] eval 4.635786e-3 s
[acc] eval 4.177632e-3 s
[acc] eval 4.022429e-3 s
[acc] eval 3.484535e-3 s
[acc] eval 3.086814e-3 s
[acc] eval 3.338841e-3 s
[acc] eval 3.262587e-3 s
[acc] eval 3.08851e-3 s
[acc] eval 3.219321e-3 s
[acc] eval 3.404641e-3 s
[acc] eval 3.20261e-3 s
[acc] eval 2.960165e-3 s
[acc] eval 2.763348e-3 s
[acc] eval 1.2220152e-2 s
[acc] eval 2.764295e-3 s
[acc] eval 2.662776e-3 s
[acc] eval 2.645443e-3 s
[acc] eval 2.782403e-3 s
[acc] eval 2.691305e-3 s
[acc] eval 3.244239e-3 s
[acc] eval 3.873926e-3 s
[acc] eval 8.188009e-3 s
[acc] eval 3.914093e-3 s
[acc] eval 3.438514e-3 s
[acc] eval 3.149581e-3 s
[acc] eval 3.168474e-3 s
[acc] eval 3.370544e-3 s
[acc] eval 0.460895467 s
[acc] compile 4.6781221e-2 s
[acc] eval 2.6647132e-2 s
[acc] eval 7.859089e-2 s
[acc] compile 0.191674781 s
[acc] eval 1.3427738e-2 s
[acc] eval 0.211848196 s
[acc] compile 0.231420656 s
[acc] eval 3.6511942e-2 s
[acc] eval 0.274581867 s
[acc] compile 0.231044952 s
[acc] eval 2.2232726e-2 s
[acc] eval 0.258606188 s
[acc] compile 0.13088483 s
[acc] eval 2.0381634e-2 s
[acc] eval 0.169244724 s
[acc] compile 6.853619e-3 s
[acc] eval 1.8261615e-2 s
[acc] eval 3.58635e-3 s
[acc] eval 8.925699e-3 s
[acc] eval 4.0788011e-2 s
[acc] compile 0.242247047 s
[acc] eval 3.3027925e-2 s
[acc] eval 0.281109976 s
[acc] compile 0.236343219 s
[acc] eval 1.612326e-2 s
[acc] eval 0.261011553 s
[acc] compile 0.119339079 s
[acc] eval 8.102371e-3 s
[acc] eval 0.131702443 s
[acc] compile 0.198077442 s
[acc] eval 1.8515947e-2 s
[acc] eval 0.222206536 s
[acc] compile 0.183723396 s
[acc] eval 1.4902194e-2 s
[acc] eval 0.206604566 s
[acc] compile 0.264124094 s
[acc] eval 1.8234427e-2 s
[acc] eval 0.287195499 s
[acc] compile 0.192837148 s
[acc] eval 7.773407e-3 s
[acc] eval 1.3994341e-2 s
[acc] eval 0.224716246 s
[acc] compile 0.358150687 s
[acc] eval 3.0039479e-2 s
[acc] eval 0.392695119 s
[acc] compile 0.152362743 s
[acc] eval 1.3410044e-2 s
[acc] eval 0.175610044 s
[acc] compile 0.122475387 s
[acc] eval 6.786911e-3 s
[acc] eval 0.132350017 s
[acc] compile 9.89463e-3 s
[acc] eval 6.20108e-3 s
[acc] eval 2.746754e-3 s
[acc] eval 2.72324e-3 s
[acc] eval 2.560337e-3 s
[acc] eval 3.161302e-3 s
[acc] eval 3.944085e-3 s
[acc] eval 4.036813e-3 s
[acc] eval 3.532515e-3 s
[acc] eval 3.319373e-3 s
[acc] eval 2.758845e-3 s
[acc] eval 1.1782679e-2 s
[acc] eval 2.422251e-3 s
[acc] eval 2.494064e-3 s
[acc] eval 2.247951e-3 s
[acc] eval 2.776828e-3 s
[acc] eval 3.125997e-3 s
[acc] eval 7.493479e-2 s
[acc] compile 8.737488e-3 s
[acc] eval 2.117818e-2 s
[acc] eval 3.2602107e-2 s
[acc] compile 5.8258368e-2 s
[acc] eval 3.8636736e-2 s
[acc] eval 0.100426182 s
[acc] compile 2.685963e-3 s
[acc] eval 4.903929e-3 s
[acc] eval 1.039891e-3 s
[acc] eval 9.76201e-4 s
[acc] eval 1.0831483e-2 s
[acc] compile 1.0150064e-2 s
[acc] eval 1.923213e-2 s
[acc] eval 3.3533956e-2 s
[acc] compile 0.142881822 s
[acc] eval 3.0797068e-2 s
[acc] eval 5.587154e-3 s
[acc] eval 5.457402e-3 s
[acc] eval 4.803627e-3 s
[acc] eval 4.403682e-3 s
[acc] eval 3.221688e-3 s
[acc] eval 2.98585e-3 s
[acc] eval 2.990301e-3 s
[acc] eval 3.568977e-3 s
[acc] eval 3.616349e-3 s
[acc] eval 3.694418e-3 s
[acc] eval 3.344825e-3 s
[acc] eval 0.222999983 s
[acc] compile 0.258614527 s
[acc] eval 2.6055981e-2 s
[acc] eval 0.289837823 s
[acc] compile 6.014035e-3 s
[acc] eval 1.158411e-2 s
[acc] eval 2.255784e-3 s
[acc] eval 8.897185e-3 s
[acc] eval 2.161246e-3 s
[acc] eval 1.989338e-3 s
[acc] eval 2.006823e-3 s
[acc] eval 2.428621e-3 s
[acc] eval 2.205277e-3 s
[acc] eval 2.089224e-3 s
[acc] eval 2.244074e-3 s
[acc] eval 2.176708e-3 s
[acc] eval 1.913985e-3 s
[acc] eval 1.879178e-3 s
[acc] eval 2.706431e-3 s
[acc] eval 2.434895e-3 s
[acc] eval 2.859811e-3 s
[acc] eval 2.503897e-3 s
[acc] eval 2.367022e-3 s
[acc] eval 2.484128e-3 s
[acc] eval 2.215547e-3 s
[acc] eval 2.584987e-3 s
[acc] eval 2.236848e-3 s
[acc] eval 2.0245e-3 s
[acc] eval 1.645151e-3 s
[acc] eval 1.41603e-3 s
[acc] eval 1.808484e-3 s
[acc] eval 2.171149e-3 s
[acc] eval 2.004583e-3 s
[acc] eval 2.512091e-3 s
[acc] eval 1.737686e-3 s
[acc] eval 1.589651e-3 s
[acc] eval 1.68565e-3 s
[acc] eval 1.651554e-3 s
[acc] eval 1.668965e-3 s
[acc] eval 1.878775e-3 s
[acc] eval 1.904441e-3 s
[acc] eval 1.649102e-3 s
[acc] eval 1.572312e-3 s
[acc] eval 0.107814867 s
[acc] compile 8.16625e-3 s
[acc] eval 8.076203e-3 s
[acc] eval 4.472392e-3 s
[acc] eval 2.984751e-3 s
[acc] eval 2.721643e-3 s
[acc] eval 2.594986e-3 s
[acc] eval 2.525204e-3 s
[acc] eval 2.872849e-3 s
[acc] eval 2.687729e-3 s
[acc] eval 9.055867e-3 s
[acc] eval 2.590225e-3 s
[acc] eval 2.403478e-3 s
[acc] eval 2.106111e-3 s
[acc] eval 2.428456e-3 s
[acc] eval 1.929134e-3 s
[acc] eval 1.948929e-3 s
[acc] eval 1.876012e-3 s
[acc] eval 2.306466e-3 s
[acc] eval 2.167659e-3 s
[acc] eval 2.165685e-3 s
[acc] eval 2.106053e-3 s
[acc] eval 1.871259e-3 s
[acc] eval 1.837073e-3 s
[acc] eval 1.831572e-3 s
[acc] eval 2.032266e-3 s
[acc] eval 1.604788e-3 s
[acc] eval 1.769226e-3 s
[acc] eval 1.520626e-3 s
[acc] eval 1.523605e-3 s
[acc] eval 1.399888e-3 s
[acc] eval 1.752527e-3 s
[acc] eval 1.903829e-3 s
[acc] eval 1.408106e-3 s
[acc] eval 1.435346e-3 s
[acc] eval 1.465684e-3 s
[acc] eval 9.9167536e-2 s
[acc] compile 7.465112e-3 s
[acc] eval 1.9636816e-2 s
[acc] eval 3.0031624e-2 s
[acc] compile 7.142257e-3 s
[acc] eval 2.2901597e-2 s
[acc] eval 3.2205333e-2 s
[acc] compile 6.118975e-3 s
[acc] eval 7.352382e-3 s
[acc] eval 1.6132369e-2 s
[acc] compile 5.9810848e-2 s
[acc] eval 1.0445436e-2 s
[acc] eval 4.075764e-3 s
[acc] eval 3.756355e-3 s
[acc] eval 3.262181e-3 s
[acc] eval 2.793387e-3 s
[acc] eval 7.737775e-3 s
[acc] eval 1.583127e-3 s
[acc] eval 1.589492e-3 s
[acc] eval 1.65233e-3 s
[acc] eval 1.67735e-3 s
[acc] eval 1.69215e-3 s
[acc] eval 1.671105e-3 s
[acc] eval 1.555534e-3 s
[acc] eval 1.536685e-3 s
[acc] eval 1.663033e-3 s
[acc] eval 1.741846e-3 s
[acc] eval 1.623915e-3 s
[acc] eval 1.571705e-3 s
[acc] eval 1.463596e-3 s
[acc] eval 1.656284e-3 s
[acc] eval 2.188148e-3 s
[acc] eval 1.936402e-3 s
[acc] eval 1.919699e-3 s
[acc] eval 2.081654e-3 s
[acc] eval 2.00698e-3 s
[acc] eval 1.979564e-3 s
[acc] eval 1.735875e-3 s
[acc] eval 1.754171e-3 s
[acc] eval 1.554868e-3 s
[acc] eval 1.252254e-3 s
[acc] eval 0.136680386 s
[acc] compile 8.328283e-3 s
[acc] eval 1.2184433e-2 s
[acc] eval 2.336298e-2 s
[acc] compile 0.493542827 s
[acc] eval 4.6066565e-2 s
[acc] eval 0.545245947 s
[acc] compile 0.463591314 s
[acc] eval 3.7716373e-2 s
[acc] eval 0.508567323 s
[acc] compile 4.491595e-3 s
[acc] eval 1.7426862e-2 s
[acc] eval 1.183789e-3 s
[acc] eval 1.167849e-3 s
[acc] eval 2.6152233e-2 s
[acc] compile 1.0661175e-2 s
[acc] eval 6.548585e-3 s
[acc] eval 3.150771e-3 s
[acc] eval 3.435627e-3 s
[acc] eval 3.315569e-3 s
[acc] eval 2.960585e-3 s
[acc] eval 3.034265e-3 s
[acc] eval 2.142273e-3 s
[acc] eval 2.666348e-3 s
[acc] eval 3.978948e-3 s
[acc] eval 1.3317923e-2 s
[acc] eval 1.774117e-3 s
[acc] eval 1.754064e-3 s
[acc] eval 1.636637e-3 s
[acc] eval 1.565742e-3 s
[acc] eval 1.588845e-3 s
[acc] eval 1.708913e-3 s
[acc] eval 1.625364e-3 s
[acc] eval 1.38e-3 s
[acc] eval 1.604354e-3 s
[acc] eval 1.73748e-3 s
[acc] eval 1.508495e-3 s
[acc] eval 1.61626e-3 s
[acc] eval 1.456026e-3 s
[acc] eval 1.46092e-3 s
[acc] eval 1.383667e-3 s
[acc] eval 1.617503e-3 s
[acc] eval 1.451849e-3 s
[acc] eval 1.46526e-3 s
[acc] eval 1.59355e-3 s
[acc] eval 1.615916e-3 s
[acc] eval 1.503952e-3 s
[acc] eval 9.4396389e-2 s
