[acc] compile 1.6316688e-2 s
[acc] eval 2.173167086 s
[acc] compile 3.88697e-4 s
[acc] eval 7.4849639e-2 s
[acc] compile 3.72833e-4 s
[acc] eval 6.989576e-2 s
[acc] compile 3.42227e-4 s
[acc] eval 0.162037637 s
[acc] compile 3.77265e-4 s
[acc] eval 0.16706289 s
[acc] compile 3.17802e-4 s
[acc] eval 0.155809429 s
[acc] compile 3.42672e-4 s
[acc] eval 0.163186853 s
[acc] compile 3.74063e-4 s
[acc] eval 0.136964767 s
[acc] compile 3.88922e-4 s
[acc] eval 7.7952316e-2 s
[acc] compile 0.134325108 s
[acc] eval 3.3027777e-2 s
[acc] eval 0.171365719 s
[acc] compile 7.292338e-3 s
[acc] eval 1.1661132e-2 s
[acc] eval 2.1675279e-2 s
[acc] compile 3.89573e-3 s
[acc] eval 7.307594e-3 s
[acc] eval 7.02528e-4 s
[acc] eval 5.61443e-4 s
[acc] eval 1.3518071e-2 s
[acc] compile 0.298359155 s
[acc] eval 4.5904785e-2 s
[acc] eval 1.3070366e-2 s
[acc] eval 5.2678073e-2 s
[acc] eval 4.649835e-3 s
[acc] eval 4.862204e-3 s
[acc] eval 4.627072e-3 s
[acc] eval 4.493915e-3 s
[acc] eval 4.951981e-3 s
[acc] eval 4.020821e-3 s
[acc] eval 4.106185e-3 s
[acc] eval 4.392695e-3 s
[acc] eval 4.590139e-3 s
[acc] eval 0.45721121 s
[acc] compile 0.190577407 s
[acc] eval 1.6949576e-2 s
[acc] eval 0.214325267 s
[acc] compile 6.171634e-3 s
[acc] eval 4.152035e-3 s
[acc] eval 1.2705228e-2 s
[acc] compile 0.104115835 s
[acc] eval 5.297946e-3 s
[acc] eval 0.112407432 s
[acc] compile 0.127371889 s
[acc] eval 1.1440931e-2 s
[acc] eval 7.659696e-3 s
[acc] eval 2.875244e-3 s
[acc] eval 3.392585e-3 s
[acc] eval 3.634018e-3 s
[acc] eval 2.902735e-3 s
[acc] eval 2.874738e-3 s
[acc] eval 2.747652e-3 s
[acc] eval 2.522462e-3 s
[acc] eval 2.447583e-3 s
[acc] eval 2.512644e-3 s
[acc] eval 2.762453e-3 s
[acc] eval 2.253251e-3 s
[acc] eval 2.050489e-3 s
[acc] eval 2.157209e-3 s
[acc] eval 0.186102943 s
[acc] compile 6.9885047e-2 s
[acc] eval 8.131404e-3 s
[acc] eval 8.2305561e-2 s
[acc] compile 0.16780923 s
[acc] eval 1.7052037e-2 s
[acc] eval 0.190434194 s
[acc] compile 0.209709562 s
[acc] eval 1.7866155e-2 s
[acc] eval 0.234967183 s
[acc] compile 0.495002729 s
[acc] eval 2.7619211e-2 s
[acc] eval 0.529253764 s
[acc] compile 7.014917e-3 s
[acc] eval 9.717314e-3 s
[acc] eval 3.698549e-3 s
[acc] eval 4.210211e-3 s
[acc] eval 4.956352e-3 s
[acc] eval 3.238193e-3 s
[acc] eval 2.454318e-3 s
[acc] eval 2.809768e-3 s
[acc] eval 2.602745e-3 s
[acc] eval 2.986002e-3 s
[acc] eval 1.815191e-3 s
[acc] eval 1.996278e-3 s
[acc] eval 2.632393e-3 s
[acc] eval 4.308197e-3 s
[acc] eval 1.9403667e-2 s
[acc] eval 5.650858e-3 s
[acc] eval 3.640109e-3 s
[acc] eval 2.301831e-3 s
[acc] eval 1.83969e-3 s
[acc] eval 1.924816e-3 s
[acc] eval 3.668142e-3 s
[acc] eval 3.03705e-3 s
[acc] eval 0.102361307 s
[acc] compile 0.179144199 s
[acc] eval 1.4486828e-2 s
[acc] eval 0.19698042 s
[acc] compile 1.0250096e-2 s
[acc] eval 3.889043e-3 s
[acc] eval 1.522545e-3 s
[acc] eval 7.444132e-3 s
[acc] eval 2.5161832e-2 s
[acc] compile 0.151546007 s
[acc] eval 1.3448596e-2 s
[acc] eval 6.575755e-3 s
[acc] eval 4.026161e-3 s
[acc] eval 7.093324e-3 s
[acc] eval 5.107959e-3 s
[acc] eval 3.535504e-3 s
[acc] eval 3.540439e-3 s
[acc] eval 3.151911e-3 s
[acc] eval 4.223446e-3 s
[acc] eval 3.352651e-3 s
[acc] eval 3.280056e-3 s
[acc] eval 2.801109e-3 s
[acc] eval 2.743918e-3 s
[acc] eval 3.657198e-3 s
[acc] eval 3.083291e-3 s
[acc] eval 2.963098e-3 s
[acc] eval 2.848368e-3 s
[acc] eval 2.751854e-3 s
[acc] eval 3.529453e-3 s
[acc] eval 3.312527e-3 s
[acc] eval 3.148244e-3 s
[acc] eval 2.879899e-3 s
[acc] eval 2.760082e-3 s
[acc] eval 2.802194e-3 s
[acc] eval 2.775267e-3 s
[acc] eval 0.256038692 s
[acc] compile 7.8909877e-2 s
[acc] eval 8.161695e-3 s
[acc] eval 9.0679935e-2 s
[acc] compile 5.370308e-3 s
[acc] eval 1.6264467e-2 s
[acc] eval 3.094177e-3 s
[acc] eval 2.8246748e-2 s
[acc] compile 0.208915991 s
[acc] eval 7.363283e-3 s
[acc] eval 0.221140632 s
[acc] compile 0.276722664 s
[acc] eval 1.8500859e-2 s
[acc] eval 0.301768028 s
[acc] compile 8.102863e-3 s
[acc] eval 6.042383e-3 s
[acc] eval 1.8779709e-2 s
[acc] compile 9.3255766e-2 s
[acc] eval 1.0167917e-2 s
[acc] eval 6.77992e-3 s
[acc] eval 4.121323e-3 s
[acc] eval 4.020356e-3 s
[acc] eval 3.785041e-3 s
[acc] eval 3.790481e-3 s
[acc] eval 4.058546e-3 s
[acc] eval 4.349004e-3 s
[acc] eval 3.83604e-3 s
[acc] eval 3.969163e-3 s
[acc] eval 4.186066e-3 s
[acc] eval 4.165347e-3 s
[acc] eval 3.65118e-3 s
[acc] eval 3.589076e-3 s
[acc] eval 4.461173e-3 s
[acc] eval 3.667625e-3 s
[acc] eval 3.682343e-3 s
[acc] eval 3.730896e-3 s
[acc] eval 3.801249e-3 s
[acc] eval 3.820217e-3 s
[acc] eval 3.551512e-3 s
[acc] eval 3.803717e-3 s
[acc] eval 3.303215e-3 s
[acc] eval 3.230306e-3 s
[acc] eval 3.216158e-3 s
[acc] eval 3.079314e-3 s
[acc] eval 3.052332e-3 s
[acc] eval 3.437352e-3 s
[acc] eval 4.375699e-3 s
[acc] eval 3.632278e-3 s
[acc] eval 3.966644e-3 s
[acc] eval 0.228284221 s
[acc] compile 5.8556774e-2 s
[acc] eval 5.478616e-3 s
[acc] eval 6.5701895e-2 s
[acc] compile 0.138583404 s
[acc] eval 8.303148e-3 s
[acc] eval 0.15011972 s
[acc] compile 7.260106e-3 s
[acc] eval 1.0291581e-2 s
[acc] eval 2.0397759e-2 s
[acc] compile 7.884177e-3 s
[acc] eval 7.178248e-3 s
[acc] eval 6.319552e-3 s
[acc] eval 1.261985e-3 s
[acc] eval 1.172712e-3 s
[acc] eval 1.119007e-3 s
[acc] eval 1.06639e-3 s
[acc] eval 1.049983e-3 s
[acc] eval 1.049659e-3 s
[acc] eval 1.011762e-3 s
[acc] eval 9.76344e-4 s
[acc] eval 9.87568e-4 s
[acc] eval 9.59129e-4 s
[acc] eval 3.4043349e-2 s
[acc] compile 0.278438854 s
[acc] eval 7.005147e-3 s
[acc] eval 0.288820405 s
[acc] compile 6.149602e-2 s
[acc] eval 2.9553937e-2 s
[acc] eval 9.4255119e-2 s
[acc] compile 3.582165e-3 s
[acc] eval 2.714984e-3 s
[acc] eval 1.176551e-3 s
[acc] eval 1.116028e-3 s
[acc] eval 9.791174e-3 s
[acc] compile 0.182464164 s
[acc] eval 2.252193e-2 s
[acc] eval 3.97767e-3 s
[acc] eval 6.733139e-3 s
[acc] eval 3.578046e-3 s
[acc] eval 2.947178e-3 s
[acc] eval 2.787765e-3 s
[acc] eval 2.836038e-3 s
[acc] eval 2.421617e-3 s
[acc] eval 4.577871e-3 s
[acc] eval 3.811973e-3 s
[acc] eval 4.211327e-3 s
[acc] eval 3.706437e-3 s
[acc] eval 0.2530675 s
[acc] compile 5.760139e-3 s
[acc] eval 3.418352e-3 s
[acc] eval 1.273012e-3 s
[acc] eval 6.76396e-4 s
[acc] eval 1.2734001e-2 s
[acc] compile 7.6894162e-2 s
[acc] eval 1.981845e-2 s
[acc] eval 0.10426313 s
[acc] compile 0.28397724 s
[acc] eval 2.6563441e-2 s
[acc] eval 0.328446806 s
[acc] compile 0.129058134 s
[acc] eval 6.724694e-3 s
[acc] eval 4.320278e-3 s
[acc] eval 0.146951662 s
[acc] compile 0.203103684 s
[acc] eval 6.962243e-3 s
[acc] eval 0.217151906 s
[acc] compile 9.3423437e-2 s
[acc] eval 8.271334e-3 s
[acc] eval 4.649717e-3 s
[acc] eval 2.520365e-3 s
[acc] eval 2.471824e-3 s
[acc] eval 2.422846e-3 s
[acc] eval 6.380852e-3 s
[acc] eval 2.359989e-3 s
[acc] eval 2.129845e-3 s
[acc] eval 2.072069e-3 s
[acc] eval 2.084006e-3 s
[acc] eval 1.947992e-3 s
[acc] eval 1.917691e-3 s
[acc] eval 1.981592e-3 s
[acc] eval 2.364633e-3 s
[acc] eval 2.176245e-3 s
[acc] eval 0.143202127 s
[acc] compile 8.1201332e-2 s
[acc] eval 1.5060723e-2 s
[acc] eval 0.100105937 s
[acc] compile 1.028407e-3 s
[acc] eval 8.334499e-3 s
[acc] compile 0.195334444 s
[acc] eval 2.2984982e-2 s
[acc] eval 0.2260447 s
[acc] compile 0.144139309 s
[acc] eval 1.1850401e-2 s
[acc] eval 0.16576601 s
[acc] compile 0.559207407 s
[acc] eval 3.4182015e-2 s
[acc] eval 0.601300247 s
[acc] compile 5.795226e-3 s
[acc] eval 5.628896e-3 s
[acc] eval 2.475449e-3 s
[acc] eval 1.663613e-2 s
[acc] compile 5.3627235e-2 s
[acc] eval 3.987366e-3 s
[acc] eval 9.41845e-4 s
[acc] eval 5.83586e-4 s
[acc] eval 6.0613305e-2 s
[acc] compile 9.673379e-3 s
[acc] eval 1.4671692e-2 s
[acc] eval 2.7085716e-2 s
[acc] compile 8.1093828e-2 s
[acc] eval 1.1558382e-2 s
[acc] eval 4.371595e-3 s
[acc] eval 3.681704e-3 s
[acc] eval 4.480198e-3 s
[acc] eval 3.315647e-3 s
[acc] eval 3.838171e-3 s
[acc] eval 3.446449e-3 s
[acc] eval 5.417473e-3 s
[acc] eval 4.791143e-3 s
[acc] eval 5.585628e-3 s
[acc] eval 7.494199e-3 s
[acc] eval 5.630369e-3 s
[acc] eval 8.218516e-3 s
[acc] eval 2.2825458e-2 s
[acc] eval 4.585643e-3 s
[acc] eval 3.222451e-3 s
[acc] eval 4.675662e-3 s
[acc] eval 2.777802e-3 s
[acc] eval 2.667227e-3 s
[acc] eval 2.651716e-3 s
[acc] eval 2.558244e-3 s
[acc] eval 2.753421e-3 s
[acc] eval 2.937586e-3 s
[acc] eval 2.740532e-3 s
[acc] eval 2.726934e-3 s
[acc] eval 2.626156e-3 s
[acc] eval 2.694895e-3 s
[acc] eval 2.873289e-3 s
[acc] eval 2.851201e-3 s
[acc] eval 2.705256e-3 s
[acc] eval 0.230107228 s
[acc] compile 0.132984829 s
[acc] eval 1.8543292e-2 s
[acc] eval 0.157039424 s
[acc] compile 0.243483958 s
[acc] eval 2.936738e-2 s
[acc] eval 0.280154144 s
[acc] compile 0.147301716 s
[acc] eval 1.3101647e-2 s
[acc] eval 0.167980249 s
[acc] compile 0.295193321 s
[acc] eval 3.6264385e-2 s
[acc] eval 0.335636954 s
[acc] compile 3.809571e-3 s
[acc] eval 2.658237e-3 s
[acc] eval 3.95517e-4 s
[acc] eval 4.12708e-4 s
[acc] eval 8.052177e-3 s
[acc] compile 4.921194e-3 s
[acc] eval 4.49598e-3 s
[acc] eval 1.881478e-3 s
[acc] eval 1.871298e-3 s
[acc] eval 1.865695e-3 s
[acc] eval 1.890773e-3 s
[acc] eval 1.778039e-3 s
[acc] eval 1.911651e-3 s
[acc] eval 2.013621e-3 s
[acc] eval 1.87648e-3 s
[acc] eval 8.186095e-3 s
[acc] eval 1.858983e-3 s
[acc] eval 1.541925e-3 s
[acc] eval 1.454439e-3 s
[acc] eval 1.370466e-3 s
[acc] eval 1.346145e-3 s
[acc] eval 1.31517e-3 s
[acc] eval 1.703737e-3 s
[acc] eval 2.625726e-3 s
[acc] eval 1.480011e-3 s
[acc] eval 1.32188e-3 s
[acc] eval 1.352344e-3 s
[acc] eval 1.328831e-3 s
[acc] eval 2.229391e-3 s
[acc] eval 2.304384e-3 s
[acc] eval 2.187047e-3 s
[acc] eval 3.760228e-3 s
[acc] eval 2.236056e-3 s
[acc] eval 2.623583e-3 s
[acc] eval 2.964045e-3 s
[acc] eval 2.925117e-3 s
[acc] eval 7.7976976e-2 s
[acc] compile 0.358078057 s
[acc] eval 1.2921947e-2 s
[acc] eval 0.382552232 s
[acc] compile 0.223079777 s
[acc] eval 6.627535e-3 s
[acc] eval 0.234420348 s
[acc] compile 0.164874435 s
[acc] eval 1.7738404e-2 s
[acc] eval 0.190895928 s
[acc] compile 4.779956e-3 s
[acc] eval 3.056812e-3 s
[acc] eval 7.6795e-4 s
[acc] eval 5.16787e-4 s
[acc] eval 1.022955e-2 s
[acc] compile 7.0502754e-2 s
[acc] eval 2.9392784e-2 s
[acc] eval 2.150845e-3 s
[acc] eval 1.940867e-3 s
[acc] eval 1.776494e-3 s
[acc] eval 2.573139e-3 s
[acc] eval 2.191085e-3 s
[acc] eval 1.908749e-3 s
[acc] eval 1.916852e-3 s
[acc] eval 1.98505e-3 s
[acc] eval 1.888543e-3 s
[acc] eval 1.714579e-3 s
[acc] eval 1.842041e-3 s
[acc] eval 2.325941e-3 s
[acc] eval 1.96056e-3 s
[acc] eval 1.975397e-3 s
[acc] eval 1.943207e-3 s
[acc] eval 1.769557e-3 s
[acc] eval 1.802838e-3 s
[acc] eval 1.675406e-3 s
[acc] eval 1.764409e-3 s
[acc] eval 2.297611e-3 s
[acc] eval 2.017111e-3 s
[acc] eval 1.93279e-3 s
[acc] eval 1.862817e-3 s
[acc] eval 1.810051e-3 s
[acc] eval 1.759822e-3 s
[acc] eval 1.675688e-3 s
[acc] eval 1.599488e-3 s
[acc] eval 2.270449e-3 s
[acc] eval 1.942749e-3 s
[acc] eval 0.160774235 s
[acc] compile 0.10870072 s
[acc] eval 9.890609e-3 s
[acc] eval 0.123817598 s
[acc] compile 0.137606251 s
[acc] eval 2.65982e-2 s
[acc] eval 0.167601567 s
[acc] compile 0.143454709 s
[acc] eval 6.440027e-3 s
[acc] eval 5.219778e-3 s
[acc] eval 8.139722e-3 s
[acc] eval 6.844758e-3 s
[acc] eval 4.908124e-3 s
[acc] eval 7.748441e-3 s
[acc] eval 5.312789e-3 s
[acc] eval 4.155323e-3 s
[acc] eval 7.464896e-3 s
[acc] eval 4.040773e-3 s
[acc] eval 4.481054e-3 s
[acc] eval 5.817198e-3 s
[acc] eval 4.032924e-3 s
[acc] eval 4.331261e-3 s
[acc] eval 5.554042e-3 s
[acc] eval 4.289039e-3 s
[acc] eval 4.008614e-3 s
[acc] eval 5.118246e-3 s
[acc] eval 4.341194e-3 s
[acc] eval 5.226661e-3 s
[acc] eval 7.994967e-3 s
[acc] eval 8.406552e-3 s
[acc] eval 1.2425182e-2 s
[acc] eval 3.341768e-3 s
[acc] eval 2.809242e-3 s
[acc] eval 2.65765e-3 s
[acc] eval 3.497399e-3 s
[acc] eval 2.484642e-3 s
[acc] eval 2.239248e-3 s
[acc] eval 2.777782e-3 s
[acc] eval 0.307992573 s
[acc] compile 8.52059e-4 s
[acc] eval 8.811218e-3 s
[acc] compile 8.389063e-3 s
[acc] eval 1.7311903e-2 s
[acc] eval 2.8575799e-2 s
[acc] compile 9.3221602e-2 s
[acc] eval 8.033358e-3 s
[acc] eval 8.925549e-3 s
[acc] eval 1.3361919e-2 s
[acc] eval 8.859081e-3 s
[acc] eval 1.159928e-2 s
[acc] eval 9.531163e-3 s
[acc] eval 8.507983e-3 s
[acc] eval 7.910187e-3 s
[acc] eval 1.0477749e-2 s
[acc] eval 5.998693e-3 s
[acc] eval 6.966154e-3 s
[acc] eval 4.293232e-3 s
[acc] eval 5.900041e-3 s
[acc] eval 6.468324e-3 s
[acc] eval 4.48639e-3 s
[acc] eval 4.04064e-3 s
[acc] eval 7.037809e-3 s
[acc] eval 6.193657e-3 s
[acc] eval 4.504904e-3 s
[acc] eval 3.746255e-3 s
[acc] eval 3.469683e-3 s
[acc] eval 3.506324e-3 s
[acc] eval 3.793353e-3 s
[acc] eval 4.458943e-3 s
[acc] eval 3.869393e-3 s
[acc] eval 3.74958e-3 s
[acc] eval 4.028263e-3 s
[acc] eval 4.29593e-3 s
[acc] eval 4.089643e-3 s
[acc] eval 5.218215e-3 s
[acc] eval 5.85828e-3 s
[acc] eval 6.442869e-3 s
[acc] eval 3.698821e-3 s
[acc] eval 3.249354e-3 s
[acc] eval 4.201708e-3 s
[acc] eval 3.125078e-3 s
[acc] eval 3.366639e-3 s
[acc] eval 0.31920949 s
[acc] compile 0.281544734 s
[acc] eval 2.800755e-2 s
[acc] eval 0.315455266 s
[acc] compile 0.261856211 s
[acc] eval 3.3235152e-2 s
[acc] eval 0.301495654 s
[acc] compile 6.543397e-3 s
[acc] eval 1.162401e-2 s
[acc] eval 9.459026e-3 s
[acc] eval 3.2043732e-2 s
[acc] compile 7.1545249e-2 s
[acc] eval 6.171714e-3 s
[acc] eval 3.308358e-3 s
[acc] eval 2.830799e-3 s
[acc] eval 3.178783e-3 s
[acc] eval 9.1953063e-2 s
[acc] compile 7.471048e-3 s
[acc] eval 7.045433e-3 s
[acc] eval 1.9693093e-2 s
[acc] compile 6.6997218e-2 s
[acc] eval 1.6512784e-2 s
[acc] eval 8.500546e-3 s
[acc] eval 5.824112e-3 s
[acc] eval 6.777132e-3 s
[acc] eval 5.980319e-3 s
[acc] eval 5.947267e-3 s
[acc] eval 7.610961e-3 s
[acc] eval 6.292522e-3 s
[acc] eval 6.546366e-3 s
[acc] eval 6.150486e-3 s
[acc] eval 5.967637e-3 s
[acc] eval 8.873625e-3 s
[acc] eval 6.086915e-3 s
[acc] eval 6.325826e-3 s
[acc] eval 5.875258e-3 s
[acc] eval 9.628921e-3 s
[acc] eval 9.036023e-3 s
[acc] eval 7.402668e-3 s
[acc] eval 5.923357e-3 s
[acc] eval 5.966852e-3 s
[acc] eval 5.87464e-3 s
[acc] eval 0.230595539 s
[acc] compile 0.477855696 s
[acc] eval 3.1951197e-2 s
[acc] eval 1.3051711e-2 s
[acc] eval 5.431931e-3 s
[acc] eval 5.259939e-3 s
[acc] eval 5.133949e-3 s
[acc] eval 6.249431e-3 s
[acc] eval 5.817294e-3 s
[acc] eval 1.0965624e-2 s
[acc] eval 5.282341e-3 s
[acc] eval 5.458076e-3 s
[acc] eval 6.389994e-3 s
[acc] eval 5.763943e-3 s
[acc] eval 9.902091e-3 s
[acc] eval 5.558884e-3 s
[acc] eval 4.835835e-3 s
[acc] eval 6.40317e-3 s
[acc] eval 5.269312e-3 s
[acc] eval 8.951401e-3 s
[acc] eval 5.717156e-3 s
[acc] eval 7.448039e-3 s
[acc] eval 5.57743e-3 s
[acc] eval 5.651418e-3 s
[acc] eval 1.0121351e-2 s
[acc] eval 5.335659e-3 s
[acc] eval 6.242867e-3 s
[acc] eval 5.387139e-3 s
[acc] eval 5.089328e-3 s
[acc] eval 1.1206694e-2 s
[acc] eval 6.028472e-3 s
[acc] eval 7.194382e-3 s
[acc] eval 5.633847e-3 s
[acc] eval 0.726256363 s
[acc] compile 0.419700294 s
[acc] eval 2.6217615e-2 s
[acc] eval 4.623308e-3 s
[acc] eval 3.878204e-3 s
[acc] eval 4.496353e-3 s
[acc] eval 3.693216e-3 s
[acc] eval 3.503985e-3 s
[acc] eval 3.753819e-3 s
[acc] eval 4.855159e-3 s
[acc] eval 4.174063e-3 s
[acc] eval 3.844888e-3 s
[acc] eval 3.689511e-3 s
[acc] eval 4.856553e-3 s
[acc] eval 4.458257e-3 s
[acc] eval 4.360142e-3 s
[acc] eval 4.153779e-3 s
[acc] eval 4.821681e-3 s
[acc] eval 3.976858e-3 s
[acc] eval 3.897296e-3 s
[acc] eval 4.431578e-3 s
[acc] eval 5.621138e-3 s
[acc] eval 0.53447419 s
[acc] compile 4.843602e-3 s
[acc] eval 7.763624e-3 s
[acc] eval 1.44915e-2 s
[acc] eval 7.070311e-3 s
[acc] eval 3.505807e-3 s
[acc] eval 3.166433e-3 s
[acc] eval 3.648355e-3 s
[acc] eval 3.261928e-3 s
[acc] eval 2.816811e-3 s
[acc] eval 1.7816351e-2 s
[acc] eval 7.385179e-3 s
[acc] eval 2.125599e-3 s
[acc] eval 1.995951e-3 s
[acc] eval 8.3743661e-2 s
[acc] compile 8.279262e-3 s
[acc] eval 3.715526e-3 s
[acc] eval 1.433956e-3 s
[acc] eval 1.591247e-3 s
[acc] eval 1.720181e-3 s
[acc] eval 1.951294e-3 s
[acc] eval 2.334558e-3 s
[acc] eval 1.421288e-3 s
[acc] eval 5.670988e-3 s
[acc] eval 1.315222e-3 s
[acc] eval 9.78017e-4 s
[acc] eval 8.41233e-4 s
[acc] eval 8.81699e-4 s
[acc] eval 3.4747272e-2 s
[acc] compile 7.0766944e-2 s
[acc] eval 1.7406989e-2 s
[acc] eval 9.2775545e-2 s
[acc] compile 9.20143e-4 s
[acc] eval 5.310542e-3 s
[acc] compile 0.138506751 s
[acc] eval 3.2700516e-2 s
[acc] eval 0.17797787 s
[acc] compile 1.096468e-3 s
[acc] eval 5.36917e-3 s
[acc] compile 0.202246729 s
[acc] eval 2.0876377e-2 s
[acc] eval 0.228729088 s
[acc] compile 1.0730043e-2 s
[acc] eval 4.925602e-3 s
[acc] eval 3.523117e-3 s
[acc] eval 4.084077e-3 s
[acc] eval 3.455198e-3 s
[acc] eval 3.452863e-3 s
[acc] eval 3.425767e-3 s
[acc] eval 4.499254e-2 s
[acc] compile 5.475233e-3 s
[acc] eval 1.9321817e-2 s
[acc] eval 2.8793189e-2 s
[acc] compile 0.355450435 s
[acc] eval 1.7964983e-2 s
[acc] eval 8.409544e-3 s
[acc] eval 4.134477e-3 s
[acc] eval 4.085351e-3 s
[acc] eval 6.079104e-3 s
[acc] eval 0.401233865 s
[acc] compile 0.166702653 s
[acc] eval 1.3224977e-2 s
[acc] eval 0.185689334 s
[acc] compile 6.9412181e-2 s
[acc] eval 5.580926e-3 s
[acc] eval 2.277797e-3 s
[acc] eval 1.544584e-3 s
[acc] eval 8.154883e-2 s
[acc] compile 0.319542379 s
[acc] eval 2.440618e-2 s
[acc] eval 5.549033e-3 s
[acc] eval 0.35676961 s
[acc] compile 0.16707966 s
[acc] eval 2.5461992e-2 s
[acc] eval 5.395538e-3 s
[acc] eval 4.94981e-3 s
[acc] eval 1.1528713e-2 s
[acc] eval 5.623165e-3 s
[acc] eval 6.310642e-3 s
[acc] eval 4.661145e-3 s
[acc] eval 4.538931e-3 s
[acc] eval 5.542906e-3 s
[acc] eval 6.169496e-3 s
[acc] eval 1.0452832e-2 s
[acc] eval 6.639408e-3 s
[acc] eval 7.54233e-3 s
[acc] eval 5.92356e-3 s
[acc] eval 4.43715e-3 s
[acc] eval 6.404086e-3 s
[acc] eval 4.436208e-3 s
[acc] eval 4.254996e-3 s
[acc] eval 5.523289e-3 s
[acc] eval 4.291979e-3 s
[acc] eval 4.30345e-3 s
[acc] eval 5.077326e-3 s
[acc] eval 4.670849e-3 s
[acc] eval 4.409513e-3 s
[acc] eval 4.290851e-3 s
[acc] eval 5.069445e-3 s
[acc] eval 4.726175e-3 s
[acc] eval 4.410182e-3 s
[acc] eval 4.389998e-3 s
[acc] eval 4.153126e-3 s
[acc] eval 0.360391315 s
[acc] compile 0.216258258 s
[acc] eval 3.048421e-2 s
[acc] eval 0.257547094 s
[acc] compile 6.3791826e-2 s
[acc] eval 1.163636e-2 s
[acc] eval 8.1168602e-2 s
[acc] compile 7.031592e-2 s
[acc] eval 1.1819355e-2 s
[acc] eval 8.120864e-3 s
[acc] eval 1.603741e-3 s
[acc] eval 1.661323e-3 s
[acc] eval 1.040006e-3 s
[acc] eval 1.065948e-3 s
[acc] eval 1.105882e-3 s
[acc] eval 1.47718e-3 s
[acc] eval 2.392196e-3 s
[acc] eval 2.284722e-3 s
[acc] eval 1.682289e-3 s
[acc] eval 1.49258e-3 s
[acc] eval 1.422411e-3 s
[acc] eval 1.312884e-3 s
[acc] eval 1.110337e-3 s
[acc] eval 9.87388e-4 s
[acc] eval 8.88997e-4 s
[acc] eval 8.58324e-4 s
[acc] eval 1.140489e-3 s
[acc] eval 2.109027e-3 s
[acc] eval 1.132115e-3 s
[acc] eval 1.000719e-3 s
[acc] eval 9.17838e-4 s
[acc] eval 9.31592e-4 s
[acc] eval 9.48499e-4 s
[acc] eval 9.15367e-4 s
[acc] eval 8.91022e-4 s
[acc] eval 8.66711e-4 s
[acc] eval 8.76887e-4 s
[acc] eval 8.10652e-4 s
[acc] eval 0.128411382 s
[acc] compile 4.908979e-3 s
[acc] eval 4.829108e-3 s
[acc] eval 1.148409e-3 s
[acc] eval 1.030108e-3 s
[acc] eval 8.70207e-4 s
[acc] eval 1.090453e-3 s
[acc] eval 1.162485e-3 s
[acc] eval 9.34705e-4 s
[acc] eval 9.05132e-4 s
[acc] eval 1.08303e-3 s
[acc] eval 1.128183e-3 s
[acc] eval 9.24623e-4 s
[acc] eval 9.15678e-4 s
[acc] eval 1.214685e-3 s
[acc] eval 4.9603e-3 s
[acc] eval 8.9157e-4 s
[acc] eval 7.42086e-4 s
[acc] eval 9.67691e-4 s
[acc] eval 8.84293e-4 s
[acc] eval 6.45364e-4 s
[acc] eval 6.15408e-4 s
[acc] eval 6.09468e-4 s
[acc] eval 6.17621e-4 s
[acc] eval 9.3509e-4 s
[acc] eval 1.084566e-3 s
[acc] eval 8.36158e-4 s
[acc] eval 7.23266e-4 s
[acc] eval 6.56248e-4 s
[acc] eval 6.5686e-4 s
[acc] eval 6.54897e-4 s
[acc] eval 6.44326e-4 s
[acc] eval 4.2008571e-2 s
[acc] compile 5.5851703e-2 s
[acc] eval 6.63715e-3 s
[acc] eval 1.529471e-3 s
[acc] eval 2.471853e-3 s
[acc] eval 1.568437e-3 s
[acc] eval 1.330739e-3 s
[acc] eval 2.35678e-3 s
[acc] eval 3.566906e-3 s
[acc] eval 2.64768e-3 s
[acc] eval 3.16839e-3 s
[acc] eval 2.252192e-3 s
[acc] eval 2.495975e-3 s
[acc] eval 4.135184e-3 s
[acc] eval 2.633293e-3 s
[acc] eval 1.584532e-3 s
[acc] eval 1.093981e-3 s
[acc] eval 1.306966e-3 s
[acc] eval 1.40441e-3 s
[acc] eval 1.519579e-3 s
[acc] eval 2.430288e-3 s
[acc] eval 1.621337e-3 s
[acc] eval 5.041822e-3 s
[acc] eval 9.68483e-4 s
[acc] eval 9.98875e-4 s
[acc] eval 9.21497e-4 s
[acc] eval 8.11393e-4 s
[acc] eval 8.17737e-4 s
[acc] eval 7.95197e-4 s
[acc] eval 8.95555e-4 s
[acc] eval 1.125553e-3 s
[acc] eval 1.674767e-3 s
[acc] eval 0.122398361 s
[acc] compile 7.036378e-3 s
[acc] eval 1.2225415e-2 s
[acc] eval 2.2122727e-2 s
[acc] compile 0.513438604 s
[acc] eval 2.907628e-2 s
[acc] eval 0.548159281 s
[acc] compile 5.5671233e-2 s
[acc] eval 8.107454e-3 s
[acc] eval 6.6131241e-2 s
[acc] compile 0.140583563 s
[acc] eval 2.9819895e-2 s
[acc] eval 0.179112529 s
[acc] compile 1.368588e-3 s
[acc] eval 6.975309e-3 s
[acc] compile 4.38554e-3 s
[acc] eval 6.37393e-3 s
[acc] eval 1.3673831e-2 s
[acc] compile 6.094608e-3 s
[acc] eval 1.5779147e-2 s
[acc] eval 2.6687006e-2 s
[acc] compile 0.216709892 s
[acc] eval 9.005685e-3 s
[acc] eval 0.230697058 s
[acc] compile 0.122362558 s
[acc] eval 2.4568229e-2 s
[acc] eval 0.14991322 s
[acc] compile 2.480383e-3 s
[acc] eval 3.042451e-3 s
[acc] eval 5.71539e-4 s
[acc] eval 4.35042e-4 s
[acc] eval 8.050113e-3 s
[acc] compile 7.1522733e-2 s
[acc] eval 9.606118e-3 s
[acc] eval 8.7628831e-2 s
[acc] compile 0.13580621 s
[acc] eval 2.9737367e-2 s
[acc] eval 0.170544818 s
[acc] compile 5.01084e-4 s
[acc] eval 7.93921e-3 s
[acc] compile 4.4030482e-2 s
[acc] eval 8.958415e-3 s
[acc] eval 1.491867e-3 s
[acc] eval 1.472432e-3 s
[acc] eval 1.208144e-3 s
[acc] eval 1.097476e-3 s
[acc] eval 6.046239e-2 s
[acc] compile 9.159397e-3 s
[acc] eval 1.098919e-2 s
[acc] eval 2.335515e-3 s
[acc] eval 1.978399e-3 s
[acc] eval 2.12597e-3 s
[acc] eval 9.821111e-3 s
[acc] eval 1.75782e-3 s
[acc] eval 1.382609e-3 s
[acc] eval 1.968824e-3 s
[acc] eval 1.612009e-3 s
[acc] eval 1.623466e-3 s
[acc] eval 1.082433e-3 s
[acc] eval 1.04894e-3 s
[acc] eval 8.89837e-4 s
[acc] eval 8.9911e-4 s
[acc] eval 8.78803e-4 s
[acc] eval 8.04294e-4 s
[acc] eval 8.0161e-4 s
[acc] eval 7.7063e-4 s
[acc] eval 7.62382e-4 s
[acc] eval 7.60732e-4 s
[acc] eval 7.69633e-4 s
[acc] eval 8.65634e-4 s
[acc] eval 7.42826e-4 s
[acc] eval 7.89891e-4 s
[acc] eval 7.30146e-4 s
[acc] eval 7.38032e-4 s
[acc] eval 7.49523e-4 s
[acc] eval 7.26741e-4 s
[acc] eval 7.57303e-4 s
[acc] eval 7.46743e-4 s
[acc] eval 1.123623e-3 s
[acc] eval 6.7065244e-2 s
[acc] compile 6.133807e-3 s
[acc] eval 1.0604287e-2 s
[acc] eval 3.226466e-3 s
[acc] eval 4.404924e-3 s
[acc] eval 2.703247e-3 s
[acc] eval 4.18338e-3 s
[acc] eval 3.824064e-3 s
[acc] eval 2.8933e-3 s
[acc] eval 2.609675e-3 s
[acc] eval 2.124396e-3 s
[acc] eval 2.992252e-3 s
[acc] eval 3.298604e-3 s
[acc] eval 2.963541e-3 s
[acc] eval 7.754793e-3 s
[acc] eval 2.657662e-3 s
[acc] eval 2.324297e-3 s
[acc] eval 1.891506e-3 s
[acc] eval 1.90321e-3 s
[acc] eval 1.923149e-3 s
[acc] eval 2.1006e-3 s
[acc] eval 1.825247e-3 s
[acc] eval 1.6841e-3 s
[acc] eval 2.27682e-3 s
[acc] eval 2.125626e-3 s
[acc] eval 1.864404e-3 s
[acc] eval 1.825422e-3 s
[acc] eval 1.954331e-3 s
[acc] eval 1.727963e-3 s
[acc] eval 1.777029e-3 s
[acc] eval 1.754854e-3 s
[acc] eval 2.254982e-3 s
[acc] eval 2.053104e-3 s
[acc] eval 1.845635e-3 s
[acc] eval 1.837783e-3 s
[acc] eval 1.919869e-3 s
[acc] eval 2.102036e-3 s
[acc] eval 2.112154e-3 s
[acc] eval 0.111698911 s
[acc] compile 5.162454e-3 s
[acc] eval 3.669191e-3 s
[acc] eval 1.98481e-3 s
[acc] eval 1.919618e-3 s
[acc] eval 2.636885e-3 s
[acc] eval 2.99069e-3 s
[acc] eval 1.817107e-3 s
[acc] eval 1.32178e-3 s
[acc] eval 1.376552e-3 s
[acc] eval 1.292139e-3 s
[acc] eval 1.90445e-3 s
[acc] eval 1.584389e-3 s
[acc] eval 1.433209e-3 s
[acc] eval 3.1697706e-2 s
[acc] compile 6.990511e-3 s
[acc] eval 6.077063e-3 s
[acc] eval 2.2056308e-2 s
[acc] compile 7.131515e-3 s
[acc] eval 6.373415e-3 s
[acc] eval 3.457508e-3 s
[acc] eval 2.364296e-3 s
[acc] eval 2.2460088e-2 s
[acc] compile 6.883379e-3 s
[acc] eval 4.06041e-3 s
[acc] eval 1.405715e-3 s
[acc] eval 7.23483e-4 s
[acc] eval 1.4664449e-2 s
[acc] compile 1.236023e-3 s
[acc] eval 1.9465531e-2 s
[acc] compile 5.909635e-3 s
[acc] eval 7.320025e-3 s
[acc] eval 3.670471e-3 s
[acc] eval 4.591189e-3 s
[acc] eval 3.332006e-3 s
[acc] eval 3.133169e-3 s
[acc] eval 2.887494e-3 s
[acc] eval 3.292436e-3 s
[acc] eval 9.015038e-3 s
[acc] eval 2.848011e-3 s
[acc] eval 3.603584e-3 s
[acc] eval 3.657441e-3 s
[acc] eval 3.007918e-3 s
[acc] eval 2.13178e-3 s
[acc] eval 2.046102e-3 s
[acc] eval 2.284636e-3 s
[acc] eval 3.988159e-3 s
[acc] eval 3.053208e-3 s
[acc] eval 4.287641e-3 s
[acc] eval 8.0803167e-2 s
[acc] compile 8.0353399e-2 s
[acc] eval 2.5613865e-2 s
[acc] eval 6.021596e-3 s
[acc] eval 1.0998992e-2 s
[acc] eval 4.094571e-3 s
[acc] eval 5.682184e-3 s
[acc] eval 4.964098e-3 s
[acc] eval 3.64554e-3 s
[acc] eval 3.599776e-3 s
[acc] eval 4.70719e-3 s
[acc] eval 4.578556e-3 s
[acc] eval 0.160337613 s
[acc] compile 8.3651412e-2 s
[acc] eval 8.582672e-3 s
[acc] eval 9.5839875e-2 s
[acc] compile 0.378326173 s
[acc] eval 3.0328784e-2 s
[acc] eval 0.416262972 s
[acc] compile 0.160719436 s
[acc] eval 2.3036435e-2 s
[acc] eval 0.189505682 s
[acc] compile 8.373395e-3 s
[acc] eval 4.590119e-3 s
[acc] eval 3.411891e-3 s
[acc] eval 2.375526e-3 s
[acc] eval 3.566511e-3 s
[acc] eval 4.769661e-3 s
[acc] eval 9.489186e-3 s
[acc] eval 1.268714e-3 s
[acc] eval 1.290239e-3 s
[acc] eval 1.138025e-3 s
[acc] eval 1.224267e-3 s
[acc] eval 8.76847e-4 s
[acc] eval 8.93921e-4 s
[acc] eval 8.39817e-4 s
[acc] eval 8.27722e-4 s
[acc] eval 8.33767e-4 s
[acc] eval 8.38915e-4 s
[acc] eval 8.37681e-4 s
[acc] eval 9.13485e-4 s
[acc] eval 9.11186e-4 s
[acc] eval 8.97325e-4 s
[acc] eval 8.90732e-4 s
[acc] eval 8.74401e-4 s
[acc] eval 8.94125e-4 s
[acc] eval 8.97388e-4 s
[acc] eval 8.5278e-4 s
[acc] eval 8.53192e-4 s
[acc] eval 8.71714e-4 s
[acc] eval 8.30831e-4 s
[acc] eval 8.40045e-4 s
[acc] eval 8.53688e-4 s
[acc] eval 8.53626e-4 s
[acc] eval 6.3463079e-2 s
[acc] compile 3.064305e-3 s
[acc] eval 3.169891e-3 s
[acc] eval 5.43087e-4 s
[acc] eval 8.83273e-4 s
[acc] eval 8.71244e-3 s
[acc] compile 5.182056e-3 s
[acc] eval 6.398566e-3 s
[acc] eval 1.6412443e-2 s
[acc] compile 3.636147e-3 s
[acc] eval 6.632377e-3 s
[acc] eval 1.0925043e-2 s
[acc] eval 2.085084e-3 s
[acc] eval 2.6108677e-2 s
[acc] compile 3.926294e-3 s
[acc] eval 5.802009e-3 s
[acc] eval 2.159637e-3 s
[acc] eval 1.788895e-3 s
[acc] eval 1.470817e-3 s
[acc] eval 1.327452e-3 s
[acc] eval 2.52603e-3 s
[acc] eval 2.915053e-3 s
[acc] eval 2.047946e-3 s
[acc] eval 1.79627e-3 s
[acc] eval 1.738414e-3 s
[acc] eval 1.504662e-3 s
[acc] eval 1.447867e-3 s
[acc] eval 1.412513e-3 s
[acc] eval 2.160737e-3 s
[acc] eval 2.174503e-3 s
[acc] eval 4.014748e-2 s
[acc] compile 6.9798195e-2 s
[acc] eval 2.9747662e-2 s
[acc] eval 4.532266e-3 s
[acc] eval 6.072608e-3 s
[acc] eval 4.587886e-3 s
[acc] eval 3.513315e-3 s
[acc] eval 4.976406e-3 s
[acc] eval 8.706279e-3 s
[acc] eval 1.9168558e-2 s
[acc] eval 3.532359e-3 s
[acc] eval 4.152668e-3 s
[acc] eval 5.530806e-3 s
[acc] eval 4.94537e-3 s
[acc] eval 6.556845e-3 s
[acc] eval 3.788736e-3 s
[acc] eval 6.36456e-3 s
[acc] eval 3.228741e-3 s
[acc] eval 3.125052e-3 s
[acc] eval 2.883899e-3 s
[acc] eval 3.433261e-3 s
[acc] eval 4.765831e-3 s
[acc] eval 2.801699e-3 s
[acc] eval 2.850346e-3 s
[acc] eval 2.786678e-3 s
[acc] eval 4.099922e-3 s
[acc] eval 3.025274e-3 s
[acc] eval 2.707872e-3 s
[acc] eval 3.158406e-3 s
[acc] eval 3.156558e-3 s
[acc] eval 3.331295e-3 s
[acc] eval 3.226149e-3 s
[acc] eval 2.648871e-3 s
[acc] eval 0.244462144 s
[acc] compile 4.544782e-3 s
[acc] eval 5.996446e-3 s
[acc] eval 1.1928481e-2 s
[acc] compile 5.715129e-3 s
[acc] eval 9.840198e-3 s
[acc] eval 1.219256e-3 s
[acc] eval 1.72612e-3 s
[acc] eval 2.125833e-2 s
[acc] compile 3.847684e-3 s
[acc] eval 1.2280392e-2 s
[acc] eval 5.268132e-3 s
[acc] eval 1.701815e-3 s
[acc] eval 1.286645e-3 s
[acc] eval 1.426767e-3 s
[acc] eval 1.704739e-3 s
[acc] eval 1.336386e-3 s
[acc] eval 1.160881e-3 s
[acc] eval 1.158012e-3 s
[acc] eval 1.18072e-3 s
[acc] eval 1.175688e-3 s
[acc] eval 1.158341e-3 s
[acc] eval 1.222472e-3 s
[acc] eval 2.008261e-3 s
[acc] eval 2.201953e-3 s
[acc] eval 1.731046e-3 s
[acc] eval 1.682608e-3 s
[acc] eval 1.561552e-3 s
[acc] eval 1.289491e-3 s
[acc] eval 1.233638e-3 s
[acc] eval 1.23419e-3 s
[acc] eval 1.180704e-3 s
[acc] eval 5.3692286e-2 s
[acc] compile 0.142200872 s
[acc] eval 6.03781e-3 s
[acc] eval 3.241651e-3 s
[acc] eval 2.336097e-3 s
[acc] eval 1.894553e-3 s
[acc] eval 2.563085e-3 s
[acc] eval 2.115443e-3 s
[acc] eval 3.25217e-3 s
[acc] eval 0.175135178 s
[acc] compile 0.304766041 s
[acc] eval 1.4545454e-2 s
[acc] eval 3.400866e-3 s
[acc] eval 8.225829e-3 s
[acc] eval 2.856424e-3 s
[acc] eval 2.585652e-3 s
[acc] eval 2.425993e-3 s
[acc] eval 6.527249e-3 s
[acc] eval 5.720986e-3 s
[acc] eval 6.204804e-3 s
[acc] eval 4.699074e-3 s
[acc] eval 0.366389935 s
[acc] compile 1.0804589e-2 s
[acc] eval 2.0454332e-2 s
[acc] eval 3.8788457e-2 s
[acc] compile 6.8148644e-2 s
[acc] eval 1.4484982e-2 s
[acc] eval 8.8246074e-2 s
[acc] compile 6.109918e-3 s
[acc] eval 3.646059e-3 s
[acc] eval 7.527305e-3 s
[acc] eval 1.292002e-3 s
[acc] eval 1.490237e-3 s
[acc] eval 1.223406e-3 s
[acc] eval 9.92969e-4 s
[acc] eval 1.016211e-3 s
[acc] eval 1.093294e-3 s
[acc] eval 1.216008e-3 s
[acc] eval 1.380238e-3 s
[acc] eval 2.044171e-3 s
[acc] eval 2.060558e-3 s
[acc] eval 1.454358e-3 s
[acc] eval 1.270174e-3 s
[acc] eval 1.061886e-3 s
[acc] eval 1.000677e-3 s
[acc] eval 9.19907e-4 s
[acc] eval 8.16421e-4 s
[acc] eval 7.88124e-4 s
[acc] eval 7.62721e-4 s
[acc] eval 7.4765e-4 s
[acc] eval 7.25153e-4 s
[acc] eval 8.30969e-4 s
[acc] eval 9.31278e-4 s
[acc] eval 1.659308e-3 s
[acc] eval 1.146429e-3 s
[acc] eval 7.97941e-4 s
[acc] eval 8.02912e-4 s
[acc] eval 7.86805e-4 s
[acc] eval 7.5603e-4 s
[acc] eval 5.2942474e-2 s
[acc] compile 0.166246654 s
[acc] eval 3.3778197e-2 s
[acc] eval 0.211115769 s
[acc] compile 5.00999e-4 s
[acc] eval 5.903526e-3 s
[acc] compile 0.264521301 s
[acc] eval 6.230554e-3 s
[acc] eval 3.211079e-3 s
[acc] eval 0.277263729 s
[acc] compile 1.3767222e-2 s
[acc] eval 4.23525e-3 s
[acc] eval 1.961404e-2 s
[acc] compile 6.503819e-3 s
[acc] eval 1.2446479e-2 s
[acc] eval 2.4540932e-2 s
[acc] compile 7.6103006e-2 s
[acc] eval 1.431534e-2 s
[acc] eval 4.355434e-3 s
[acc] eval 4.370347e-3 s
[acc] eval 8.971587e-3 s
[acc] eval 7.996719e-3 s
[acc] eval 3.304294e-3 s
[acc] eval 3.874099e-3 s
[acc] eval 2.921318e-3 s
[acc] eval 3.002852e-3 s
[acc] eval 2.785783e-3 s
[acc] eval 3.242991e-3 s
[acc] eval 3.088357e-3 s
[acc] eval 2.487205e-3 s
[acc] eval 2.559963e-3 s
[acc] eval 3.324982e-3 s
[acc] eval 3.424015e-3 s
[acc] eval 4.510221e-3 s
[acc] eval 3.702332e-3 s
[acc] eval 3.805038e-3 s
[acc] eval 3.509572e-3 s
[acc] eval 7.04785e-3 s
[acc] eval 0.180275697 s
[acc] compile 7.444357e-2 s
[acc] eval 2.684805e-2 s
[acc] eval 0.111110679 s
[acc] compile 4.901443e-3 s
[acc] eval 3.555452e-3 s
[acc] eval 1.375015e-3 s
[acc] eval 8.84822e-4 s
[acc] eval 1.013444e-3 s
[acc] eval 2.874298e-3 s
[acc] eval 3.422024e-3 s
[acc] eval 1.16726e-3 s
[acc] eval 9.52229e-4 s
[acc] eval 7.11354e-4 s
[acc] eval 8.30713e-4 s
[acc] eval 7.87745e-4 s
[acc] eval 7.91442e-4 s
[acc] eval 7.84049e-4 s
[acc] eval 6.37372e-4 s
[acc] eval 7.16991e-4 s
[acc] eval 7.47365e-4 s
[acc] eval 7.54682e-4 s
[acc] eval 6.83923e-4 s
[acc] eval 7.96117e-4 s
[acc] eval 1.0298856e-2 s
[acc] eval 2.540111e-3 s
[acc] eval 9.81487e-4 s
[acc] eval 6.87128e-4 s
[acc] eval 6.41054e-4 s
[acc] eval 6.05204e-4 s
[acc] eval 7.17099e-4 s
[acc] eval 1.029047e-3 s
[acc] eval 1.660294e-3 s
[acc] eval 1.201262e-3 s
[acc] eval 7.30008e-4 s
[acc] eval 5.2349636e-2 s
[acc] compile 4.849272e-3 s
[acc] eval 1.399533e-2 s
[acc] eval 1.173329e-3 s
[acc] eval 1.058475e-3 s
[acc] eval 9.99695e-4 s
[acc] eval 8.43411e-4 s
[acc] eval 8.3214e-4 s
[acc] eval 7.80129e-4 s
[acc] eval 4.214962e-3 s
[acc] eval 9.23703e-4 s
[acc] eval 8.0279e-4 s
[acc] eval 6.7564e-4 s
[acc] eval 6.63824e-4 s
[acc] eval 6.30886e-4 s
[acc] eval 6.17502e-4 s
[acc] eval 6.44973e-4 s
[acc] eval 6.00991e-4 s
[acc] eval 6.16511e-4 s
[acc] eval 5.86867e-4 s
[acc] eval 5.88923e-4 s
[acc] eval 5.87858e-4 s
[acc] eval 1.011414e-3 s
[acc] eval 7.30102e-4 s
[acc] eval 7.34229e-4 s
[acc] eval 6.67312e-4 s
[acc] eval 6.36738e-4 s
[acc] eval 1.07718e-3 s
[acc] eval 1.385774e-3 s
[acc] eval 1.552842e-3 s
[acc] eval 9.4756e-4 s
[acc] eval 8.43007e-4 s
[acc] eval 8.03474e-4 s
[acc] eval 8.09551e-4 s
[acc] eval 5.0617823e-2 s
[acc] compile 4.918216e-3 s
[acc] eval 3.488464e-3 s
[acc] eval 6.80306e-4 s
[acc] eval 4.94958e-4 s
[acc] eval 1.0551943e-2 s
[acc] compile 5.102891e-3 s
[acc] eval 1.0580865e-2 s
[acc] eval 2.476989e-3 s
[acc] eval 6.24908e-3 s
[acc] eval 1.373149e-3 s
[acc] eval 1.173164e-3 s
[acc] eval 9.26013e-4 s
[acc] eval 1.451672e-3 s
[acc] eval 1.778073e-3 s
[acc] eval 1.617233e-3 s
[acc] eval 2.474332e-3 s
[acc] eval 2.151817e-3 s
[acc] eval 1.876744e-3 s
[acc] eval 1.78393e-3 s
[acc] eval 1.920725e-3 s
[acc] eval 1.602681e-3 s
[acc] eval 2.525041e-3 s
[acc] eval 1.731464e-3 s
[acc] eval 1.463279e-3 s
[acc] eval 1.489387e-3 s
[acc] eval 1.403377e-3 s
[acc] eval 1.188708e-3 s
[acc] eval 1.198947e-3 s
[acc] eval 1.026308e-3 s
[acc] eval 1.013345e-3 s
[acc] eval 1.188474e-3 s
[acc] eval 1.976041e-3 s
[acc] eval 1.903473e-3 s
[acc] eval 1.115383e-3 s
[acc] eval 1.077415e-3 s
[acc] eval 1.053248e-3 s
[acc] eval 7.0341144e-2 s
[acc] compile 6.3177164e-2 s
[acc] eval 7.70705e-3 s
[acc] eval 7.4047839e-2 s
[acc] compile 7.8047574e-2 s
[acc] eval 2.2114256e-2 s
[acc] eval 2.682679e-3 s
[acc] eval 2.575072e-3 s
[acc] eval 2.40823e-3 s
[acc] eval 2.639522e-3 s
[acc] eval 3.238988e-3 s
[acc] eval 2.290487e-3 s
[acc] eval 2.292505e-3 s
[acc] eval 2.413166e-3 s
[acc] eval 2.288249e-3 s
[acc] eval 2.441208e-3 s
[acc] eval 2.758937e-3 s
[acc] eval 2.072919e-3 s
[acc] eval 2.124881e-3 s
[acc] eval 2.08325e-3 s
[acc] eval 1.976559e-3 s
[acc] eval 1.922972e-3 s
[acc] eval 2.154907e-3 s
[acc] eval 2.460838e-3 s
[acc] eval 2.117132e-3 s
[acc] eval 2.338649e-3 s
[acc] eval 2.288953e-3 s
[acc] eval 2.366074e-3 s
[acc] eval 2.27316e-3 s
[acc] eval 2.492297e-3 s
[acc] eval 2.335461e-3 s
[acc] eval 2.090602e-3 s
[acc] eval 2.322206e-3 s
[acc] eval 2.172071e-3 s
[acc] eval 2.103585e-3 s
[acc] eval 2.068e-3 s
[acc] eval 2.548048e-3 s
[acc] eval 0.178229807 s
[acc] compile 4.495169e-3 s
[acc] eval 1.1337988e-2 s
[acc] eval 1.081262e-3 s
[acc] eval 1.226748e-3 s
[acc] eval 9.49426e-4 s
[acc] eval 9.8206e-4 s
[acc] eval 9.6033e-4 s
[acc] eval 9.31085e-4 s
[acc] eval 1.08829e-3 s
[acc] eval 1.26614e-3 s
[acc] eval 1.200565e-3 s
[acc] eval 1.466385e-3 s
[acc] eval 1.196242e-3 s
[acc] eval 6.469931e-3 s
[acc] eval 1.829735e-3 s
[acc] eval 1.164253e-3 s
[acc] eval 1.598014e-3 s
[acc] eval 3.224976e-3 s
[acc] eval 4.6646863e-2 s
[acc] compile 1.174953e-2 s
[acc] eval 1.7346414e-2 s
[acc] eval 2.84741e-3 s
[acc] eval 2.790031e-3 s
[acc] eval 2.527216e-3 s
[acc] eval 2.314799e-3 s
[acc] eval 2.901455e-3 s
[acc] eval 2.201262e-3 s
[acc] eval 2.550644e-3 s
[acc] eval 5.592407e-3 s
[acc] eval 2.895332e-3 s
[acc] eval 2.595478e-3 s
[acc] eval 2.574232e-3 s
[acc] eval 2.454047e-3 s
[acc] eval 2.392793e-3 s
[acc] eval 2.419699e-3 s
[acc] eval 2.598889e-3 s
[acc] eval 3.885818e-3 s
[acc] eval 2.038213e-3 s
[acc] eval 1.83841e-3 s
[acc] eval 1.819147e-3 s
[acc] eval 1.772421e-3 s
[acc] eval 1.740352e-3 s
[acc] eval 1.694582e-3 s
[acc] eval 2.579793e-3 s
[acc] eval 1.985592e-3 s
[acc] eval 1.85706e-3 s
[acc] eval 1.833365e-3 s
[acc] eval 1.816701e-3 s
[acc] eval 1.746211e-3 s
[acc] eval 1.751281e-3 s
[acc] eval 2.564745e-3 s
[acc] eval 2.822122e-3 s
[acc] eval 2.630653e-3 s
[acc] eval 2.503266e-3 s
[acc] eval 0.115803651 s
[acc] compile 0.114299423 s
[acc] eval 2.0581845e-2 s
[acc] eval 3.453256e-3 s
[acc] eval 3.191676e-3 s
[acc] eval 3.682621e-3 s
[acc] eval 3.954207e-3 s
[acc] eval 3.238143e-3 s
[acc] eval 3.293003e-3 s
[acc] eval 9.044475e-3 s
[acc] eval 3.102526e-3 s
[acc] eval 3.037117e-3 s
[acc] eval 2.863396e-3 s
[acc] eval 3.791579e-3 s
[acc] eval 5.616083e-3 s
[acc] eval 3.532319e-3 s
[acc] eval 3.421447e-3 s
[acc] eval 4.707171e-3 s
[acc] eval 0.200843611 s
[acc] compile 4.728866e-3 s
[acc] eval 3.502289e-3 s
[acc] eval 1.0448661e-2 s
[acc] compile 5.100864e-3 s
[acc] eval 5.072407e-3 s
[acc] eval 3.225634e-3 s
[acc] eval 1.6739233e-2 s
[acc] compile 0.134326199 s
[acc] eval 1.6145152e-2 s
[acc] eval 3.976779e-3 s
[acc] eval 3.183682e-3 s
[acc] eval 2.489787e-3 s
[acc] eval 3.479693e-3 s
[acc] eval 2.613921e-3 s
[acc] eval 2.361101e-3 s
[acc] eval 2.034348e-3 s
[acc] eval 2.10355e-3 s
[acc] eval 2.021481e-3 s
[acc] eval 1.7232e-3 s
[acc] eval 2.926078e-3 s
[acc] eval 2.699841e-3 s
[acc] eval 2.317176e-3 s
[acc] eval 2.696281e-3 s
[acc] eval 3.096542e-3 s
[acc] eval 0.196052674 s
[acc] compile 7.1682305e-2 s
[acc] eval 9.435822e-3 s
[acc] eval 8.7378964e-2 s
[acc] compile 0.140515138 s
[acc] eval 2.1077291e-2 s
[acc] eval 4.233785e-3 s
[acc] eval 2.794362e-3 s
[acc] eval 2.56441e-3 s
[acc] eval 2.400695e-3 s
[acc] eval 2.236098e-3 s
[acc] eval 4.438254e-3 s
[acc] eval 2.357939e-3 s
[acc] eval 2.240088e-3 s
[acc] eval 2.649275e-3 s
[acc] eval 2.218627e-3 s
[acc] eval 2.56507e-3 s
[acc] eval 2.837225e-3 s
[acc] eval 1.826369e-3 s
[acc] eval 1.81312e-3 s
[acc] eval 1.786233e-3 s
[acc] eval 1.745304e-3 s
[acc] eval 1.706679e-3 s
[acc] eval 1.771004e-3 s
[acc] eval 2.309973e-3 s
[acc] eval 1.960799e-3 s
[acc] eval 1.907687e-3 s
[acc] eval 1.941492e-3 s
[acc] eval 1.898978e-3 s
[acc] eval 1.89067e-3 s
[acc] eval 1.744257e-3 s
[acc] eval 1.586542e-3 s
[acc] eval 1.713101e-3 s
[acc] eval 2.231662e-3 s
[acc] eval 1.934943e-3 s
[acc] eval 0.231896733 s
[acc] compile 4.277251e-3 s
[acc] eval 3.958491e-3 s
[acc] eval 1.781219e-3 s
[acc] eval 1.91792e-3 s
[acc] eval 1.851157e-3 s
[acc] eval 1.836291e-3 s
[acc] eval 1.856882e-3 s
[acc] eval 1.784405e-3 s
[acc] eval 1.812393e-3 s
[acc] eval 1.82639e-3 s
[acc] eval 1.885073e-3 s
[acc] eval 1.857028e-3 s
[acc] eval 2.067703e-3 s
[acc] eval 7.894653e-3 s
[acc] eval 1.607485e-3 s
[acc] eval 1.523117e-3 s
[acc] eval 1.458398e-3 s
[acc] eval 1.662806e-3 s
[acc] eval 1.593981e-3 s
[acc] eval 1.532597e-3 s
[acc] eval 1.501598e-3 s
[acc] eval 1.481693e-3 s
[acc] eval 1.466357e-3 s
[acc] eval 1.475112e-3 s
[acc] eval 1.42933e-3 s
[acc] eval 1.415743e-3 s
[acc] eval 1.424579e-3 s
[acc] eval 1.436303e-3 s
[acc] eval 1.429514e-3 s
[acc] eval 1.434125e-3 s
[acc] eval 1.453742e-3 s
[acc] eval 6.578527e-2 s
[acc] compile 4.257167e-3 s
[acc] eval 4.548712e-3 s
[acc] eval 2.545705e-3 s
[acc] eval 2.516076e-3 s
[acc] eval 2.474515e-3 s
[acc] eval 2.481708e-3 s
[acc] eval 2.450887e-3 s
[acc] eval 2.525333e-3 s
[acc] eval 2.570615e-3 s
[acc] eval 2.484145e-3 s
[acc] eval 3.2205999e-2 s
[acc] compile 0.133750269 s
[acc] eval 2.665645e-2 s
[acc] eval 0.163508025 s
[acc] compile 6.214522e-3 s
[acc] eval 6.335321e-3 s
[acc] eval 1.5764024e-2 s
[acc] compile 6.9867185e-2 s
[acc] eval 1.1798027e-2 s
[acc] eval 8.4994904e-2 s
[acc] compile 4.90613e-2 s
[acc] eval 2.0403094e-2 s
[acc] eval 7.5183821e-2 s
[acc] compile 6.259016e-3 s
[acc] eval 7.470269e-3 s
[acc] eval 1.7060967e-2 s
[acc] compile 0.140247914 s
[acc] eval 1.2387145e-2 s
[acc] eval 4.474835e-3 s
[acc] eval 3.128368e-3 s
[acc] eval 6.871534e-3 s
[acc] eval 2.453654e-3 s
[acc] eval 2.816484e-3 s
[acc] eval 1.73309e-3 s
[acc] eval 0.176993063 s
[acc] compile 6.1210355e-2 s
[acc] eval 1.5836063e-2 s
[acc] eval 6.933354e-3 s
[acc] eval 1.0078505e-2 s
[acc] eval 4.323371e-3 s
[acc] eval 4.269485e-3 s
[acc] eval 4.497311e-3 s
[acc] eval 5.92937e-3 s
[acc] eval 5.096297e-3 s
[acc] eval 4.6794e-3 s
[acc] eval 7.047049e-3 s
[acc] eval 4.164419e-3 s
[acc] eval 3.850011e-3 s
[acc] eval 4.013353e-3 s
[acc] eval 5.522275e-3 s
[acc] eval 4.201211e-3 s
[acc] eval 3.915466e-3 s
[acc] eval 4.36356e-3 s
[acc] eval 4.304573e-3 s
[acc] eval 4.029995e-3 s
[acc] eval 3.816543e-3 s
[acc] eval 4.233341e-3 s
[acc] eval 4.016561e-3 s
[acc] eval 4.067677e-3 s
[acc] eval 3.875599e-3 s
[acc] eval 3.856234e-3 s
[acc] eval 3.726327e-3 s
[acc] eval 3.791791e-3 s
[acc] eval 3.74445e-3 s
[acc] eval 4.397932e-3 s
[acc] eval 9.012154e-3 s
[acc] eval 3.862398e-3 s
[acc] eval 0.228529914 s
[acc] compile 6.4475645e-2 s
[acc] eval 9.526644e-3 s
[acc] eval 2.655557e-3 s
[acc] eval 2.760141e-3 s
[acc] eval 1.820689e-3 s
[acc] eval 5.64713e-3 s
[acc] eval 1.548692e-3 s
[acc] eval 1.321304e-3 s
[acc] eval 1.685674e-3 s
[acc] eval 1.607691e-3 s
[acc] eval 1.198962e-3 s
[acc] eval 1.239967e-3 s
[acc] eval 1.385383e-3 s
[acc] eval 1.448374e-3 s
[acc] eval 1.348598e-3 s
[acc] eval 1.169022e-3 s
[acc] eval 1.061172e-3 s
[acc] eval 9.08298e-4 s
[acc] eval 8.43403e-4 s
[acc] eval 1.011492e-3 s
[acc] eval 1.652034e-3 s
[acc] eval 2.060405e-3 s
[acc] eval 1.187554e-3 s
[acc] eval 1.053619e-3 s
[acc] eval 1.017887e-3 s
[acc] eval 1.021619e-3 s
[acc] eval 9.86091e-4 s
[acc] eval 9.82469e-4 s
[acc] eval 1.780083e-3 s
[acc] eval 1.056758e-3 s
[acc] eval 9.6672e-4 s
[acc] eval 0.121919528 s
[acc] compile 6.827505e-3 s
[acc] eval 2.183801e-2 s
[acc] eval 3.18465e-3 s
[acc] eval 3.314517e-3 s
[acc] eval 3.730643e-3 s
[acc] eval 3.095498e-3 s
[acc] eval 3.124409e-3 s
[acc] eval 7.923431e-3 s
[acc] eval 3.039672e-3 s
[acc] eval 2.841843e-3 s
[acc] eval 3.087339e-3 s
[acc] eval 3.430385e-3 s
[acc] eval 4.023876e-3 s
[acc] eval 3.716121e-3 s
[acc] eval 3.565375e-3 s
[acc] eval 4.060693e-3 s
[acc] eval 4.114297e-3 s
[acc] eval 3.357247e-3 s
[acc] eval 3.331675e-3 s
[acc] eval 3.115697e-3 s
[acc] eval 3.223528e-3 s
[acc] eval 4.657242e-3 s
[acc] eval 3.465307e-3 s
[acc] eval 3.132473e-3 s
[acc] eval 2.970714e-3 s
[acc] eval 3.324416e-3 s
[acc] eval 2.788488e-3 s
[acc] eval 2.855974e-3 s
[acc] eval 2.822428e-3 s
[acc] eval 2.878862e-3 s
[acc] eval 2.759772e-3 s
[acc] eval 0.135440934 s
[acc] compile 5.542085e-3 s
[acc] eval 6.514727e-3 s
[acc] eval 1.8397875e-2 s
[acc] compile 7.9586091e-2 s
[acc] eval 1.7669408e-2 s
[acc] eval 0.101351502 s
[acc] compile 7.7227215e-2 s
[acc] eval 7.611513e-3 s
[acc] eval 3.523673e-3 s
[acc] eval 3.013287e-3 s
[acc] eval 3.201221e-3 s
[acc] eval 2.94952e-3 s
[acc] eval 3.874576e-3 s
[acc] eval 2.656274e-3 s
[acc] eval 3.622893e-3 s
[acc] eval 5.30354e-3 s
[acc] eval 5.525239e-3 s
[acc] eval 4.897579e-3 s
[acc] eval 1.3142677e-2 s
[acc] eval 6.129369e-3 s
[acc] eval 6.019615e-3 s
[acc] eval 6.274771e-3 s
[acc] eval 5.744532e-3 s
[acc] eval 6.372234e-3 s
[acc] eval 4.844403e-3 s
[acc] eval 3.346417e-3 s
[acc] eval 3.127586e-3 s
[acc] eval 4.297485e-3 s
[acc] eval 2.932564e-3 s
[acc] eval 0.191434331 s
[acc] compile 1.0598241e-2 s
[acc] eval 1.1258812e-2 s
[acc] eval 2.6142415e-2 s
[acc] compile 0.206841784 s
[acc] eval 2.8289896e-2 s
[acc] eval 0.238628175 s
[acc] compile 4.293274e-3 s
[acc] eval 8.202864e-3 s
[acc] eval 1.5642346e-2 s
[acc] compile 0.190976656 s
[acc] eval 2.1517701e-2 s
[acc] eval 0.223739245 s
[acc] compile 8.6394459e-2 s
[acc] eval 9.62784e-3 s
[acc] eval 3.106833e-3 s
[acc] eval 2.613957e-3 s
[acc] eval 2.521399e-3 s
[acc] eval 2.494586e-3 s
[acc] eval 2.519856e-3 s
[acc] eval 2.386053e-3 s
[acc] eval 2.524801e-3 s
[acc] eval 9.885715e-3 s
[acc] eval 2.292734e-3 s
[acc] eval 2.177256e-3 s
[acc] eval 2.180095e-3 s
[acc] eval 2.106064e-3 s
[acc] eval 0.136577194 s
[acc] compile 0.228733266 s
[acc] eval 2.9324133e-2 s
[acc] eval 0.268815473 s
[acc] compile 8.581846e-3 s
[acc] eval 6.653585e-3 s
[acc] eval 1.9210387e-2 s
[acc] compile 5.56731e-4 s
[acc] eval 4.323011e-3 s
[acc] compile 4.84386e-4 s
[acc] eval 9.242174e-3 s
[acc] compile 8.554736e-3 s
[acc] eval 5.158395e-3 s
[acc] eval 2.063187e-2 s
[acc] compile 9.33479e-3 s
[acc] eval 9.6105e-3 s
[acc] eval 2.2204867e-2 s
[acc] compile 4.73912e-4 s
[acc] eval 1.057718e-2 s
[acc] compile 0.139514066 s
[acc] eval 1.5224387e-2 s
[acc] eval 0.166278503 s
[acc] compile 6.310087e-3 s
[acc] eval 1.5049663e-2 s
[acc] eval 2.7475304e-2 s
[acc] compile 0.41596735 s
[acc] eval 3.6485954e-2 s
[acc] eval 0.459440493 s
[acc] compile 0.210811821 s
[acc] eval 2.9238474e-2 s
[acc] eval 0.244804441 s
[acc] compile 1.2400027e-2 s
[acc] eval 1.5783492e-2 s
[acc] eval 3.3056449e-2 s
[acc] compile 0.225196592 s
[acc] eval 2.8481557e-2 s
[acc] eval 0.264097377 s
[acc] compile 1.5513971e-2 s
[acc] eval 1.360349e-2 s
[acc] eval 3.4624788e-2 s
[acc] compile 9.3932276e-2 s
[acc] eval 6.82616e-3 s
[acc] eval 0.10467051 s
[acc] compile 1.0384129e-2 s
[acc] eval 3.0016275e-2 s
[acc] eval 4.6574945e-2 s
[acc] compile 0.411035185 s
[acc] eval 1.6489337e-2 s
[acc] eval 0.437929014 s
[acc] compile 0.13259471 s
[acc] eval 1.8494622e-2 s
[acc] eval 0.153717776 s
[acc] compile 4.876667e-3 s
[acc] eval 7.845333e-3 s
[acc] eval 2.16415e-3 s
[acc] eval 1.765127e-3 s
[acc] eval 1.61213e-3 s
[acc] eval 1.474712e-3 s
[acc] eval 1.748074e-3 s
[acc] eval 1.901169e-3 s
[acc] eval 2.024632e-3 s
[acc] eval 3.073405e-3 s
[acc] eval 2.35113e-3 s
[acc] eval 1.734932e-3 s
[acc] eval 3.918498e-3 s
[acc] eval 3.901925e-3 s
[acc] eval 5.5162635e-2 s
[acc] compile 5.31907e-3 s
[acc] eval 5.142253e-3 s
[acc] eval 8.3219e-4 s
[acc] eval 6.33163e-4 s
[acc] eval 7.48612e-4 s
[acc] eval 1.3773706e-2 s
[acc] compile 0.113015769 s
[acc] eval 1.6855904e-2 s
[acc] eval 2.841944e-3 s
[acc] eval 2.839868e-3 s
[acc] eval 2.949515e-3 s
[acc] eval 3.028591e-3 s
[acc] eval 2.238848e-3 s
[acc] eval 2.180438e-3 s
[acc] eval 3.338144e-3 s
[acc] eval 2.618312e-3 s
[acc] eval 2.219779e-3 s
[acc] eval 2.565681e-3 s
[acc] eval 3.080139e-3 s
[acc] eval 2.168758e-3 s
[acc] eval 2.877066e-3 s
[acc] eval 2.835224e-3 s
[acc] eval 3.000009e-3 s
[acc] eval 2.559408e-3 s
[acc] eval 2.161279e-3 s
[acc] eval 2.490671e-3 s
[acc] eval 2.001203e-3 s
[acc] eval 1.900832e-3 s
[acc] eval 2.335003e-3 s
[acc] eval 2.833582e-3 s
[acc] eval 2.283123e-3 s
[acc] eval 2.270894e-3 s
[acc] eval 2.251877e-3 s
[acc] eval 2.164846e-3 s
[acc] eval 2.111621e-3 s
[acc] eval 2.364213e-3 s
[acc] eval 2.790127e-3 s
[acc] eval 0.209213981 s
[acc] compile 5.995439e-2 s
[acc] eval 7.341843e-3 s
[acc] eval 7.7080111e-2 s
[acc] compile 0.484654268 s
[acc] eval 2.9515007e-2 s
[acc] eval 0.521096844 s
[acc] compile 0.430239749 s
[acc] eval 3.0338803e-2 s
[acc] eval 0.468187929 s
[acc] compile 0.304777066 s
[acc] eval 1.9259211e-2 s
[acc] eval 0.337644886 s
[acc] compile 0.531289224 s
[acc] eval 2.0985122e-2 s
[acc] eval 0.567484309 s
[acc] compile 0.625781045 s
[acc] eval 3.7380968e-2 s
[acc] eval 0.673779138 s
[acc] compile 0.258614378 s
[acc] eval 1.3607954e-2 s
[acc] eval 1.0019238e-2 s
[acc] eval 8.885271e-3 s
[acc] eval 5.990501e-3 s
[acc] eval 1.0748058e-2 s
[acc] eval 3.225951e-3 s
[acc] eval 2.888376e-3 s
[acc] eval 2.830334e-3 s
[acc] eval 2.851309e-3 s
[acc] eval 2.888093e-3 s
[acc] eval 3.353513e-3 s
[acc] eval 3.065385e-3 s
[acc] eval 0.33324543 s
[acc] compile 4.235189e-3 s
[acc] eval 4.48625e-3 s
[acc] eval 1.473717e-3 s
[acc] eval 1.311398e-3 s
[acc] eval 1.386081e-3 s
[acc] eval 1.229722e-3 s
[acc] eval 1.328431e-3 s
[acc] eval 1.315831e-3 s
[acc] eval 1.205988e-3 s
[acc] eval 1.27744e-3 s
[acc] eval 1.160833e-3 s
[acc] eval 1.42847e-3 s
[acc] eval 1.400885e-3 s
[acc] eval 1.705068e-3 s
[acc] eval 1.491376e-3 s
[acc] eval 1.453835e-3 s
[acc] eval 3.061822e-2 s
[acc] compile 6.6479235e-2 s
[acc] eval 4.655775e-3 s
[acc] eval 9.512586e-3 s
[acc] eval 8.5455965e-2 s
[acc] compile 0.322819945 s
[acc] eval 9.814446e-3 s
[acc] eval 0.337038868 s
[acc] compile 0.140181236 s
[acc] eval 8.631351e-3 s
[acc] eval 7.997666e-3 s
[acc] eval 0.160275923 s
[acc] compile 6.83658e-3 s
[acc] eval 1.2820438e-2 s
[acc] eval 2.2921233e-2 s
[acc] compile 1.2992726e-2 s
[acc] eval 1.5424633e-2 s
[acc] eval 6.967488e-3 s
[acc] eval 4.90993e-3 s
[acc] eval 7.808069e-3 s
[acc] eval 5.2080406e-2 s
[acc] compile 0.124104784 s
[acc] eval 7.521556e-3 s
[acc] eval 2.907653e-3 s
[acc] eval 2.78953e-3 s
[acc] eval 2.392497e-3 s
[acc] eval 1.968544e-3 s
[acc] eval 1.615829e-3 s
[acc] eval 1.480862e-3 s
[acc] eval 1.602529e-3 s
[acc] eval 1.963071e-3 s
[acc] eval 2.137169e-3 s
[acc] eval 1.619371e-3 s
[acc] eval 1.650182e-3 s
[acc] eval 1.582648e-3 s
[acc] eval 1.400281e-3 s
[acc] eval 0.159753033 s
[acc] compile 0.180467202 s
[acc] eval 1.8989554e-2 s
[acc] eval 3.40436e-3 s
[acc] eval 3.210939e-3 s
[acc] eval 3.432689e-3 s
[acc] eval 4.594359e-3 s
[acc] eval 3.175069e-3 s
[acc] eval 3.155335e-3 s
[acc] eval 3.089171e-3 s
[acc] eval 3.964988e-3 s
[acc] eval 3.525344e-3 s
[acc] eval 3.525737e-3 s
[acc] eval 3.25965e-3 s
[acc] eval 3.184596e-3 s
[acc] eval 3.167553e-3 s
[acc] eval 3.409499e-3 s
[acc] eval 3.347609e-3 s
[acc] eval 3.234623e-3 s
[acc] eval 3.208471e-3 s
[acc] eval 3.219439e-3 s
[acc] eval 3.722524e-3 s
[acc] eval 3.315013e-3 s
[acc] eval 3.290724e-3 s
[acc] eval 3.177764e-3 s
[acc] eval 3.158613e-3 s
[acc] eval 3.505694e-3 s
[acc] eval 3.275959e-3 s
[acc] eval 3.210228e-3 s
[acc] eval 3.132321e-3 s
[acc] eval 3.302247e-3 s
[acc] eval 3.438469e-3 s
[acc] eval 0.303213479 s
[acc] compile 8.408174e-3 s
[acc] eval 1.0580189e-2 s
[acc] eval 2.1800363e-2 s
[acc] compile 0.150522578 s
[acc] eval 2.0663429e-2 s
[acc] eval 0.178923293 s
[acc] compile 6.04138e-3 s
[acc] eval 4.941519e-3 s
[acc] eval 1.3989778e-2 s
[acc] compile 0.118397421 s
[acc] eval 5.978951e-3 s
[acc] eval 1.722142e-3 s
[acc] eval 1.726008e-3 s
[acc] eval 1.0252464e-2 s
[acc] eval 3.270077e-3 s
[acc] eval 1.667429e-3 s
[acc] eval 3.056732e-3 s
[acc] eval 2.495507e-3 s
[acc] eval 1.371254e-3 s
[acc] eval 1.302582e-3 s
[acc] eval 1.279057e-3 s
[acc] eval 1.308699e-3 s
[acc] eval 1.252791e-3 s
[acc] eval 1.192443e-3 s
[acc] eval 1.204946e-3 s
[acc] eval 1.607728e-3 s
[acc] eval 1.641708e-3 s
[acc] eval 1.468435e-3 s
[acc] eval 1.264794e-3 s
[acc] eval 1.249648e-3 s
[acc] eval 1.205225e-3 s
[acc] eval 1.262173e-3 s
[acc] eval 1.212111e-3 s
[acc] eval 1.200085e-3 s
[acc] eval 1.189569e-3 s
[acc] eval 1.205679e-3 s
[acc] eval 1.362838e-3 s
[acc] eval 1.486457e-3 s
[acc] eval 1.365291e-3 s
[acc] eval 1.266552e-3 s
[acc] eval 0.181698674 s
[acc] compile 0.481743007 s
[acc] eval 2.0574457e-2 s
[acc] eval 0.510302636 s
[acc] compile 6.049287e-3 s
[acc] eval 8.506404e-3 s
[acc] eval 4.79566e-3 s
[acc] eval 5.479058e-3 s
[acc] eval 6.008002e-3 s
[acc] eval 6.00043e-3 s
[acc] eval 4.311131e-3 s
[acc] eval 3.947643e-3 s
[acc] eval 4.169928e-3 s
[acc] eval 1.5048174e-2 s
[acc] eval 4.244375e-3 s
[acc] eval 2.07726e-3 s
[acc] eval 2.199341e-3 s
[acc] eval 2.194523e-3 s
[acc] eval 1.458636e-3 s
[acc] eval 1.355581e-3 s
[acc] eval 1.212898e-3 s
[acc] eval 1.122491e-3 s
[acc] eval 1.095947e-3 s
[acc] eval 1.108171e-3 s
[acc] eval 1.222648e-3 s
[acc] eval 1.092966e-3 s
[acc] eval 1.168333e-3 s
[acc] eval 1.248822e-3 s
[acc] eval 1.592172e-3 s
[acc] eval 1.21188e-3 s
[acc] eval 1.137603e-3 s
[acc] eval 1.141688e-3 s
[acc] eval 1.136103e-3 s
[acc] eval 1.106815e-3 s
[acc] eval 1.08449e-3 s
[acc] eval 1.044742e-3 s
[acc] eval 1.03187e-3 s
[acc] eval 1.046444e-3 s
[acc] eval 1.003078e-3 s
[acc] eval 1.134573e-3 s
[acc] eval 1.36828e-3 s
[acc] eval 1.261134e-3 s
[acc] eval 1.201199e-3 s
[acc] eval 1.127886e-3 s
[acc] eval 1.142095e-3 s
[acc] eval 1.116171e-3 s
[acc] eval 1.090208e-3 s
[acc] eval 1.085454e-3 s
[acc] eval 1.070961e-3 s
[acc] eval 1.032469e-3 s
[acc] eval 1.017097e-3 s
[acc] eval 1.039963e-3 s
[acc] eval 1.06955e-3 s
[acc] eval 1.097984e-3 s
[acc] eval 0.122532824 s
[acc] compile 0.140237704 s
[acc] eval 1.6205624e-2 s
[acc] eval 0.164243658 s
[acc] compile 0.527682094 s
[acc] eval 3.3766224e-2 s
[acc] eval 0.567644254 s
[acc] compile 0.493085259 s
[acc] eval 2.824492e-2 s
[acc] eval 0.532861164 s
[acc] compile 0.231449698 s
[acc] eval 1.8989586e-2 s
[acc] eval 0.259383014 s
[acc] compile 0.370531128 s
[acc] eval 2.4731196e-2 s
[acc] eval 5.412179e-3 s
[acc] eval 5.114116e-3 s
[acc] eval 5.689384e-3 s
[acc] eval 5.292196e-3 s
[acc] eval 4.831583e-3 s
[acc] eval 7.391493e-3 s
[acc] eval 7.688355e-3 s
[acc] eval 8.647924e-3 s
[acc] eval 4.735045e-3 s
[acc] eval 4.28781e-3 s
[acc] eval 5.804763e-3 s
[acc] eval 0.466377569 s
[acc] compile 0.550711043 s
[acc] eval 2.3090086e-2 s
[acc] eval 0.580910213 s
[acc] compile 8.8302e-4 s
[acc] eval 5.020562e-3 s
[acc] compile 6.93285e-4 s
[acc] eval 5.852535e-3 s
[acc] compile 0.209748048 s
[acc] eval 1.2896446e-2 s
[acc] eval 3.108916e-3 s
[acc] eval 9.84691e-3 s
[acc] eval 2.477361e-3 s
[acc] eval 2.367535e-3 s
[acc] eval 2.282817e-3 s
[acc] eval 2.263527e-3 s
[acc] eval 2.257541e-3 s
[acc] eval 2.200705e-3 s
[acc] eval 2.172915e-3 s
[acc] eval 2.196053e-3 s
[acc] eval 2.222665e-3 s
[acc] eval 2.217917e-3 s
[acc] eval 2.34614e-3 s
[acc] eval 2.783766e-3 s
[acc] eval 2.482432e-3 s
[acc] eval 2.380533e-3 s
[acc] eval 2.43575e-3 s
[acc] eval 2.35207e-3 s
[acc] eval 2.267242e-3 s
[acc] eval 2.732747e-3 s
[acc] eval 2.51087e-3 s
[acc] eval 2.34638e-3 s
[acc] eval 2.2989e-3 s
[acc] eval 2.275744e-3 s
[acc] eval 0.292300879 s
[acc] compile 0.732358817 s
[acc] eval 2.7274777e-2 s
[acc] eval 0.767092402 s
[acc] compile 0.156131481 s
[acc] eval 1.57412e-2 s
[acc] eval 0.178161414 s
[acc] compile 0.369386682 s
[acc] eval 3.200949e-2 s
[acc] eval 7.250059e-3 s
[acc] eval 7.790521e-3 s
[acc] eval 7.021435e-3 s
[acc] eval 7.441842e-3 s
[acc] eval 6.953994e-3 s
[acc] eval 7.515745e-3 s
[acc] eval 7.191086e-3 s
[acc] eval 8.354799e-3 s
[acc] eval 6.768976e-3 s
[acc] eval 7.059226e-3 s
[acc] eval 7.049574e-3 s
[acc] eval 0.489566312 s
[acc] compile 0.234164529 s
[acc] eval 1.6561435e-2 s
[acc] eval 0.262195323 s
[acc] compile 0.431795473 s
[acc] eval 1.2305138e-2 s
[acc] eval 0.461111932 s
[acc] compile 8.455431e-3 s
[acc] eval 8.378001e-3 s
[acc] eval 4.599285e-3 s
[acc] eval 4.119683e-3 s
[acc] eval 9.824856e-3 s
[acc] eval 4.070666e-3 s
[acc] eval 4.929888e-3 s
[acc] eval 5.692121e-3 s
[acc] eval 4.311716e-3 s
[acc] eval 3.161254e-3 s
[acc] eval 4.74436e-3 s
[acc] eval 4.951703e-3 s
[acc] eval 3.805797e-3 s
[acc] eval 7.6885919e-2 s
[acc] compile 0.154433604 s
[acc] eval 1.4970044e-2 s
[acc] eval 0.174241991 s
[acc] compile 0.136027032 s
[acc] eval 2.5932056e-2 s
[acc] eval 1.0299751e-2 s
[acc] eval 3.060959e-3 s
[acc] eval 2.916505e-3 s
[acc] eval 3.735322e-3 s
[acc] eval 3.174373e-3 s
[acc] eval 3.017999e-3 s
[acc] eval 2.763162e-3 s
[acc] eval 2.788828e-3 s
[acc] eval 3.940137e-3 s
[acc] eval 3.269289e-3 s
[acc] eval 3.737624e-3 s
[acc] eval 3.426433e-3 s
[acc] eval 3.445781e-3 s
[acc] eval 3.472163e-3 s
[acc] eval 3.159961e-3 s
[acc] eval 3.119965e-3 s
[acc] eval 2.939724e-3 s
[acc] eval 4.282875e-3 s
[acc] eval 3.049351e-3 s
[acc] eval 3.365345e-3 s
[acc] eval 3.1212e-3 s
[acc] eval 3.514209e-3 s
[acc] eval 4.840581e-3 s
[acc] eval 3.218624e-3 s
[acc] eval 3.032038e-3 s
[acc] eval 2.766893e-3 s
[acc] eval 4.282105e-3 s
[acc] eval 3.11811e-3 s
[acc] eval 3.187833e-3 s
[acc] eval 0.273355265 s
[acc] compile 7.1857747e-2 s
[acc] eval 5.650968e-3 s
[acc] eval 5.836719e-3 s
[acc] eval 1.472345e-3 s
[acc] eval 8.6759507e-2 s
[acc] compile 0.230603766 s
[acc] eval 2.0938574e-2 s
[acc] eval 3.856895e-3 s
[acc] eval 3.664173e-3 s
[acc] eval 3.430191e-3 s
[acc] eval 3.6283e-3 s
[acc] eval 3.610575e-3 s
[acc] eval 7.591346e-3 s
[acc] eval 3.405496e-3 s
[acc] eval 3.531268e-3 s
[acc] eval 3.77306e-3 s
[acc] eval 3.489961e-3 s
[acc] eval 3.364774e-3 s
[acc] eval 0.29963445 s
[acc] compile 3.751487e-3 s
[acc] eval 4.224168e-3 s
[acc] eval 9.07494e-3 s
[acc] compile 6.2404192e-2 s
[acc] eval 1.3626052e-2 s
[acc] eval 7.7144277e-2 s
[acc] compile 3.38671e-3 s
[acc] eval 6.405089e-3 s
[acc] eval 1.4083775e-2 s
[acc] compile 5.2025522e-2 s
[acc] eval 1.3749312e-2 s
[acc] eval 6.9023392e-2 s
[acc] compile 0.277572044 s
[acc] eval 2.8205858e-2 s
[acc] eval 0.310238342 s
[acc] compile 0.126446781 s
[acc] eval 9.455972e-3 s
[acc] eval 0.140530051 s
[acc] compile 6.8159279e-2 s
[acc] eval 2.3548859e-2 s
[acc] eval 9.4272469e-2 s
[acc] compile 0.183705843 s
[acc] eval 1.3992668e-2 s
[acc] eval 0.202295204 s
[acc] compile 0.33614667 s
[acc] eval 1.8402272e-2 s
[acc] eval 0.359591859 s
[acc] compile 0.127711383 s
[acc] eval 9.35438e-3 s
[acc] eval 0.140820658 s
[acc] compile 0.338651491 s
[acc] eval 2.3406422e-2 s
[acc] eval 0.371059622 s
[acc] compile 6.8942108e-2 s
[acc] eval 2.3750305e-2 s
[acc] eval 9.752184e-2 s
[acc] compile 9.71864e-4 s
[acc] eval 7.745469e-3 s
[acc] compile 7.9719895e-2 s
[acc] eval 9.427287e-3 s
[acc] eval 5.003658e-3 s
[acc] eval 4.300755e-3 s
[acc] eval 3.314731e-3 s
[acc] eval 2.28293e-3 s
[acc] eval 2.371814e-3 s
[acc] eval 2.619252e-3 s
[acc] eval 2.469883e-3 s
[acc] eval 2.223509e-3 s
[acc] eval 2.506882e-3 s
[acc] eval 2.984085e-3 s
[acc] eval 0.123706747 s
[acc] compile 0.179790343 s
[acc] eval 2.2301301e-2 s
[acc] eval 0.20651593 s
[acc] compile 0.486256408 s
[acc] eval 1.8940062e-2 s
[acc] eval 0.511023175 s
[acc] compile 1.216255e-2 s
[acc] eval 4.906677e-3 s
[acc] eval 2.230261e-3 s
[acc] eval 2.182462e-3 s
[acc] eval 2.159767e-3 s
[acc] eval 2.174328e-3 s
[acc] eval 2.240353e-3 s
[acc] eval 2.175507e-3 s
[acc] eval 2.370132e-3 s
[acc] eval 2.171385e-3 s
[acc] eval 9.242857e-3 s
[acc] eval 2.067908e-3 s
[acc] eval 1.98375e-3 s
[acc] eval 1.925708e-3 s
[acc] eval 1.948114e-3 s
[acc] eval 5.5131572e-2 s
[acc] compile 6.64704e-2 s
[acc] eval 1.5615823e-2 s
[acc] eval 2.835072e-3 s
[acc] eval 6.396374e-3 s
[acc] eval 3.124072e-3 s
[acc] eval 3.17705e-3 s
[acc] eval 2.944534e-3 s
[acc] eval 2.799881e-3 s
[acc] eval 2.725033e-3 s
[acc] eval 2.805432e-3 s
[acc] eval 2.737246e-3 s
[acc] eval 2.409705e-3 s
[acc] eval 2.275485e-3 s
[acc] eval 2.216284e-3 s
[acc] eval 2.290986e-3 s
[acc] eval 2.243155e-3 s
[acc] eval 2.326466e-3 s
[acc] eval 2.270863e-3 s
[acc] eval 2.323358e-3 s
[acc] eval 2.264292e-3 s
[acc] eval 2.214495e-3 s
[acc] eval 2.20218e-3 s
[acc] eval 2.239193e-3 s
[acc] eval 2.288579e-3 s
[acc] eval 2.559436e-3 s
[acc] eval 0.148339662 s
[acc] compile 3.734265e-3 s
[acc] eval 7.361124e-3 s
[acc] eval 2.634866e-3 s
[acc] eval 2.829739e-3 s
[acc] eval 2.815033e-3 s
[acc] eval 2.441763e-3 s
[acc] eval 2.679895e-3 s
[acc] eval 6.147818e-3 s
[acc] eval 2.408059e-3 s
[acc] eval 2.062753e-3 s
[acc] eval 2.323194e-3 s
[acc] eval 2.236547e-3 s
[acc] eval 2.149507e-3 s
[acc] eval 4.5186057e-2 s
[acc] compile 4.320821e-3 s
[acc] eval 5.338179e-3 s
[acc] eval 3.246535e-3 s
[acc] eval 3.692392e-3 s
[acc] eval 6.894379e-3 s
[acc] eval 3.143221e-3 s
[acc] eval 2.98612e-2 s
[acc] compile 0.200401338 s
[acc] eval 2.1189025e-2 s
[acc] eval 9.68761e-3 s
[acc] eval 4.902174e-3 s
[acc] eval 4.2182e-3 s
[acc] eval 4.169804e-3 s
[acc] eval 4.40826e-3 s
[acc] eval 4.174959e-3 s
[acc] eval 4.400754e-3 s
[acc] eval 4.311541e-3 s
[acc] eval 0.267474403 s
[acc] compile 0.12884837 s
[acc] eval 6.97778e-3 s
[acc] eval 7.834744e-3 s
[acc] eval 3.0398e-3 s
[acc] eval 3.40975e-3 s
[acc] eval 2.999606e-3 s
[acc] eval 2.947587e-3 s
[acc] eval 3.075698e-3 s
[acc] eval 3.022965e-3 s
[acc] eval 3.005219e-3 s
[acc] eval 3.081306e-3 s
[acc] eval 2.833055e-3 s
[acc] eval 2.925074e-3 s
[acc] eval 3.052146e-3 s
[acc] eval 3.13694e-3 s
[acc] eval 3.130097e-3 s
[acc] eval 2.975882e-3 s
[acc] eval 2.832422e-3 s
[acc] eval 3.167984e-3 s
[acc] eval 3.065732e-3 s
[acc] eval 3.052331e-3 s
[acc] eval 2.954631e-3 s
[acc] eval 3.197216e-3 s
[acc] eval 3.464924e-3 s
[acc] eval 0.213544735 s
[acc] compile 0.108366691 s
[acc] eval 2.4816264e-2 s
[acc] eval 0.136184346 s
[acc] compile 6.3539099e-2 s
[acc] eval 2.2500969e-2 s
[acc] eval 3.699635e-3 s
[acc] eval 3.551153e-3 s
[acc] eval 3.069212e-3 s
[acc] eval 3.649978e-3 s
[acc] eval 3.500035e-3 s
[acc] eval 3.141169e-3 s
[acc] eval 3.078613e-3 s
[acc] eval 3.778902e-3 s
[acc] eval 2.990756e-3 s
[acc] eval 2.951675e-3 s
[acc] eval 3.098992e-3 s
[acc] eval 2.904138e-3 s
[acc] eval 3.155176e-3 s
[acc] eval 3.080422e-3 s
[acc] eval 3.42887e-3 s
[acc] eval 3.186196e-3 s
[acc] eval 0.142798755 s
[acc] compile 0.135681938 s
[acc] eval 1.8119848e-2 s
[acc] eval 0.159510382 s
[acc] compile 0.179177869 s
[acc] eval 1.5970282e-2 s
[acc] eval 4.523644e-3 s
[acc] eval 4.350281e-3 s
[acc] eval 3.881834e-3 s
[acc] eval 4.065418e-3 s
[acc] eval 3.935603e-3 s
[acc] eval 3.963554e-3 s
[acc] eval 3.834742e-3 s
[acc] eval 4.314698e-3 s
[acc] eval 4.29745e-3 s
[acc] eval 4.237182e-3 s
[acc] eval 4.393976e-3 s
[acc] eval 4.143716e-3 s
[acc] eval 4.068983e-3 s
[acc] eval 3.919808e-3 s
[acc] eval 4.454638e-3 s
[acc] eval 4.332189e-3 s
[acc] eval 4.182256e-3 s
[acc] eval 4.154467e-3 s
[acc] eval 4.435007e-3 s
[acc] eval 4.30392e-3 s
[acc] eval 4.230315e-3 s
[acc] eval 3.666794e-3 s
[acc] eval 3.537019e-3 s
[acc] eval 3.481446e-3 s
[acc] eval 3.463303e-3 s
[acc] eval 3.893164e-3 s
[acc] eval 4.282783e-3 s
[acc] eval 4.300848e-3 s
[acc] eval 0.316865606 s
[acc] compile 0.455818613 s
[acc] eval 3.223023e-2 s
[acc] eval 0.494735867 s
[acc] compile 0.120588482 s
[acc] eval 1.7383392e-2 s
[acc] eval 7.267612e-3 s
[acc] eval 1.3116783e-2 s
[acc] eval 5.01985e-3 s
[acc] eval 4.905294e-3 s
[acc] eval 4.913292e-3 s
[acc] eval 4.965949e-3 s
[acc] eval 4.544511e-3 s
[acc] eval 5.05684e-3 s
[acc] eval 4.767649e-3 s
[acc] eval 5.259145e-3 s
[acc] eval 4.910533e-3 s
[acc] eval 4.651322e-3 s
[acc] eval 5.024558e-3 s
[acc] eval 4.615327e-3 s
[acc] eval 5.137507e-3 s
[acc] eval 5.004629e-3 s
[acc] eval 4.854287e-3 s
[acc] eval 5.387979e-3 s
[acc] eval 5.117223e-3 s
[acc] eval 5.08455e-3 s
[acc] eval 4.917533e-3 s
[acc] eval 5.188937e-3 s
[acc] eval 4.817674e-3 s
[acc] eval 5.097173e-3 s
[acc] eval 1.1040007e-2 s
[acc] eval 5.071893e-3 s
[acc] eval 4.943835e-3 s
[acc] eval 4.52683e-3 s
[acc] eval 4.810247e-3 s
[acc] eval 0.308061151 s
[acc] compile 0.384263379 s
[acc] eval 3.3901337e-2 s
[acc] eval 0.425141711 s
[acc] compile 0.142493768 s
[acc] eval 2.4274843e-2 s
[acc] eval 0.170987587 s
[acc] compile 0.129839137 s
[acc] eval 2.5394258e-2 s
[acc] eval 0.161543026 s
[acc] compile 0.207415271 s
[acc] eval 1.1155104e-2 s
[acc] eval 8.397856e-3 s
[acc] eval 5.75297e-3 s
[acc] eval 6.336416e-3 s
[acc] eval 1.4746511e-2 s
[acc] eval 3.914135e-3 s
[acc] eval 4.092324e-3 s
[acc] eval 3.916301e-3 s
[acc] eval 3.810919e-3 s
[acc] eval 3.979511e-3 s
[acc] eval 3.873195e-3 s
[acc] eval 4.082073e-3 s
[acc] eval 3.807063e-3 s
[acc] eval 3.974047e-3 s
[acc] eval 4.092296e-3 s
[acc] eval 4.155466e-3 s
[acc] eval 4.146349e-3 s
[acc] eval 4.112236e-3 s
[acc] eval 4.174942e-3 s
[acc] eval 3.995005e-3 s
[acc] eval 4.311998e-3 s
[acc] eval 4.156793e-3 s
[acc] eval 4.072524e-3 s
[acc] eval 4.173339e-3 s
[acc] eval 4.377694e-3 s
[acc] eval 4.012286e-3 s
[acc] eval 3.854559e-3 s
[acc] eval 4.175982e-3 s
[acc] eval 0.354646373 s
[acc] compile 0.162306525 s
[acc] eval 3.5279464e-2 s
[acc] eval 0.203410442 s
[acc] compile 0.133690796 s
[acc] eval 1.640673e-2 s
[acc] eval 3.534988e-3 s
[acc] eval 3.244329e-3 s
[acc] eval 8.273955e-3 s
[acc] eval 2.505488e-3 s
[acc] eval 1.697396e-3 s
[acc] eval 1.715462e-3 s
[acc] eval 1.669129e-3 s
[acc] eval 1.763866e-3 s
[acc] eval 1.760425e-3 s
[acc] eval 1.715861e-3 s
[acc] eval 1.660333e-3 s
[acc] eval 0.183124158 s
[acc] compile 3.664107e-3 s
[acc] eval 5.345578e-3 s
[acc] eval 1.1570474e-2 s
[acc] compile 0.129459363 s
[acc] eval 7.398921e-3 s
[acc] eval 0.143791795 s
[acc] compile 0.184520081 s
[acc] eval 1.1265309e-2 s
[acc] eval 0.2014617 s
[acc] compile 5.75857e-3 s
[acc] eval 1.2750793e-2 s
[acc] eval 2.3284108e-2 s
[acc] compile 7.861094e-3 s
[acc] eval 1.0731577e-2 s
[acc] eval 2.3834062e-2 s
[acc] compile 0.887708938 s
[acc] eval 3.7555967e-2 s
[acc] eval 0.933894063 s
[acc] compile 0.121263268 s
[acc] eval 5.581764e-3 s
[acc] eval 0.13166869 s
[acc] compile 7.48609e-3 s
[acc] eval 1.5845245e-2 s
[acc] eval 2.6386788e-2 s
[acc] compile 6.3522274e-2 s
[acc] eval 5.277072e-3 s
[acc] eval 2.061905e-3 s
[acc] eval 1.860417e-3 s
[acc] eval 7.4896475e-2 s
[acc] compile 1.3030779e-2 s
[acc] eval 9.479493e-3 s
[acc] eval 2.8282018e-2 s
[acc] compile 5.85554e-3 s
[acc] eval 9.212504e-3 s
[acc] eval 1.6615036e-2 s
[acc] compile 7.8162343e-2 s
[acc] eval 1.1513112e-2 s
[acc] eval 9.2422384e-2 s
[acc] compile 6.317861e-3 s
[acc] eval 1.2229821e-2 s
[acc] eval 2.0275803e-2 s
[acc] compile 6.889787e-3 s
[acc] eval 1.7862283e-2 s
[acc] eval 3.1719534e-2 s
[acc] compile 7.2298108e-2 s
[acc] eval 1.7386322e-2 s
[acc] eval 9.3141012e-2 s
[acc] compile 0.121171391 s
[acc] eval 2.4567505e-2 s
[acc] eval 0.148913183 s
[acc] compile 4.5142205e-2 s
[acc] eval 9.224385e-3 s
[acc] eval 5.7043487e-2 s
[acc] compile 5.943755e-3 s
[acc] eval 1.959178e-2 s
[acc] eval 3.3078415e-2 s
[acc] compile 6.650213e-3 s
[acc] eval 8.340834e-3 s
[acc] eval 6.647569e-3 s
[acc] eval 5.366928e-3 s
[acc] eval 4.250631e-3 s
[acc] eval 3.635631e-3 s
[acc] eval 9.941061e-3 s
[acc] eval 2.730108e-3 s
[acc] eval 2.560194e-3 s
[acc] eval 2.472748e-3 s
[acc] eval 2.872025e-3 s
[acc] eval 3.10531e-3 s
[acc] eval 2.860645e-3 s
[acc] eval 6.5211148e-2 s
[acc] compile 0.201223237 s
[acc] eval 1.9596923e-2 s
[acc] eval 0.228129881 s
[acc] compile 0.295703514 s
[acc] eval 1.9002118e-2 s
[acc] eval 0.325611109 s
[acc] compile 7.7653356e-2 s
[acc] eval 6.672864e-3 s
[acc] eval 9.0774997e-2 s
[acc] compile 7.8672318e-2 s
[acc] eval 2.8174119e-2 s
[acc] eval 0.111490556 s
[acc] compile 3.134019e-3 s
[acc] eval 4.447478e-3 s
[acc] eval 9.11459e-4 s
[acc] eval 5.37604e-4 s
[acc] eval 1.0164187e-2 s
[acc] compile 0.625978879 s
[acc] eval 3.2920239e-2 s
[acc] eval 0.664490366 s
[acc] compile 0.538803167 s
[acc] eval 1.6469922e-2 s
[acc] eval 0.560897041 s
[acc] compile 0.797907878 s
[acc] eval 2.162316e-2 s
[acc] eval 0.839692254 s
[acc] compile 0.202079414 s
[acc] eval 1.1884089e-2 s
[acc] eval 4.565915e-3 s
[acc] eval 1.2589663e-2 s
[acc] eval 4.536134e-3 s
[acc] eval 3.87015e-3 s
[acc] eval 3.653821e-3 s
[acc] eval 4.02389e-3 s
[acc] eval 4.890845e-3 s
[acc] eval 4.570761e-3 s
[acc] eval 4.276196e-3 s
[acc] eval 3.601542e-3 s
[acc] eval 3.223484e-3 s
[acc] eval 0.272739026 s
[acc] compile 0.184987693 s
[acc] eval 1.5970994e-2 s
[acc] eval 0.206725054 s
[acc] compile 0.267133399 s
[acc] eval 2.585982e-2 s
[acc] eval 0.297649015 s
[acc] compile 0.265098537 s
[acc] eval 2.9925195e-2 s
[acc] eval 0.303115837 s
[acc] compile 6.240878e-3 s
[acc] eval 9.707248e-3 s
[acc] eval 1.600378e-3 s
[acc] eval 1.226329e-3 s
[acc] eval 1.263942e-3 s
[acc] eval 1.049779e-3 s
[acc] eval 8.09455e-4 s
[acc] eval 7.89234e-4 s
[acc] eval 8.02027e-4 s
[acc] eval 7.92603e-4 s
[acc] eval 7.57862e-4 s
[acc] eval 7.23867e-4 s
[acc] eval 6.87047e-4 s
[acc] eval 7.01551e-4 s
[acc] eval 6.54871e-4 s
[acc] eval 6.95814e-4 s
[acc] eval 7.01981e-4 s
[acc] eval 6.88268e-4 s
[acc] eval 6.71502e-4 s
[acc] eval 7.03374e-4 s
[acc] eval 7.29548e-4 s
[acc] eval 7.38033e-4 s
[acc] eval 7.77547e-4 s
[acc] eval 8.01355e-4 s
[acc] eval 8.37314e-4 s
[acc] eval 7.88721e-4 s
[acc] eval 1.033204e-3 s
[acc] eval 8.0932e-4 s
[acc] eval 7.637e-4 s
[acc] eval 7.88106e-4 s
[acc] eval 8.32884e-4 s
[acc] eval 4.3442324e-2 s
[acc] compile 4.858038e-3 s
[acc] eval 4.974405e-3 s
[acc] eval 1.91208e-3 s
[acc] eval 1.805024e-3 s
[acc] eval 1.55608e-3 s
[acc] eval 1.382172e-3 s
[acc] eval 1.330445e-3 s
[acc] eval 1.202811e-3 s
[acc] eval 1.304011e-3 s
[acc] eval 1.37373e-3 s
[acc] eval 1.204148e-3 s
[acc] eval 1.287957e-3 s
[acc] eval 1.323067e-3 s
[acc] eval 8.638736e-3 s
[acc] eval 1.116846e-3 s
[acc] eval 1.282749e-3 s
[acc] eval 1.314273e-3 s
[acc] eval 1.601226e-3 s
[acc] eval 1.155187e-3 s
[acc] eval 1.153894e-3 s
[acc] eval 1.107856e-3 s
[acc] eval 8.90962e-4 s
[acc] eval 8.9576e-4 s
[acc] eval 8.50923e-4 s
[acc] eval 8.12234e-4 s
[acc] eval 8.25417e-4 s
[acc] eval 8.1303e-4 s
[acc] eval 8.16551e-4 s
[acc] eval 7.73629e-4 s
[acc] eval 8.20384e-4 s
[acc] eval 8.57658e-4 s
[acc] eval 1.312831e-3 s
[acc] eval 5.77154e-2 s
[acc] compile 0.515350773 s
[acc] eval 3.0663012e-2 s
[acc] eval 0.552174391 s
[acc] compile 7.319216e-3 s
[acc] eval 5.731987e-3 s
[acc] eval 1.5478981e-2 s
[acc] compile 6.970691e-3 s
[acc] eval 1.3611115e-2 s
[acc] eval 2.631441e-3 s
[acc] eval 8.005614e-3 s
[acc] eval 2.027292e-3 s
[acc] eval 1.835093e-3 s
[acc] eval 1.494575e-3 s
[acc] eval 1.480375e-3 s
[acc] eval 1.340239e-3 s
[acc] eval 1.291657e-3 s
[acc] eval 1.589569e-3 s
[acc] eval 1.712912e-3 s
[acc] eval 1.541061e-3 s
[acc] eval 1.537576e-3 s
[acc] eval 1.514958e-3 s
[acc] eval 1.416463e-3 s
[acc] eval 1.622847e-3 s
[acc] eval 1.565359e-3 s
[acc] eval 1.473108e-3 s
[acc] eval 1.506012e-3 s
[acc] eval 1.459693e-3 s
[acc] eval 1.304942e-3 s
[acc] eval 1.348723e-3 s
[acc] eval 1.416426e-3 s
[acc] eval 1.428671e-3 s
[acc] eval 1.284502e-3 s
[acc] eval 1.305251e-3 s
[acc] eval 1.316714e-3 s
[acc] eval 1.462903e-3 s
[acc] eval 1.590911e-3 s
[acc] eval 1.597557e-3 s
[acc] eval 1.837287e-3 s
[acc] eval 1.505087e-3 s
[acc] eval 1.425935e-3 s
[acc] eval 1.363482e-3 s
[acc] eval 1.304947e-3 s
[acc] eval 1.327268e-3 s
[acc] eval 1.320898e-3 s
[acc] eval 1.334262e-3 s
[acc] eval 1.958328e-3 s
[acc] eval 1.729534e-3 s
[acc] eval 1.510963e-3 s
[acc] eval 1.751742e-3 s
[acc] eval 1.689894e-3 s
[acc] eval 1.734028e-3 s
[acc] eval 1.523572e-3 s
[acc] eval 1.561274e-3 s
[acc] eval 1.542867e-3 s
[acc] eval 0.103654286 s
[acc] compile 0.476203653 s
[acc] eval 2.6601484e-2 s
[acc] eval 0.509636007 s
[acc] compile 9.0449178e-2 s
[acc] eval 1.8603789e-2 s
[acc] eval 0.114272931 s
[acc] compile 0.304805835 s
[acc] eval 2.6275397e-2 s
[acc] eval 0.337067551 s
[acc] compile 0.186634288 s
[acc] eval 1.380656e-2 s
[acc] eval 0.207144618 s
[acc] compile 7.892979e-3 s
[acc] eval 6.182125e-3 s
[acc] eval 8.67671e-3 s
[acc] eval 1.646602e-3 s
[acc] eval 2.6861195e-2 s
[acc] compile 1.0789981e-2 s
[acc] eval 1.6890766e-2 s
[acc] eval 3.2951389e-2 s
[acc] compile 7.6397391e-2 s
[acc] eval 1.3436541e-2 s
[acc] eval 4.890555e-3 s
[acc] eval 4.513087e-3 s
[acc] eval 4.755576e-3 s
[acc] eval 4.85912e-3 s
[acc] eval 3.993706e-3 s
[acc] eval 3.979176e-3 s
[acc] eval 4.765359e-3 s
[acc] eval 4.448866e-3 s
[acc] eval 4.044064e-3 s
[acc] eval 4.077603e-3 s
[acc] eval 4.348844e-3 s
[acc] eval 3.992689e-3 s
[acc] eval 3.932578e-3 s
[acc] eval 3.89004e-3 s
[acc] eval 4.519818e-3 s
[acc] eval 4.762891e-3 s
[acc] eval 4.782246e-3 s
[acc] eval 4.374679e-3 s
[acc] eval 4.640058e-3 s
[acc] eval 4.00667e-3 s
[acc] eval 3.98665e-3 s
[acc] eval 3.955596e-3 s
[acc] eval 4.062066e-3 s
[acc] eval 3.95644e-3 s
[acc] eval 3.892358e-3 s
[acc] eval 4.000419e-3 s
[acc] eval 3.986539e-3 s
[acc] eval 3.900196e-3 s
[acc] eval 3.901754e-3 s
[acc] eval 3.921706e-3 s
[acc] eval 0.224117451 s
[acc] compile 0.393454774 s
[acc] eval 2.8155845e-2 s
[acc] eval 0.434642741 s
[acc] compile 0.452817798 s
[acc] eval 4.5347768e-2 s
[acc] eval 0.511498936 s
[acc] compile 0.358133124 s
[acc] eval 3.1671175e-2 s
[acc] eval 0.395569712 s
[acc] compile 0.597698397 s
[acc] eval 1.1416161e-2 s
[acc] eval 0.621224453 s
[acc] compile 5.380879e-3 s
[acc] eval 8.730364e-3 s
[acc] eval 4.236225e-3 s
[acc] eval 2.81626e-3 s
[acc] eval 2.513915e-3 s
[acc] eval 2.34443e-3 s
[acc] eval 2.208212e-3 s
[acc] eval 2.661548e-3 s
[acc] eval 8.483141e-3 s
[acc] eval 1.536389e-3 s
[acc] eval 1.594626e-3 s
[acc] eval 1.795334e-3 s
[acc] eval 1.387749e-3 s
[acc] eval 1.098395e-3 s
[acc] eval 1.242525e-3 s
[acc] eval 1.337425e-3 s
[acc] eval 1.603178e-3 s
[acc] eval 1.732513e-3 s
[acc] eval 1.781942e-3 s
[acc] eval 1.694836e-3 s
[acc] eval 6.0996401e-2 s
[acc] compile 0.309754613 s
[acc] eval 2.2713029e-2 s
[acc] eval 0.341935205 s
[acc] compile 0.330467723 s
[acc] eval 1.6606705e-2 s
[acc] eval 0.358763853 s
[acc] compile 0.129407657 s
[acc] eval 2.6965569e-2 s
[acc] eval 0.166956689 s
[acc] compile 3.007597e-3 s
[acc] eval 2.476474e-3 s
[acc] eval 5.36123e-4 s
[acc] eval 5.69766e-4 s
[acc] eval 7.554523e-3 s
[acc] compile 0.19366089 s
[acc] eval 1.666297e-2 s
[acc] eval 6.78324e-3 s
[acc] eval 2.724176e-3 s
[acc] eval 3.404125e-3 s
[acc] eval 2.979955e-3 s
[acc] eval 3.122424e-3 s
[acc] eval 2.836112e-3 s
[acc] eval 2.979411e-3 s
[acc] eval 2.881738e-3 s
[acc] eval 3.011611e-3 s
[acc] eval 2.917489e-3 s
[acc] eval 2.817373e-3 s
[acc] eval 2.778653e-3 s
[acc] eval 2.82666e-3 s
[acc] eval 2.822527e-3 s
[acc] eval 3.111342e-3 s
[acc] eval 3.423441e-3 s
[acc] eval 3.323158e-3 s
[acc] eval 3.405116e-3 s
[acc] eval 3.059388e-3 s
[acc] eval 3.318776e-3 s
[acc] eval 3.17795e-3 s
[acc] eval 0.283587117 s
[acc] compile 2.286361e-3 s
[acc] eval 2.630344e-3 s
[acc] eval 7.59562e-4 s
[acc] eval 5.66031e-4 s
[acc] eval 7.148887e-3 s
[acc] compile 0.138664514 s
[acc] eval 2.6631849e-2 s
[acc] eval 0.170893689 s
[acc] compile 4.409171e-3 s
[acc] eval 3.356082e-3 s
[acc] eval 7.76991e-4 s
[acc] eval 1.039346e-3 s
[acc] eval 1.1024746e-2 s
[acc] compile 0.117160368 s
[acc] eval 1.9187412e-2 s
[acc] eval 0.139649451 s
[acc] compile 2.878684e-3 s
[acc] eval 2.455074e-3 s
[acc] eval 6.82577e-4 s
[acc] eval 4.70618e-4 s
[acc] eval 7.27834e-3 s
[acc] compile 0.437939325 s
[acc] eval 3.0384233e-2 s
[acc] eval 0.474998556 s
[acc] compile 4.102736e-3 s
[acc] eval 2.612893e-3 s
[acc] eval 8.65766e-4 s
[acc] eval 5.8281e-4 s
[acc] eval 9.217246e-3 s
[acc] compile 0.141783779 s
[acc] eval 4.042542e-3 s
[acc] eval 1.581881e-3 s
[acc] eval 9.63982e-4 s
[acc] eval 0.151919161 s
[acc] compile 5.7373449e-2 s
[acc] eval 6.379596e-3 s
[acc] eval 1.255472e-3 s
[acc] eval 1.349688e-3 s
[acc] eval 6.8340688e-2 s
[acc] compile 5.421033e-3 s
[acc] eval 2.1560289e-2 s
[acc] eval 2.9863107e-2 s
[acc] compile 9.0443901e-2 s
[acc] eval 7.500641e-3 s
[acc] eval 0.102193807 s
[acc] compile 0.211330578 s
[acc] eval 2.8501785e-2 s
[acc] eval 0.242782669 s
[acc] compile 0.164564524 s
[acc] eval 1.1191261e-2 s
[acc] eval 0.180206987 s
[acc] compile 8.335886e-2 s
[acc] eval 2.0994646e-2 s
[acc] eval 0.110625142 s
[acc] compile 1.2387691e-2 s
[acc] eval 1.2059414e-2 s
[acc] eval 2.865501e-2 s
[acc] compile 0.652929747 s
[acc] eval 3.338515e-2 s
[acc] eval 0.695526833 s
[acc] compile 0.149588479 s
[acc] eval 1.3279496e-2 s
[acc] eval 0.170501561 s
[acc] compile 0.199950989 s
[acc] eval 1.5834184e-2 s
[acc] eval 3.494261e-3 s
[acc] eval 3.985248e-3 s
[acc] eval 3.819668e-3 s
[acc] eval 3.406722e-3 s
[acc] eval 3.12665e-3 s
[acc] eval 2.929597e-3 s
[acc] eval 2.729993e-3 s
[acc] eval 3.088437e-3 s
[acc] eval 2.763988e-3 s
[acc] eval 2.624309e-3 s
[acc] eval 2.781796e-3 s
[acc] eval 2.701198e-3 s
[acc] eval 2.96883e-3 s
[acc] eval 3.143317e-3 s
[acc] eval 3.608916e-3 s
[acc] eval 3.875385e-3 s
[acc] eval 3.755886e-3 s
[acc] eval 3.285227e-3 s
[acc] eval 3.167551e-3 s
[acc] eval 2.788228e-3 s
[acc] eval 2.687308e-3 s
[acc] eval 2.670802e-3 s
[acc] eval 3.247614e-3 s
[acc] eval 2.741081e-3 s
[acc] eval 2.764878e-3 s
[acc] eval 2.665944e-3 s
[acc] eval 2.62348e-3 s
[acc] eval 0.304475144 s
[acc] compile 7.0904818e-2 s
[acc] eval 4.703779e-3 s
[acc] eval 7.8130636e-2 s
[acc] compile 0.326987525 s
[acc] eval 1.6513339e-2 s
[acc] eval 0.34951883 s
[acc] compile 6.23633e-4 s
[acc] eval 1.1655091e-2 s
[acc] compile 9.4636e-4 s
[acc] eval 8.026873e-3 s
[acc] compile 5.8947258e-2 s
[acc] eval 1.204899e-2 s
[acc] eval 1.7226169e-2 s
[acc] eval 1.918968e-3 s
[acc] eval 9.2445123e-2 s
[acc] compile 1.129422e-3 s
[acc] eval 1.7802016e-2 s
[acc] compile 0.228815785 s
[acc] eval 2.6855526e-2 s
[acc] eval 4.85886e-3 s
[acc] eval 5.078566e-3 s
[acc] eval 4.764544e-3 s
[acc] eval 4.663415e-3 s
[acc] eval 4.757172e-3 s
[acc] eval 5.201001e-3 s
[acc] eval 4.869706e-3 s
[acc] eval 4.600207e-3 s
[acc] eval 4.862101e-3 s
[acc] eval 4.113176e-3 s
[acc] eval 4.030502e-3 s
[acc] eval 3.932191e-3 s
[acc] eval 4.610065e-3 s
[acc] eval 4.189765e-3 s
[acc] eval 4.456404e-3 s
[acc] eval 4.31076e-3 s
[acc] eval 4.06389e-3 s
[acc] eval 5.180866e-3 s
[acc] eval 4.901249e-3 s
[acc] eval 4.525529e-3 s
[acc] eval 4.47412e-3 s
[acc] eval 4.307695e-3 s
[acc] eval 4.563044e-3 s
[acc] eval 5.090137e-3 s
[acc] eval 5.115837e-3 s
[acc] eval 5.031654e-3 s
[acc] eval 4.924548e-3 s
[acc] eval 4.940808e-3 s
[acc] eval 5.057377e-3 s
[acc] eval 0.398768398 s
[acc] compile 2.514111e-3 s
[acc] eval 3.482171e-3 s
[acc] eval 3.77666e-4 s
[acc] eval 4.91022e-4 s
[acc] eval 7.725718e-3 s
[acc] compile 4.469573e-3 s
[acc] eval 1.0504388e-2 s
[acc] eval 1.0510908e-2 s
[acc] eval 2.8085615e-2 s
[acc] compile 5.085197e-3 s
[acc] eval 6.505634e-3 s
[acc] eval 2.925022e-3 s
[acc] eval 2.726356e-3 s
[acc] eval 2.788973e-3 s
[acc] eval 2.663345e-3 s
[acc] eval 2.684362e-3 s
[acc] eval 2.898648e-3 s
[acc] eval 8.239842e-3 s
[acc] eval 2.558609e-3 s
[acc] eval 2.851108e-3 s
[acc] eval 3.148624e-3 s
[acc] eval 2.945349e-3 s
[acc] eval 2.875011e-3 s
[acc] eval 2.817749e-3 s
[acc] eval 2.482552e-3 s
[acc] eval 3.101097e-3 s
[acc] eval 3.250271e-3 s
[acc] eval 6.731646e-2 s
[acc] compile 6.26904e-3 s
[acc] eval 8.340757e-3 s
[acc] eval 3.216953e-3 s
[acc] eval 3.242613e-3 s
[acc] eval 7.024472e-3 s
[acc] eval 2.591487e-3 s
[acc] eval 2.686792e-3 s
[acc] eval 2.961401e-3 s
[acc] eval 2.903265e-3 s
[acc] eval 2.583331e-3 s
[acc] eval 2.342131e-3 s
[acc] eval 2.432205e-3 s
[acc] eval 2.504775e-3 s
[acc] eval 2.466496e-3 s
[acc] eval 2.234072e-3 s
[acc] eval 2.215081e-3 s
[acc] eval 2.195164e-3 s
[acc] eval 2.382735e-3 s
[acc] eval 2.435372e-3 s
[acc] eval 2.285489e-3 s
[acc] eval 2.258523e-3 s
[acc] eval 7.1745212e-2 s
[acc] compile 7.130136e-3 s
[acc] eval 1.5943449e-2 s
[acc] eval 6.499992e-3 s
[acc] eval 1.6496384e-2 s
[acc] eval 3.852173e-3 s
[acc] eval 4.879129e-3 s
[acc] eval 3.815351e-3 s
[acc] eval 2.883258e-3 s
[acc] eval 2.759135e-3 s
[acc] eval 2.763709e-3 s
[acc] eval 2.798793e-3 s
[acc] eval 2.904917e-3 s
[acc] eval 2.84012e-3 s
[acc] eval 2.784249e-3 s
[acc] eval 2.766951e-3 s
[acc] eval 2.715975e-3 s
[acc] eval 2.655043e-3 s
[acc] eval 2.81637e-3 s
[acc] eval 2.885399e-3 s
[acc] eval 2.828561e-3 s
[acc] eval 9.978048e-2 s
